• turbo 2.9.15

   • Packages in scope: //, @n8n/agents, @n8n/ai-node-sdk, @n8n/ai-utilities, @n8n/ai-workflow-builder, @n8n/api-types, @n8n/backend-common, @n8n/backend-network, @n8n/backend-test-utils, @n8n/blob-storage, @n8n/chat, @n8n/chat-hub, @n8n/cli, @n8n/client-oauth2, @n8n/code-health, @n8n/codemirror-lang, @n8n/codemirror-lang-html, @n8n/codemirror-lang-sql, @n8n/composables, @n8n/computer-use, @n8n/config, @n8n/constants, @n8n/crdt, @n8n/create-node, @n8n/db, @n8n/decorators, @n8n/design-system, @n8n/di, @n8n/engine, @n8n/errors, @n8n/eslint-config, @n8n/eslint-plugin-community-nodes, @n8n/eslint-plugin-design-system, @n8n/expression-runtime, @n8n/extension-sdk, @n8n/frontend-constants, @n8n/frontend-module-instance-registry, @n8n/frontend-module-sdk, @n8n/frontend-utils, @n8n/frontend-vite-config, @n8n/i18n, @n8n/imap, @n8n/instance-ai, @n8n/json-schema-to-zod, @n8n/local-gateway, @n8n/mcp-apps, @n8n/mcp-browser, @n8n/mcp-browser-extension, @n8n/n8n-benchmark, @n8n/n8n-extension-insights, @n8n/n8n-nodes-langchain, @n8n/node-cli, @n8n/node-engine-compatibility, @n8n/performance, @n8n/permissions, @n8n/rest-api-client, @n8n/rules-engine, @n8n/scheduler, @n8n/stores, @n8n/storybook, @n8n/stylelint-config, @n8n/syslog-client, @n8n/task-runner, @n8n/telemetry, @n8n/test-impact, @n8n/tournament, @n8n/typescript-config, @n8n/utils, @n8n/vitest-config, @n8n/workflow-sdk, n8n, n8n-containers, n8n-core, n8n-editor-ui, n8n-node-dev, n8n-playwright, n8n-workflow
   • Running test in 77 packages
   • Remote caching disabled, using shared worktree cache

[36m@n8n/test-impact:build: [0mcache hit, replaying logs [2m91c4a688a3d9b81c[0m
[36m@n8n/test-impact:build: [0m
[36m@n8n/test-impact:build: [0m> @n8n/test-impact@0.1.0 build /Users/romeobalta/work/n8n/worktrees/nudge-manual-builders-to-aia/packages/testing/test-impact
[36m@n8n/test-impact:build: [0m> tsc
[36m@n8n/test-impact:build: [0m
[35m@n8n/typeorm:build: [0mcache hit, replaying logs [2m2fb4543ad135e890[0m
[35m@n8n/typeorm:build: [0m
[35m@n8n/typeorm:build: [0m> @n8n/typeorm@0.8.0 build /Users/romeobalta/work/n8n/worktrees/grox-229-implement-ai-assistant-is-free/packages/@n8n/typeorm
[35m@n8n/typeorm:build: [0m> pnpm compile
[35m@n8n/typeorm:build: [0m
[35m@n8n/typeorm:build: [0m
[35m@n8n/typeorm:build: [0m> @n8n/typeorm@0.8.0 compile /Users/romeobalta/work/n8n/worktrees/grox-229-implement-ai-assistant-is-free/packages/@n8n/typeorm
[35m@n8n/typeorm:build: [0m> tsc -p tsconfig.build.json
[35m@n8n/typeorm:build: [0m
[32m@n8n/test-impact:test: [0mcache hit, replaying logs [2mc3bfb5225f017aa5[0m
[32m@n8n/test-impact:test: [0m
[32m@n8n/test-impact:test: [0m> @n8n/test-impact@0.1.0 test /Users/romeobalta/work/n8n/worktrees/nudge-manual-builders-to-aia/packages/testing/test-impact
[32m@n8n/test-impact:test: [0m> vitest run
[32m@n8n/test-impact:test: [0m
[32m@n8n/test-impact:test: [0m
[32m@n8n/test-impact:test: [0m[1m[30m[46m RUN [49m[39m[22m [36mv4.1.9 [39m[90m/Users/romeobalta/work/n8n/worktrees/nudge-manual-builders-to-aia/packages/testing/test-impact[39m
[32m@n8n/test-impact:test: [0m
[32m@n8n/test-impact:test: [0m [32m✓[39m src/shard-distributor.test.ts [2m([22m[2m16 tests[22m[2m)[22m[32m 4[2mms[22m[39m
[32m@n8n/test-impact:test: [0m [32m✓[39m src/changes.test.ts [2m([22m[2m113 tests[22m[2m)[22m[32m 9[2mms[22m[39m
[32m@n8n/test-impact:test: [0m [32m✓[39m src/select/pipeline.test.ts [2m([22m[2m6 tests[22m[2m)[22m[32m 3[2mms[22m[39m
[32m@n8n/test-impact:test: [0m [32m✓[39m src/dep-graph.test.ts [2m([22m[2m24 tests[22m[2m)[22m[32m 4[2mms[22m[39m
[32m@n8n/test-impact:test: [0m [32m✓[39m src/select.test.ts [2m([22m[2m25 tests[22m[2m)[22m[32m 24[2mms[22m[39m
[32m@n8n/test-impact:test: [0m [32m✓[39m src/map-build.test.ts [2m([22m[2m4 tests[22m[2m)[22m[32m 5[2mms[22m[39m
[32m@n8n/test-impact:test: [0m [32m✓[39m src/impact-map.test.ts [2m([22m[2m36 tests[22m[2m)[22m[32m 91[2mms[22m[39m
[32m@n8n/test-impact:test: [0m
[32m@n8n/test-impact:test: [0m[2m Test Files [22m [1m[32m7 passed[39m[22m[90m (7)[39m
[32m@n8n/test-impact:test: [0m[2m      Tests [22m [1m[32m224 passed[39m[22m[90m (224)[39m
[32m@n8n/test-impact:test: [0m[2m   Start at [22m 13:22:53
[32m@n8n/test-impact:test: [0m[2m   Duration [22m 381ms[2m (transform 422ms, setup 0ms, import 725ms, tests 140ms, environment 0ms)[22m
[32m@n8n/test-impact:test: [0m
[33m@n8n/constants:build: [0mcache hit, replaying logs [2mb858a35b019fc30f[0m
[33m@n8n/constants:build: [0m
[33m@n8n/constants:build: [0m> @n8n/constants@0.35.0 build /Users/romeobalta/work/n8n/worktrees/grox-229-implement-ai-assistant-is-free/packages/@n8n/constants
[33m@n8n/constants:build: [0m> tsc -p tsconfig.build.json
[33m@n8n/constants:build: [0m
[34m@n8n/n8n-benchmark:build: [0mcache hit, replaying logs [2mb18074a05a04166a[0m
[34m@n8n/n8n-benchmark:build: [0m WARN  Unsupported engine: wanted: {"node":">=24.0.0"} (current: {"node":"v22.22.3","pnpm":"10.32.1"})
[34m@n8n/n8n-benchmark:build: [0m
[34m@n8n/n8n-benchmark:build: [0m> @n8n/n8n-benchmark@2.19.0 build /Users/romeobalta/work/n8n/worktrees/grox-229-implement-ai-assistant-is-free/packages/@n8n/benchmark
[34m@n8n/n8n-benchmark:build: [0m> tsc -p tsconfig.build.json && tsc-alias -p tsconfig.build.json
[34m@n8n/n8n-benchmark:build: [0m
[36m@n8n/extension-sdk:build: [0mcache hit, replaying logs [2ma5b359e71c3717e6[0m
[36m@n8n/extension-sdk:build: [0m
[36m@n8n/extension-sdk:build: [0m> @n8n/extension-sdk@0.17.0 build /Users/romeobalta/work/n8n/worktrees/grox-229-implement-ai-assistant-is-free/packages/@n8n/extension-sdk
[36m@n8n/extension-sdk:build: [0m> pnpm "/^typecheck:.+/" && pnpm clean && tsdown && pnpm create-json-schema
[36m@n8n/extension-sdk:build: [0m
[36m@n8n/extension-sdk:build: [0m
[36m@n8n/extension-sdk:build: [0m> @n8n/extension-sdk@0.17.0 clean /Users/romeobalta/work/n8n/worktrees/grox-229-implement-ai-assistant-is-free/packages/@n8n/extension-sdk
[36m@n8n/extension-sdk:build: [0m> rimraf dist
[36m@n8n/extension-sdk:build: [0m
[36m@n8n/extension-sdk:build: [0m[34mℹ[39m tsdown [2mv0.16.5[22m powered by rolldown [2mv1.0.0-beta.50[22m
[36m@n8n/extension-sdk:build: [0m[34mℹ[39m Using tsdown config: [4m/Users/romeobalta/work/n8n/worktrees/grox-229-implement-ai-assistant-is-free/packages/@n8n/extension-sdk/tsdown.config.ts[24m
[36m@n8n/extension-sdk:build: [0m[34mℹ[39m entry: [34msrc/index.ts, src/schema.ts[39m
[36m@n8n/extension-sdk:build: [0m[34mℹ[39m entry: [34msrc/frontend/define.ts, src/frontend/index.ts, src/frontend/types.ts[39m
[36m@n8n/extension-sdk:build: [0m[34mℹ[39m entry: [34msrc/backend/define.ts, src/backend/index.ts, src/backend/types.ts[39m
[36m@n8n/extension-sdk:build: [0m[34mℹ[39m tsconfig: [34mtsconfig.common.json[39m
[36m@n8n/extension-sdk:build: [0m[34mℹ[39m tsconfig: [34mtsconfig.frontend.json[39m
[36m@n8n/extension-sdk:build: [0m[34mℹ[39m tsconfig: [34mtsconfig.backend.json[39m
[36m@n8n/extension-sdk:build: [0m[34mℹ[39m Build start
[36m@n8n/extension-sdk:build: [0m[34mℹ[39m [33m[CJS][39m [2mdist/[22m[1mindex.cjs[22m        [2m0.12 kB[22m [2m│ gzip: 0.09 kB[22m
[36m@n8n/extension-sdk:build: [0m[34mℹ[39m [33m[CJS][39m [2mdist/[22m[1mschema.cjs[22m       [2m0.12 kB[22m [2m│ gzip: 0.09 kB[22m
[36m@n8n/extension-sdk:build: [0m[34mℹ[39m [33m[CJS][39m [2mdist/[22mschema2.cjs.map  [2m2.62 kB[22m [2m│ gzip: 0.86 kB[22m
[36m@n8n/extension-sdk:build: [0m[34mℹ[39m [33m[CJS][39m [2mdist/[22mschema2.cjs      [2m0.90 kB[22m [2m│ gzip: 0.39 kB[22m
[36m@n8n/extension-sdk:build: [0m[34mℹ[39m [33m[CJS][39m 4 files, total: 3.76 kB
[36m@n8n/extension-sdk:build: [0m[34mℹ[39m [33m[CJS][39m [2mdist/backend/[22m[1mdefine.cjs[22m       [2m0.12 kB[22m [2m│ gzip: 0.09 kB[22m
[36m@n8n/extension-sdk:build: [0m[34mℹ[39m [33m[CJS][39m [2mdist/backend/[22m[1mindex.cjs[22m        [2m0.12 kB[22m [2m│ gzip: 0.09 kB[22m
[36m@n8n/extension-sdk:build: [0m[34mℹ[39m [33m[CJS][39m [2mdist/backend/[22m[1mtypes.cjs[22m        [2m0.00 kB[22m [2m│ gzip: 0.02 kB[22m
[36m@n8n/extension-sdk:build: [0m[34mℹ[39m [33m[CJS][39m [2mdist/backend/[22mdefine2.cjs.map  [2m0.33 kB[22m [2m│ gzip: 0.23 kB[22m
[36m@n8n/extension-sdk:build: [0m[34mℹ[39m [33m[CJS][39m [2mdist/backend/[22mdefine2.cjs      [2m0.29 kB[22m [2m│ gzip: 0.20 kB[22m
[36m@n8n/extension-sdk:build: [0m[34mℹ[39m [33m[CJS][39m 5 files, total: 0.86 kB
[36m@n8n/extension-sdk:build: [0m[34mℹ[39m [33m[CJS][39m [2mdist/frontend/[22m[1mdefine.cjs[22m       [2m0.12 kB[22m [2m│ gzip: 0.09 kB[22m
[36m@n8n/extension-sdk:build: [0m[34mℹ[39m [33m[CJS][39m [2mdist/frontend/[22m[1mindex.cjs[22m        [2m0.12 kB[22m [2m│ gzip: 0.09 kB[22m
[36m@n8n/extension-sdk:build: [0m[34mℹ[39m [33m[CJS][39m [2mdist/frontend/[22m[1mtypes.cjs[22m        [2m0.00 kB[22m [2m│ gzip: 0.02 kB[22m
[36m@n8n/extension-sdk:build: [0m[34mℹ[39m [33m[CJS][39m [2mdist/frontend/[22mdefine2.cjs.map  [2m0.33 kB[22m [2m│ gzip: 0.23 kB[22m
[36m@n8n/extension-sdk:build: [0m[34mℹ[39m [33m[CJS][39m [2mdist/frontend/[22mdefine2.cjs      [2m0.30 kB[22m [2m│ gzip: 0.20 kB[22m
[36m@n8n/extension-sdk:build: [0m[34mℹ[39m [33m[CJS][39m 5 files, total: 0.87 kB
[36m@n8n/extension-sdk:build: [0m[34mℹ[39m [34m[ESM][39m [2mdist/[22m[1mindex.mjs[22m        [2m0.10 kB[22m [2m│ gzip: 0.09 kB[22m
[36m@n8n/extension-sdk:build: [0m[34mℹ[39m [34m[ESM][39m [2mdist/[22m[1mschema.mjs[22m       [2m0.10 kB[22m [2m│ gzip: 0.09 kB[22m
[36m@n8n/extension-sdk:build: [0m[34mℹ[39m [34m[ESM][39m [2mdist/[22mschema2.mjs.map  [2m2.59 kB[22m [2m│ gzip: 0.86 kB[22m
[36m@n8n/extension-sdk:build: [0m[34mℹ[39m [34m[ESM][39m [2mdist/[22mschema2.mjs      [2m0.70 kB[22m [2m│ gzip: 0.33 kB[22m
[36m@n8n/extension-sdk:build: [0m[34mℹ[39m [34m[ESM][39m [2mdist/[22m[32m[1mindex.d.mts[22m[39m      [2m0.14 kB[22m [2m│ gzip: 0.10 kB[22m
[36m@n8n/extension-sdk:build: [0m[34mℹ[39m [34m[ESM][39m [2mdist/[22m[32m[1mschema.d.mts[22m[39m     [2m0.14 kB[22m [2m│ gzip: 0.10 kB[22m
[36m@n8n/extension-sdk:build: [0m[34mℹ[39m [34m[ESM][39m [2mdist/[22m[32mschema2.d.mts[39m    [2m2.37 kB[22m [2m│ gzip: 0.49 kB[22m
[36m@n8n/extension-sdk:build: [0m[34mℹ[39m [34m[ESM][39m 7 files, total: 6.13 kB
[36m@n8n/extension-sdk:build: [0m[34mℹ[39m [34m[ESM][39m [2mdist/frontend/[22m[1mdefine.mjs[22m       [2m0.10 kB[22m [2m│ gzip: 0.09 kB[22m
[36m@n8n/extension-sdk:build: [0m[34mℹ[39m [34m[ESM][39m [2mdist/frontend/[22m[1mindex.mjs[22m        [2m0.10 kB[22m [2m│ gzip: 0.09 kB[22m
[36m@n8n/extension-sdk:build: [0m[34mℹ[39m [34m[ESM][39m [2mdist/frontend/[22m[1mtypes.mjs[22m        [2m0.01 kB[22m [2m│ gzip: 0.03 kB[22m
[36m@n8n/extension-sdk:build: [0m[34mℹ[39m [34m[ESM][39m [2mdist/frontend/[22mdefine2.mjs.map  [2m0.33 kB[22m [2m│ gzip: 0.23 kB[22m
[36m@n8n/extension-sdk:build: [0m[34mℹ[39m [34m[ESM][39m [2mdist/frontend/[22mdefine2.mjs      [2m0.19 kB[22m [2m│ gzip: 0.15 kB[22m
[36m@n8n/extension-sdk:build: [0m[34mℹ[39m [34m[ESM][39m [2mdist/frontend/[22m[32m[1mindex.d.mts[22m[39m      [2m0.28 kB[22m [2m│ gzip: 0.13 kB[22m
[36m@n8n/extension-sdk:build: [0m[34mℹ[39m [34m[ESM][39m [2mdist/frontend/[22m[32m[1mtypes.d.mts[22m[39m      [2m0.20 kB[22m [2m│ gzip: 0.11 kB[22m
[36m@n8n/extension-sdk:build: [0m[34mℹ[39m [34m[ESM][39m [2mdist/frontend/[22m[32m[1mdefine.d.mts[22m[39m     [2m0.12 kB[22m [2m│ gzip: 0.10 kB[22m
[36m@n8n/extension-sdk:build: [0m[34mℹ[39m [34m[ESM][39m [2mdist/frontend/[22m[32mtypes2.d.mts[39m     [2m0.57 kB[22m [2m│ gzip: 0.28 kB[22m
[36m@n8n/extension-sdk:build: [0m[34mℹ[39m [34m[ESM][39m [2mdist/frontend/[22m[32mdefine2.d.mts[39m    [2m0.27 kB[22m [2m│ gzip: 0.18 kB[22m
[36m@n8n/extension-sdk:build: [0m[34mℹ[39m [34m[ESM][39m 10 files, total: 2.18 kB
[36m@n8n/extension-sdk:build: [0m[34mℹ[39m [34m[ESM][39m [2mdist/backend/[22m[1mdefine.mjs[22m       [2m0.10 kB[22m [2m│ gzip: 0.09 kB[22m
[36m@n8n/extension-sdk:build: [0m[34mℹ[39m [34m[ESM][39m [2mdist/backend/[22m[1mindex.mjs[22m        [2m0.10 kB[22m [2m│ gzip: 0.09 kB[22m
[36m@n8n/extension-sdk:build: [0m[34mℹ[39m [34m[ESM][39m [2mdist/backend/[22m[1mtypes.mjs[22m        [2m0.01 kB[22m [2m│ gzip: 0.03 kB[22m
[36m@n8n/extension-sdk:build: [0m[34mℹ[39m [34m[ESM][39m [2mdist/backend/[22mdefine2.mjs.map  [2m0.33 kB[22m [2m│ gzip: 0.23 kB[22m
[36m@n8n/extension-sdk:build: [0m[34mℹ[39m [34m[ESM][39m [2mdist/backend/[22mdefine2.mjs      [2m0.19 kB[22m [2m│ gzip: 0.15 kB[22m
[36m@n8n/extension-sdk:build: [0m[34mℹ[39m [34m[ESM][39m [2mdist/backend/[22m[32m[1mindex.d.mts[22m[39m      [2m0.28 kB[22m [2m│ gzip: 0.13 kB[22m
[36m@n8n/extension-sdk:build: [0m[34mℹ[39m [34m[ESM][39m [2mdist/backend/[22m[32m[1mtypes.d.mts[22m[39m      [2m0.19 kB[22m [2m│ gzip: 0.11 kB[22m
[36m@n8n/extension-sdk:build: [0m[34mℹ[39m [34m[ESM][39m [2mdist/backend/[22m[32m[1mdefine.d.mts[22m[39m     [2m0.12 kB[22m [2m│ gzip: 0.10 kB[22m
[36m@n8n/extension-sdk:build: [0m[34mℹ[39m [34m[ESM][39m [2mdist/backend/[22m[32mtypes2.d.mts[39m     [2m0.36 kB[22m [2m│ gzip: 0.20 kB[22m
[36m@n8n/extension-sdk:build: [0m[34mℹ[39m [34m[ESM][39m [2mdist/backend/[22m[32mdefine2.d.mts[39m    [2m0.27 kB[22m [2m│ gzip: 0.17 kB[22m
[36m@n8n/extension-sdk:build: [0m[34mℹ[39m [34m[ESM][39m 10 files, total: 1.94 kB
[36m@n8n/extension-sdk:build: [0m[34mℹ[39m [33m[CJS][39m [2mdist/[22m[32m[1mindex.d.cts[22m[39m    [2m0.14 kB[22m [2m│ gzip: 0.10 kB[22m
[36m@n8n/extension-sdk:build: [0m[34mℹ[39m [33m[CJS][39m [2mdist/[22m[32m[1mschema.d.cts[22m[39m   [2m0.14 kB[22m [2m│ gzip: 0.10 kB[22m
[36m@n8n/extension-sdk:build: [0m[34mℹ[39m [33m[CJS][39m [2mdist/[22m[32mschema2.d.cts[39m  [2m2.37 kB[22m [2m│ gzip: 0.49 kB[22m
[36m@n8n/extension-sdk:build: [0m[34mℹ[39m [33m[CJS][39m 3 files, total: 2.65 kB
[36m@n8n/extension-sdk:build: [0m[32m✔[39m Build complete in [32m1856ms[39m
[36m@n8n/extension-sdk:build: [0m[34mℹ[39m [33m[CJS][39m [2mdist/backend/[22m[32m[1mindex.d.cts[22m[39m    [2m0.28 kB[22m [2m│ gzip: 0.13 kB[22m
[36m@n8n/extension-sdk:build: [0m[34mℹ[39m [33m[CJS][39m [2mdist/backend/[22m[32m[1mtypes.d.cts[22m[39m    [2m0.19 kB[22m [2m│ gzip: 0.11 kB[22m
[36m@n8n/extension-sdk:build: [0m[34mℹ[39m [33m[CJS][39m [2mdist/backend/[22m[32m[1mdefine.d.cts[22m[39m   [2m0.12 kB[22m [2m│ gzip: 0.10 kB[22m
[36m@n8n/extension-sdk:build: [0m[34mℹ[39m [33m[CJS][39m [2mdist/backend/[22m[32mtypes2.d.cts[39m   [2m0.36 kB[22m [2m│ gzip: 0.20 kB[22m
[36m@n8n/extension-sdk:build: [0m[34mℹ[39m [33m[CJS][39m [2mdist/backend/[22m[32mdefine2.d.cts[39m  [2m0.27 kB[22m [2m│ gzip: 0.18 kB[22m
[36m@n8n/extension-sdk:build: [0m[34mℹ[39m [33m[CJS][39m 5 files, total: 1.22 kB
[36m@n8n/extension-sdk:build: [0m[32m✔[39m Build complete in [32m1857ms[39m
[36m@n8n/extension-sdk:build: [0m[34mℹ[39m [33m[CJS][39m [2mdist/frontend/[22m[32m[1mindex.d.cts[22m[39m    [2m0.28 kB[22m [2m│ gzip: 0.13 kB[22m
[36m@n8n/extension-sdk:build: [0m[34mℹ[39m [33m[CJS][39m [2mdist/frontend/[22m[32m[1mtypes.d.cts[22m[39m    [2m0.20 kB[22m [2m│ gzip: 0.11 kB[22m
[36m@n8n/extension-sdk:build: [0m[34mℹ[39m [33m[CJS][39m [2mdist/frontend/[22m[32m[1mdefine.d.cts[22m[39m   [2m0.12 kB[22m [2m│ gzip: 0.10 kB[22m
[36m@n8n/extension-sdk:build: [0m[34mℹ[39m [33m[CJS][39m [2mdist/frontend/[22m[32mtypes2.d.cts[39m   [2m0.57 kB[22m [2m│ gzip: 0.28 kB[22m
[36m@n8n/extension-sdk:build: [0m[34mℹ[39m [33m[CJS][39m [2mdist/frontend/[22m[32mdefine2.d.cts[39m  [2m0.27 kB[22m [2m│ gzip: 0.18 kB[22m
[36m@n8n/extension-sdk:build: [0m[34mℹ[39m [33m[CJS][39m 5 files, total: 1.45 kB
[36m@n8n/extension-sdk:build: [0m[32m✔[39m Build complete in [32m1858ms[39m
[36m@n8n/extension-sdk:build: [0m
[36m@n8n/extension-sdk:build: [0m> @n8n/extension-sdk@0.17.0 create-json-schema /Users/romeobalta/work/n8n/worktrees/grox-229-implement-ai-assistant-is-free/packages/@n8n/extension-sdk
[36m@n8n/extension-sdk:build: [0m> tsx scripts/create-json-schema.ts
[36m@n8n/extension-sdk:build: [0m
[35m@n8n/vitest-config:build: [0mcache hit, replaying logs [2mb9dafc9f54617a5b[0m
[35m@n8n/vitest-config:build: [0m
[35m@n8n/vitest-config:build: [0m> @n8n/vitest-config@1.21.0 build /Users/romeobalta/work/n8n/worktrees/nudge-manual-builders-to-aia/packages/@n8n/vitest-config
[35m@n8n/vitest-config:build: [0m> tsc -p tsconfig.build.json
[35m@n8n/vitest-config:build: [0m
[32m@n8n/errors:build: [0mcache hit, replaying logs [2m389292bac0995083[0m
[32m@n8n/errors:build: [0m
[32m@n8n/errors:build: [0m> @n8n/errors@0.13.0 build /Users/romeobalta/work/n8n/worktrees/nudge-manual-builders-to-aia/packages/@n8n/errors
[32m@n8n/errors:build: [0m> tsc -p tsconfig.build.json
[32m@n8n/errors:build: [0m
[33m@n8n/constants:test: [0mcache hit, replaying logs [2m32d8adf9b0417b3d[0m
[33m@n8n/constants:test: [0m
[33m@n8n/constants:test: [0m> @n8n/constants@0.35.0 test /Users/romeobalta/work/n8n/worktrees/nudge-manual-builders-to-aia/packages/@n8n/constants
[33m@n8n/constants:test: [0m> node -e "process.exit(0)"
[33m@n8n/constants:test: [0m
[34m@n8n/n8n-benchmark:test: [0mcache hit, replaying logs [2m5567ff279277429a[0m
[34m@n8n/n8n-benchmark:test: [0m[43m[30m WARN [39m[49m Unsupported engine: wanted: {"node":">=24.0.0"} (current: {"node":"v22.22.3","pnpm":"10.32.1"})
[34m@n8n/n8n-benchmark:test: [0m
[34m@n8n/n8n-benchmark:test: [0m> @n8n/n8n-benchmark@2.19.0 test /Users/romeobalta/work/n8n/worktrees/nudge-manual-builders-to-aia/packages/@n8n/benchmark
[34m@n8n/n8n-benchmark:test: [0m> node -e "process.exit(0)"
[34m@n8n/n8n-benchmark:test: [0m
[36m@n8n/extension-sdk:test: [0mcache hit, replaying logs [2mfa028430e434092a[0m
[36m@n8n/extension-sdk:test: [0m
[36m@n8n/extension-sdk:test: [0m> @n8n/extension-sdk@0.17.0 test /Users/romeobalta/work/n8n/worktrees/nudge-manual-builders-to-aia/packages/@n8n/extension-sdk
[36m@n8n/extension-sdk:test: [0m> node -e "process.exit(0)"
[36m@n8n/extension-sdk:test: [0m
[35m@n8n/syslog-client:build: [0mcache hit, replaying logs [2m701867c1da1ad4e5[0m
[35m@n8n/syslog-client:build: [0m
[35m@n8n/syslog-client:build: [0m> @n8n/syslog-client@1.10.0 build /Users/romeobalta/work/n8n/worktrees/nudge-manual-builders-to-aia/packages/@n8n/syslog-client
[35m@n8n/syslog-client:build: [0m> tsc -p tsconfig.build.json
[35m@n8n/syslog-client:build: [0m
[32m@n8n/codemirror-lang:build: [0mcache hit, replaying logs [2m9682c1583f39098f[0m
[32m@n8n/codemirror-lang:build: [0m
[32m@n8n/codemirror-lang:build: [0m> @n8n/codemirror-lang@0.11.0 build /Users/romeobalta/work/n8n/worktrees/nudge-manual-builders-to-aia/packages/@n8n/codemirror-lang
[32m@n8n/codemirror-lang:build: [0m> tsc -p tsconfig.build.json
[32m@n8n/codemirror-lang:build: [0m
[33m@n8n/codemirror-lang-html:build: [0mcache hit, replaying logs [2m179783794f0d7f8e[0m
[33m@n8n/codemirror-lang-html:build: [0m
[33m@n8n/codemirror-lang-html:build: [0m> @n8n/codemirror-lang-html@1.7.0 build /Users/romeobalta/work/n8n/worktrees/nudge-manual-builders-to-aia/packages/@n8n/codemirror-lang-html
[33m@n8n/codemirror-lang-html:build: [0m> cm-buildhelper src/html.ts
[33m@n8n/codemirror-lang-html:build: [0m
[34m@n8n/rules-engine:build: [0mcache hit, replaying logs [2m0a2c99b65e49b160[0m
[34m@n8n/rules-engine:build: [0m
[34m@n8n/rules-engine:build: [0m> @n8n/rules-engine@0.1.0 build /Users/romeobalta/work/n8n/worktrees/nudge-manual-builders-to-aia/packages/testing/rules-engine
[34m@n8n/rules-engine:build: [0m> tsc -p tsconfig.build.json
[34m@n8n/rules-engine:build: [0m
[36m@n8n/permissions:build: [0mcache hit, replaying logs [2mdbf76e67ec7ca924[0m
[36m@n8n/permissions:build: [0m
[36m@n8n/permissions:build: [0m> @n8n/permissions@0.73.0 build /Users/romeobalta/work/n8n/worktrees/nudge-manual-builders-to-aia/packages/@n8n/permissions
[36m@n8n/permissions:build: [0m> tsc -p tsconfig.build.json
[36m@n8n/permissions:build: [0m
[35m@n8n/stylelint-config:build: [0mcache hit, replaying logs [2m5d737c7cdfed7a10[0m
[35m@n8n/stylelint-config:build: [0m
[35m@n8n/stylelint-config:build: [0m> @n8n/stylelint-config@0.0.1 build /Users/romeobalta/work/n8n/worktrees/nudge-manual-builders-to-aia/packages/@n8n/stylelint-config
[35m@n8n/stylelint-config:build: [0m> tsc
[35m@n8n/stylelint-config:build: [0m
[32m@n8n/mcp-browser:build: [0mcache hit, replaying logs [2mff02c1e698ef102e[0m
[32m@n8n/mcp-browser:build: [0m
[32m@n8n/mcp-browser:build: [0m> @n8n/mcp-browser@0.18.0 build /Users/romeobalta/work/n8n/worktrees/nudge-manual-builders-to-aia/packages/@n8n/mcp-browser
[32m@n8n/mcp-browser:build: [0m> tsc -p tsconfig.build.json
[32m@n8n/mcp-browser:build: [0m
[33m@n8n/tournament:build: [0mcache hit, replaying logs [2mf64e9403de9e1d75[0m
[33m@n8n/tournament:build: [0m
[33m@n8n/tournament:build: [0m> @n8n/tournament@1.9.0 build /Users/romeobalta/work/n8n/worktrees/nudge-manual-builders-to-aia/packages/@n8n/tournament
[33m@n8n/tournament:build: [0m> tsc -p ./tsconfig.build.json
[33m@n8n/tournament:build: [0m
[34m@n8n/di:build: [0mcache hit, replaying logs [2m06222d5cbb4686c8[0m
[34m@n8n/di:build: [0m
[34m@n8n/di:build: [0m> @n8n/di@0.16.0 build /Users/romeobalta/work/n8n/worktrees/nudge-manual-builders-to-aia/packages/@n8n/di
[34m@n8n/di:build: [0m> tsc -p tsconfig.build.json
[34m@n8n/di:build: [0m
[36m@n8n/crdt:build: [0mcache hit, replaying logs [2mce160c91a3a1cad1[0m
[36m@n8n/crdt:build: [0m
[36m@n8n/crdt:build: [0m> @n8n/crdt@0.10.0 build /Users/romeobalta/work/n8n/worktrees/nudge-manual-builders-to-aia/packages/@n8n/crdt
[36m@n8n/crdt:build: [0m> tsc -p tsconfig.build.json
[36m@n8n/crdt:build: [0m
[35m@n8n/eslint-plugin-design-system:build: [0mcache hit, replaying logs [2mf674ea1bdf355498[0m
[35m@n8n/eslint-plugin-design-system:build: [0m
[35m@n8n/eslint-plugin-design-system:build: [0m> @n8n/eslint-plugin-design-system@0.0.1 build /Users/romeobalta/work/n8n/worktrees/nudge-manual-builders-to-aia/packages/frontend/@n8n/eslint-plugin-design-system
[35m@n8n/eslint-plugin-design-system:build: [0m> tsc --project tsconfig.json
[35m@n8n/eslint-plugin-design-system:build: [0m
[32m@n8n/imap:build: [0mcache hit, replaying logs [2mbb61a4920df55cbb[0m
[32m@n8n/imap:build: [0m
[32m@n8n/imap:build: [0m> @n8n/imap@0.25.0 build /Users/romeobalta/work/n8n/worktrees/nudge-manual-builders-to-aia/packages/@n8n/imap
[32m@n8n/imap:build: [0m> tsc -p tsconfig.build.json
[32m@n8n/imap:build: [0m
[33m@n8n/cli:build: [0mcache hit, replaying logs [2mdafb3a9c64151090[0m
[33m@n8n/cli:build: [0m
[33m@n8n/cli:build: [0m> @n8n/cli@0.16.0 build /Users/romeobalta/work/n8n/worktrees/nudge-manual-builders-to-aia/packages/@n8n/cli
[33m@n8n/cli:build: [0m> tsc -p tsconfig.build.json
[33m@n8n/cli:build: [0m
[34m@n8n/json-schema-to-zod:build: [0mcache hit, replaying logs [2mad41c7eeb7b9d98b[0m
[34m@n8n/json-schema-to-zod:build: [0m
[34m@n8n/json-schema-to-zod:build: [0m> @n8n/json-schema-to-zod@1.15.0 build /Users/romeobalta/work/n8n/worktrees/nudge-manual-builders-to-aia/packages/@n8n/json-schema-to-zod
[34m@n8n/json-schema-to-zod:build: [0m> rimraf ./dist && pnpm run build:types && pnpm run build:cjs && pnpm run build:esm
[34m@n8n/json-schema-to-zod:build: [0m
[34m@n8n/json-schema-to-zod:build: [0m../../..                                 | [43m[30m WARN [39m[49m Unsupported engine: wanted: {"node":">=24.0.0"} (current: {"node":"v22.22.3","pnpm":"10.32.1"})
[34m@n8n/json-schema-to-zod:build: [0m../agents                                | [43m[30m WARN [39m[49m Unsupported engine: wanted: {"node":">=24.0.0"} (current: {"node":"v22.22.3","pnpm":"10.32.1"})
[34m@n8n/json-schema-to-zod:build: [0m../benchmark                             | [43m[30m WARN [39m[49m Unsupported engine: wanted: {"node":">=24.0.0"} (current: {"node":"v22.22.3","pnpm":"10.32.1"})
[34m@n8n/json-schema-to-zod:build: [0m../../cli                                | [43m[30m WARN [39m[49m Unsupported engine: wanted: {"node":">=24.0.0"} (current: {"node":"v22.22.3","pnpm":"10.32.1"})
[34m@n8n/json-schema-to-zod:build: [0m
[34m@n8n/json-schema-to-zod:build: [0m> @n8n/json-schema-to-zod@1.15.0 build:types /Users/romeobalta/work/n8n/worktrees/nudge-manual-builders-to-aia/packages/@n8n/json-schema-to-zod
[34m@n8n/json-schema-to-zod:build: [0m> tsc -p tsconfig.types.json
[34m@n8n/json-schema-to-zod:build: [0m
[34m@n8n/json-schema-to-zod:build: [0m../../..                                 | [43m[30m WARN [39m[49m Unsupported engine: wanted: {"node":">=24.0.0"} (current: {"node":"v22.22.3","pnpm":"10.32.1"})
[34m@n8n/json-schema-to-zod:build: [0m../agents                                | [43m[30m WARN [39m[49m Unsupported engine: wanted: {"node":">=24.0.0"} (current: {"node":"v22.22.3","pnpm":"10.32.1"})
[34m@n8n/json-schema-to-zod:build: [0m../benchmark                             | [43m[30m WARN [39m[49m Unsupported engine: wanted: {"node":">=24.0.0"} (current: {"node":"v22.22.3","pnpm":"10.32.1"})
[34m@n8n/json-schema-to-zod:build: [0m../../cli                                | [43m[30m WARN [39m[49m Unsupported engine: wanted: {"node":">=24.0.0"} (current: {"node":"v22.22.3","pnpm":"10.32.1"})
[34m@n8n/json-schema-to-zod:build: [0m
[34m@n8n/json-schema-to-zod:build: [0m> @n8n/json-schema-to-zod@1.15.0 build:cjs /Users/romeobalta/work/n8n/worktrees/nudge-manual-builders-to-aia/packages/@n8n/json-schema-to-zod
[34m@n8n/json-schema-to-zod:build: [0m> tsc -p tsconfig.cjs.json && node postcjs.cjs
[34m@n8n/json-schema-to-zod:build: [0m
[34m@n8n/json-schema-to-zod:build: [0m../../..                                 | [43m[30m WARN [39m[49m Unsupported engine: wanted: {"node":">=24.0.0"} (current: {"node":"v22.22.3","pnpm":"10.32.1"})
[34m@n8n/json-schema-to-zod:build: [0m../agents                                | [43m[30m WARN [39m[49m Unsupported engine: wanted: {"node":">=24.0.0"} (current: {"node":"v22.22.3","pnpm":"10.32.1"})
[34m@n8n/json-schema-to-zod:build: [0m../benchmark                             | [43m[30m WARN [39m[49m Unsupported engine: wanted: {"node":">=24.0.0"} (current: {"node":"v22.22.3","pnpm":"10.32.1"})
[34m@n8n/json-schema-to-zod:build: [0m../../cli                                | [43m[30m WARN [39m[49m Unsupported engine: wanted: {"node":">=24.0.0"} (current: {"node":"v22.22.3","pnpm":"10.32.1"})
[34m@n8n/json-schema-to-zod:build: [0m
[34m@n8n/json-schema-to-zod:build: [0m> @n8n/json-schema-to-zod@1.15.0 build:esm /Users/romeobalta/work/n8n/worktrees/nudge-manual-builders-to-aia/packages/@n8n/json-schema-to-zod
[34m@n8n/json-schema-to-zod:build: [0m> tsc -p tsconfig.esm.json && node postesm.cjs
[34m@n8n/json-schema-to-zod:build: [0m
[36m@n8n/errors:test: [0mcache hit, replaying logs [2m4104075313896960[0m
[36m@n8n/errors:test: [0m
[36m@n8n/errors:test: [0m> @n8n/errors@0.13.0 test /Users/romeobalta/work/n8n/worktrees/nudge-manual-builders-to-aia/packages/@n8n/errors
[36m@n8n/errors:test: [0m> node -e "process.exit(0)"
[36m@n8n/errors:test: [0m
[35m@n8n/syslog-client:test: [0mcache hit, replaying logs [2m31b930b33c49abe0[0m
[35m@n8n/syslog-client:test: [0m
[35m@n8n/syslog-client:test: [0m> @n8n/syslog-client@1.10.0 test /Users/romeobalta/work/n8n/worktrees/nudge-manual-builders-to-aia/packages/@n8n/syslog-client
[35m@n8n/syslog-client:test: [0m> vitest run
[35m@n8n/syslog-client:test: [0m
[35m@n8n/syslog-client:test: [0m
[35m@n8n/syslog-client:test: [0m[1m[30m[46m RUN [49m[39m[22m [36mv4.1.9 [39m[90m/Users/romeobalta/work/n8n/worktrees/nudge-manual-builders-to-aia/packages/@n8n/syslog-client[39m
[35m@n8n/syslog-client:test: [0m
[35m@n8n/syslog-client:test: [0m [32m✓[39m test/client.test.ts [2m([22m[2m8 tests[22m[2m)[22m[32m 3[2mms[22m[39m
[35m@n8n/syslog-client:test: [0m [32m✓[39m test/udp.test.ts [2m([22m[2m9 tests[22m[2m)[22m[32m 14[2mms[22m[39m
[35m@n8n/syslog-client:test: [0m [32m✓[39m test/formats.test.ts [2m([22m[2m14 tests[22m[2m)[22m[32m 18[2mms[22m[39m
[35m@n8n/syslog-client:test: [0m [32m✓[39m test/tcp.test.ts [2m([22m[2m10 tests[22m[2m)[22m[33m 520[2mms[22m[39m
[35m@n8n/syslog-client:test: [0m       [33m[2m✓[22m[39m should handle connection timeout [33m 502[2mms[22m[39m
[35m@n8n/syslog-client:test: [0m [32m✓[39m test/tls.test.ts [2m([22m[2m8 tests[22m[2m)[22m[33m 539[2mms[22m[39m
[35m@n8n/syslog-client:test: [0m       [33m[2m✓[22m[39m should handle connection timeout [33m 501[2mms[22m[39m
[35m@n8n/syslog-client:test: [0m
[35m@n8n/syslog-client:test: [0m[2m Test Files [22m [1m[32m5 passed[39m[22m[90m (5)[39m
[35m@n8n/syslog-client:test: [0m[2m      Tests [22m [1m[32m49 passed[39m[22m[90m (49)[39m
[35m@n8n/syslog-client:test: [0m[2m   Start at [22m 13:23:08
[35m@n8n/syslog-client:test: [0m[2m   Duration [22m 689ms[2m (transform 209ms, setup 0ms, import 331ms, tests 1.09s, environment 0ms)[22m
[35m@n8n/syslog-client:test: [0m
[32m@n8n/codemirror-lang:test: [0mcache hit, replaying logs [2m282344363dd81dd4[0m
[32m@n8n/codemirror-lang:test: [0m
[32m@n8n/codemirror-lang:test: [0m> @n8n/codemirror-lang@0.11.0 test /Users/romeobalta/work/n8n/worktrees/nudge-manual-builders-to-aia/packages/@n8n/codemirror-lang
[32m@n8n/codemirror-lang:test: [0m> vitest run
[32m@n8n/codemirror-lang:test: [0m
[32m@n8n/codemirror-lang:test: [0m
[32m@n8n/codemirror-lang:test: [0m[1m[30m[46m RUN [49m[39m[22m [36mv4.1.9 [39m[90m/Users/romeobalta/work/n8n/worktrees/nudge-manual-builders-to-aia/packages/@n8n/codemirror-lang[39m
[32m@n8n/codemirror-lang:test: [0m
[32m@n8n/codemirror-lang:test: [0m [32m✓[39m test/expressions/expressions.test.ts [2m([22m[2m41 tests[22m[2m)[22m[32m 6[2mms[22m[39m
[32m@n8n/codemirror-lang:test: [0m
[32m@n8n/codemirror-lang:test: [0m[2m Test Files [22m [1m[32m1 passed[39m[22m[90m (1)[39m
[32m@n8n/codemirror-lang:test: [0m[2m      Tests [22m [1m[32m41 passed[39m[22m[90m (41)[39m
[32m@n8n/codemirror-lang:test: [0m[2m   Start at [22m 13:23:03
[32m@n8n/codemirror-lang:test: [0m[2m   Duration [22m 121ms[2m (transform 20ms, setup 0ms, import 43ms, tests 6ms, environment 0ms)[22m
[32m@n8n/codemirror-lang:test: [0m
[33m@n8n/codemirror-lang-sql:build: [0mcache hit, replaying logs [2m70199c1205e1161b[0m
[33m@n8n/codemirror-lang-sql:build: [0m
[33m@n8n/codemirror-lang-sql:build: [0m> @n8n/codemirror-lang-sql@1.12.0 build /Users/romeobalta/work/n8n/worktrees/nudge-manual-builders-to-aia/packages/@n8n/codemirror-lang-sql
[33m@n8n/codemirror-lang-sql:build: [0m> tsc -p tsconfig.build.json
[33m@n8n/codemirror-lang-sql:build: [0m
[34m@n8n/codemirror-lang-html:test: [0mcache hit, replaying logs [2m25545c7e24ce7c24[0m
[34m@n8n/codemirror-lang-html:test: [0m
[34m@n8n/codemirror-lang-html:test: [0m> @n8n/codemirror-lang-html@1.7.0 test /Users/romeobalta/work/n8n/worktrees/nudge-manual-builders-to-aia/packages/@n8n/codemirror-lang-html
[34m@n8n/codemirror-lang-html:test: [0m> vitest run
[34m@n8n/codemirror-lang-html:test: [0m
[34m@n8n/codemirror-lang-html:test: [0m
[34m@n8n/codemirror-lang-html:test: [0m[1m[30m[46m RUN [49m[39m[22m [36mv4.1.9 [39m[90m/Users/romeobalta/work/n8n/worktrees/nudge-manual-builders-to-aia/packages/@n8n/codemirror-lang-html[39m
[34m@n8n/codemirror-lang-html:test: [0m
[34m@n8n/codemirror-lang-html:test: [0m [32m✓[39m test/test-complete.js [2m([22m[2m15 tests[22m[2m)[22m[32m 9[2mms[22m[39m
[34m@n8n/codemirror-lang-html:test: [0m [32m✓[39m test/test-complete.ts [2m([22m[2m15 tests[22m[2m)[22m[32m 10[2mms[22m[39m
[34m@n8n/codemirror-lang-html:test: [0m
[34m@n8n/codemirror-lang-html:test: [0m[2m Test Files [22m [1m[32m2 passed[39m[22m[90m (2)[39m
[34m@n8n/codemirror-lang-html:test: [0m[2m      Tests [22m [1m[32m30 passed[39m[22m[90m (30)[39m
[34m@n8n/codemirror-lang-html:test: [0m[2m   Start at [22m 13:23:01
[34m@n8n/codemirror-lang-html:test: [0m[2m   Duration [22m 183ms[2m (transform 103ms, setup 0ms, import 195ms, tests 19ms, environment 0ms)[22m
[34m@n8n/codemirror-lang-html:test: [0m
[36m@n8n/code-health:build: [0mcache hit, replaying logs [2md15941f2a27a6ea7[0m
[36m@n8n/code-health:build: [0m
[36m@n8n/code-health:build: [0m> @n8n/code-health@0.1.0 build /Users/romeobalta/work/n8n/worktrees/nudge-manual-builders-to-aia/packages/testing/code-health
[36m@n8n/code-health:build: [0m> tsc -p tsconfig.build.json
[36m@n8n/code-health:build: [0m
[35m@n8n/rules-engine:test: [0mcache hit, replaying logs [2mfc244401bcc38559[0m
[35m@n8n/rules-engine:test: [0m
[35m@n8n/rules-engine:test: [0m> @n8n/rules-engine@0.1.0 test /Users/romeobalta/work/n8n/worktrees/nudge-manual-builders-to-aia/packages/testing/rules-engine
[35m@n8n/rules-engine:test: [0m> vitest run
[35m@n8n/rules-engine:test: [0m
[35m@n8n/rules-engine:test: [0m
[35m@n8n/rules-engine:test: [0m[1m[30m[46m RUN [49m[39m[22m [36mv4.1.9 [39m[90m/Users/romeobalta/work/n8n/worktrees/nudge-manual-builders-to-aia/packages/testing/rules-engine[39m
[35m@n8n/rules-engine:test: [0m
[35m@n8n/rules-engine:test: [0m [32m✓[39m src/base-rule.test.ts [2m([22m[2m8 tests[22m[2m)[22m[32m 3[2mms[22m[39m
[35m@n8n/rules-engine:test: [0m [32m✓[39m src/reporter.test.ts [2m([22m[2m3 tests[22m[2m)[22m[32m 1[2mms[22m[39m
[35m@n8n/rules-engine:test: [0m [32m✓[39m src/rule-runner.test.ts [2m([22m[2m6 tests[22m[2m)[22m[32m 4[2mms[22m[39m
[35m@n8n/rules-engine:test: [0m [32m✓[39m src/baseline.test.ts [2m([22m[2m10 tests[22m[2m)[22m[32m 10[2mms[22m[39m
[35m@n8n/rules-engine:test: [0m [32m✓[39m src/suppress.test.ts [2m([22m[2m5 tests[22m[2m)[22m[32m 9[2mms[22m[39m
[35m@n8n/rules-engine:test: [0m [32m✓[39m src/ast/imports.test.ts [2m([22m[2m7 tests[22m[2m)[22m[32m 14[2mms[22m[39m
[35m@n8n/rules-engine:test: [0m
[35m@n8n/rules-engine:test: [0m[2m Test Files [22m [1m[32m6 passed[39m[22m[90m (6)[39m
[35m@n8n/rules-engine:test: [0m[2m      Tests [22m [1m[32m39 passed[39m[22m[90m (39)[39m
[35m@n8n/rules-engine:test: [0m[2m   Start at [22m 13:23:00
[35m@n8n/rules-engine:test: [0m[2m   Duration [22m 295ms[2m (transform 207ms, setup 0ms, import 570ms, tests 41ms, environment 0ms)[22m
[35m@n8n/rules-engine:test: [0m
[32m@n8n/playwright-janitor:build: [0mcache hit, replaying logs [2mfb7331ade1c343be[0m
[32m@n8n/playwright-janitor:build: [0m
[32m@n8n/playwright-janitor:build: [0m> @n8n/playwright-janitor@0.1.0 build /Users/romeobalta/work/n8n/worktrees/nudge-manual-builders-to-aia/packages/testing/janitor
[32m@n8n/playwright-janitor:build: [0m> tsc
[32m@n8n/playwright-janitor:build: [0m
[33m@n8n/permissions:test: [0mcache hit, replaying logs [2ma3413fb4f0327e2c[0m
[33m@n8n/permissions:test: [0m
[33m@n8n/permissions:test: [0m> @n8n/permissions@0.73.0 test /Users/romeobalta/work/n8n/worktrees/nudge-manual-builders-to-aia/packages/@n8n/permissions
[33m@n8n/permissions:test: [0m> vitest run
[33m@n8n/permissions:test: [0m
[33m@n8n/permissions:test: [0m
[33m@n8n/permissions:test: [0m[1m[30m[46m RUN [49m[39m[22m [36mv4.1.9 [39m[90m/Users/romeobalta/work/n8n/worktrees/nudge-manual-builders-to-aia/packages/@n8n/permissions[39m
[33m@n8n/permissions:test: [0m
[33m@n8n/permissions:test: [0m [32m✓[39m src/__tests__/types.test.ts [2m([22m[2m4 tests[22m[2m)[22m[32m 2[2mms[22m[39m
[33m@n8n/permissions:test: [0m [32m✓[39m src/utilities/__tests__/has-scope.test.ts [2m([22m[2m8 tests[22m[2m)[22m[32m 2[2mms[22m[39m
[33m@n8n/permissions:test: [0m [32m✓[39m src/utilities/__tests__/get-resource-permissions.test.ts [2m([22m[2m2 tests[22m[2m)[22m[32m 2[2mms[22m[39m
[33m@n8n/permissions:test: [0m [32m✓[39m src/utilities/__tests__/combine-scopes.test.ts [2m([22m[2m8 tests[22m[2m)[22m[32m 3[2mms[22m[39m
[33m@n8n/permissions:test: [0m [32m✓[39m src/roles/__tests__/custom-role-scopes.test.ts [2m([22m[2m8 tests[22m[2m)[22m[32m 5[2mms[22m[39m
[33m@n8n/permissions:test: [0m [32m✓[39m src/roles/__tests__/end-user-credential-scope.test.ts [2m([22m[2m6 tests[22m[2m)[22m[32m 2[2mms[22m[39m
[33m@n8n/permissions:test: [0m [32m✓[39m src/utilities/__tests__/get-role-scopes.test.ts [2m([22m[2m8 tests[22m[2m)[22m[32m 3[2mms[22m[39m
[33m@n8n/permissions:test: [0m [32m✓[39m src/__tests__/schemas.test.ts [2m([22m[2m41 tests[22m[2m)[22m[32m 5[2mms[22m[39m
[33m@n8n/permissions:test: [0m [32m✓[39m src/utilities/__tests__/roles-with-scope.test.ts [2m([22m[2m5 tests[22m[2m)[22m[32m 4[2mms[22m[39m
[33m@n8n/permissions:test: [0m [32m✓[39m src/utilities/__tests__/has-global-scope.test.ts [2m([22m[2m8 tests[22m[2m)[22m[32m 3[2mms[22m[39m
[33m@n8n/permissions:test: [0m [32m✓[39m src/utilities/__tests__/get-global-scopes.test.ts [2m([22m[2m5 tests[22m[2m)[22m[32m 2[2mms[22m[39m
[33m@n8n/permissions:test: [0m [32m✓[39m src/__tests__/scope-information.test.ts [2m([22m[2m2 tests[22m[2m)[22m[32m 3[2mms[22m[39m
[33m@n8n/permissions:test: [0m
[33m@n8n/permissions:test: [0m[2m Test Files [22m [1m[32m12 passed[39m[22m[90m (12)[39m
[33m@n8n/permissions:test: [0m[2m      Tests [22m [1m[32m105 passed[39m[22m[90m (105)[39m
[33m@n8n/permissions:test: [0m[2m   Start at [22m 13:22:56
[33m@n8n/permissions:test: [0m[2m   Duration [22m 262ms[2m (transform 459ms, setup 0ms, import 682ms, tests 36ms, environment 1ms)[22m
[33m@n8n/permissions:test: [0m
[34m@n8n/stylelint-config:test: [0mcache hit, replaying logs [2mccdf4e267364daf0[0m
[34m@n8n/stylelint-config:test: [0m
[34m@n8n/stylelint-config:test: [0m> @n8n/stylelint-config@0.0.1 test /Users/romeobalta/work/n8n/worktrees/nudge-manual-builders-to-aia/packages/@n8n/stylelint-config
[34m@n8n/stylelint-config:test: [0m> vitest run
[34m@n8n/stylelint-config:test: [0m
[34m@n8n/stylelint-config:test: [0m
[34m@n8n/stylelint-config:test: [0m[1m[30m[46m RUN [49m[39m[22m [36mv4.1.9 [39m[90m/Users/romeobalta/work/n8n/worktrees/nudge-manual-builders-to-aia/packages/@n8n/stylelint-config[39m
[34m@n8n/stylelint-config:test: [0m
[34m@n8n/stylelint-config:test: [0m [32m✓[39m src/rules/css-var-naming.test.ts [2m([22m[2m86 tests[22m[2m)[22m[32m 49[2mms[22m[39m
[34m@n8n/stylelint-config:test: [0m
[34m@n8n/stylelint-config:test: [0m[2m Test Files [22m [1m[32m1 passed[39m[22m[90m (1)[39m
[34m@n8n/stylelint-config:test: [0m[2m      Tests [22m [1m[32m86 passed[39m[22m[90m (86)[39m
[34m@n8n/stylelint-config:test: [0m[2m   Start at [22m 13:23:03
[34m@n8n/stylelint-config:test: [0m[2m   Duration [22m 354ms[2m (transform 33ms, setup 0ms, import 236ms, tests 49ms, environment 0ms)[22m
[34m@n8n/stylelint-config:test: [0m
[36m@n8n/n8n-extension-insights:build: [0mcache hit, replaying logs [2mf8c1b0dcd8d4ac32[0m
[36m@n8n/n8n-extension-insights:build: [0m
[36m@n8n/n8n-extension-insights:build: [0m> @n8n/n8n-extension-insights@0.20.0 build /Users/romeobalta/work/n8n/worktrees/nudge-manual-builders-to-aia/packages/extensions/insights
[36m@n8n/n8n-extension-insights:build: [0m> pnpm cleanup && pnpm run "/^build:(backend|frontend)$/"
[36m@n8n/n8n-extension-insights:build: [0m
[36m@n8n/n8n-extension-insights:build: [0m../../..                                 | [43m[30m WARN [39m[49m Unsupported engine: wanted: {"node":">=24.0.0"} (current: {"node":"v22.22.3","pnpm":"10.32.1"})
[36m@n8n/n8n-extension-insights:build: [0m../../@n8n/agents                        | [43m[30m WARN [39m[49m Unsupported engine: wanted: {"node":">=24.0.0"} (current: {"node":"v22.22.3","pnpm":"10.32.1"})
[36m@n8n/n8n-extension-insights:build: [0m../../@n8n/benchmark                     | [43m[30m WARN [39m[49m Unsupported engine: wanted: {"node":">=24.0.0"} (current: {"node":"v22.22.3","pnpm":"10.32.1"})
[36m@n8n/n8n-extension-insights:build: [0m../../cli                                | [43m[30m WARN [39m[49m Unsupported engine: wanted: {"node":">=24.0.0"} (current: {"node":"v22.22.3","pnpm":"10.32.1"})
[36m@n8n/n8n-extension-insights:build: [0m
[36m@n8n/n8n-extension-insights:build: [0m> @n8n/n8n-extension-insights@0.20.0 cleanup /Users/romeobalta/work/n8n/worktrees/nudge-manual-builders-to-aia/packages/extensions/insights
[36m@n8n/n8n-extension-insights:build: [0m> rimraf dist
[36m@n8n/n8n-extension-insights:build: [0m
[36m@n8n/n8n-extension-insights:build: [0m../../..                                 | [43m[30m WARN [39m[49m Unsupported engine: wanted: {"node":">=24.0.0"} (current: {"node":"v22.22.3","pnpm":"10.32.1"})
[36m@n8n/n8n-extension-insights:build: [0m../../@n8n/agents                        | [43m[30m WARN [39m[49m Unsupported engine: wanted: {"node":">=24.0.0"} (current: {"node":"v22.22.3","pnpm":"10.32.1"})
[36m@n8n/n8n-extension-insights:build: [0m../../@n8n/benchmark                     | [43m[30m WARN [39m[49m Unsupported engine: wanted: {"node":">=24.0.0"} (current: {"node":"v22.22.3","pnpm":"10.32.1"})
[36m@n8n/n8n-extension-insights:build: [0m../../cli                                | [43m[30m WARN [39m[49m Unsupported engine: wanted: {"node":">=24.0.0"} (current: {"node":"v22.22.3","pnpm":"10.32.1"})
[35m@n8n/computer-use:build: [0mcache hit, replaying logs [2m4d8c14f9003c6c43[0m
[35m@n8n/computer-use:build: [0m
[35m@n8n/computer-use:build: [0m> @n8n/computer-use@0.20.0 build /Users/romeobalta/work/n8n/worktrees/nudge-manual-builders-to-aia/packages/@n8n/computer-use
[35m@n8n/computer-use:build: [0m> tsc -p tsconfig.build.json
[35m@n8n/computer-use:build: [0m
[32m@n8n/mcp-browser:test: [0mcache hit, replaying logs [2mc9571beb945adc5b[0m
[32m@n8n/mcp-browser:test: [0m
[32m@n8n/mcp-browser:test: [0m> @n8n/mcp-browser@0.18.0 test /Users/romeobalta/work/n8n/worktrees/nudge-manual-builders-to-aia/packages/@n8n/mcp-browser
[32m@n8n/mcp-browser:test: [0m> vitest run
[32m@n8n/mcp-browser:test: [0m
[32m@n8n/mcp-browser:test: [0m
[32m@n8n/mcp-browser:test: [0m[1m[30m[46m RUN [49m[39m[22m [36mv4.1.9 [39m[90m/Users/romeobalta/work/n8n/worktrees/nudge-manual-builders-to-aia/packages/@n8n/mcp-browser[39m
[32m@n8n/mcp-browser:test: [0m
[32m@n8n/mcp-browser:test: [0m [32m✓[39m src/redaction/__tests__/redact.test.ts [2m([22m[2m102 tests[22m[2m)[22m[32m 23[2mms[22m[39m
[32m@n8n/mcp-browser:test: [0m [32m✓[39m src/adapters/agent-browser.test.ts [2m([22m[2m55 tests[22m[2m)[22m[32m 8[2mms[22m[39m
[32m@n8n/mcp-browser:test: [0m [32m✓[39m src/tools/response-envelope.test.ts [2m([22m[2m22 tests[22m[2m)[22m[32m 13[2mms[22m[39m
[32m@n8n/mcp-browser:test: [0m [32m✓[39m src/__tests__/cdp-relay.test.ts [2m([22m[2m14 tests[22m[2m)[22m[32m 127[2mms[22m[39m
[32m@n8n/mcp-browser:test: [0m [32m✓[39m src/tools/session.test.ts [2m([22m[2m20 tests[22m[2m)[22m[32m 8[2mms[22m[39m
[32m@n8n/mcp-browser:test: [0m [32m✓[39m src/adapters/playwright.actionability.test.ts [2m([22m[2m15 tests[22m[2m)[22m[32m 115[2mms[22m[39m
[32m@n8n/mcp-browser:test: [0m [32m✓[39m src/__tests__/connection.test.ts [2m([22m[2m12 tests[22m[2m)[22m[32m 8[2mms[22m[39m
[32m@n8n/mcp-browser:test: [0m [32m✓[39m src/tools/navigation.test.ts [2m([22m[2m35 tests[22m[2m)[22m[32m 122[2mms[22m[39m
[32m@n8n/mcp-browser:test: [0m [32m✓[39m src/__tests__/errors.test.ts [2m([22m[2m30 tests[22m[2m)[22m[32m 4[2mms[22m[39m
[32m@n8n/mcp-browser:test: [0m [32m✓[39m src/tools/state.test.ts [2m([22m[2m24 tests[22m[2m)[22m[32m 13[2mms[22m[39m
[32m@n8n/mcp-browser:test: [0m [32m✓[39m src/tools/interaction.test.ts [2m([22m[2m79 tests[22m[2m)[22m[32m 156[2mms[22m[39m
[32m@n8n/mcp-browser:test: [0m [32m✓[39m src/sensitivity/analyze-html.test.ts [2m([22m[2m48 tests[22m[2m)[22m[32m 195[2mms[22m[39m
[32m@n8n/mcp-browser:test: [0m [32m✓[39m src/redaction/__tests__/token-span.test.ts [2m([22m[2m33 tests[22m[2m)[22m[32m 6[2mms[22m[39m
[32m@n8n/mcp-browser:test: [0m [32m✓[39m src/sensitivity/dom-matchers.test.ts [2m([22m[2m124 tests[22m[2m)[22m[32m 213[2mms[22m[39m
[32m@n8n/mcp-browser:test: [0m [32m✓[39m src/tools/credential.test.ts [2m([22m[2m33 tests[22m[2m)[22m[32m 202[2mms[22m[39m
[32m@n8n/mcp-browser:test: [0m [32m✓[39m src/tools/tabs.test.ts [2m([22m[2m25 tests[22m[2m)[22m[32m 126[2mms[22m[39m
[32m@n8n/mcp-browser:test: [0m [32m✓[39m src/tools/inspection.test.ts [2m([22m[2m57 tests[22m[2m)[22m[32m 237[2mms[22m[39m
[32m@n8n/mcp-browser:test: [0m [32m✓[39m src/__tests__/utils.test.ts [2m([22m[2m16 tests[22m[2m)[22m[32m 4[2mms[22m[39m
[32m@n8n/mcp-browser:test: [0m [32m✓[39m src/__tests__/server-config.test.ts [2m([22m[2m13 tests[22m[2m)[22m[32m 6[2mms[22m[39m
[32m@n8n/mcp-browser:test: [0m [32m✓[39m src/redaction/redaction-applier.test.ts [2m([22m[2m4 tests[22m[2m)[22m[32m 4[2mms[22m[39m
[32m@n8n/mcp-browser:test: [0m [32m✓[39m src/__tests__/cdp-relay-attach.test.ts [2m([22m[2m3 tests[22m[2m)[22m[32m 24[2mms[22m[39m
[32m@n8n/mcp-browser:test: [0m [32m✓[39m src/adapters/playwright.remote.test.ts [2m([22m[2m2 tests[22m[2m)[22m[32m 5[2mms[22m[39m
[32m@n8n/mcp-browser:test: [0m [32m✓[39m src/sensitivity/key-shape-corpus.test.ts [2m([22m[2m24 tests[22m[2m)[22m[33m 422[2mms[22m[39m
[32m@n8n/mcp-browser:test: [0m [32m✓[39m src/adapters/playwright.get-element-value.test.ts [2m([22m[2m6 tests[22m[2m)[22m[32m 4[2mms[22m[39m
[32m@n8n/mcp-browser:test: [0m [32m✓[39m src/adapters/playwright.type.test.ts [2m([22m[2m4 tests[22m[2m)[22m[32m 4[2mms[22m[39m
[32m@n8n/mcp-browser:test: [0m [32m✓[39m src/tools/wait.test.ts [2m([22m[2m16 tests[22m[2m)[22m[32m 45[2mms[22m[39m
[32m@n8n/mcp-browser:test: [0m [32m✓[39m src/sensitivity/html-probe.test.ts [2m([22m[2m6 tests[22m[2m)[22m[32m 52[2mms[22m[39m
[32m@n8n/mcp-browser:test: [0m [32m✓[39m src/__tests__/server.test.ts [2m([22m[2m13 tests[22m[2m)[22m[32m 23[2mms[22m[39m
[32m@n8n/mcp-browser:test: [0m
[32m@n8n/mcp-browser:test: [0m[2m Test Files [22m [1m[32m28 passed[39m[22m[90m (28)[39m
[32m@n8n/mcp-browser:test: [0m[2m      Tests [22m [1m[32m835 passed[39m[22m[90m (835)[39m
[32m@n8n/mcp-browser:test: [0m[2m   Start at [22m 13:22:57
[32m@n8n/mcp-browser:test: [0m[2m   Duration [22m 1.47s[2m (transform 1.86s, setup 0ms, import 8.18s, tests 2.17s, environment 1ms)[22m
[32m@n8n/mcp-browser:test: [0m
[33m@n8n/tournament:test: [0mcache hit, replaying logs [2me0929737c8288d36[0m
[33m@n8n/tournament:test: [0m
[33m@n8n/tournament:test: [0m> @n8n/tournament@1.9.0 test /Users/romeobalta/work/n8n/worktrees/nudge-manual-builders-to-aia/packages/@n8n/tournament
[33m@n8n/tournament:test: [0m> vitest run
[33m@n8n/tournament:test: [0m
[33m@n8n/tournament:test: [0m
[33m@n8n/tournament:test: [0m[1m[30m[46m RUN [49m[39m[22m [36mv4.1.9 [39m[90m/Users/romeobalta/work/n8n/worktrees/nudge-manual-builders-to-aia/packages/@n8n/tournament[39m
[33m@n8n/tournament:test: [0m
[33m@n8n/tournament:test: [0m [32m✓[39m test/ExpressionSplitter.test.ts [2m([22m[2m11 tests[22m[2m)[22m[32m 3[2mms[22m[39m
[33m@n8n/tournament:test: [0m [32m✓[39m test/ASTHooks.test.ts [2m([22m[2m2 tests[22m[2m)[22m[32m 10[2mms[22m[39m
[33m@n8n/tournament:test: [0m [32m✓[39m test/Es6Syntax.test.ts [2m([22m[2m3 tests[22m[2m)[22m[32m 12[2mms[22m[39m
[33m@n8n/tournament:test: [0m [32m✓[39m test/VariablePolyfill.test.ts [2m([22m[2m23 tests[22m[2m)[22m[32m 34[2mms[22m[39m
[33m@n8n/tournament:test: [0m [32m✓[39m test/Expression.test.ts [2m([22m[2m48 tests[22m[2m)[22m[32m 53[2mms[22m[39m
[33m@n8n/tournament:test: [0m
[33m@n8n/tournament:test: [0m[2m Test Files [22m [1m[32m5 passed[39m[22m[90m (5)[39m
[33m@n8n/tournament:test: [0m[2m      Tests [22m [1m[32m87 passed[39m[22m[90m (87)[39m
[33m@n8n/tournament:test: [0m[2m   Start at [22m 13:23:09
[33m@n8n/tournament:test: [0m[2m   Duration [22m 344ms[2m (transform 505ms, setup 0ms, import 838ms, tests 111ms, environment 0ms)[22m
[33m@n8n/tournament:test: [0m
[34m@n8n/expression-runtime:build: [0mcache hit, replaying logs [2m0ce942e3421e653a[0m
[34m@n8n/expression-runtime:build: [0m
[34m@n8n/expression-runtime:build: [0m> @n8n/expression-runtime@0.27.0 build /Users/romeobalta/work/n8n/worktrees/nudge-manual-builders-to-aia/packages/@n8n/expression-runtime
[34m@n8n/expression-runtime:build: [0m> tsc --build tsconfig.build.esm.json tsconfig.build.cjs.json && pnpm build:runtime
[34m@n8n/expression-runtime:build: [0m
[34m@n8n/expression-runtime:build: [0m../../..                                 | [43m[30m WARN [39m[49m Unsupported engine: wanted: {"node":">=24.0.0"} (current: {"node":"v22.22.3","pnpm":"10.32.1"})
[34m@n8n/expression-runtime:build: [0m../agents                                | [43m[30m WARN [39m[49m Unsupported engine: wanted: {"node":">=24.0.0"} (current: {"node":"v22.22.3","pnpm":"10.32.1"})
[34m@n8n/expression-runtime:build: [0m../benchmark                             | [43m[30m WARN [39m[49m Unsupported engine: wanted: {"node":">=24.0.0"} (current: {"node":"v22.22.3","pnpm":"10.32.1"})
[34m@n8n/expression-runtime:build: [0m../../cli                                | [43m[30m WARN [39m[49m Unsupported engine: wanted: {"node":">=24.0.0"} (current: {"node":"v22.22.3","pnpm":"10.32.1"})
[34m@n8n/expression-runtime:build: [0m
[34m@n8n/expression-runtime:build: [0m> @n8n/expression-runtime@0.27.0 build:runtime /Users/romeobalta/work/n8n/worktrees/nudge-manual-builders-to-aia/packages/@n8n/expression-runtime
[34m@n8n/expression-runtime:build: [0m> node esbuild.config.js
[34m@n8n/expression-runtime:build: [0m
[34m@n8n/expression-runtime:build: [0m✅ Runtime bundles created successfully
[36m@n8n/di:test: [0mcache hit, replaying logs [2me37716c756890a0c[0m
[36m@n8n/di:test: [0m
[36m@n8n/di:test: [0m> @n8n/di@0.16.0 test /Users/romeobalta/work/n8n/worktrees/nudge-manual-builders-to-aia/packages/@n8n/di
[36m@n8n/di:test: [0m> vitest run
[36m@n8n/di:test: [0m
[36m@n8n/di:test: [0m
[36m@n8n/di:test: [0m[1m[30m[46m RUN [49m[39m[22m [36mv4.1.9 [39m[90m/Users/romeobalta/work/n8n/worktrees/nudge-manual-builders-to-aia/packages/@n8n/di[39m
[36m@n8n/di:test: [0m
[36m@n8n/di:test: [0m [32m✓[39m src/__tests__/circular-depedency.test.ts [2m([22m[2m2 tests[22m[2m)[22m[32m 2[2mms[22m[39m
[36m@n8n/di:test: [0m [32m✓[39m src/__tests__/circular-imports.test.ts [2m([22m[2m2 tests[22m[2m)[22m[32m 2[2mms[22m[39m
[36m@n8n/di:test: [0m [32m✓[39m src/__tests__/di.test.ts [2m([22m[2m24 tests[22m[2m)[22m[32m 5[2mms[22m[39m
[36m@n8n/di:test: [0m
[36m@n8n/di:test: [0m[2m Test Files [22m [1m[32m3 passed[39m[22m[90m (3)[39m
[36m@n8n/di:test: [0m[2m      Tests [22m [1m[32m28 passed[39m[22m[90m (28)[39m
[36m@n8n/di:test: [0m[2m   Start at [22m 13:22:59
[36m@n8n/di:test: [0m[2m   Duration [22m 125ms[2m (transform 76ms, setup 0ms, import 132ms, tests 9ms, environment 0ms)[22m
[36m@n8n/di:test: [0m
[35m@n8n/config:build: [0mcache hit, replaying logs [2m842898b7bdd0d2e3[0m
[35m@n8n/config:build: [0m
[35m@n8n/config:build: [0m> @n8n/config@2.34.0 build /Users/romeobalta/work/n8n/worktrees/nudge-manual-builders-to-aia/packages/@n8n/config
[35m@n8n/config:build: [0m> tsc -p tsconfig.build.json
[35m@n8n/config:build: [0m
[32m@n8n/crdt:test: [0mcache hit, replaying logs [2mfe7674a3eb789bd7[0m
[32m@n8n/crdt:test: [0m
[32m@n8n/crdt:test: [0m> @n8n/crdt@0.10.0 test /Users/romeobalta/work/n8n/worktrees/nudge-manual-builders-to-aia/packages/@n8n/crdt
[32m@n8n/crdt:test: [0m> vitest run
[32m@n8n/crdt:test: [0m
[32m@n8n/crdt:test: [0m
[32m@n8n/crdt:test: [0m[1m[30m[46m RUN [49m[39m[22m [36mv4.1.9 [39m[90m/Users/romeobalta/work/n8n/worktrees/nudge-manual-builders-to-aia/packages/@n8n/crdt[39m
[32m@n8n/crdt:test: [0m
[32m@n8n/crdt:test: [0m [32m✓[39m src/protocol.test.ts [2m([22m[2m22 tests[22m[2m)[22m[32m 5[2mms[22m[39m
[32m@n8n/crdt:test: [0m [32m✓[39m src/transports/worker.test.ts [2m([22m[2m19 tests[22m[2m)[22m[32m 5[2mms[22m[39m
[32m@n8n/crdt:test: [0m [32m✓[39m src/providers/yjs.test.ts [2m([22m[2m43 tests[22m[2m)[22m[32m 11[2mms[22m[39m
[32m@n8n/crdt:test: [0m [32m✓[39m src/undo/undo-manager.test.ts [2m([22m[2m43 tests[22m[2m)[22m[32m 13[2mms[22m[39m
[32m@n8n/crdt:test: [0m [32m✓[39m src/awareness/awareness.test.ts [2m([22m[2m31 tests[22m[2m)[22m[32m 9[2mms[22m[39m
[32m@n8n/crdt:test: [0m [32m✓[39m src/utils.test.ts [2m([22m[2m36 tests[22m[2m)[22m[32m 10[2mms[22m[39m
[32m@n8n/crdt:test: [0m [32m✓[39m src/sync.test.ts [2m([22m[2m23 tests[22m[2m)[22m[32m 19[2mms[22m[39m
[32m@n8n/crdt:test: [0m [32m✓[39m src/index.test.ts [2m([22m[2m49 tests[22m[2m)[22m[32m 25[2mms[22m[39m
[32m@n8n/crdt:test: [0m [32m✓[39m src/sync/sync-provider.test.ts [2m([22m[2m46 tests[22m[2m)[22m[32m 31[2mms[22m[39m
[32m@n8n/crdt:test: [0m [32m✓[39m src/transports/mock.test.ts [2m([22m[2m7 tests[22m[2m)[22m[32m 3[2mms[22m[39m
[32m@n8n/crdt:test: [0m [32m✓[39m src/transports/message-port.test.ts [2m([22m[2m14 tests[22m[2m)[22m[32m 68[2mms[22m[39m
[32m@n8n/crdt:test: [0m [32m✓[39m src/transports/broadcast-channel.test.ts [2m([22m[2m17 tests[22m[2m)[22m[33m 619[2mms[22m[39m
[32m@n8n/crdt:test: [0m [32m✓[39m src/transports/integration.test.ts [2m([22m[2m8 tests[22m[2m)[22m[33m 695[2mms[22m[39m
[32m@n8n/crdt:test: [0m [32m✓[39m src/transports/websocket.test.ts [2m([22m[2m20 tests[22m[2m)[22m[33m 847[2mms[22m[39m
[32m@n8n/crdt:test: [0m
[32m@n8n/crdt:test: [0m[2m Test Files [22m [1m[32m14 passed[39m[22m[90m (14)[39m
[32m@n8n/crdt:test: [0m[2m      Tests [22m [1m[32m378 passed[39m[22m[90m (378)[39m
[32m@n8n/crdt:test: [0m[2m   Start at [22m 13:23:06
[32m@n8n/crdt:test: [0m[2m   Duration [22m 1.08s[2m (transform 804ms, setup 0ms, import 1.65s, tests 2.36s, environment 1ms)[22m
[32m@n8n/crdt:test: [0m
[33m@n8n/eslint-plugin-design-system:test: [0mcache hit, replaying logs [2m6349ccb71d38257c[0m
[33m@n8n/eslint-plugin-design-system:test: [0m
[33m@n8n/eslint-plugin-design-system:test: [0m> @n8n/eslint-plugin-design-system@0.0.1 test /Users/romeobalta/work/n8n/worktrees/nudge-manual-builders-to-aia/packages/frontend/@n8n/eslint-plugin-design-system
[33m@n8n/eslint-plugin-design-system:test: [0m> vitest run
[33m@n8n/eslint-plugin-design-system:test: [0m
[33m@n8n/eslint-plugin-design-system:test: [0m
[33m@n8n/eslint-plugin-design-system:test: [0m[1m[30m[46m RUN [49m[39m[22m [36mv4.1.9 [39m[90m/Users/romeobalta/work/n8n/worktrees/nudge-manual-builders-to-aia/packages/frontend/@n8n/eslint-plugin-design-system[39m
[33m@n8n/eslint-plugin-design-system:test: [0m
[33m@n8n/eslint-plugin-design-system:test: [0m [32m✓[39m dist/rules/require-teleported-tooltip-in-dropdown.test.js [2m([22m[2m10 tests[22m[2m)[22m[32m 56[2mms[22m[39m
[33m@n8n/eslint-plugin-design-system:test: [0m [32m✓[39m src/rules/require-teleported-tooltip-in-dropdown.test.ts [2m([22m[2m10 tests[22m[2m)[22m[32m 57[2mms[22m[39m
[33m@n8n/eslint-plugin-design-system:test: [0m
[33m@n8n/eslint-plugin-design-system:test: [0m[2m Test Files [22m [1m[32m2 passed[39m[22m[90m (2)[39m
[33m@n8n/eslint-plugin-design-system:test: [0m[2m      Tests [22m [1m[32m20 passed[39m[22m[90m (20)[39m
[33m@n8n/eslint-plugin-design-system:test: [0m[2m   Start at [22m 13:23:01
[33m@n8n/eslint-plugin-design-system:test: [0m[2m   Duration [22m 679ms[2m (transform 54ms, setup 0ms, import 1.09s, tests 113ms, environment 0ms)[22m
[33m@n8n/eslint-plugin-design-system:test: [0m
[34m@n8n/eslint-config:build: [0mcache hit, replaying logs [2m0115284c31f2c2c6[0m
[34m@n8n/eslint-config:build: [0m
[34m@n8n/eslint-config:build: [0m> @n8n/eslint-config@0.0.1 build /Users/romeobalta/work/n8n/worktrees/nudge-manual-builders-to-aia/packages/@n8n/eslint-config
[34m@n8n/eslint-config:build: [0m> tsc
[34m@n8n/eslint-config:build: [0m
[36m@n8n/imap:test: [0mcache hit, replaying logs [2m7cf2ae6ed8c8c253[0m
[36m@n8n/imap:test: [0m
[36m@n8n/imap:test: [0m> @n8n/imap@0.25.0 test /Users/romeobalta/work/n8n/worktrees/nudge-manual-builders-to-aia/packages/@n8n/imap
[36m@n8n/imap:test: [0m> vitest run
[36m@n8n/imap:test: [0m
[36m@n8n/imap:test: [0m
[36m@n8n/imap:test: [0m[1m[30m[46m RUN [49m[39m[22m [36mv4.1.9 [39m[90m/Users/romeobalta/work/n8n/worktrees/nudge-manual-builders-to-aia/packages/@n8n/imap[39m
[36m@n8n/imap:test: [0m
[36m@n8n/imap:test: [0m [32m✓[39m src/uudecode.test.ts [2m([22m[2m7 tests[22m[2m)[22m[32m 2[2mms[22m[39m
[36m@n8n/imap:test: [0m [32m✓[39m src/imap-simple.test.ts [2m([22m[2m20 tests[22m[2m)[22m[32m 8[2mms[22m[39m
[36m@n8n/imap:test: [0m [32m✓[39m src/helpers/get-message.test.ts [2m([22m[2m4 tests[22m[2m)[22m[32m 3[2mms[22m[39m
[36m@n8n/imap:test: [0m [32m✓[39m src/part-data.test.ts [2m([22m[2m11 tests[22m[2m)[22m[32m 11[2mms[22m[39m
[36m@n8n/imap:test: [0m
[36m@n8n/imap:test: [0m[2m Test Files [22m [1m[32m4 passed[39m[22m[90m (4)[39m
[36m@n8n/imap:test: [0m[2m      Tests [22m [1m[32m42 passed[39m[22m[90m (42)[39m
[36m@n8n/imap:test: [0m[2m   Start at [22m 13:23:04
[36m@n8n/imap:test: [0m[2m   Duration [22m 142ms[2m (transform 147ms, setup 0ms, import 201ms, tests 25ms, environment 0ms)[22m
[36m@n8n/imap:test: [0m
[35m@n8n/cli:test: [0mcache hit, replaying logs [2mc44139c6bfe0c320[0m
[35m@n8n/cli:test: [0m
[35m@n8n/cli:test: [0m> @n8n/cli@0.16.0 test /Users/romeobalta/work/n8n/worktrees/nudge-manual-builders-to-aia/packages/@n8n/cli
[35m@n8n/cli:test: [0m> vitest run
[35m@n8n/cli:test: [0m
[35m@n8n/cli:test: [0m
[35m@n8n/cli:test: [0m[1m[30m[46m RUN [49m[39m[22m [36mv4.1.9 [39m[90m/Users/romeobalta/work/n8n/worktrees/nudge-manual-builders-to-aia/packages/@n8n/cli[39m
[35m@n8n/cli:test: [0m
[35m@n8n/cli:test: [0m [32m✓[39m src/__tests__/config.test.ts [2m([22m[2m7 tests[22m[2m)[22m[32m 3[2mms[22m[39m
[35m@n8n/cli:test: [0m [32m✓[39m src/__tests__/package-error.test.ts [2m([22m[2m9 tests[22m[2m)[22m[32m 3[2mms[22m[39m
[35m@n8n/cli:test: [0m [32m✓[39m src/__tests__/client.test.ts [2m([22m[2m29 tests[22m[2m)[22m[32m 18[2mms[22m[39m
[35m@n8n/cli:test: [0m [32m✓[39m src/__tests__/package-export.test.ts [2m([22m[2m23 tests[22m[2m)[22m[32m 7[2mms[22m[39m
[35m@n8n/cli:test: [0m [32m✓[39m src/__tests__/package-import.test.ts [2m([22m[2m9 tests[22m[2m)[22m[33m 594[2mms[22m[39m
[35m@n8n/cli:test: [0m       [33m[2m✓[22m[39m applies the new-version default when the flag is omitted [33m 579[2mms[22m[39m
[35m@n8n/cli:test: [0m
[35m@n8n/cli:test: [0m[2m Test Files [22m [1m[32m5 passed[39m[22m[90m (5)[39m
[35m@n8n/cli:test: [0m[2m      Tests [22m [1m[32m77 passed[39m[22m[90m (77)[39m
[35m@n8n/cli:test: [0m[2m   Start at [22m 13:23:05
[35m@n8n/cli:test: [0m[2m   Duration [22m 817ms[2m (transform 213ms, setup 0ms, import 462ms, tests 625ms, environment 0ms)[22m
[35m@n8n/cli:test: [0m
[32m@n8n/json-schema-to-zod:test: [0mcache hit, replaying logs [2m937717cc8ce71174[0m
[32m@n8n/json-schema-to-zod:test: [0m
[32m@n8n/json-schema-to-zod:test: [0m> @n8n/json-schema-to-zod@1.15.0 test /Users/romeobalta/work/n8n/worktrees/nudge-manual-builders-to-aia/packages/@n8n/json-schema-to-zod
[32m@n8n/json-schema-to-zod:test: [0m> vitest run
[32m@n8n/json-schema-to-zod:test: [0m
[32m@n8n/json-schema-to-zod:test: [0m
[32m@n8n/json-schema-to-zod:test: [0m[1m[30m[46m RUN [49m[39m[22m [36mv4.1.9 [39m[90m/Users/romeobalta/work/n8n/worktrees/nudge-manual-builders-to-aia/packages/@n8n/json-schema-to-zod[39m
[32m@n8n/json-schema-to-zod:test: [0m
[32m@n8n/json-schema-to-zod:test: [0m [32m✓[39m test/parsers/parse-enum.test.ts [2m([22m[2m4 tests[22m[2m)[22m[32m 2[2mms[22m[39m
[32m@n8n/json-schema-to-zod:test: [0m [32m✓[39m test/parsers/parse-number.test.ts [2m([22m[2m6 tests[22m[2m)[22m[32m 2[2mms[22m[39m
[32m@n8n/json-schema-to-zod:test: [0m [32m✓[39m test/parsers/parse-string.test.ts [2m([22m[2m10 tests[22m[2m)[22m[32m 4[2mms[22m[39m
[32m@n8n/json-schema-to-zod:test: [0m [32m✓[39m test/parsers/parse-array.test.ts [2m([22m[2m4 tests[22m[2m)[22m[32m 2[2mms[22m[39m
[32m@n8n/json-schema-to-zod:test: [0m [32m✓[39m test/parsers/parse-not.test.ts [2m([22m[2m1 test[22m[2m)[22m[32m 2[2mms[22m[39m
[32m@n8n/json-schema-to-zod:test: [0m [32m✓[39m test/parsers/parse-any-of.test.ts [2m([22m[2m3 tests[22m[2m)[22m[32m 2[2mms[22m[39m
[32m@n8n/json-schema-to-zod:test: [0m [32m✓[39m test/parsers/parse-one-of.test.ts [2m([22m[2m3 tests[22m[2m)[22m[32m 2[2mms[22m[39m
[32m@n8n/json-schema-to-zod:test: [0m [32m✓[39m test/parsers/parse-all-of.test.ts [2m([22m[2m3 tests[22m[2m)[22m[32m 2[2mms[22m[39m
[32m@n8n/json-schema-to-zod:test: [0m [32m✓[39m test/json-schema-to-zod.test.ts [2m([22m[2m8 tests[22m[2m)[22m[32m 3[2mms[22m[39m
[32m@n8n/json-schema-to-zod:test: [0m [32m✓[39m test/parsers/parse-schema.test.ts [2m([22m[2m9 tests[22m[2m)[22m[32m 6[2mms[22m[39m
[32m@n8n/json-schema-to-zod:test: [0m [32m✓[39m test/parsers/parse-object.test.ts [2m([22m[2m21 tests[22m[2m)[22m[32m 13[2mms[22m[39m
[32m@n8n/json-schema-to-zod:test: [0m [32m✓[39m test/utils/omit.test.ts [2m([22m[2m1 test[22m[2m)[22m[32m 2[2mms[22m[39m
[32m@n8n/json-schema-to-zod:test: [0m [32m✓[39m test/parsers/parse-nullable.test.ts [2m([22m[2m1 test[22m[2m)[22m[32m 2[2mms[22m[39m
[32m@n8n/json-schema-to-zod:test: [0m [32m✓[39m test/utils/half.test.ts [2m([22m[2m1 test[22m[2m)[22m[32m 1[2mms[22m[39m
[32m@n8n/json-schema-to-zod:test: [0m [32m✓[39m test/parsers/parse-const.test.ts [2m([22m[2m1 test[22m[2m)[22m[32m 1[2mms[22m[39m
[32m@n8n/json-schema-to-zod:test: [0m
[32m@n8n/json-schema-to-zod:test: [0m[2m Test Files [22m [1m[32m15 passed[39m[22m[90m (15)[39m
[32m@n8n/json-schema-to-zod:test: [0m[2m      Tests [22m [1m[32m76 passed[39m[22m[90m (76)[39m
[32m@n8n/json-schema-to-zod:test: [0m[2m   Start at [22m 13:22:55
[32m@n8n/json-schema-to-zod:test: [0m[2m   Duration [22m 380ms[2m (transform 983ms, setup 213ms, import 1.31s, tests 50ms, environment 1ms)[22m
[32m@n8n/json-schema-to-zod:test: [0m
[33m@n8n/codemirror-lang-sql:test: [0mcache hit, replaying logs [2mdc48861950a70780[0m
[33m@n8n/codemirror-lang-sql:test: [0m
[33m@n8n/codemirror-lang-sql:test: [0m> @n8n/codemirror-lang-sql@1.12.0 test /Users/romeobalta/work/n8n/worktrees/nudge-manual-builders-to-aia/packages/@n8n/codemirror-lang-sql
[33m@n8n/codemirror-lang-sql:test: [0m> vitest run
[33m@n8n/codemirror-lang-sql:test: [0m
[33m@n8n/codemirror-lang-sql:test: [0m
[33m@n8n/codemirror-lang-sql:test: [0m[1m[30m[46m RUN [49m[39m[22m [36mv4.1.9 [39m[90m/Users/romeobalta/work/n8n/worktrees/nudge-manual-builders-to-aia/packages/@n8n/codemirror-lang-sql[39m
[33m@n8n/codemirror-lang-sql:test: [0m
[33m@n8n/codemirror-lang-sql:test: [0m [32m✓[39m test/tokens.test.ts [2m([22m[2m16 tests[22m[2m)[22m[32m 8[2mms[22m[39m
[33m@n8n/codemirror-lang-sql:test: [0m [32m✓[39m test/complete.test.ts [2m([22m[2m26 tests[22m[2m)[22m[32m 14[2mms[22m[39m
[33m@n8n/codemirror-lang-sql:test: [0m
[33m@n8n/codemirror-lang-sql:test: [0m[2m Test Files [22m [1m[32m2 passed[39m[22m[90m (2)[39m
[33m@n8n/codemirror-lang-sql:test: [0m[2m      Tests [22m [1m[32m42 passed[39m[22m[90m (42)[39m
[33m@n8n/codemirror-lang-sql:test: [0m[2m   Start at [22m 13:23:25
[33m@n8n/codemirror-lang-sql:test: [0m[2m   Duration [22m 159ms[2m (transform 85ms, setup 0ms, import 149ms, tests 22ms, environment 0ms)[22m
[33m@n8n/codemirror-lang-sql:test: [0m
[34m@n8n/code-health:test: [0mcache hit, replaying logs [2m0a04bda9e621b7f0[0m
[34m@n8n/code-health:test: [0m
[34m@n8n/code-health:test: [0m> @n8n/code-health@0.1.0 test /Users/romeobalta/work/n8n/worktrees/nudge-manual-builders-to-aia/packages/testing/code-health
[34m@n8n/code-health:test: [0m> vitest run
[34m@n8n/code-health:test: [0m
[34m@n8n/code-health:test: [0m
[34m@n8n/code-health:test: [0m[1m[30m[46m RUN [49m[39m[22m [36mv4.1.9 [39m[90m/Users/romeobalta/work/n8n/worktrees/nudge-manual-builders-to-aia/packages/testing/code-health[39m
[34m@n8n/code-health:test: [0m
[34m@n8n/code-health:test: [0m [32m✓[39m src/single-instance/collect-copies.test.ts [2m([22m[2m10 tests[22m[2m)[22m[32m 34[2mms[22m[39m
[34m@n8n/code-health:test: [0m [32m✓[39m src/single-instance/verify-closure.test.ts [2m([22m[2m3 tests[22m[2m)[22m[32m 25[2mms[22m[39m
[34m@n8n/code-health:test: [0m [32m✓[39m src/single-instance/verify-npm-install.test.ts [2m([22m[2m13 tests[22m[2m)[22m[32m 10[2mms[22m[39m
[34m@n8n/code-health:test: [0m [32m✓[39m src/single-instance/explain-duplicates.test.ts [2m([22m[2m22 tests[22m[2m)[22m[32m 68[2mms[22m[39m
[34m@n8n/code-health:test: [0m [32m✓[39m src/rules/single-instance-libs.rule.test.ts [2m([22m[2m12 tests[22m[2m)[22m[32m 67[2mms[22m[39m
[34m@n8n/code-health:test: [0m [32m✓[39m src/rules/catalog-violations.rule.test.ts [2m([22m[2m8 tests[22m[2m)[22m[32m 49[2mms[22m[39m
[34m@n8n/code-health:test: [0m [32m✓[39m src/cli/arg-parser.test.ts [2m([22m[2m7 tests[22m[2m)[22m[32m 3[2mms[22m[39m
[34m@n8n/code-health:test: [0m [32m✓[39m src/rules/migration-timestamp.rule.test.ts [2m([22m[2m18 tests[22m[2m)[22m[32m 152[2mms[22m[39m
[34m@n8n/code-health:test: [0m [32m✓[39m src/rules/workflow-pr-target-safety.rule.test.ts [2m([22m[2m11 tests[22m[2m)[22m[32m 71[2mms[22m[39m
[34m@n8n/code-health:test: [0m [32m✓[39m src/utils/package-json-scanner.test.ts [2m([22m[2m4 tests[22m[2m)[22m[32m 4[2mms[22m[39m
[34m@n8n/code-health:test: [0m [32m✓[39m src/rules/endpoint-scope-coverage.rule.test.ts [2m([22m[2m2 tests[22m[2m)[22m[32m 11[2mms[22m[39m
[34m@n8n/code-health:test: [0m [32m✓[39m src/rules/subpath-purity.rule.test.ts [2m([22m[2m7 tests[22m[2m)[22m[32m 26[2mms[22m[39m
[34m@n8n/code-health:test: [0m [32m✓[39m src/rules/stale-overrides.rule.test.ts [2m([22m[2m18 tests[22m[2m)[22m[32m 151[2mms[22m[39m
[34m@n8n/code-health:test: [0m
[34m@n8n/code-health:test: [0m[2m Test Files [22m [1m[32m13 passed[39m[22m[90m (13)[39m
[34m@n8n/code-health:test: [0m[2m      Tests [22m [1m[32m135 passed[39m[22m[90m (135)[39m
[34m@n8n/code-health:test: [0m[2m   Start at [22m 13:23:18
[34m@n8n/code-health:test: [0m[2m   Duration [22m 545ms[2m (transform 782ms, setup 0ms, import 1.86s, tests 672ms, environment 1ms)[22m
[34m@n8n/code-health:test: [0m
[36m@n8n/computer-use:test: [0mcache hit, replaying logs [2m124d991787461061[0m
[36m@n8n/computer-use:test: [0m
[36m@n8n/computer-use:test: [0m> @n8n/computer-use@0.20.0 test /Users/romeobalta/work/n8n/worktrees/nudge-manual-builders-to-aia/packages/@n8n/computer-use
[36m@n8n/computer-use:test: [0m> vitest run
[36m@n8n/computer-use:test: [0m
[36m@n8n/computer-use:test: [0m
[36m@n8n/computer-use:test: [0m[1m[30m[46m RUN [49m[39m[22m [36mv4.1.9 [39m[90m/Users/romeobalta/work/n8n/worktrees/nudge-manual-builders-to-aia/packages/@n8n/computer-use[39m
[36m@n8n/computer-use:test: [0m
[36m@n8n/computer-use:test: [0m [32m✓[39m src/tools/filesystem/fs-utils.test.ts [2m([22m[2m21 tests[22m[2m)[22m[32m 6[2mms[22m[39m
[36m@n8n/computer-use:test: [0m [32m✓[39m src/tools/shell/sandbox.test.ts [2m([22m[2m14 tests[22m[2m)[22m[32m 8[2mms[22m[39m
[36m@n8n/computer-use:test: [0m [32m✓[39m src/config.test.ts [2m([22m[2m36 tests[22m[2m)[22m[32m 9[2mms[22m[39m
[36m@n8n/computer-use:test: [0m [32m✓[39m src/gateway-session.test.ts [2m([22m[2m30 tests[22m[2m)[22m[32m 9[2mms[22m[39m
[36m@n8n/computer-use:test: [0m [32m✓[39m src/tools/shell/shell-execute.test.ts [2m([22m[2m18 tests[22m[2m)[22m[32m 8[2mms[22m[39m
[36m@n8n/computer-use:test: [0m [32m✓[39m src/tools/mouse-keyboard/mouse-keyboard.test.ts [2m([22m[2m30 tests[22m[2m)[22m[32m 60[2mms[22m[39m
[36m@n8n/computer-use:test: [0m [32m✓[39m src/tools/filesystem/read-file.test.ts [2m([22m[2m30 tests[22m[2m)[22m[32m 9[2mms[22m[39m
[36m@n8n/computer-use:test: [0m [32m✓[39m src/logger.test.ts [2m([22m[2m17 tests[22m[2m)[22m[32m 5[2mms[22m[39m
[36m@n8n/computer-use:test: [0m [32m✓[39m src/gateway-client.test.ts [2m([22m[2m16 tests[22m[2m)[22m[32m 113[2mms[22m[39m
[36m@n8n/computer-use:test: [0m [32m✓[39m src/tools/filesystem/list-files.test.ts [2m([22m[2m23 tests[22m[2m)[22m[32m 18[2mms[22m[39m
[36m@n8n/computer-use:test: [0m [32m✓[39m src/tools/filesystem/edit-file.test.ts [2m([22m[2m19 tests[22m[2m)[22m[32m 8[2mms[22m[39m
[36m@n8n/computer-use:test: [0m [32m✓[39m src/tools/screenshot/screenshot.test.ts [2m([22m[2m13 tests[22m[2m)[22m[32m 8[2mms[22m[39m
[36m@n8n/computer-use:test: [0m [32m✓[39m src/tools/filesystem/get-file-tree.test.ts [2m([22m[2m18 tests[22m[2m)[22m[32m 14[2mms[22m[39m
[36m@n8n/computer-use:test: [0m [32m✓[39m src/settings-store.test.ts [2m([22m[2m17 tests[22m[2m)[22m[32m 188[2mms[22m[39m
[36m@n8n/computer-use:test: [0m [32m✓[39m src/tools/shell/build-shell-resource.test.ts [2m([22m[2m31 tests[22m[2m)[22m[32m 4[2mms[22m[39m
[36m@n8n/computer-use:test: [0m [32m✓[39m src/tools/filesystem/move.test.ts [2m([22m[2m12 tests[22m[2m)[22m[32m 8[2mms[22m[39m
[36m@n8n/computer-use:test: [0m [32m✓[39m src/tools/filesystem/copy-file.test.ts [2m([22m[2m11 tests[22m[2m)[22m[32m 6[2mms[22m[39m
[36m@n8n/computer-use:test: [0m [32m✓[39m src/startup-config-cli.test.ts [2m([22m[2m7 tests[22m[2m)[22m[32m 42[2mms[22m[39m
[36m@n8n/computer-use:test: [0m [32m✓[39m src/tools/filesystem/search-files.test.ts [2m([22m[2m29 tests[22m[2m)[22m[32m 247[2mms[22m[39m
[36m@n8n/computer-use:test: [0m [32m✓[39m src/tools/filesystem/delete.test.ts [2m([22m[2m10 tests[22m[2m)[22m[32m 6[2mms[22m[39m
[36m@n8n/computer-use:test: [0m [32m✓[39m src/tools/filesystem/file-type.test.ts [2m([22m[2m18 tests[22m[2m)[22m[32m 3[2mms[22m[39m
[36m@n8n/computer-use:test: [0m [32m✓[39m src/config-templates.test.ts [2m([22m[2m7 tests[22m[2m)[22m[32m 3[2mms[22m[39m
[36m@n8n/computer-use:test: [0m [32m✓[39m src/tools/filesystem/write-file.test.ts [2m([22m[2m11 tests[22m[2m)[22m[32m 6[2mms[22m[39m
[36m@n8n/computer-use:test: [0m [32m✓[39m src/tools/filesystem/create-directory.test.ts [2m([22m[2m9 tests[22m[2m)[22m[32m 5[2mms[22m[39m
[36m@n8n/computer-use:test: [0m
[36m@n8n/computer-use:test: [0m[2m Test Files [22m [1m[32m24 passed[39m[22m[90m (24)[39m
[36m@n8n/computer-use:test: [0m[2m      Tests [22m [1m[32m447 passed[39m[22m[90m (447)[39m
[36m@n8n/computer-use:test: [0m[2m   Start at [22m 13:23:10
[36m@n8n/computer-use:test: [0m[2m   Duration [22m 601ms[2m (transform 1.41s, setup 0ms, import 2.65s, tests 793ms, environment 1ms)[22m
[36m@n8n/computer-use:test: [0m
[35m@n8n/expression-runtime:test: [0mcache hit, replaying logs [2m7021cf30217bffcc[0m
[35m@n8n/expression-runtime:test: [0m
[35m@n8n/expression-runtime:test: [0m> @n8n/expression-runtime@0.27.0 test /Users/romeobalta/work/n8n/worktrees/nudge-manual-builders-to-aia/packages/@n8n/expression-runtime
[35m@n8n/expression-runtime:test: [0m> vitest run
[35m@n8n/expression-runtime:test: [0m
[35m@n8n/expression-runtime:test: [0m
[35m@n8n/expression-runtime:test: [0m[1m[30m[46m RUN [49m[39m[22m [36mv4.1.9 [39m[90m/Users/romeobalta/work/n8n/worktrees/nudge-manual-builders-to-aia/packages/@n8n/expression-runtime[39m
[35m@n8n/expression-runtime:test: [0m
[35m@n8n/expression-runtime:test: [0m [32m✓[39m src/evaluator/__tests__/lru-cache.test.ts [2m([22m[2m11 tests[22m[2m)[22m[32m 4[2mms[22m[39m
[35m@n8n/expression-runtime:test: [0m [32m✓[39m src/runtime/__tests__/lazy-proxy.test.ts [2m([22m[2m50 tests[22m[2m)[22m[32m 9[2mms[22m[39m
[35m@n8n/expression-runtime:test: [0m [32m✓[39m src/bridge/__tests__/bridge-messages.test.ts [2m([22m[2m61 tests[22m[2m)[22m[32m 13[2mms[22m[39m
[35m@n8n/expression-runtime:test: [0m [32m✓[39m src/pool/__tests__/idle-scaling-pool.test.ts [2m([22m[2m15 tests[22m[2m)[22m[32m 23[2mms[22m[39m
[35m@n8n/expression-runtime:test: [0m [32m✓[39m src/evaluator/__tests__/expression-evaluator-metrics.test.ts [2m([22m[2m6 tests[22m[2m)[22m[32m 23[2mms[22m[39m
[35m@n8n/expression-runtime:test: [0m [32m✓[39m src/evaluator/__tests__/expression-evaluator-cache.test.ts [2m([22m[2m7 tests[22m[2m)[22m[32m 29[2mms[22m[39m
[35m@n8n/expression-runtime:test: [0m [32m✓[39m src/pool/__tests__/isolate-pool.test.ts [2m([22m[2m9 tests[22m[2m)[22m[32m 108[2mms[22m[39m
[35m@n8n/expression-runtime:test: [0m [32m✓[39m src/runtime/__tests__/safe-globals.test.ts [2m([22m[2m6 tests[22m[2m)[22m[32m 3[2mms[22m[39m
[35m@n8n/expression-runtime:test: [0m [32m✓[39m src/extensions/__tests__/string-extensions.test.ts [2m([22m[2m26 tests[22m[2m)[22m[32m 4[2mms[22m[39m
[35m@n8n/expression-runtime:test: [0m [32m✓[39m src/extensions/__tests__/extend.test.ts [2m([22m[2m52 tests[22m[2m)[22m[32m 9[2mms[22m[39m
[35m@n8n/expression-runtime:test: [0m [32m✓[39m src/__tests__/host-fn-shadowing.test.ts [2m([22m[2m5 tests[22m[2m)[22m[32m 125[2mms[22m[39m
[35m@n8n/expression-runtime:test: [0m [32m✓[39m src/runtime/__tests__/utils.test.ts [2m([22m[2m4 tests[22m[2m)[22m[32m 2[2mms[22m[39m
[35m@n8n/expression-runtime:test: [0m [32m✓[39m src/observability/__tests__/noop-provider.test.ts [2m([22m[2m4 tests[22m[2m)[22m[32m 5[2mms[22m[39m
[35m@n8n/expression-runtime:test: [0m [32m✓[39m src/evaluator/__tests__/expression-evaluator.test.ts [2m([22m[2m1 test[22m[2m)[22m[32m 6[2mms[22m[39m
[35m@n8n/expression-runtime:test: [0m [32m✓[39m src/runtime/__tests__/context.test.ts [2m([22m[2m3 tests[22m[2m)[22m[32m 12[2mms[22m[39m
[35m@n8n/expression-runtime:test: [0m [32m✓[39m src/bridge/__tests__/isolated-vm-bridge.test.ts [2m([22m[2m1 test[22m[2m)[22m[32m 29[2mms[22m[39m
[35m@n8n/expression-runtime:test: [0m [32m✓[39m src/__tests__/integration.test.ts [2m([22m[2m52 tests[22m[2m)[22m[33m 492[2mms[22m[39m
[35m@n8n/expression-runtime:test: [0m [32m✓[39m src/__tests__/typed-rpc.test.ts [2m([22m[2m39 tests[22m[2m)[22m[33m 590[2mms[22m[39m
[35m@n8n/expression-runtime:test: [0m
[35m@n8n/expression-runtime:test: [0m[2m Test Files [22m [1m[32m18 passed[39m[22m[90m (18)[39m
[35m@n8n/expression-runtime:test: [0m[2m      Tests [22m [1m[32m352 passed[39m[22m[90m (352)[39m
[35m@n8n/expression-runtime:test: [0m[2m   Start at [22m 13:23:26
[35m@n8n/expression-runtime:test: [0m[2m   Duration [22m 903ms[2m (transform 1.22s, setup 0ms, import 2.09s, tests 1.49s, environment 1ms)[22m
[35m@n8n/expression-runtime:test: [0m
[32m@n8n/engine:build: [0mcache hit, replaying logs [2m803769fc6a40c27e[0m
[32m@n8n/engine:build: [0m
[32m@n8n/engine:build: [0m> @n8n/engine@0.16.0 build /Users/romeobalta/work/n8n/worktrees/nudge-manual-builders-to-aia/packages/@n8n/engine
[32m@n8n/engine:build: [0m> tsc -p tsconfig.build.json
[32m@n8n/engine:build: [0m
[33m@n8n/config:test: [0mcache hit, replaying logs [2m4cacc3bce943a892[0m
[33m@n8n/config:test: [0m
[33m@n8n/config:test: [0m> @n8n/config@2.34.0 test /Users/romeobalta/work/n8n/worktrees/nudge-manual-builders-to-aia/packages/@n8n/config
[33m@n8n/config:test: [0m> vitest run
[33m@n8n/config:test: [0m
[33m@n8n/config:test: [0m
[33m@n8n/config:test: [0m[1m[30m[46m RUN [49m[39m[22m [36mv4.1.9 [39m[90m/Users/romeobalta/work/n8n/worktrees/nudge-manual-builders-to-aia/packages/@n8n/config[39m
[33m@n8n/config:test: [0m
[33m@n8n/config:test: [0m [32m✓[39m src/configs/__tests__/security.config.test.ts [2m([22m[2m8 tests[22m[2m)[22m[32m 4[2mms[22m[39m
[33m@n8n/config:test: [0m [32m✓[39m src/configs/__tests__/expression-engine.config.test.ts [2m([22m[2m20 tests[22m[2m)[22m[32m 5[2mms[22m[39m
[33m@n8n/config:test: [0m [32m✓[39m src/configs/__tests__/user-management.config.test.ts [2m([22m[2m3 tests[22m[2m)[22m[32m 4[2mms[22m[39m
[33m@n8n/config:test: [0m [32m✓[39m test/decorators.test.ts [2m([22m[2m7 tests[22m[2m)[22m[32m 9[2mms[22m[39m
[33m@n8n/config:test: [0m [32m✓[39m src/configs/__tests__/feature-flags.config.test.ts [2m([22m[2m6 tests[22m[2m)[22m[32m 7[2mms[22m[39m
[33m@n8n/config:test: [0m [32m✓[39m src/configs/__tests__/ssrf-protection.config.test.ts [2m([22m[2m23 tests[22m[2m)[22m[32m 6[2mms[22m[39m
[33m@n8n/config:test: [0m [32m✓[39m test/custom-types.test.ts [2m([22m[2m4 tests[22m[2m)[22m[32m 2[2mms[22m[39m
[33m@n8n/config:test: [0m [32m✓[39m src/configs/__tests__/ai.config.test.ts [2m([22m[2m1 test[22m[2m)[22m[32m 2[2mms[22m[39m
[33m@n8n/config:test: [0m [32m✓[39m src/configs/__tests__/nodes.config.test.ts [2m([22m[2m3 tests[22m[2m)[22m[32m 5[2mms[22m[39m
[33m@n8n/config:test: [0m [32m✓[39m src/configs/__tests__/compression.config.test.ts [2m([22m[2m3 tests[22m[2m)[22m[32m 6[2mms[22m[39m
[33m@n8n/config:test: [0m [32m✓[39m src/configs/__tests__/external-hooks.config.test.ts [2m([22m[2m4 tests[22m[2m)[22m[32m 7[2mms[22m[39m
[33m@n8n/config:test: [0m [32m✓[39m src/configs/__tests__/scheduler.config.test.ts [2m([22m[2m6 tests[22m[2m)[22m[32m 7[2mms[22m[39m
[33m@n8n/config:test: [0m [32m✓[39m test/string-normalization.test.ts [2m([22m[2m11 tests[22m[2m)[22m[32m 9[2mms[22m[39m
[33m@n8n/config:test: [0m [32m✓[39m test/config.test.ts [2m([22m[2m34 tests[22m[2m)[22m[32m 24[2mms[22m[39m
[33m@n8n/config:test: [0m
[33m@n8n/config:test: [0m[2m Test Files [22m [1m[32m14 passed[39m[22m[90m (14)[39m
[33m@n8n/config:test: [0m[2m      Tests [22m [1m[32m133 passed[39m[22m[90m (133)[39m
[33m@n8n/config:test: [0m[2m   Start at [22m 13:23:11
[33m@n8n/config:test: [0m[2m   Duration [22m 528ms[2m (transform 1.93s, setup 0ms, import 2.71s, tests 95ms, environment 1ms)[22m
[33m@n8n/config:test: [0m
[34m@n8n/local-gateway:build: [0mcache hit, replaying logs [2mbb30c4dd2fb68d20[0m
[34m@n8n/local-gateway:build: [0m
[34m@n8n/local-gateway:build: [0m> @n8n/local-gateway@0.1.0 build /Users/romeobalta/work/n8n/worktrees/nudge-manual-builders-to-aia/packages/@n8n/local-gateway
[34m@n8n/local-gateway:build: [0m> tsc -p tsconfig.renderer.json && tsc -p tsconfig.build.json && pnpm copy:renderer && pnpm copy:assets
[34m@n8n/local-gateway:build: [0m
[34m@n8n/local-gateway:build: [0m../../..                                 | [43m[30m WARN [39m[49m Unsupported engine: wanted: {"node":">=24.0.0"} (current: {"node":"v22.22.3","pnpm":"10.32.1"})
[34m@n8n/local-gateway:build: [0m../agents                                | [43m[30m WARN [39m[49m Unsupported engine: wanted: {"node":">=24.0.0"} (current: {"node":"v22.22.3","pnpm":"10.32.1"})
[34m@n8n/local-gateway:build: [0m../benchmark                             | [43m[30m WARN [39m[49m Unsupported engine: wanted: {"node":">=24.0.0"} (current: {"node":"v22.22.3","pnpm":"10.32.1"})
[34m@n8n/local-gateway:build: [0m../../cli                                | [43m[30m WARN [39m[49m Unsupported engine: wanted: {"node":">=24.0.0"} (current: {"node":"v22.22.3","pnpm":"10.32.1"})
[34m@n8n/local-gateway:build: [0m
[34m@n8n/local-gateway:build: [0m> @n8n/local-gateway@0.1.0 copy:renderer /Users/romeobalta/work/n8n/worktrees/nudge-manual-builders-to-aia/packages/@n8n/local-gateway
[34m@n8n/local-gateway:build: [0m> node scripts/copy-renderer.js
[34m@n8n/local-gateway:build: [0m
[34m@n8n/local-gateway:build: [0m../../..                                 | [43m[30m WARN [39m[49m Unsupported engine: wanted: {"node":">=24.0.0"} (current: {"node":"v22.22.3","pnpm":"10.32.1"})
[34m@n8n/local-gateway:build: [0m../agents                                | [43m[30m WARN [39m[49m Unsupported engine: wanted: {"node":">=24.0.0"} (current: {"node":"v22.22.3","pnpm":"10.32.1"})
[34m@n8n/local-gateway:build: [0m../benchmark                             | [43m[30m WARN [39m[49m Unsupported engine: wanted: {"node":">=24.0.0"} (current: {"node":"v22.22.3","pnpm":"10.32.1"})
[34m@n8n/local-gateway:build: [0m../../cli                                | [43m[30m WARN [39m[49m Unsupported engine: wanted: {"node":">=24.0.0"} (current: {"node":"v22.22.3","pnpm":"10.32.1"})
[34m@n8n/local-gateway:build: [0m
[34m@n8n/local-gateway:build: [0m> @n8n/local-gateway@0.1.0 copy:assets /Users/romeobalta/work/n8n/worktrees/nudge-manual-builders-to-aia/packages/@n8n/local-gateway
[34m@n8n/local-gateway:build: [0m> node scripts/copy-assets.js
[34m@n8n/local-gateway:build: [0m
[36m@n8n/eslint-config:test: [0mcache hit, replaying logs [2m2a55bdde6751a051[0m
[36m@n8n/eslint-config:test: [0m
[36m@n8n/eslint-config:test: [0m> @n8n/eslint-config@0.0.1 test /Users/romeobalta/work/n8n/worktrees/nudge-manual-builders-to-aia/packages/@n8n/eslint-config
[36m@n8n/eslint-config:test: [0m> vitest run
[36m@n8n/eslint-config:test: [0m
[36m@n8n/eslint-config:test: [0m
[36m@n8n/eslint-config:test: [0m[1m[30m[46m RUN [49m[39m[22m [36mv4.1.9 [39m[90m/Users/romeobalta/work/n8n/worktrees/nudge-manual-builders-to-aia/packages/@n8n/eslint-config[39m
[36m@n8n/eslint-config:test: [0m
[36m@n8n/eslint-config:test: [0m [32m✓[39m src/rules/no-aws-credential-discovery-imports.test.ts [2m([22m[2m40 tests[22m[2m)[22m[32m 55[2mms[22m[39m
[36m@n8n/eslint-config:test: [0m [32m✓[39m dist/rules/no-aws-credential-discovery-imports.test.js [2m([22m[2m40 tests[22m[2m)[22m[32m 58[2mms[22m[39m
[36m@n8n/eslint-config:test: [0m [32m✓[39m src/rules/no-type-only-import-in-di.test.ts [2m([22m[2m10 tests[22m[2m)[22m[32m 79[2mms[22m[39m
[36m@n8n/eslint-config:test: [0m [32m✓[39m dist/rules/project-owned-entity-transfer.test.js [2m([22m[2m10 tests[22m[2m)[22m[32m 94[2mms[22m[39m
[36m@n8n/eslint-config:test: [0m [32m✓[39m dist/rules/no-dynamic-regexp.test.js [2m([22m[2m18 tests[22m[2m)[22m[32m 91[2mms[22m[39m
[36m@n8n/eslint-config:test: [0m [32m✓[39m src/rules/no-dynamic-regexp.test.ts [2m([22m[2m18 tests[22m[2m)[22m[32m 145[2mms[22m[39m
[36m@n8n/eslint-config:test: [0m [32m✓[39m dist/rules/no-error-instance-in-to-throw.test.js [2m([22m[2m17 tests[22m[2m)[22m[32m 98[2mms[22m[39m
[36m@n8n/eslint-config:test: [0m [32m✓[39m src/rules/project-owned-entity-transfer.test.ts [2m([22m[2m10 tests[22m[2m)[22m[32m 76[2mms[22m[39m
[36m@n8n/eslint-config:test: [0m [32m✓[39m src/rules/no-reka-ui-pagination.test.ts [2m([22m[2m21 tests[22m[2m)[22m[32m 130[2mms[22m[39m
[36m@n8n/eslint-config:test: [0m [32m✓[39m src/rules/no-uncentralized-http.test.ts [2m([22m[2m40 tests[22m[2m)[22m[32m 165[2mms[22m[39m
[36m@n8n/eslint-config:test: [0m [32m✓[39m dist/rules/no-reka-ui-pagination.test.js [2m([22m[2m21 tests[22m[2m)[22m[32m 124[2mms[22m[39m
[36m@n8n/eslint-config:test: [0m [32m✓[39m dist/rules/no-type-only-import-in-di.test.js [2m([22m[2m10 tests[22m[2m)[22m[32m 116[2mms[22m[39m
[36m@n8n/eslint-config:test: [0m [32m✓[39m dist/rules/no-uncentralized-http.test.js [2m([22m[2m40 tests[22m[2m)[22m[32m 156[2mms[22m[39m
[36m@n8n/eslint-config:test: [0m [32m✓[39m src/rules/no-error-instance-in-to-throw.test.ts [2m([22m[2m17 tests[22m[2m)[22m[32m 122[2mms[22m[39m
[36m@n8n/eslint-config:test: [0m [32m✓[39m src/rules/no-repository-in-public-api-handler.test.ts [2m([22m[2m7 tests[22m[2m)[22m[32m 71[2mms[22m[39m
[36m@n8n/eslint-config:test: [0m [32m✓[39m src/rules/misplaced-n8n-typeorm-import.test.ts [2m([22m[2m8 tests[22m[2m)[22m[32m 77[2mms[22m[39m
[36m@n8n/eslint-config:test: [0m [32m✓[39m dist/rules/no-repository-in-public-api-handler.test.js [2m([22m[2m7 tests[22m[2m)[22m[32m 80[2mms[22m[39m
[36m@n8n/eslint-config:test: [0m [32m✓[39m dist/rules/no-import-enterprise-edition.test.js [2m([22m[2m9 tests[22m[2m)[22m[32m 118[2mms[22m[39m
[36m@n8n/eslint-config:test: [0m [32m✓[39m src/rules/no-public-api-guardrail-disable.test.ts [2m([22m[2m4 tests[22m[2m)[22m[32m 53[2mms[22m[39m
[36m@n8n/eslint-config:test: [0m [32m✓[39m src/rules/no-import-enterprise-edition.test.ts [2m([22m[2m9 tests[22m[2m)[22m[32m 86[2mms[22m[39m
[36m@n8n/eslint-config:test: [0m [32m✓[39m dist/rules/no-application-error.test.js [2m([22m[2m8 tests[22m[2m)[22m[32m 69[2mms[22m[39m
[36m@n8n/eslint-config:test: [0m [32m✓[39m dist/rules/misplaced-n8n-typeorm-import.test.js [2m([22m[2m8 tests[22m[2m)[22m[32m 112[2mms[22m[39m
[36m@n8n/eslint-config:test: [0m [32m✓[39m dist/rules/no-constructor-in-backend-module.test.js [2m([22m[2m5 tests[22m[2m)[22m[32m 147[2mms[22m[39m
[36m@n8n/eslint-config:test: [0m [32m✓[39m dist/rules/no-restricted-sleep-definition.test.js [2m([22m[2m13 tests[22m[2m)[22m[32m 255[2mms[22m[39m
[36m@n8n/eslint-config:test: [0m [32m✓[39m src/rules/no-application-error.test.ts [2m([22m[2m8 tests[22m[2m)[22m[32m 279[2mms[22m[39m
[36m@n8n/eslint-config:test: [0m [32m✓[39m src/rules/no-constructor-in-backend-module.test.ts [2m([22m[2m5 tests[22m[2m)[22m[32m 42[2mms[22m[39m
[36m@n8n/eslint-config:test: [0m [32m✓[39m dist/rules/no-public-api-guardrail-disable.test.js [2m([22m[2m4 tests[22m[2m)[22m[32m 33[2mms[22m[39m
[36m@n8n/eslint-config:test: [0m [32m✓[39m dist/rules/no-internal-package-import.test.js [2m([22m[2m10 tests[22m[2m)[22m[32m 49[2mms[22m[39m
[36m@n8n/eslint-config:test: [0m [32m✓[39m src/rules/no-restricted-sleep-definition.test.ts [2m([22m[2m13 tests[22m[2m)[22m[32m 69[2mms[22m[39m
[36m@n8n/eslint-config:test: [0m [32m✓[39m dist/rules/no-top-level-relative-imports-in-backend-module.test.js [2m([22m[2m3 tests[22m[2m)[22m[32m 32[2mms[22m[39m
[36m@n8n/eslint-config:test: [0m [32m✓[39m dist/rules/no-dynamic-import-template.test.js [2m([22m[2m9 tests[22m[2m)[22m[32m 51[2mms[22m[39m
[36m@n8n/eslint-config:test: [0m [32m✓[39m dist/rules/no-argument-spread.test.js [2m([22m[2m11 tests[22m[2m)[22m[32m 74[2mms[22m[39m
[36m@n8n/eslint-config:test: [0m [32m✓[39m src/rules/no-argument-spread.test.ts [2m([22m[2m11 tests[22m[2m)[22m[32m 118[2mms[22m[39m
[36m@n8n/eslint-config:test: [0m [32m✓[39m src/rules/no-top-level-relative-imports-in-backend-module.test.ts [2m([22m[2m3 tests[22m[2m)[22m[32m 124[2mms[22m[39m
[36m@n8n/eslint-config:test: [0m [32m✓[39m dist/rules/no-restricted-sleep-import.test.js [2m([22m[2m9 tests[22m[2m)[22m[32m 109[2mms[22m[39m
[36m@n8n/eslint-config:test: [0m [32m✓[39m dist/rules/no-json-parse-json-stringify.test.js [2m([22m[2m5 tests[22m[2m)[22m[32m 81[2mms[22m[39m
[36m@n8n/eslint-config:test: [0m [32m✓[39m src/rules/no-internal-package-import.test.ts [2m([22m[2m10 tests[22m[2m)[22m[32m 60[2mms[22m[39m
[36m@n8n/eslint-config:test: [0m [32m✓[39m src/rules/require-public-api-controller.test.ts [2m([22m[2m3 tests[22m[2m)[22m[32m 29[2mms[22m[39m
[36m@n8n/eslint-config:test: [0m [32m✓[39m dist/rules/require-public-api-controller.test.js [2m([22m[2m3 tests[22m[2m)[22m[32m 61[2mms[22m[39m
[36m@n8n/eslint-config:test: [0m [32m✓[39m src/rules/no-restricted-sleep-import.test.ts [2m([22m[2m9 tests[22m[2m)[22m[32m 68[2mms[22m[39m
[36m@n8n/eslint-config:test: [0m [32m✓[39m src/rules/no-dynamic-import-template.test.ts [2m([22m[2m9 tests[22m[2m)[22m[32m 98[2mms[22m[39m
[36m@n8n/eslint-config:test: [0m [32m✓[39m dist/rules/no-uncaught-json-parse.test.js [2m([22m[2m3 tests[22m[2m)[22m[32m 64[2mms[22m[39m
[36m@n8n/eslint-config:test: [0m [32m✓[39m src/rules/no-json-parse-json-stringify.test.ts [2m([22m[2m5 tests[22m[2m)[22m[32m 62[2mms[22m[39m
[36m@n8n/eslint-config:test: [0m [32m✓[39m src/rules/no-useless-catch-throw.test.ts [2m([22m[2m3 tests[22m[2m)[22m[32m 39[2mms[22m[39m
[36m@n8n/eslint-config:test: [0m [32m✓[39m dist/rules/no-useless-catch-throw.test.js [2m([22m[2m3 tests[22m[2m)[22m[32m 63[2mms[22m[39m
[36m@n8n/eslint-config:test: [0m [32m✓[39m src/rules/no-uncaught-json-parse.test.ts [2m([22m[2m3 tests[22m[2m)[22m[32m 24[2mms[22m[39m
[36m@n8n/eslint-config:test: [0m [32m✓[39m src/plugin.test.ts [2m([22m[2m2 tests[22m[2m)[22m[32m 2[2mms[22m[39m
[36m@n8n/eslint-config:test: [0m [32m✓[39m dist/plugin.test.js [2m([22m[2m2 tests[22m[2m)[22m[32m 1[2mms[22m[39m
[36m@n8n/eslint-config:test: [0m
[36m@n8n/eslint-config:test: [0m[2m Test Files [22m [1m[32m48 passed[39m[22m[90m (48)[39m
[36m@n8n/eslint-config:test: [0m[2m      Tests [22m [1m[32m536 passed[39m[22m[90m (536)[39m
[36m@n8n/eslint-config:test: [0m[2m   Start at [22m 13:23:19
[36m@n8n/eslint-config:test: [0m[2m   Duration [22m 5.16s[2m (transform 1.64s, setup 0ms, import 28.22s, tests 4.21s, environment 2ms)[22m
[36m@n8n/eslint-config:test: [0m
[35m@n8n/utils:build: [0mcache hit, replaying logs [2m19f2944b1d8bf9f7[0m
[35m@n8n/utils:build: [0m
[35m@n8n/utils:build: [0m> @n8n/utils@1.44.0 build /Users/romeobalta/work/n8n/worktrees/nudge-manual-builders-to-aia/packages/@n8n/utils
[35m@n8n/utils:build: [0m> tsdown
[35m@n8n/utils:build: [0m
[35m@n8n/utils:build: [0m[34mℹ[39m [34mtsdown v0.22.8[39m powered by [38;2;255;126;23mrolldown v1.1.5[39m
[35m@n8n/utils:build: [0m[34mℹ[39m config file: [4m/Users/romeobalta/work/n8n/worktrees/nudge-manual-builders-to-aia/packages/@n8n/utils/tsdown.config.ts[24m 
[35m@n8n/utils:build: [0m[34mℹ[39m entry: [34msrc/assert.ts, src/client-assertion.ts, src/create-event-queue.ts, src/event-bus.ts, src/format-pem-block.ts, src/generate-nano-id.ts, src/get-jwt-expiry.ts, src/is-record.ts, src/lazy-import.ts, src/placeholder.ts, src/result.ts, src/retry.ts, src/scrub-secrets.ts, src/sleep.ts, src/types.ts, src/errors/ensure-error.ts, src/errors/error-chain.ts, src/files/is-windows-file-path.ts, src/files/sanitize-filename.ts, src/json/json-size-exceeds.ts, src/json/to-json-value.ts, src/number/bytes.ts, src/number/smart-decimal.ts, src/sort/sort-by-property.ts, src/string/truncate.ts, src/search/re-rank-search-results.ts, src/search/sublime-search.ts, src/promise/deferred-promise.ts[39m
[35m@n8n/utils:build: [0m[34mℹ[39m tsconfig: [34mtsconfig.json[39m
[35m@n8n/utils:build: [0m[34mℹ[39m Build start
[35m@n8n/utils:build: [0m[34mℹ[39m Cleaning 174 files
[35m@n8n/utils:build: [0m
[35m@n8n/utils:build: [0m[43m WARN [49m TypeScript 7.0 does not yet have a stable API and is experimental. Some options will be unavailable.
[35m@n8n/utils:build: [0m
[35m@n8n/utils:build: [0m[34mℹ[39m Emit types with [4mtypescript@7.0.2[24m
[35m@n8n/utils:build: [0m[34mℹ[39m [33m[CJS][39m [2mdist/[22m[1mjson/json-size-exceeds.cjs[22m             [2m 8.65 kB[22m [2m│ gzip: 3.12 kB[22m
[35m@n8n/utils:build: [0m[34mℹ[39m [33m[CJS][39m [2mdist/[22m[1msearch/sublime-search.cjs[22m              [2m 5.96 kB[22m [2m│ gzip: 1.88 kB[22m
[35m@n8n/utils:build: [0m[34mℹ[39m [33m[CJS][39m [2mdist/[22m[1mplaceholder.cjs[22m                        [2m 3.42 kB[22m [2m│ gzip: 1.21 kB[22m
[35m@n8n/utils:build: [0m[34mℹ[39m [33m[CJS][39m [2mdist/[22m[1mscrub-secrets.cjs[22m                      [2m 2.23 kB[22m [2m│ gzip: 1.19 kB[22m
[35m@n8n/utils:build: [0m[34mℹ[39m [33m[CJS][39m [2mdist/[22m[1mformat-pem-block.cjs[22m                   [2m 2.04 kB[22m [2m│ gzip: 0.97 kB[22m
[35m@n8n/utils:build: [0m[34mℹ[39m [33m[CJS][39m [2mdist/[22m[1mclient-assertion.cjs[22m                   [2m 2.00 kB[22m [2m│ gzip: 0.91 kB[22m
[35m@n8n/utils:build: [0m[34mℹ[39m [33m[CJS][39m [2mdist/[22m[1mfiles/sanitize-filename.cjs[22m            [2m 1.93 kB[22m [2m│ gzip: 0.91 kB[22m
[35m@n8n/utils:build: [0m[34mℹ[39m [33m[CJS][39m [2mdist/[22m[1mstring/truncate.cjs[22m                    [2m 1.67 kB[22m [2m│ gzip: 0.72 kB[22m
[35m@n8n/utils:build: [0m[34mℹ[39m [33m[CJS][39m [2mdist/[22m[1mjson/to-json-value.cjs[22m                 [2m 1.54 kB[22m [2m│ gzip: 0.72 kB[22m
[35m@n8n/utils:build: [0m[34mℹ[39m [33m[CJS][39m [2mdist/[22m[1mretry.cjs[22m                              [2m 1.52 kB[22m [2m│ gzip: 0.71 kB[22m
[35m@n8n/utils:build: [0m[34mℹ[39m [33m[CJS][39m [2mdist/[22m[1merrors/error-chain.cjs[22m                 [2m 1.18 kB[22m [2m│ gzip: 0.63 kB[22m
[35m@n8n/utils:build: [0m[34mℹ[39m [33m[CJS][39m [2mdist/[22m[1mcreate-event-queue.cjs[22m                 [2m 1.10 kB[22m [2m│ gzip: 0.53 kB[22m
[35m@n8n/utils:build: [0m[34mℹ[39m [33m[CJS][39m [2mdist/[22m[1mevent-bus.cjs[22m                          [2m 1.10 kB[22m [2m│ gzip: 0.51 kB[22m
[35m@n8n/utils:build: [0m[34mℹ[39m [33m[CJS][39m [2mdist/[22m[1msleep.cjs[22m                              [2m 1.06 kB[22m [2m│ gzip: 0.49 kB[22m
[35m@n8n/utils:build: [0m[34mℹ[39m [33m[CJS][39m [2mdist/[22m[1mlazy-import.cjs[22m                        [2m 0.99 kB[22m [2m│ gzip: 0.56 kB[22m
[35m@n8n/utils:build: [0m[34mℹ[39m [33m[CJS][39m [2mdist/[22m[1mresult.cjs[22m                             [2m 0.81 kB[22m [2m│ gzip: 0.43 kB[22m
[35m@n8n/utils:build: [0m[34mℹ[39m [33m[CJS][39m [2mdist/[22m[1mgenerate-nano-id.cjs[22m                   [2m 0.78 kB[22m [2m│ gzip: 0.49 kB[22m
[35m@n8n/utils:build: [0m[34mℹ[39m [33m[CJS][39m [2mdist/[22m[1mget-jwt-expiry.cjs[22m                     [2m 0.76 kB[22m [2m│ gzip: 0.50 kB[22m
[35m@n8n/utils:build: [0m[34mℹ[39m [33m[CJS][39m [2mdist/[22m[1mnumber/bytes.cjs[22m                       [2m 0.67 kB[22m [2m│ gzip: 0.36 kB[22m
[35m@n8n/utils:build: [0m[34mℹ[39m [33m[CJS][39m [2mdist/[22m[1msearch/re-rank-search-results.cjs[22m      [2m 0.64 kB[22m [2m│ gzip: 0.35 kB[22m
[35m@n8n/utils:build: [0m[34mℹ[39m [33m[CJS][39m [2mdist/[22m[1mnumber/smart-decimal.cjs[22m               [2m 0.47 kB[22m [2m│ gzip: 0.29 kB[22m
[35m@n8n/utils:build: [0m[34mℹ[39m [33m[CJS][39m [2mdist/[22m[1msort/sort-by-property.cjs[22m              [2m 0.46 kB[22m [2m│ gzip: 0.30 kB[22m
[35m@n8n/utils:build: [0m[34mℹ[39m [33m[CJS][39m [2mdist/[22m[1mpromise/deferred-promise.cjs[22m           [2m 0.42 kB[22m [2m│ gzip: 0.26 kB[22m
[35m@n8n/utils:build: [0m[34mℹ[39m [33m[CJS][39m [2mdist/[22m[1merrors/ensure-error.cjs[22m                [2m 0.39 kB[22m [2m│ gzip: 0.26 kB[22m
[35m@n8n/utils:build: [0m[34mℹ[39m [33m[CJS][39m [2mdist/[22m[1mfiles/is-windows-file-path.cjs[22m         [2m 0.39 kB[22m [2m│ gzip: 0.28 kB[22m
[35m@n8n/utils:build: [0m[34mℹ[39m [33m[CJS][39m [2mdist/[22m[1massert.cjs[22m                             [2m 0.31 kB[22m [2m│ gzip: 0.24 kB[22m
[35m@n8n/utils:build: [0m[34mℹ[39m [33m[CJS][39m [2mdist/[22m[1mis-record.cjs[22m                          [2m 0.29 kB[22m [2m│ gzip: 0.22 kB[22m
[35m@n8n/utils:build: [0m[34mℹ[39m [33m[CJS][39m [2mdist/[22m[1mtypes.cjs[22m                              [2m 0.00 kB[22m [2m│ gzip: 0.02 kB[22m
[35m@n8n/utils:build: [0m[34mℹ[39m [33m[CJS][39m [2mdist/[22mjson/json-size-exceeds.cjs.map         [2m15.64 kB[22m [2m│ gzip: 5.12 kB[22m
[35m@n8n/utils:build: [0m[34mℹ[39m [33m[CJS][39m [2mdist/[22msearch/sublime-search.cjs.map          [2m12.42 kB[22m [2m│ gzip: 3.96 kB[22m
[35m@n8n/utils:build: [0m[34mℹ[39m [33m[CJS][39m [2mdist/[22mscrub-secrets.cjs.map                  [2m 5.41 kB[22m [2m│ gzip: 2.62 kB[22m
[35m@n8n/utils:build: [0m[34mℹ[39m [33m[CJS][39m [2mdist/[22mplaceholder.cjs.map                    [2m 5.36 kB[22m [2m│ gzip: 1.86 kB[22m
[35m@n8n/utils:build: [0m[34mℹ[39m [33m[CJS][39m [2mdist/[22mclient-assertion.cjs.map               [2m 3.85 kB[22m [2m│ gzip: 1.65 kB[22m
[35m@n8n/utils:build: [0m[34mℹ[39m [33m[CJS][39m [2mdist/[22mformat-pem-block.cjs.map               [2m 3.43 kB[22m [2m│ gzip: 1.43 kB[22m
[35m@n8n/utils:build: [0m[34mℹ[39m [33m[CJS][39m [2mdist/[22mfiles/sanitize-filename.cjs.map        [2m 2.96 kB[22m [2m│ gzip: 1.26 kB[22m
[35m@n8n/utils:build: [0m[34mℹ[39m [33m[CJS][39m [2mdist/[22mevent-bus.cjs.map                      [2m 2.94 kB[22m [2m│ gzip: 0.99 kB[22m
[35m@n8n/utils:build: [0m[34mℹ[39m [33m[CJS][39m [2mdist/[22mstring/truncate.cjs.map                [2m 2.76 kB[22m [2m│ gzip: 1.13 kB[22m
[35m@n8n/utils:build: [0m[34mℹ[39m [33m[CJS][39m [2mdist/[22mjson/to-json-value.cjs.map             [2m 2.74 kB[22m [2m│ gzip: 1.07 kB[22m
[35m@n8n/utils:build: [0m[34mℹ[39m [33m[CJS][39m [2mdist/[22mretry.cjs.map                          [2m 2.38 kB[22m [2m│ gzip: 1.06 kB[22m
[35m@n8n/utils:build: [0m[34mℹ[39m [33m[CJS][39m [2mdist/[22merrors/error-chain.cjs.map             [2m 1.95 kB[22m [2m│ gzip: 0.93 kB[22m
[35m@n8n/utils:build: [0m[34mℹ[39m [33m[CJS][39m [2mdist/[22mcreate-event-queue.cjs.map             [2m 1.77 kB[22m [2m│ gzip: 0.83 kB[22m
[35m@n8n/utils:build: [0m[34mℹ[39m [33m[CJS][39m [2mdist/[22msleep.cjs.map                          [2m 1.59 kB[22m [2m│ gzip: 0.71 kB[22m
[35m@n8n/utils:build: [0m[34mℹ[39m [33m[CJS][39m [2mdist/[22msearch/re-rank-search-results.cjs.map  [2m 1.31 kB[22m [2m│ gzip: 0.65 kB[22m
[35m@n8n/utils:build: [0m[34mℹ[39m [33m[CJS][39m [2mdist/[22mresult.cjs.map                         [2m 1.22 kB[22m [2m│ gzip: 0.63 kB[22m
[35m@n8n/utils:build: [0m[34mℹ[39m [33m[CJS][39m [2mdist/[22mlazy-import.cjs.map                    [2m 1.07 kB[22m [2m│ gzip: 0.61 kB[22m
[35m@n8n/utils:build: [0m[34mℹ[39m [33m[CJS][39m [2mdist/[22mget-jwt-expiry.cjs.map                 [2m 1.05 kB[22m [2m│ gzip: 0.62 kB[22m
[35m@n8n/utils:build: [0m[34mℹ[39m [33m[CJS][39m [2mdist/[22mnumber/bytes.cjs.map                   [2m 0.92 kB[22m [2m│ gzip: 0.45 kB[22m
[35m@n8n/utils:build: [0m[34mℹ[39m [33m[CJS][39m [2mdist/[22mgenerate-nano-id.cjs.map               [2m 0.86 kB[22m [2m│ gzip: 0.49 kB[22m
[35m@n8n/utils:build: [0m[34mℹ[39m [33m[CJS][39m [2mdist/[22mnumber/smart-decimal.cjs.map           [2m 0.86 kB[22m [2m│ gzip: 0.52 kB[22m
[35m@n8n/utils:build: [0m[34mℹ[39m [33m[CJS][39m [2mdist/[22mpromise/deferred-promise.cjs.map       [2m 0.80 kB[22m [2m│ gzip: 0.42 kB[22m
[35m@n8n/utils:build: [0m[34mℹ[39m [33m[CJS][39m [2mdist/[22msort/sort-by-property.cjs.map          [2m 0.69 kB[22m [2m│ gzip: 0.42 kB[22m
[35m@n8n/utils:build: [0m[34mℹ[39m [33m[CJS][39m [2mdist/[22merrors/ensure-error.cjs.map            [2m 0.56 kB[22m [2m│ gzip: 0.36 kB[22m
[35m@n8n/utils:build: [0m[34mℹ[39m [33m[CJS][39m [2mdist/[22massert.cjs.map                         [2m 0.47 kB[22m [2m│ gzip: 0.33 kB[22m
[35m@n8n/utils:build: [0m[34mℹ[39m [33m[CJS][39m [2mdist/[22mfiles/is-windows-file-path.cjs.map     [2m 0.40 kB[22m [2m│ gzip: 0.29 kB[22m
[35m@n8n/utils:build: [0m[34mℹ[39m [33m[CJS][39m [2mdist/[22mis-record.cjs.map                      [2m 0.36 kB[22m [2m│ gzip: 0.27 kB[22m
[35m@n8n/utils:build: [0m[34mℹ[39m [33m[CJS][39m 55 files, total: 118.58 kB
[35m@n8n/utils:build: [0m[34mℹ[39m [33m[CJS][39m [2mdist/[22m[32m[1mevent-bus.d.cts[22m[39m                      [2m0.98 kB[22m [2m│ gzip: 0.34 kB[22m
[35m@n8n/utils:build: [0m[34mℹ[39m [33m[CJS][39m [2mdist/[22m[32m[1mplaceholder.d.cts[22m[39m                    [2m0.73 kB[22m [2m│ gzip: 0.28 kB[22m
[35m@n8n/utils:build: [0m[34mℹ[39m [33m[CJS][39m [2mdist/[22m[32m[1mtypes.d.cts[22m[39m                          [2m0.69 kB[22m [2m│ gzip: 0.33 kB[22m
[35m@n8n/utils:build: [0m[34mℹ[39m [33m[CJS][39m [2mdist/[22m[32m[1mresult.d.cts[22m[39m                         [2m0.53 kB[22m [2m│ gzip: 0.26 kB[22m
[35m@n8n/utils:build: [0m[34mℹ[39m [33m[CJS][39m [2mdist/[22m[32m[1mclient-assertion.d.cts[22m[39m               [2m0.49 kB[22m [2m│ gzip: 0.27 kB[22m
[35m@n8n/utils:build: [0m[34mℹ[39m [33m[CJS][39m [2mdist/[22m[32m[1mscrub-secrets.d.cts[22m[39m                  [2m0.45 kB[22m [2m│ gzip: 0.28 kB[22m
[35m@n8n/utils:build: [0m[34mℹ[39m [33m[CJS][39m [2mdist/[22m[32m[1mpromise/deferred-promise.d.cts[22m[39m       [2m0.43 kB[22m [2m│ gzip: 0.25 kB[22m
[35m@n8n/utils:build: [0m[34mℹ[39m [33m[CJS][39m [2mdist/[22m[32m[1mjson/to-json-value.d.cts[22m[39m             [2m0.40 kB[22m [2m│ gzip: 0.26 kB[22m
[35m@n8n/utils:build: [0m[34mℹ[39m [33m[CJS][39m [2mdist/[22m[32m[1msearch/sublime-search.d.cts[22m[39m          [2m0.40 kB[22m [2m│ gzip: 0.26 kB[22m
[35m@n8n/utils:build: [0m[34mℹ[39m [33m[CJS][39m [2mdist/[22m[32m[1msearch/re-rank-search-results.d.cts[22m[39m  [2m0.37 kB[22m [2m│ gzip: 0.22 kB[22m
[35m@n8n/utils:build: [0m[34mℹ[39m [33m[CJS][39m [2mdist/[22m[32m[1merrors/error-chain.d.cts[22m[39m             [2m0.34 kB[22m [2m│ gzip: 0.22 kB[22m
[35m@n8n/utils:build: [0m[34mℹ[39m [33m[CJS][39m [2mdist/[22m[32m[1mstring/truncate.d.cts[22m[39m                [2m0.33 kB[22m [2m│ gzip: 0.20 kB[22m
[35m@n8n/utils:build: [0m[34mℹ[39m [33m[CJS][39m [2mdist/[22m[32m[1mretry.d.cts[22m[39m                          [2m0.28 kB[22m [2m│ gzip: 0.21 kB[22m
[35m@n8n/utils:build: [0m[34mℹ[39m [33m[CJS][39m [2mdist/[22m[32m[1mcreate-event-queue.d.cts[22m[39m             [2m0.25 kB[22m [2m│ gzip: 0.17 kB[22m
[35m@n8n/utils:build: [0m[34mℹ[39m [33m[CJS][39m [2mdist/[22m[32m[1msort/sort-by-property.d.cts[22m[39m          [2m0.22 kB[22m [2m│ gzip: 0.18 kB[22m
[35m@n8n/utils:build: [0m[34mℹ[39m [33m[CJS][39m [2mdist/[22m[32m[1mnumber/bytes.d.cts[22m[39m                   [2m0.22 kB[22m [2m│ gzip: 0.16 kB[22m
[35m@n8n/utils:build: [0m[34mℹ[39m [33m[CJS][39m [2mdist/[22m[32m[1mfiles/sanitize-filename.d.cts[22m[39m        [2m0.21 kB[22m [2m│ gzip: 0.16 kB[22m
[35m@n8n/utils:build: [0m[34mℹ[39m [33m[CJS][39m [2mdist/[22m[32m[1mjson/json-size-exceeds.d.cts[22m[39m         [2m0.21 kB[22m [2m│ gzip: 0.17 kB[22m
[35m@n8n/utils:build: [0m[34mℹ[39m [33m[CJS][39m [2mdist/[22m[32m[1mfiles/is-windows-file-path.d.cts[22m[39m     [2m0.20 kB[22m [2m│ gzip: 0.16 kB[22m
[35m@n8n/utils:build: [0m[34mℹ[39m [33m[CJS][39m [2mdist/[22m[32m[1mformat-pem-block.d.cts[22m[39m               [2m0.20 kB[22m [2m│ gzip: 0.16 kB[22m
[35m@n8n/utils:build: [0m[34mℹ[39m [33m[CJS][39m [2mdist/[22m[32m[1mnumber/smart-decimal.d.cts[22m[39m           [2m0.20 kB[22m [2m│ gzip: 0.15 kB[22m
[35m@n8n/utils:build: [0m[34mℹ[39m [33m[CJS][39m [2mdist/[22m[32m[1mlazy-import.d.cts[22m[39m                    [2m0.18 kB[22m [2m│ gzip: 0.16 kB[22m
[35m@n8n/utils:build: [0m[34mℹ[39m [33m[CJS][39m [2mdist/[22m[32m[1mget-jwt-expiry.d.cts[22m[39m                 [2m0.18 kB[22m [2m│ gzip: 0.15 kB[22m
[35m@n8n/utils:build: [0m[34mℹ[39m [33m[CJS][39m [2mdist/[22m[32m[1mgenerate-nano-id.d.cts[22m[39m               [2m0.18 kB[22m [2m│ gzip: 0.15 kB[22m
[35m@n8n/utils:build: [0m[34mℹ[39m [33m[CJS][39m [2mdist/[22m[32m[1mis-record.d.cts[22m[39m                      [2m0.18 kB[22m [2m│ gzip: 0.15 kB[22m
[35m@n8n/utils:build: [0m[34mℹ[39m [33m[CJS][39m [2mdist/[22m[32m[1massert.d.cts[22m[39m                         [2m0.18 kB[22m [2m│ gzip: 0.15 kB[22m
[35m@n8n/utils:build: [0m[34mℹ[39m [33m[CJS][39m [2mdist/[22m[32m[1merrors/ensure-error.d.cts[22m[39m            [2m0.17 kB[22m [2m│ gzip: 0.14 kB[22m
[35m@n8n/utils:build: [0m[34mℹ[39m [33m[CJS][39m [2mdist/[22m[32m[1msleep.d.cts[22m[39m                          [2m0.17 kB[22m [2m│ gzip: 0.15 kB[22m
[35m@n8n/utils:build: [0m[34mℹ[39m [33m[CJS][39m 28 files, total: 9.36 kB
[35m@n8n/utils:build: [0m[32m✔[39m Build complete in [32m608ms[39m
[35m@n8n/utils:build: [0m[34mℹ[39m [34m[ESM][39m [2mdist/[22m[1mjson/json-size-exceeds.mjs[22m             [2m 8.56 kB[22m [2m│ gzip: 3.07 kB[22m
[35m@n8n/utils:build: [0m[34mℹ[39m [34m[ESM][39m [2mdist/[22m[1msearch/sublime-search.mjs[22m              [2m 5.85 kB[22m [2m│ gzip: 1.82 kB[22m
[35m@n8n/utils:build: [0m[34mℹ[39m [34m[ESM][39m [2mdist/[22m[1mplaceholder.mjs[22m                        [2m 3.17 kB[22m [2m│ gzip: 1.13 kB[22m
[35m@n8n/utils:build: [0m[34mℹ[39m [34m[ESM][39m [2mdist/[22m[1mscrub-secrets.mjs[22m                      [2m 2.09 kB[22m [2m│ gzip: 1.14 kB[22m
[35m@n8n/utils:build: [0m[34mℹ[39m [34m[ESM][39m [2mdist/[22m[1mformat-pem-block.mjs[22m                   [2m 1.95 kB[22m [2m│ gzip: 0.92 kB[22m
[35m@n8n/utils:build: [0m[34mℹ[39m [34m[ESM][39m [2mdist/[22m[1mfiles/sanitize-filename.mjs[22m            [2m 1.84 kB[22m [2m│ gzip: 0.85 kB[22m
[35m@n8n/utils:build: [0m[34mℹ[39m [34m[ESM][39m [2mdist/[22m[1mclient-assertion.mjs[22m                   [2m 1.80 kB[22m [2m│ gzip: 0.84 kB[22m
[35m@n8n/utils:build: [0m[34mℹ[39m [34m[ESM][39m [2mdist/[22m[1mstring/truncate.mjs[22m                    [2m 1.56 kB[22m [2m│ gzip: 0.67 kB[22m
[35m@n8n/utils:build: [0m[34mℹ[39m [34m[ESM][39m [2mdist/[22m[1mjson/to-json-value.mjs[22m                 [2m 1.46 kB[22m [2m│ gzip: 0.68 kB[22m
[35m@n8n/utils:build: [0m[34mℹ[39m [34m[ESM][39m [2mdist/[22m[1mretry.mjs[22m                              [2m 1.44 kB[22m [2m│ gzip: 0.66 kB[22m
[35m@n8n/utils:build: [0m[34mℹ[39m [34m[ESM][39m [2mdist/[22m[1merrors/error-chain.mjs[22m                 [2m 1.07 kB[22m [2m│ gzip: 0.58 kB[22m
[35m@n8n/utils:build: [0m[34mℹ[39m [34m[ESM][39m [2mdist/[22m[1mevent-bus.mjs[22m                          [2m 1.01 kB[22m [2m│ gzip: 0.46 kB[22m
[35m@n8n/utils:build: [0m[34mℹ[39m [34m[ESM][39m [2mdist/[22m[1mcreate-event-queue.mjs[22m                 [2m 1.01 kB[22m [2m│ gzip: 0.48 kB[22m
[35m@n8n/utils:build: [0m[34mℹ[39m [34m[ESM][39m [2mdist/[22m[1mlazy-import.mjs[22m                        [2m 0.91 kB[22m [2m│ gzip: 0.51 kB[22m
[35m@n8n/utils:build: [0m[34mℹ[39m [34m[ESM][39m [2mdist/[22m[1msleep.mjs[22m                              [2m 0.91 kB[22m [2m│ gzip: 0.43 kB[22m
[35m@n8n/utils:build: [0m[34mℹ[39m [34m[ESM][39m [2mdist/[22m[1mgenerate-nano-id.mjs[22m                   [2m 0.70 kB[22m [2m│ gzip: 0.43 kB[22m
[35m@n8n/utils:build: [0m[34mℹ[39m [34m[ESM][39m [2mdist/[22m[1mget-jwt-expiry.mjs[22m                     [2m 0.67 kB[22m [2m│ gzip: 0.45 kB[22m
[35m@n8n/utils:build: [0m[34mℹ[39m [34m[ESM][39m [2mdist/[22m[1mresult.mjs[22m                             [2m 0.63 kB[22m [2m│ gzip: 0.36 kB[22m
[35m@n8n/utils:build: [0m[34mℹ[39m [34m[ESM][39m [2mdist/[22m[1mnumber/bytes.mjs[22m                       [2m 0.57 kB[22m [2m│ gzip: 0.31 kB[22m
[35m@n8n/utils:build: [0m[34mℹ[39m [34m[ESM][39m [2mdist/[22m[1msearch/re-rank-search-results.mjs[22m      [2m 0.55 kB[22m [2m│ gzip: 0.30 kB[22m
[35m@n8n/utils:build: [0m[34mℹ[39m [34m[ESM][39m [2mdist/[22m[1mnumber/smart-decimal.mjs[22m               [2m 0.39 kB[22m [2m│ gzip: 0.25 kB[22m
[35m@n8n/utils:build: [0m[34mℹ[39m [34m[ESM][39m [2mdist/[22m[1msort/sort-by-property.mjs[22m              [2m 0.38 kB[22m [2m│ gzip: 0.26 kB[22m
[35m@n8n/utils:build: [0m[34mℹ[39m [34m[ESM][39m [2mdist/[22m[1mpromise/deferred-promise.mjs[22m           [2m 0.33 kB[22m [2m│ gzip: 0.20 kB[22m
[35m@n8n/utils:build: [0m[34mℹ[39m [34m[ESM][39m [2mdist/[22m[1merrors/ensure-error.mjs[22m                [2m 0.31 kB[22m [2m│ gzip: 0.21 kB[22m
[35m@n8n/utils:build: [0m[34mℹ[39m [34m[ESM][39m [2mdist/[22m[1mfiles/is-windows-file-path.mjs[22m         [2m 0.30 kB[22m [2m│ gzip: 0.23 kB[22m
[35m@n8n/utils:build: [0m[34mℹ[39m [34m[ESM][39m [2mdist/[22m[1massert.mjs[22m                             [2m 0.23 kB[22m [2m│ gzip: 0.18 kB[22m
[35m@n8n/utils:build: [0m[34mℹ[39m [34m[ESM][39m [2mdist/[22m[1mis-record.mjs[22m                          [2m 0.21 kB[22m [2m│ gzip: 0.17 kB[22m
[35m@n8n/utils:build: [0m[34mℹ[39m [34m[ESM][39m [2mdist/[22m[1mtypes.mjs[22m                              [2m 0.01 kB[22m [2m│ gzip: 0.03 kB[22m
[35m@n8n/utils:build: [0m[34mℹ[39m [34m[ESM][39m [2mdist/[22mjson/json-size-exceeds.mjs.map         [2m15.64 kB[22m [2m│ gzip: 5.12 kB[22m
[35m@n8n/utils:build: [0m[34mℹ[39m [34m[ESM][39m [2mdist/[22msearch/sublime-search.mjs.map          [2m12.42 kB[22m [2m│ gzip: 3.96 kB[22m
[35m@n8n/utils:build: [0m[34mℹ[39m [34m[ESM][39m [2mdist/[22mscrub-secrets.mjs.map                  [2m 5.41 kB[22m [2m│ gzip: 2.62 kB[22m
[35m@n8n/utils:build: [0m[34mℹ[39m [34m[ESM][39m [2mdist/[22mplaceholder.mjs.map                    [2m 5.36 kB[22m [2m│ gzip: 1.86 kB[22m
[35m@n8n/utils:build: [0m[34mℹ[39m [34m[ESM][39m [2mdist/[22mclient-assertion.mjs.map               [2m 3.75 kB[22m [2m│ gzip: 1.61 kB[22m
[35m@n8n/utils:build: [0m[34mℹ[39m [34m[ESM][39m [2mdist/[22mformat-pem-block.mjs.map               [2m 3.42 kB[22m [2m│ gzip: 1.43 kB[22m
[35m@n8n/utils:build: [0m[34mℹ[39m [34m[ESM][39m [2mdist/[22mfiles/sanitize-filename.mjs.map        [2m 2.96 kB[22m [2m│ gzip: 1.26 kB[22m
[35m@n8n/utils:build: [0m[34mℹ[39m [34m[ESM][39m [2mdist/[22mevent-bus.mjs.map                      [2m 2.94 kB[22m [2m│ gzip: 0.99 kB[22m
[35m@n8n/utils:build: [0m[34mℹ[39m [34m[ESM][39m [2mdist/[22mstring/truncate.mjs.map                [2m 2.76 kB[22m [2m│ gzip: 1.13 kB[22m
[35m@n8n/utils:build: [0m[34mℹ[39m [34m[ESM][39m [2mdist/[22mjson/to-json-value.mjs.map             [2m 2.74 kB[22m [2m│ gzip: 1.07 kB[22m
[35m@n8n/utils:build: [0m[34mℹ[39m [34m[ESM][39m [2mdist/[22mretry.mjs.map                          [2m 2.38 kB[22m [2m│ gzip: 1.06 kB[22m
[35m@n8n/utils:build: [0m[34mℹ[39m [34m[ESM][39m [2mdist/[22merrors/error-chain.mjs.map             [2m 1.95 kB[22m [2m│ gzip: 0.93 kB[22m
[35m@n8n/utils:build: [0m[34mℹ[39m [34m[ESM][39m [2mdist/[22mcreate-event-queue.mjs.map             [2m 1.77 kB[22m [2m│ gzip: 0.83 kB[22m
[35m@n8n/utils:build: [0m[34mℹ[39m [34m[ESM][39m [2mdist/[22msleep.mjs.map                          [2m 1.56 kB[22m [2m│ gzip: 0.70 kB[22m
[35m@n8n/utils:build: [0m[34mℹ[39m [34m[ESM][39m [2mdist/[22msearch/re-rank-search-results.mjs.map  [2m 1.31 kB[22m [2m│ gzip: 0.65 kB[22m
[35m@n8n/utils:build: [0m[34mℹ[39m [34m[ESM][39m [2mdist/[22mresult.mjs.map                         [2m 1.20 kB[22m [2m│ gzip: 0.62 kB[22m
[35m@n8n/utils:build: [0m[34mℹ[39m [34m[ESM][39m [2mdist/[22mlazy-import.mjs.map                    [2m 1.07 kB[22m [2m│ gzip: 0.61 kB[22m
[35m@n8n/utils:build: [0m[34mℹ[39m [34m[ESM][39m [2mdist/[22mget-jwt-expiry.mjs.map                 [2m 1.05 kB[22m [2m│ gzip: 0.62 kB[22m
[35m@n8n/utils:build: [0m[34mℹ[39m [34m[ESM][39m [2mdist/[22mnumber/bytes.mjs.map                   [2m 0.92 kB[22m [2m│ gzip: 0.45 kB[22m
[35m@n8n/utils:build: [0m[34mℹ[39m [34m[ESM][39m [2mdist/[22mnumber/smart-decimal.mjs.map           [2m 0.86 kB[22m [2m│ gzip: 0.52 kB[22m
[35m@n8n/utils:build: [0m[34mℹ[39m [34m[ESM][39m [2mdist/[22mgenerate-nano-id.mjs.map               [2m 0.82 kB[22m [2m│ gzip: 0.48 kB[22m
[35m@n8n/utils:build: [0m[34mℹ[39m [34m[ESM][39m [2mdist/[22mpromise/deferred-promise.mjs.map       [2m 0.80 kB[22m [2m│ gzip: 0.42 kB[22m
[35m@n8n/utils:build: [0m[34mℹ[39m [34m[ESM][39m [2mdist/[22msort/sort-by-property.mjs.map          [2m 0.69 kB[22m [2m│ gzip: 0.42 kB[22m
[35m@n8n/utils:build: [0m[34mℹ[39m [34m[ESM][39m [2mdist/[22merrors/ensure-error.mjs.map            [2m 0.56 kB[22m [2m│ gzip: 0.36 kB[22m
[35m@n8n/utils:build: [0m[34mℹ[39m [34m[ESM][39m [2mdist/[22massert.mjs.map                         [2m 0.46 kB[22m [2m│ gzip: 0.33 kB[22m
[35m@n8n/utils:build: [0m[34mℹ[39m [34m[ESM][39m [2mdist/[22mfiles/is-windows-file-path.mjs.map     [2m 0.40 kB[22m [2m│ gzip: 0.30 kB[22m
[35m@n8n/utils:build: [0m[34mℹ[39m [34m[ESM][39m [2mdist/[22mis-record.mjs.map                      [2m 0.36 kB[22m [2m│ gzip: 0.27 kB[22m
[35m@n8n/utils:build: [0m[34mℹ[39m [34m[ESM][39m [2mdist/[22m[32m[1mevent-bus.d.mts[22m[39m                        [2m 0.98 kB[22m [2m│ gzip: 0.34 kB[22m
[35m@n8n/utils:build: [0m[34mℹ[39m [34m[ESM][39m [2mdist/[22m[32m[1mplaceholder.d.mts[22m[39m                      [2m 0.73 kB[22m [2m│ gzip: 0.28 kB[22m
[35m@n8n/utils:build: [0m[34mℹ[39m [34m[ESM][39m [2mdist/[22m[32m[1mtypes.d.mts[22m[39m                            [2m 0.69 kB[22m [2m│ gzip: 0.33 kB[22m
[35m@n8n/utils:build: [0m[34mℹ[39m [34m[ESM][39m [2mdist/[22m[32m[1mresult.d.mts[22m[39m                           [2m 0.53 kB[22m [2m│ gzip: 0.26 kB[22m
[35m@n8n/utils:build: [0m[34mℹ[39m [34m[ESM][39m [2mdist/[22m[32m[1mclient-assertion.d.mts[22m[39m                 [2m 0.49 kB[22m [2m│ gzip: 0.27 kB[22m
[35m@n8n/utils:build: [0m[34mℹ[39m [34m[ESM][39m [2mdist/[22m[32m[1mscrub-secrets.d.mts[22m[39m                    [2m 0.45 kB[22m [2m│ gzip: 0.28 kB[22m
[35m@n8n/utils:build: [0m[34mℹ[39m [34m[ESM][39m [2mdist/[22m[32m[1mpromise/deferred-promise.d.mts[22m[39m         [2m 0.43 kB[22m [2m│ gzip: 0.25 kB[22m
[35m@n8n/utils:build: [0m[34mℹ[39m [34m[ESM][39m [2mdist/[22m[32m[1mjson/to-json-value.d.mts[22m[39m               [2m 0.40 kB[22m [2m│ gzip: 0.26 kB[22m
[35m@n8n/utils:build: [0m[34mℹ[39m [34m[ESM][39m [2mdist/[22m[32m[1msearch/sublime-search.d.mts[22m[39m            [2m 0.40 kB[22m [2m│ gzip: 0.26 kB[22m
[35m@n8n/utils:build: [0m[34mℹ[39m [34m[ESM][39m [2mdist/[22m[32m[1msearch/re-rank-search-results.d.mts[22m[39m    [2m 0.37 kB[22m [2m│ gzip: 0.23 kB[22m
[35m@n8n/utils:build: [0m[34mℹ[39m [34m[ESM][39m [2mdist/[22m[32m[1merrors/error-chain.d.mts[22m[39m               [2m 0.34 kB[22m [2m│ gzip: 0.22 kB[22m
[35m@n8n/utils:build: [0m[34mℹ[39m [34m[ESM][39m [2mdist/[22m[32m[1mstring/truncate.d.mts[22m[39m                  [2m 0.33 kB[22m [2m│ gzip: 0.20 kB[22m
[35m@n8n/utils:build: [0m[34mℹ[39m [34m[ESM][39m [2mdist/[22m[32m[1mretry.d.mts[22m[39m                            [2m 0.28 kB[22m [2m│ gzip: 0.21 kB[22m
[35m@n8n/utils:build: [0m[34mℹ[39m [34m[ESM][39m [2mdist/[22m[32m[1mcreate-event-queue.d.mts[22m[39m               [2m 0.25 kB[22m [2m│ gzip: 0.17 kB[22m
[35m@n8n/utils:build: [0m[34mℹ[39m [34m[ESM][39m [2mdist/[22m[32m[1msort/sort-by-property.d.mts[22m[39m            [2m 0.22 kB[22m [2m│ gzip: 0.18 kB[22m
[35m@n8n/utils:build: [0m[34mℹ[39m [34m[ESM][39m [2mdist/[22m[32m[1mnumber/bytes.d.mts[22m[39m                     [2m 0.22 kB[22m [2m│ gzip: 0.16 kB[22m
[35m@n8n/utils:build: [0m[34mℹ[39m [34m[ESM][39m [2mdist/[22m[32m[1mfiles/sanitize-filename.d.mts[22m[39m          [2m 0.21 kB[22m [2m│ gzip: 0.16 kB[22m
[35m@n8n/utils:build: [0m[34mℹ[39m [34m[ESM][39m [2mdist/[22m[32m[1mjson/json-size-exceeds.d.mts[22m[39m           [2m 0.21 kB[22m [2m│ gzip: 0.17 kB[22m
[35m@n8n/utils:build: [0m[34mℹ[39m [34m[ESM][39m [2mdist/[22m[32m[1mfiles/is-windows-file-path.d.mts[22m[39m       [2m 0.20 kB[22m [2m│ gzip: 0.16 kB[22m
[35m@n8n/utils:build: [0m[34mℹ[39m [34m[ESM][39m [2mdist/[22m[32m[1mformat-pem-block.d.mts[22m[39m                 [2m 0.20 kB[22m [2m│ gzip: 0.16 kB[22m
[35m@n8n/utils:build: [0m[34mℹ[39m [34m[ESM][39m [2mdist/[22m[32m[1mnumber/smart-decimal.d.mts[22m[39m             [2m 0.20 kB[22m [2m│ gzip: 0.15 kB[22m
[35m@n8n/utils:build: [0m[34mℹ[39m [34m[ESM][39m [2mdist/[22m[32m[1mlazy-import.d.mts[22m[39m                      [2m 0.18 kB[22m [2m│ gzip: 0.16 kB[22m
[35m@n8n/utils:build: [0m[34mℹ[39m [34m[ESM][39m [2mdist/[22m[32m[1mget-jwt-expiry.d.mts[22m[39m                   [2m 0.18 kB[22m [2m│ gzip: 0.15 kB[22m
[35m@n8n/utils:build: [0m[34mℹ[39m [34m[ESM][39m [2mdist/[22m[32m[1mgenerate-nano-id.d.mts[22m[39m                 [2m 0.18 kB[22m [2m│ gzip: 0.15 kB[22m
[35m@n8n/utils:build: [0m[34mℹ[39m [34m[ESM][39m [2mdist/[22m[32m[1mis-record.d.mts[22m[39m                        [2m 0.18 kB[22m [2m│ gzip: 0.15 kB[22m
[35m@n8n/utils:build: [0m[34mℹ[39m [34m[ESM][39m [2mdist/[22m[32m[1massert.d.mts[22m[39m                           [2m 0.18 kB[22m [2m│ gzip: 0.15 kB[22m
[35m@n8n/utils:build: [0m[34mℹ[39m [34m[ESM][39m [2mdist/[22m[32m[1merrors/ensure-error.d.mts[22m[39m              [2m 0.17 kB[22m [2m│ gzip: 0.14 kB[22m
[35m@n8n/utils:build: [0m[34mℹ[39m [34m[ESM][39m [2mdist/[22m[32m[1msleep.d.mts[22m[39m                            [2m 0.17 kB[22m [2m│ gzip: 0.15 kB[22m
[35m@n8n/utils:build: [0m[34mℹ[39m [34m[ESM][39m 83 files, total: 124.83 kB
[35m@n8n/utils:build: [0m[32m✔[39m Build complete in [32m635ms[39m
[32m@n8n/telemetry:build: [0mcache hit, replaying logs [2m8048b2d0fa65013d[0m
[32m@n8n/telemetry:build: [0m
[32m@n8n/telemetry:build: [0m> @n8n/telemetry@1.4.0 build /Users/romeobalta/work/n8n/worktrees/nudge-manual-builders-to-aia/packages/@n8n/telemetry
[32m@n8n/telemetry:build: [0m> tsc -p tsconfig.build.json
[32m@n8n/telemetry:build: [0m
[33m@n8n/frontend-utils:build: [0mcache hit, replaying logs [2m2c207e37023d0db8[0m
[33m@n8n/frontend-utils:build: [0m
[33m@n8n/frontend-utils:build: [0m> @n8n/frontend-utils@0.4.0 build /Users/romeobalta/work/n8n/worktrees/nudge-manual-builders-to-aia/packages/frontend/@n8n/frontend-utils
[33m@n8n/frontend-utils:build: [0m> tsdown
[33m@n8n/frontend-utils:build: [0m
[33m@n8n/frontend-utils:build: [0m[34mℹ[39m tsdown [2mv0.16.5[22m powered by rolldown [2mv1.0.0-beta.50[22m
[33m@n8n/frontend-utils:build: [0m[34mℹ[39m Using tsdown config: [4m/Users/romeobalta/work/n8n/worktrees/nudge-manual-builders-to-aia/packages/frontend/@n8n/frontend-utils/tsdown.config.ts[24m
[33m@n8n/frontend-utils:build: [0m[34mℹ[39m entry: [34msrc/htmlUtils.ts, src/constants/sanitization.ts[39m
[33m@n8n/frontend-utils:build: [0m[34mℹ[39m tsconfig: [34mtsconfig.json[39m
[33m@n8n/frontend-utils:build: [0m[34mℹ[39m Build start
[33m@n8n/frontend-utils:build: [0m[34mℹ[39m Cleaning 15 files
[33m@n8n/frontend-utils:build: [0m[34mℹ[39m [33m[CJS][39m [2mdist/[22m[1mhtmlUtils.cjs[22m               [2m4.49 kB[22m [2m│ gzip: 1.90 kB[22m
[33m@n8n/frontend-utils:build: [0m[34mℹ[39m [33m[CJS][39m [2mdist/[22m[1mconstants/sanitization.cjs[22m  [2m0.21 kB[22m [2m│ gzip: 0.12 kB[22m
[33m@n8n/frontend-utils:build: [0m[34mℹ[39m [33m[CJS][39m [2mdist/[22mhtmlUtils.cjs.map           [2m6.34 kB[22m [2m│ gzip: 2.66 kB[22m
[33m@n8n/frontend-utils:build: [0m[34mℹ[39m [33m[CJS][39m [2mdist/[22msanitization.cjs            [2m0.62 kB[22m [2m│ gzip: 0.32 kB[22m
[33m@n8n/frontend-utils:build: [0m[34mℹ[39m [33m[CJS][39m [2mdist/[22msanitization.cjs.map        [2m0.57 kB[22m [2m│ gzip: 0.31 kB[22m
[33m@n8n/frontend-utils:build: [0m[34mℹ[39m [33m[CJS][39m 5 files, total: 12.23 kB
[33m@n8n/frontend-utils:build: [0m[34mℹ[39m [34m[ESM][39m [2mdist/[22m[1mhtmlUtils.mjs[22m                 [2m3.22 kB[22m [2m│ gzip: 1.44 kB[22m
[33m@n8n/frontend-utils:build: [0m[34mℹ[39m [34m[ESM][39m [2mdist/[22m[1mconstants/sanitization.mjs[22m    [2m0.15 kB[22m [2m│ gzip: 0.11 kB[22m
[33m@n8n/frontend-utils:build: [0m[34mℹ[39m [34m[ESM][39m [2mdist/[22mhtmlUtils.mjs.map             [2m6.27 kB[22m [2m│ gzip: 2.65 kB[22m
[33m@n8n/frontend-utils:build: [0m[34mℹ[39m [34m[ESM][39m [2mdist/[22msanitization.mjs.map          [2m0.57 kB[22m [2m│ gzip: 0.31 kB[22m
[33m@n8n/frontend-utils:build: [0m[34mℹ[39m [34m[ESM][39m [2mdist/[22msanitization.mjs              [2m0.41 kB[22m [2m│ gzip: 0.25 kB[22m
[33m@n8n/frontend-utils:build: [0m[34mℹ[39m [34m[ESM][39m [2mdist/[22m[32m[1mhtmlUtils.d.mts[22m[39m               [2m0.90 kB[22m [2m│ gzip: 0.42 kB[22m
[33m@n8n/frontend-utils:build: [0m[34mℹ[39m [34m[ESM][39m [2mdist/[22m[32m[1mconstants/sanitization.d.mts[22m[39m  [2m0.24 kB[22m [2m│ gzip: 0.17 kB[22m
[33m@n8n/frontend-utils:build: [0m[34mℹ[39m [34m[ESM][39m 7 files, total: 11.76 kB
[33m@n8n/frontend-utils:build: [0m[34mℹ[39m [33m[CJS][39m [2mdist/[22m[32m[1mhtmlUtils.d.cts[22m[39m               [2m0.90 kB[22m [2m│ gzip: 0.42 kB[22m
[33m@n8n/frontend-utils:build: [0m[34mℹ[39m [33m[CJS][39m [2mdist/[22m[32m[1mconstants/sanitization.d.cts[22m[39m  [2m0.24 kB[22m [2m│ gzip: 0.17 kB[22m
[33m@n8n/frontend-utils:build: [0m[34mℹ[39m [33m[CJS][39m 2 files, total: 1.15 kB
[33m@n8n/frontend-utils:build: [0m[32m✔[39m Build complete in [32m1561ms[39m
[34m@n8n/frontend-constants:build: [0mcache hit, replaying logs [2m998dbd3833a67f48[0m
[34m@n8n/frontend-constants:build: [0m
[34m@n8n/frontend-constants:build: [0m> @n8n/frontend-constants@0.4.0 build /Users/romeobalta/work/n8n/worktrees/nudge-manual-builders-to-aia/packages/frontend/@n8n/frontend-constants
[34m@n8n/frontend-constants:build: [0m> tsdown
[34m@n8n/frontend-constants:build: [0m
[34m@n8n/frontend-constants:build: [0m[34mℹ[39m tsdown [2mv0.16.5[22m powered by rolldown [2mv1.0.0-beta.50[22m
[34m@n8n/frontend-constants:build: [0m[34mℹ[39m Using tsdown config: [4m/Users/romeobalta/work/n8n/worktrees/nudge-manual-builders-to-aia/packages/frontend/@n8n/frontend-constants/tsdown.config.ts[24m
[34m@n8n/frontend-constants:build: [0m[34mℹ[39m entry: [34msrc/urls.ts, src/users.ts, src/versions.ts, src/views.ts, src/z-indexes.ts[39m
[34m@n8n/frontend-constants:build: [0m[34mℹ[39m tsconfig: [34mtsconfig.json[39m
[34m@n8n/frontend-constants:build: [0m[34mℹ[39m Build start
[34m@n8n/frontend-constants:build: [0m[34mℹ[39m Cleaning 30 files
[34m@n8n/frontend-constants:build: [0m[34mℹ[39m [33m[CJS][39m [2mdist/[22m[1mviews.cjs[22m          [2m5.04 kB[22m [2m│ gzip: 1.82 kB[22m
[34m@n8n/frontend-constants:build: [0m[34mℹ[39m [33m[CJS][39m [2mdist/[22m[1mz-indexes.cjs[22m      [2m1.01 kB[22m [2m│ gzip: 0.62 kB[22m
[34m@n8n/frontend-constants:build: [0m[34mℹ[39m [33m[CJS][39m [2mdist/[22m[1mversions.cjs[22m       [2m1.00 kB[22m [2m│ gzip: 0.48 kB[22m
[34m@n8n/frontend-constants:build: [0m[34mℹ[39m [33m[CJS][39m [2mdist/[22m[1murls.cjs[22m           [2m0.26 kB[22m [2m│ gzip: 0.21 kB[22m
[34m@n8n/frontend-constants:build: [0m[34mℹ[39m [33m[CJS][39m [2mdist/[22m[1musers.cjs[22m          [2m0.19 kB[22m [2m│ gzip: 0.15 kB[22m
[34m@n8n/frontend-constants:build: [0m[34mℹ[39m [33m[CJS][39m [2mdist/[22mviews.cjs.map      [2m4.77 kB[22m [2m│ gzip: 1.79 kB[22m
[34m@n8n/frontend-constants:build: [0m[34mℹ[39m [33m[CJS][39m [2mdist/[22mz-indexes.cjs.map  [2m1.58 kB[22m [2m│ gzip: 0.90 kB[22m
[34m@n8n/frontend-constants:build: [0m[34mℹ[39m [33m[CJS][39m [2mdist/[22mversions.cjs.map   [2m0.88 kB[22m [2m│ gzip: 0.52 kB[22m
[34m@n8n/frontend-constants:build: [0m[34mℹ[39m [33m[CJS][39m [2mdist/[22murls.cjs.map       [2m0.28 kB[22m [2m│ gzip: 0.24 kB[22m
[34m@n8n/frontend-constants:build: [0m[34mℹ[39m [33m[CJS][39m [2mdist/[22musers.cjs.map      [2m0.19 kB[22m [2m│ gzip: 0.18 kB[22m
[34m@n8n/frontend-constants:build: [0m[34mℹ[39m [33m[CJS][39m 10 files, total: 15.19 kB
[34m@n8n/frontend-constants:build: [0m[34mℹ[39m [33m[CJS][39m [2mdist/[22m[32m[1mviews.d.cts[22m[39m      [2m3.14 kB[22m [2m│ gzip: 1.14 kB[22m
[34m@n8n/frontend-constants:build: [0m[34mℹ[39m [33m[CJS][39m [2mdist/[22m[32m[1mz-indexes.d.cts[22m[39m  [2m0.95 kB[22m [2m│ gzip: 0.42 kB[22m
[34m@n8n/frontend-constants:build: [0m[34mℹ[39m [33m[CJS][39m [2mdist/[22m[32m[1mversions.d.cts[22m[39m   [2m0.49 kB[22m [2m│ gzip: 0.23 kB[22m
[34m@n8n/frontend-constants:build: [0m[34mℹ[39m [33m[CJS][39m [2mdist/[22m[32m[1musers.d.cts[22m[39m      [2m0.17 kB[22m [2m│ gzip: 0.15 kB[22m
[34m@n8n/frontend-constants:build: [0m[34mℹ[39m [33m[CJS][39m [2mdist/[22m[32m[1murls.d.cts[22m[39m       [2m0.17 kB[22m [2m│ gzip: 0.15 kB[22m
[34m@n8n/frontend-constants:build: [0m[34mℹ[39m [33m[CJS][39m 5 files, total: 4.92 kB
[34m@n8n/frontend-constants:build: [0m[34mℹ[39m [34m[ESM][39m [2mdist/[22m[1mviews.mjs[22m          [2m5.03 kB[22m [2m│ gzip: 1.82 kB[22m
[34m@n8n/frontend-constants:build: [0m[34mℹ[39m [34m[ESM][39m [2mdist/[22m[1mz-indexes.mjs[22m      [2m1.00 kB[22m [2m│ gzip: 0.62 kB[22m
[34m@n8n/frontend-constants:build: [0m[34mℹ[39m [34m[ESM][39m [2mdist/[22m[1mversions.mjs[22m       [2m0.85 kB[22m [2m│ gzip: 0.47 kB[22m
[34m@n8n/frontend-constants:build: [0m[34mℹ[39m [34m[ESM][39m [2mdist/[22m[1murls.mjs[22m           [2m0.24 kB[22m [2m│ gzip: 0.21 kB[22m
[34m@n8n/frontend-constants:build: [0m[34mℹ[39m [34m[ESM][39m [2mdist/[22m[1musers.mjs[22m          [2m0.16 kB[22m [2m│ gzip: 0.15 kB[22m
[34m@n8n/frontend-constants:build: [0m[34mℹ[39m [34m[ESM][39m [2mdist/[22mviews.mjs.map      [2m4.76 kB[22m [2m│ gzip: 1.79 kB[22m
[34m@n8n/frontend-constants:build: [0m[34mℹ[39m [34m[ESM][39m [2mdist/[22mz-indexes.mjs.map  [2m1.58 kB[22m [2m│ gzip: 0.90 kB[22m
[34m@n8n/frontend-constants:build: [0m[34mℹ[39m [34m[ESM][39m [2mdist/[22mversions.mjs.map   [2m0.88 kB[22m [2m│ gzip: 0.52 kB[22m
[34m@n8n/frontend-constants:build: [0m[34mℹ[39m [34m[ESM][39m [2mdist/[22murls.mjs.map       [2m0.28 kB[22m [2m│ gzip: 0.24 kB[22m
[34m@n8n/frontend-constants:build: [0m[34mℹ[39m [34m[ESM][39m [2mdist/[22musers.mjs.map      [2m0.19 kB[22m [2m│ gzip: 0.18 kB[22m
[34m@n8n/frontend-constants:build: [0m[34mℹ[39m [34m[ESM][39m [2mdist/[22m[32m[1mviews.d.mts[22m[39m        [2m3.14 kB[22m [2m│ gzip: 1.14 kB[22m
[34m@n8n/frontend-constants:build: [0m[34mℹ[39m [34m[ESM][39m [2mdist/[22m[32m[1mz-indexes.d.mts[22m[39m    [2m0.95 kB[22m [2m│ gzip: 0.42 kB[22m
[34m@n8n/frontend-constants:build: [0m[34mℹ[39m [34m[ESM][39m [2mdist/[22m[32m[1mversions.d.mts[22m[39m     [2m0.49 kB[22m [2m│ gzip: 0.23 kB[22m
[34m@n8n/frontend-constants:build: [0m[34mℹ[39m [34m[ESM][39m [2mdist/[22m[32m[1musers.d.mts[22m[39m        [2m0.17 kB[22m [2m│ gzip: 0.15 kB[22m
[34m@n8n/frontend-constants:build: [0m[34mℹ[39m [34m[ESM][39m [2mdist/[22m[32m[1murls.d.mts[22m[39m         [2m0.17 kB[22m [2m│ gzip: 0.15 kB[22m
[34m@n8n/frontend-constants:build: [0m[34mℹ[39m [34m[ESM][39m 15 files, total: 19.88 kB
[34m@n8n/frontend-constants:build: [0m[32m✔[39m Build complete in [32m1348ms[39m
[36m@n8n/engine:test: [0mcache hit, replaying logs [2m0e35e5b66dd4e427[0m
[36m@n8n/engine:test: [0m
[36m@n8n/engine:test: [0m> @n8n/engine@0.16.0 test /Users/romeobalta/work/n8n/worktrees/nudge-manual-builders-to-aia/packages/@n8n/engine
[36m@n8n/engine:test: [0m> vitest run --passWithNoTests
[36m@n8n/engine:test: [0m
[36m@n8n/engine:test: [0m
[36m@n8n/engine:test: [0m[1m[30m[46m RUN [49m[39m[22m [36mv4.1.9 [39m[90m/Users/romeobalta/work/n8n/worktrees/nudge-manual-builders-to-aia/packages/@n8n/engine[39m
[36m@n8n/engine:test: [0m
[36m@n8n/engine:test: [0m [32m✓[39m src/execution/__tests__/completion.test.ts [2m([22m[2m7 tests[22m[2m)[22m[32m 2[2mms[22m[39m
[36m@n8n/engine:test: [0m [32m✓[39m src/graph/__tests__/workflow-graph-queries.test.ts [2m([22m[2m13 tests[22m[2m)[22m[32m 3[2mms[22m[39m
[36m@n8n/engine:test: [0m [32m✓[39m src/graph/__tests__/loops.test.ts [2m([22m[2m25 tests[22m[2m)[22m[32m 6[2mms[22m[39m
[36m@n8n/engine:test: [0m [32m✓[39m src/graph/__tests__/validate-executable-graph.test.ts [2m([22m[2m15 tests[22m[2m)[22m[32m 6[2mms[22m[39m
[36m@n8n/engine:test: [0m [32m✓[39m src/execution/__tests__/execution-start-handler.test.ts [2m([22m[2m6 tests[22m[2m)[22m[32m 6[2mms[22m[39m
[36m@n8n/engine:test: [0m [32m✓[39m src/execution/__tests__/iteration-mapping.test.ts [2m([22m[2m12 tests[22m[2m)[22m[32m 3[2mms[22m[39m
[36m@n8n/engine:test: [0m [32m✓[39m src/execution/__tests__/start-execution.service.test.ts [2m([22m[2m5 tests[22m[2m)[22m[32m 5[2mms[22m[39m
[36m@n8n/engine:test: [0m [32m✓[39m src/execution/__tests__/loop-ledger.test.ts [2m([22m[2m15 tests[22m[2m)[22m[32m 5[2mms[22m[39m
[36m@n8n/engine:test: [0m [32m✓[39m src/execution/__tests__/settlement.test.ts [2m([22m[2m17 tests[22m[2m)[22m[32m 14[2mms[22m[39m
[36m@n8n/engine:test: [0m [32m✓[39m src/execution/__tests__/step-settled-handler.test.ts [2m([22m[2m20 tests[22m[2m)[22m[32m 10[2mms[22m[39m
[36m@n8n/engine:test: [0m [32m✓[39m src/execution/__tests__/step-ready-handler.test.ts [2m([22m[2m27 tests[22m[2m)[22m[32m 18[2mms[22m[39m
[36m@n8n/engine:test: [0m [32m✓[39m src/queue/__tests__/in-memory-work-queue.test.ts [2m([22m[2m5 tests[22m[2m)[22m[32m 2[2mms[22m[39m
[36m@n8n/engine:test: [0m [32m✓[39m src/execution/__tests__/step-worker.test.ts [2m([22m[2m1 test[22m[2m)[22m[32m 2[2mms[22m[39m
[36m@n8n/engine:test: [0m [32m✓[39m src/admittance/__tests__/allow-all-admittance.test.ts [2m([22m[2m1 test[22m[2m)[22m[32m 1[2mms[22m[39m
[36m@n8n/engine:test: [0m [32m✓[39m src/runtime/__tests__/create-engine-runtime.test.ts [2m([22m[2m4 tests[22m[2m)[22m[32m 18[2mms[22m[39m
[36m@n8n/engine:test: [0m
[36m@n8n/engine:test: [0m[2m Test Files [22m [1m[32m15 passed[39m[22m[90m (15)[39m
[36m@n8n/engine:test: [0m[2m      Tests [22m [1m[32m173 passed[39m[22m[90m (173)[39m
[36m@n8n/engine:test: [0m[2m   Start at [22m 13:23:27
[36m@n8n/engine:test: [0m[2m   Duration [22m 615ms[2m (transform 916ms, setup 0ms, import 1.47s, tests 104ms, environment 1ms)[22m
[36m@n8n/engine:test: [0m
[35m@n8n/local-gateway:test: [0mcache hit, replaying logs [2m866021123e0bebcb[0m
[35m@n8n/local-gateway:test: [0m
[35m@n8n/local-gateway:test: [0m> @n8n/local-gateway@0.1.0 test /Users/romeobalta/work/n8n/worktrees/nudge-manual-builders-to-aia/packages/@n8n/local-gateway
[35m@n8n/local-gateway:test: [0m> vitest run
[35m@n8n/local-gateway:test: [0m
[35m@n8n/local-gateway:test: [0m
[35m@n8n/local-gateway:test: [0m[1m[30m[46m RUN [49m[39m[22m [36mv4.1.9 [39m[90m/Users/romeobalta/work/n8n/worktrees/nudge-manual-builders-to-aia/packages/@n8n/local-gateway[39m
[35m@n8n/local-gateway:test: [0m
[35m@n8n/local-gateway:test: [0m [32m✓[39m src/main/connect-payload.test.ts [2m([22m[2m13 tests[22m[2m)[22m[32m 3[2mms[22m[39m
[35m@n8n/local-gateway:test: [0m [32m✓[39m src/main/daemon-controller.test.ts [2m([22m[2m9 tests[22m[2m)[22m[32m 5[2mms[22m[39m
[35m@n8n/local-gateway:test: [0m [32m✓[39m src/main/ipc-handlers.test.ts [2m([22m[2m6 tests[22m[2m)[22m[32m 3[2mms[22m[39m
[35m@n8n/local-gateway:test: [0m [32m✓[39m src/main/settings-store.test.ts [2m([22m[2m4 tests[22m[2m)[22m[32m 3[2mms[22m[39m
[35m@n8n/local-gateway:test: [0m [32m✓[39m src/main/connect-origin.test.ts [2m([22m[2m3 tests[22m[2m)[22m[32m 2[2mms[22m[39m
[35m@n8n/local-gateway:test: [0m
[35m@n8n/local-gateway:test: [0m[2m Test Files [22m [1m[32m5 passed[39m[22m[90m (5)[39m
[35m@n8n/local-gateway:test: [0m[2m      Tests [22m [1m[32m35 passed[39m[22m[90m (35)[39m
[35m@n8n/local-gateway:test: [0m[2m   Start at [22m 13:23:31
[35m@n8n/local-gateway:test: [0m[2m   Duration [22m 160ms[2m (transform 212ms, setup 0ms, import 269ms, tests 17ms, environment 0ms)[22m
[35m@n8n/local-gateway:test: [0m
[32mn8n-workflow:build: [0mcache hit, replaying logs [2m364bb12f5e980cea[0m
[32mn8n-workflow:build: [0m
[32mn8n-workflow:build: [0m> n8n-workflow@2.36.0 build /Users/romeobalta/work/n8n/worktrees/nudge-manual-builders-to-aia/packages/workflow
[32mn8n-workflow:build: [0m> tsc --build tsconfig.build.esm.json tsconfig.build.cjs.json
[32mn8n-workflow:build: [0m
[33m@n8n/utils:test: [0mcache hit, replaying logs [2m26ad6280171915f2[0m
[33m@n8n/utils:test: [0m
[33m@n8n/utils:test: [0m> @n8n/utils@1.44.0 test /Users/romeobalta/work/n8n/worktrees/nudge-manual-builders-to-aia/packages/@n8n/utils
[33m@n8n/utils:test: [0m> vitest run
[33m@n8n/utils:test: [0m
[33m@n8n/utils:test: [0m
[33m@n8n/utils:test: [0m[1m[30m[46m RUN [49m[39m[22m [36mv4.1.9 [39m[90m/Users/romeobalta/work/n8n/worktrees/nudge-manual-builders-to-aia/packages/@n8n/utils[39m
[33m@n8n/utils:test: [0m
[33m@n8n/utils:test: [0m [32m✓[39m src/format-pem-block.test.ts [2m([22m[2m14 tests[22m[2m)[22m[32m 4[2mms[22m[39m
[33m@n8n/utils:test: [0m [32m✓[39m src/json/to-json-value.test.ts [2m([22m[2m34 tests[22m[2m)[22m[32m 5[2mms[22m[39m
[33m@n8n/utils:test: [0m [32m✓[39m src/client-assertion.test.ts [2m([22m[2m5 tests[22m[2m)[22m[32m 7[2mms[22m[39m
[33m@n8n/utils:test: [0m [32m✓[39m src/files/sanitize-filename.test.ts [2m([22m[2m8 tests[22m[2m)[22m[32m 5[2mms[22m[39m
[33m@n8n/utils:test: [0m [32m✓[39m src/placeholder.test.ts [2m([22m[2m30 tests[22m[2m)[22m[32m 5[2mms[22m[39m
[33m@n8n/utils:test: [0m [32m✓[39m src/scrub-secrets.test.ts [2m([22m[2m22 tests[22m[2m)[22m[32m 5[2mms[22m[39m
[33m@n8n/utils:test: [0m [32m✓[39m src/retry.test.ts [2m([22m[2m5 tests[22m[2m)[22m[32m 19[2mms[22m[39m
[33m@n8n/utils:test: [0m [32m✓[39m src/create-event-queue.test.ts [2m([22m[2m4 tests[22m[2m)[22m[32m 9[2mms[22m[39m
[33m@n8n/utils:test: [0m [32m✓[39m src/string/truncate.test.ts [2m([22m[2m6 tests[22m[2m)[22m[32m 11[2mms[22m[39m
[33m@n8n/utils:test: [0m [32m✓[39m src/search/re-rank-search-results.test.ts [2m([22m[2m6 tests[22m[2m)[22m[32m 11[2mms[22m[39m
[33m@n8n/utils:test: [0m [32m✓[39m src/event-bus.test.ts [2m([22m[2m5 tests[22m[2m)[22m[32m 7[2mms[22m[39m
[33m@n8n/utils:test: [0m [32m✓[39m src/files/is-windows-file-path.test.ts [2m([22m[2m10 tests[22m[2m)[22m[32m 3[2mms[22m[39m
[33m@n8n/utils:test: [0m [32m✓[39m src/number/smart-decimal.test.ts [2m([22m[2m11 tests[22m[2m)[22m[32m 3[2mms[22m[39m
[33m@n8n/utils:test: [0m [32m✓[39m src/sleep.test.ts [2m([22m[2m7 tests[22m[2m)[22m[32m 20[2mms[22m[39m
[33m@n8n/utils:test: [0m [32m✓[39m src/errors/error-chain.test.ts [2m([22m[2m7 tests[22m[2m)[22m[32m 7[2mms[22m[39m
[33m@n8n/utils:test: [0m [32m✓[39m src/search/sublime-search.test.ts [2m([22m[2m5 tests[22m[2m)[22m[32m 6[2mms[22m[39m
[33m@n8n/utils:test: [0m [32m✓[39m src/result.test.ts [2m([22m[2m5 tests[22m[2m)[22m[32m 3[2mms[22m[39m
[33m@n8n/utils:test: [0m [32m✓[39m src/sort/sort-by-property.test.ts [2m([22m[2m4 tests[22m[2m)[22m[32m 10[2mms[22m[39m
[33m@n8n/utils:test: [0m [32m✓[39m src/get-jwt-expiry.test.ts [2m([22m[2m5 tests[22m[2m)[22m[32m 2[2mms[22m[39m
[33m@n8n/utils:test: [0m [32m✓[39m src/errors/ensure-error.test.ts [2m([22m[2m4 tests[22m[2m)[22m[32m 2[2mms[22m[39m
[33m@n8n/utils:test: [0m [32m✓[39m src/promise/deferred-promise.test.ts [2m([22m[2m2 tests[22m[2m)[22m[32m 5[2mms[22m[39m
[33m@n8n/utils:test: [0m [32m✓[39m src/number/bytes.test.ts [2m([22m[2m15 tests[22m[2m)[22m[32m 3[2mms[22m[39m
[33m@n8n/utils:test: [0m [32m✓[39m src/json/json-size-exceeds.test.ts [2m([22m[2m98 tests[22m[2m)[22m[33m 1209[2mms[22m[39m
[33m@n8n/utils:test: [0m
[33m@n8n/utils:test: [0m[2m Test Files [22m [1m[32m23 passed[39m[22m[90m (23)[39m
[33m@n8n/utils:test: [0m[2m      Tests [22m [1m[32m312 passed[39m[22m[90m (312)[39m
[33m@n8n/utils:test: [0m[2m   Start at [22m 13:23:29
[33m@n8n/utils:test: [0m[2m   Duration [22m 2.11s[2m (transform 834ms, setup 2.48s, import 1.06s, tests 1.36s, environment 10.29s)[22m
[33m@n8n/utils:test: [0m
[34m@n8n/telemetry:test: [0mcache hit, replaying logs [2m152c744e6720ac50[0m
[34m@n8n/telemetry:test: [0m
[34m@n8n/telemetry:test: [0m> @n8n/telemetry@1.4.0 test /Users/romeobalta/work/n8n/worktrees/nudge-manual-builders-to-aia/packages/@n8n/telemetry
[34m@n8n/telemetry:test: [0m> vitest run
[34m@n8n/telemetry:test: [0m
[34m@n8n/telemetry:test: [0m
[34m@n8n/telemetry:test: [0m[1m[30m[46m RUN [49m[39m[22m [36mv4.1.9 [39m[90m/Users/romeobalta/work/n8n/worktrees/nudge-manual-builders-to-aia/packages/@n8n/telemetry[39m
[34m@n8n/telemetry:test: [0m
[34m@n8n/telemetry:test: [0m [32m✓[39m src/__tests__/define.test.ts [2m([22m[2m3 tests[22m[2m)[22m[32m 3[2mms[22m[39m
[34m@n8n/telemetry:test: [0m [32m✓[39m src/__tests__/catalog.test.ts [2m([22m[2m3 tests[22m[2m)[22m[32m 3[2mms[22m[39m
[34m@n8n/telemetry:test: [0m [32m✓[39m src/__tests__/validate.test.ts [2m([22m[2m8 tests[22m[2m)[22m[32m 4[2mms[22m[39m
[34m@n8n/telemetry:test: [0m [32m✓[39m src/__tests__/registry-checks.test.ts [2m([22m[2m10 tests[22m[2m)[22m[32m 7[2mms[22m[39m
[34m@n8n/telemetry:test: [0m
[34m@n8n/telemetry:test: [0m[2m Test Files [22m [1m[32m4 passed[39m[22m[90m (4)[39m
[34m@n8n/telemetry:test: [0m[2m      Tests [22m [1m[32m24 passed[39m[22m[90m (24)[39m
[34m@n8n/telemetry:test: [0m[2m   Start at [22m 13:23:34
[34m@n8n/telemetry:test: [0m[2m   Duration [22m 200ms[2m (transform 150ms, setup 0ms, import 311ms, tests 17ms, environment 0ms)[22m
[34m@n8n/telemetry:test: [0m
[36m@n8n/frontend-utils:test: [0mcache hit, replaying logs [2m40f65e5cfa7c2c20[0m
[36m@n8n/frontend-utils:test: [0m
[36m@n8n/frontend-utils:test: [0m> @n8n/frontend-utils@0.4.0 test /Users/romeobalta/work/n8n/worktrees/nudge-manual-builders-to-aia/packages/frontend/@n8n/frontend-utils
[36m@n8n/frontend-utils:test: [0m> vitest run
[36m@n8n/frontend-utils:test: [0m
[36m@n8n/frontend-utils:test: [0m
[36m@n8n/frontend-utils:test: [0m[1m[30m[46m RUN [49m[39m[22m [36mv4.1.9 [39m[90m/Users/romeobalta/work/n8n/worktrees/nudge-manual-builders-to-aia/packages/frontend/@n8n/frontend-utils[39m
[36m@n8n/frontend-utils:test: [0m
[36m@n8n/frontend-utils:test: [0m [32m✓[39m src/htmlUtils.test.ts [2m([22m[2m35 tests[22m[2m)[22m[32m 6[2mms[22m[39m
[36m@n8n/frontend-utils:test: [0m
[36m@n8n/frontend-utils:test: [0m[2m Test Files [22m [1m[32m1 passed[39m[22m[90m (1)[39m
[36m@n8n/frontend-utils:test: [0m[2m      Tests [22m [1m[32m35 passed[39m[22m[90m (35)[39m
[36m@n8n/frontend-utils:test: [0m[2m   Start at [22m 13:23:33
[36m@n8n/frontend-utils:test: [0m[2m   Duration [22m 605ms[2m (transform 36ms, setup 333ms, import 39ms, tests 6ms, environment 153ms)[22m
[36m@n8n/frontend-utils:test: [0m
[35m@n8n/frontend-constants:test: [0mcache hit, replaying logs [2m08070a5152f392ed[0m
[35m@n8n/frontend-constants:test: [0m
[35m@n8n/frontend-constants:test: [0m> @n8n/frontend-constants@0.4.0 test /Users/romeobalta/work/n8n/worktrees/nudge-manual-builders-to-aia/packages/frontend/@n8n/frontend-constants
[35m@n8n/frontend-constants:test: [0m> vitest run
[35m@n8n/frontend-constants:test: [0m
[35m@n8n/frontend-constants:test: [0m
[35m@n8n/frontend-constants:test: [0m[1m[30m[46m RUN [49m[39m[22m [36mv4.1.9 [39m[90m/Users/romeobalta/work/n8n/worktrees/nudge-manual-builders-to-aia/packages/frontend/@n8n/frontend-constants[39m
[35m@n8n/frontend-constants:test: [0m
[35m@n8n/frontend-constants:test: [0m [32m✓[39m src/views.test.ts [2m([22m[2m2 tests[22m[2m)[22m[32m 1[2mms[22m[39m
[35m@n8n/frontend-constants:test: [0m
[35m@n8n/frontend-constants:test: [0m[2m Test Files [22m [1m[32m1 passed[39m[22m[90m (1)[39m
[35m@n8n/frontend-constants:test: [0m[2m      Tests [22m [1m[32m2 passed[39m[22m[90m (2)[39m
[35m@n8n/frontend-constants:test: [0m[2m   Start at [22m 13:23:32
[35m@n8n/frontend-constants:test: [0m[2m   Duration [22m 91ms[2m (transform 15ms, setup 0ms, import 20ms, tests 1ms, environment 0ms)[22m
[35m@n8n/frontend-constants:test: [0m
[32m@n8n/i18n:build: [0mcache hit, replaying logs [2m4f701aed73276018[0m
[32m@n8n/i18n:build: [0m
[32m@n8n/i18n:build: [0m> @n8n/i18n@2.36.0 build /Users/romeobalta/work/n8n/worktrees/nudge-manual-builders-to-aia/packages/frontend/@n8n/i18n
[32m@n8n/i18n:build: [0m> tsdown
[32m@n8n/i18n:build: [0m
[32m@n8n/i18n:build: [0m[34mℹ[39m tsdown [2mv0.16.5[22m powered by rolldown [2mv1.0.0-beta.50[22m
[32m@n8n/i18n:build: [0m[34mℹ[39m Using tsdown config: [4m/Users/romeobalta/work/n8n/worktrees/nudge-manual-builders-to-aia/packages/frontend/@n8n/i18n/tsdown.config.ts[24m
[32m@n8n/i18n:build: [0m[34mℹ[39m entry: [34msrc/index.ts, src/types.ts, src/utils.ts[39m
[32m@n8n/i18n:build: [0m[34mℹ[39m tsconfig: [34mtsconfig.json[39m
[32m@n8n/i18n:build: [0m[34mℹ[39m Build start
[32m@n8n/i18n:build: [0m[34mℹ[39m Cleaning 20 files
[32m@n8n/i18n:build: [0m[34mℹ[39m [33m[CJS][39m [2mdist/[22m[1mindex.cjs[22m       [2m669.45 kB[22m [2m│ gzip: 146.42 kB[22m
[32m@n8n/i18n:build: [0m[34mℹ[39m [33m[CJS][39m [2mdist/[22m[1mutils.cjs[22m       [2m  0.29 kB[22m [2m│ gzip:   0.15 kB[22m
[32m@n8n/i18n:build: [0m[34mℹ[39m [33m[CJS][39m [2mdist/[22m[1mtypes.cjs[22m       [2m  0.00 kB[22m [2m│ gzip:   0.02 kB[22m
[32m@n8n/i18n:build: [0m[34mℹ[39m [33m[CJS][39m [2mdist/[22mindex.cjs.map   [2m838.72 kB[22m [2m│ gzip: 163.63 kB[22m
[32m@n8n/i18n:build: [0m[34mℹ[39m [33m[CJS][39m [2mdist/[22mutils2.cjs.map  [2m  3.42 kB[22m [2m│ gzip:   1.35 kB[22m
[32m@n8n/i18n:build: [0m[34mℹ[39m [33m[CJS][39m [2mdist/[22mutils2.cjs      [2m  2.69 kB[22m [2m│ gzip:   1.02 kB[22m
[32m@n8n/i18n:build: [0m[34mℹ[39m [33m[CJS][39m 6 files, total: 1514.58 kB
[32m@n8n/i18n:build: [0m[34mℹ[39m [33m[CJS][39m [2mdist/[22m[32m[1mindex.d.cts[22m[39m   [2m  3.98 kB[22m [2m│ gzip:  1.05 kB[22m
[32m@n8n/i18n:build: [0m[34mℹ[39m [33m[CJS][39m [2mdist/[22m[32m[1mutils.d.cts[22m[39m   [2m  0.46 kB[22m [2m│ gzip:  0.25 kB[22m
[32m@n8n/i18n:build: [0m[34mℹ[39m [33m[CJS][39m [2mdist/[22m[32m[1mtypes.d.cts[22m[39m   [2m  0.20 kB[22m [2m│ gzip:  0.14 kB[22m
[32m@n8n/i18n:build: [0m[34mℹ[39m [33m[CJS][39m [2mdist/[22m[32mtypes2.d.cts[39m  [2m428.21 kB[22m [2m│ gzip: 55.01 kB[22m
[32m@n8n/i18n:build: [0m[34mℹ[39m [33m[CJS][39m 4 files, total: 432.85 kB
[32m@n8n/i18n:build: [0m[34mℹ[39m [34m[ESM][39m [2mdist/[22m[1mindex.mjs[22m       [2m669.06 kB[22m [2m│ gzip: 146.41 kB[22m
[32m@n8n/i18n:build: [0m[34mℹ[39m [34m[ESM][39m [2mdist/[22m[1mutils.mjs[22m       [2m  0.22 kB[22m [2m│ gzip:   0.15 kB[22m
[32m@n8n/i18n:build: [0m[34mℹ[39m [34m[ESM][39m [2mdist/[22m[1mtypes.mjs[22m       [2m  0.01 kB[22m [2m│ gzip:   0.03 kB[22m
[32m@n8n/i18n:build: [0m[34mℹ[39m [34m[ESM][39m [2mdist/[22mindex.mjs.map   [2m838.63 kB[22m [2m│ gzip: 163.56 kB[22m
[32m@n8n/i18n:build: [0m[34mℹ[39m [34m[ESM][39m [2mdist/[22mutils2.mjs.map  [2m  3.42 kB[22m [2m│ gzip:   1.35 kB[22m
[32m@n8n/i18n:build: [0m[34mℹ[39m [34m[ESM][39m [2mdist/[22mutils2.mjs      [2m  2.27 kB[22m [2m│ gzip:   0.96 kB[22m
[32m@n8n/i18n:build: [0m[34mℹ[39m [34m[ESM][39m [2mdist/[22m[32m[1mindex.d.mts[22m[39m     [2m  3.98 kB[22m [2m│ gzip:   1.05 kB[22m
[32m@n8n/i18n:build: [0m[34mℹ[39m [34m[ESM][39m [2mdist/[22m[32m[1mutils.d.mts[22m[39m     [2m  0.46 kB[22m [2m│ gzip:   0.25 kB[22m
[32m@n8n/i18n:build: [0m[34mℹ[39m [34m[ESM][39m [2mdist/[22m[32m[1mtypes.d.mts[22m[39m     [2m  0.20 kB[22m [2m│ gzip:   0.14 kB[22m
[32m@n8n/i18n:build: [0m[34mℹ[39m [34m[ESM][39m [2mdist/[22m[32mtypes2.d.mts[39m    [2m428.21 kB[22m [2m│ gzip:  55.01 kB[22m
[32m@n8n/i18n:build: [0m[34mℹ[39m [34m[ESM][39m 10 files, total: 1946.45 kB
[32m@n8n/i18n:build: [0m[32m✔[39m Build complete in [32m3167ms[39m
[33m@n8n/eslint-plugin-community-nodes:build: [0mcache hit, replaying logs [2me48111bda65ed76c[0m
[33m@n8n/eslint-plugin-community-nodes:build: [0m
[33m@n8n/eslint-plugin-community-nodes:build: [0m> @n8n/eslint-plugin-community-nodes@0.29.0 build /Users/romeobalta/work/n8n/worktrees/nudge-manual-builders-to-aia/packages/@n8n/eslint-plugin-community-nodes
[33m@n8n/eslint-plugin-community-nodes:build: [0m> tsc --project tsconfig.build.json
[33m@n8n/eslint-plugin-community-nodes:build: [0m
[34m@n8n/scheduler:build: [0mcache hit, replaying logs [2m0ca52aeccc7cbcd3[0m
[34m@n8n/scheduler:build: [0m
[34m@n8n/scheduler:build: [0m> @n8n/scheduler@1.5.0 build /Users/romeobalta/work/n8n/worktrees/nudge-manual-builders-to-aia/packages/@n8n/scheduler
[34m@n8n/scheduler:build: [0m> tsc -p tsconfig.build.json
[34m@n8n/scheduler:build: [0m
[36mn8n-workflow:test: [0mcache hit, replaying logs [2m76d7035ccab74f0f[0m
[36mn8n-workflow:test: [0m
[36mn8n-workflow:test: [0m> n8n-workflow@2.36.0 test /Users/romeobalta/work/n8n/worktrees/nudge-manual-builders-to-aia/packages/workflow
[36mn8n-workflow:test: [0m> vitest run
[36mn8n-workflow:test: [0m
[36mn8n-workflow:test: [0m
[36mn8n-workflow:test: [0m[1m[30m[46m RUN [49m[39m[22m [36mv4.1.9 [39m[90m/Users/romeobalta/work/n8n/worktrees/nudge-manual-builders-to-aia/packages/workflow[39m
[36mn8n-workflow:test: [0m
[36mn8n-workflow:test: [0m [32m✓[39m [30m[42m legacy-engine [49m[39m test/filter-parameter.test.ts [2m([22m[2m238 tests[22m[2m)[22m[32m 28[2mms[22m[39m
[36mn8n-workflow:test: [0m [32m✓[39m [30m[42m legacy-engine [49m[39m test/node-helpers.conditions.test.ts [2m([22m[2m31 tests[22m[2m)[22m[32m 8[2mms[22m[39m
[36mn8n-workflow:test: [0m [32m✓[39m [30m[42m legacy-engine [49m[39m test/node-helpers.test.ts [2m([22m[2m236 tests[22m[2m)[22m[32m 27[2mms[22m[39m
[36mn8n-workflow:test: [0m [32m✓[39m [30m[42m legacy-engine [49m[39m test/augment-object.test.ts [2m([22m[2m42 tests[22m[2m)[22m[32m 98[2mms[22m[39m
[36mn8n-workflow:test: [0m [32m✓[39m [30m[42m legacy-engine [49m[39m test/expression-sandboxing.test.ts [2m([22m[2m179 tests[22m[2m)[22m[32m 213[2mms[22m[39m
[36mn8n-workflow:test: [0m [32m✓[39m [30m[42m legacy-engine [49m[39m test/telemetry-helpers.test.ts [2m([22m[2m119 tests[22m[2m)[22m[32m 25[2mms[22m[39m
[36mn8n-workflow:test: [0m [32m✓[39m [30m[42m legacy-engine [49m[39m test/workflow-data-proxy.test.ts [2m([22m[2m172 tests[22m[2m)[22m[32m 62[2mms[22m[39m
[36mn8n-workflow:test: [0m [32m✓[39m [30m[42m legacy-engine [49m[39m test/utils.test.ts [2m([22m[2m127 tests[22m[2m)[22m[32m 18[2mms[22m[39m
[36mn8n-workflow:test: [0m [32m✓[39m [30m[42m legacy-engine [49m[39m test/node-parameters/parameter-type-validation.test.ts [2m([22m[2m67 tests[22m[2m)[22m[32m 18[2mms[22m[39m
[36mn8n-workflow:test: [0m [32m✓[39m [30m[42m legacy-engine [49m[39m test/node-reference-parser-utils.test.ts [2m([22m[2m54 tests[22m[2m)[22m[32m 19[2mms[22m[39m
[36mn8n-workflow:test: [0m [32m✓[39m [30m[42m legacy-engine [49m[39m test/credential-domain-restrictions.test.ts [2m([22m[2m76 tests[22m[2m)[22m[32m 8[2mms[22m[39m
[36mn8n-workflow:test: [0m [32m✓[39m [30m[42m legacy-engine [49m[39m test/node-grouping-validation.test.ts [2m([22m[2m47 tests[22m[2m)[22m[32m 7[2mms[22m[39m
[36mn8n-workflow:test: [0m [32m✓[39m [30m[42m legacy-engine [49m[39m test/workflow-diff.test.ts [2m([22m[2m150 tests[22m[2m)[22m[32m 42[2mms[22m[39m
[36mn8n-workflow:test: [0m [32m✓[39m [30m[42m legacy-engine [49m[39m test/graph/graph-utils.test.ts [2m([22m[2m36 tests[22m[2m)[22m[32m 8[2mms[22m[39m
[36mn8n-workflow:test: [0m [32m✓[39m [30m[42m legacy-engine [49m[39m test/workflow.test.ts [2m([22m[2m132 tests[22m[2m)[22m[32m 99[2mms[22m[39m
[36mn8n-workflow:test: [0m [32m✓[39m [30m[42m legacy-engine [49m[39m test/type-validation.test.ts [2m([22m[2m42 tests[22m[2m)[22m[32m 45[2mms[22m[39m
[36mn8n-workflow:test: [0m [32m✓[39m [30m[42m legacy-engine [49m[39m test/from-ai-parse-utils.test.ts [2m([22m[2m76 tests[22m[2m)[22m[32m 14[2mms[22m[39m
[36mn8n-workflow:test: [0m [32m✓[39m [30m[42m legacy-engine [49m[39m test/find-ai-root-node-names.test.ts [2m([22m[2m49 tests[22m[2m)[22m[32m 4[2mms[22m[39m
[36mn8n-workflow:test: [0m [32m✓[39m [30m[42m legacy-engine [49m[39m test/get-child-nodes.test.ts [2m([22m[2m22 tests[22m[2m)[22m[32m 30[2mms[22m[39m
[36mn8n-workflow:test: [0m [32m✓[39m [30m[42m legacy-engine [49m[39m test/node-errors.test.ts [2m([22m[2m28 tests[22m[2m)[22m[32m 6[2mms[22m[39m
[36mn8n-workflow:test: [0m [32m✓[39m [30m[42m legacy-engine [49m[39m test/workflow-checksum.test.ts [2m([22m[2m16 tests[22m[2m)[22m[32m 28[2mms[22m[39m
[36mn8n-workflow:test: [0m [32m✓[39m [30m[42m legacy-engine [49m[39m test/ExpressionExtensions/string-extensions.test.ts [2m([22m[2m43 tests[22m[2m)[22m[33m 427[2mms[22m[39m
[36mn8n-workflow:test: [0m [32m✓[39m [30m[42m legacy-engine [49m[39m test/ExpressionExtensions/expression-extension.test.ts [2m([22m[2m33 tests[22m[2m)[22m[32m 211[2mms[22m[39m
[36mn8n-workflow:test: [0m [32m✓[39m [30m[42m legacy-engine [49m[39m test/connections-diff.test.ts [2m([22m[2m18 tests[22m[2m)[22m[32m 18[2mms[22m[39m
[36mn8n-workflow:test: [0m [32m✓[39m [30m[42m legacy-engine [49m[39m test/node-validation.test.ts [2m([22m[2m18 tests[22m[2m)[22m[32m 4[2mms[22m[39m
[36mn8n-workflow:test: [0m [32m✓[39m [30m[42m legacy-engine [49m[39m test/webhook-description-fields.test.ts [2m([22m[2m29 tests[22m[2m)[22m[32m 88[2mms[22m[39m
[36mn8n-workflow:test: [0m [32m✓[39m [30m[42m legacy-engine [49m[39m test/get-parent-nodes.test.ts [2m([22m[2m17 tests[22m[2m)[22m[32m 9[2mms[22m[39m
[36mn8n-workflow:test: [0m [32m✓[39m [30m[42m legacy-engine [49m[39m test/ExpressionExtensions/date-extensions.test.ts [2m([22m[2m54 tests[22m[2m)[22m[32m 295[2mms[22m[39m
[36mn8n-workflow:test: [0m [32m✓[39m [30m[42m legacy-engine [49m[39m test/workflow-structure-validation.test.ts [2m([22m[2m21 tests[22m[2m)[22m[32m 7[2mms[22m[39m
[36mn8n-workflow:test: [0m [32m✓[39m [30m[42m legacy-engine [49m[39m test/observable-object.test.ts [2m([22m[2m17 tests[22m[2m)[22m[32m 8[2mms[22m[39m
[36mn8n-workflow:test: [0m [32m✓[39m [30m[42m legacy-engine [49m[39m test/trigger-identity.test.ts [2m([22m[2m24 tests[22m[2m)[22m[32m 12[2mms[22m[39m
[36mn8n-workflow:test: [0m [32m✓[39m [30m[42m legacy-engine [49m[39m test/get-connected-nodes.test.ts [2m([22m[2m14 tests[22m[2m)[22m[32m 7[2mms[22m[39m
[36mn8n-workflow:test: [0m [32m✓[39m [30m[42m legacy-engine [49m[39m test/dynamic-credentials-helpers.test.ts [2m([22m[2m16 tests[22m[2m)[22m[32m 5[2mms[22m[39m
[36mn8n-workflow:test: [0m [32m✓[39m [30m[42m legacy-engine [49m[39m test/ExpressionExtensions/array-extensions.test.ts [2m([22m[2m37 tests[22m[2m)[22m[33m 304[2mms[22m[39m
[36mn8n-workflow:test: [0m [32m✓[39m [30m[42m legacy-engine [49m[39m test/n8n-oauth2-auth.test.ts [2m([22m[2m10 tests[22m[2m)[22m[32m 11[2mms[22m[39m
[36mn8n-workflow:test: [0m [32m✓[39m [30m[42m legacy-engine [49m[39m test/node-parameters/node-parameter-value-type-guard.test.ts [2m([22m[2m13 tests[22m[2m)[22m[32m 5[2mms[22m[39m
[36mn8n-workflow:test: [0m [32m✓[39m [30m[42m legacy-engine [49m[39m test/run-execution-data-factory.test.ts [2m([22m[2m6 tests[22m[2m)[22m[32m 9[2mms[22m[39m
[36mn8n-workflow:test: [0m [32m✓[39m [30m[42m legacy-engine [49m[39m test/expression-vm-errors.test.ts [2m([22m[2m6 tests[22m[2m)[22m[32m 43[2mms[22m[39m
[36mn8n-workflow:test: [0m [32m✓[39m [30m[42m legacy-engine [49m[39m test/ExpressionExtensions/object-extensions.test.ts [2m([22m[2m26 tests[22m[2m)[22m[32m 248[2mms[22m[39m
[36mn8n-workflow:test: [0m [32m✓[39m [30m[42m legacy-engine [49m[39m test/node-helpers.parameter-dependencies.test.ts [2m([22m[2m9 tests[22m[2m)[22m[32m 4[2mms[22m[39m
[36mn8n-workflow:test: [0m [32m✓[39m [30m[42m legacy-engine [49m[39m test/expression.test.ts [2m([22m[2m194 tests[22m[2m)[22m[33m 671[2mms[22m[39m
[36mn8n-workflow:test: [0m [32m✓[39m [30m[42m legacy-engine [49m[39m test/tool-helpers.test.ts [2m([22m[2m22 tests[22m[2m)[22m[32m 4[2mms[22m[39m
[36mn8n-workflow:test: [0m [32m✓[39m [30m[42m legacy-engine [49m[39m test/errors/failure.test.ts [2m([22m[2m11 tests[22m[2m)[22m[32m 6[2mms[22m[39m
[36mn8n-workflow:test: [0m [32m✓[39m [30m[42m legacy-engine [49m[39m test/get-node-by-name.test.ts [2m([22m[2m18 tests[22m[2m)[22m[32m 3[2mms[22m[39m
[36mn8n-workflow:test: [0m [32m✓[39m [30m[42m legacy-engine [49m[39m test/redaction-channels.test.ts [2m([22m[2m31 tests[22m[2m)[22m[32m 12[2mms[22m[39m
[36mn8n-workflow:test: [0m [32m✓[39m [30m[42m legacy-engine [49m[39m test/errors/execution-base.error.test.ts [2m([22m[2m10 tests[22m[2m)[22m[32m 4[2mms[22m[39m
[36mn8n-workflow:test: [0m [32m✓[39m [30m[42m legacy-engine [49m[39m test/workflow-environments-helper.test.ts [2m([22m[2m10 tests[22m[2m)[22m[32m 3[2mms[22m[39m
[36mn8n-workflow:test: [0m [32m✓[39m [30m[42m legacy-engine [49m[39m test/metadata-utils.test.ts [2m([22m[2m9 tests[22m[2m)[22m[32m 4[2mms[22m[39m
[36mn8n-workflow:test: [0m [32m✓[39m [30m[42m legacy-engine [49m[39m test/common.test.ts [2m([22m[2m6 tests[22m[2m)[22m[32m 3[2mms[22m[39m
[36mn8n-workflow:test: [0m [32m✓[39m [30m[42m legacy-engine [49m[39m test/workflow-data-proxy-env-provider.test.ts [2m([22m[2m8 tests[22m[2m)[22m[32m 5[2mms[22m[39m
[36mn8n-workflow:test: [0m [32m✓[39m [30m[42m legacy-engine [49m[39m test/schemas.test.ts [2m([22m[2m8 tests[22m[2m)[22m[32m 5[2mms[22m[39m
[36mn8n-workflow:test: [0m [32m✓[39m [30m[42m legacy-engine [49m[39m test/cron.test.ts [2m([22m[2m18 tests[22m[2m)[22m[32m 4[2mms[22m[39m
[36mn8n-workflow:test: [0m [32m✓[39m [30m[42m legacy-engine [49m[39m test/resolve-variables.test.ts [2m([22m[2m9 tests[22m[2m)[22m[32m 3[2mms[22m[39m
[36mn8n-workflow:test: [0m [32m✓[39m [30m[42m legacy-engine [49m[39m test/ExpressionExtensions/number-extensions.test.ts [2m([22m[2m16 tests[22m[2m)[22m[32m 177[2mms[22m[39m
[36mn8n-workflow:test: [0m [32m✓[39m [30m[42m legacy-engine [49m[39m test/trigger-credential-gate.test.ts [2m([22m[2m5 tests[22m[2m)[22m[32m 4[2mms[22m[39m
[36mn8n-workflow:test: [0m [32m✓[39m [30m[42m legacy-engine [49m[39m test/errors/workflow-activation.error.test.ts [2m([22m[2m10 tests[22m[2m)[22m[32m 5[2mms[22m[39m
[36mn8n-workflow:test: [0m [32m✓[39m [30m[42m legacy-engine [49m[39m test/sub-workflow-output.test.ts [2m([22m[2m5 tests[22m[2m)[22m[32m 5[2mms[22m[39m
[36mn8n-workflow:test: [0m [32m✓[39m [30m[42m legacy-engine [49m[39m test/workflow-validation.test.ts [2m([22m[2m9 tests[22m[2m)[22m[32m 29[2mms[22m[39m
[36mn8n-workflow:test: [0m [32m✓[39m [30m[42m legacy-engine [49m[39m test/auth-redaction.test.ts [2m([22m[2m7 tests[22m[2m)[22m[32m 24[2mms[22m[39m
[36mn8n-workflow:test: [0m [32m✓[39m [30m[42m legacy-engine [49m[39m test/expression-items-engine-parity.test.ts [2m([22m[2m4 tests[22m[2m)[22m[32m 65[2mms[22m[39m
[36mn8n-workflow:test: [0m [32m✓[39m [30m[42m legacy-engine [49m[39m test/run-execution-data/run-execution-data.test.ts [2m([22m[2m2 tests[22m[2m)[22m[32m 4[2mms[22m[39m
[36mn8n-workflow:test: [0m [32m✓[39m [30m[42m legacy-engine [49m[39m test/expression-nested-data.test.ts [2m([22m[2m9 tests[22m[2m)[22m[32m 88[2mms[22m[39m
[36mn8n-workflow:test: [0m [32m✓[39m [30m[42m legacy-engine [49m[39m test/is-node-class-instance.test.ts [2m([22m[2m6 tests[22m[2m)[22m[32m 2[2mms[22m[39m
[36mn8n-workflow:test: [0m [32m✓[39m [30m[42m legacy-engine [49m[39m test/execution-context.test.ts [2m([22m[2m7 tests[22m[2m)[22m[32m 6[2mms[22m[39m
[36mn8n-workflow:test: [0m [32m✓[39m [30m[42m legacy-engine [49m[39m test/expression-array-proxy-semantics.test.ts [2m([22m[2m7 tests[22m[2m)[22m[32m 102[2mms[22m[39m
[36mn8n-workflow:test: [0m [32m✓[39m [30m[42m legacy-engine [49m[39m test/expression-item-accessor-engine-parity.test.ts [2m([22m[2m5 tests[22m[2m)[22m[32m 79[2mms[22m[39m
[36mn8n-workflow:test: [0m [32m✓[39m [30m[42m legacy-engine [49m[39m test/expression-with-isolate.test.ts [2m([22m[2m4 tests[22m[2m)[22m[32m 5[2mms[22m[39m
[36mn8n-workflow:test: [0m [32m✓[39m [30m[42m legacy-engine [49m[39m test/rename-node-utils.test.ts [2m([22m[2m10 tests[22m[2m)[22m[32m 3[2mms[22m[39m
[36mn8n-workflow:test: [0m [32m✓[39m [30m[42m legacy-engine [49m[39m test/versioned-node-type.test.ts [2m([22m[2m3 tests[22m[2m)[22m[32m 11[2mms[22m[39m
[36mn8n-workflow:test: [0m [32m✓[39m [30m[42m legacy-engine [49m[39m test/errors/node.error.test.ts [2m([22m[2m2 tests[22m[2m)[22m[32m 3[2mms[22m[39m
[36mn8n-workflow:test: [0m [32m✓[39m [30m[42m legacy-engine [49m[39m test/resolve-node-webhook-id.test.ts [2m([22m[2m4 tests[22m[2m)[22m[32m 5[2mms[22m[39m
[36mn8n-workflow:test: [0m [32m✓[39m [30m[42m legacy-engine [49m[39m test/workflow-expression.test.ts [2m([22m[2m1 test[22m[2m)[22m[32m 39[2mms[22m[39m
[36mn8n-workflow:test: [0m [32m✓[39m [30m[42m legacy-engine [49m[39m test/jmespath-query.test.ts [2m([22m[2m8 tests[22m[2m)[22m[32m 8[2mms[22m[39m
[36mn8n-workflow:test: [0m [32m✓[39m [30m[42m legacy-engine [49m[39m test/mcp-helpers.test.ts [2m([22m[2m4 tests[22m[2m)[22m[32m 3[2mms[22m[39m
[36mn8n-workflow:test: [0m [32m✓[39m [30m[42m legacy-engine [49m[39m test/errors/base/operational.error.test.ts [2m([22m[2m4 tests[22m[2m)[22m[32m 3[2mms[22m[39m
[36mn8n-workflow:test: [0m [32m✓[39m [30m[42m legacy-engine [49m[39m test/expressions/expression-helpers.test.ts [2m([22m[2m10 tests[22m[2m)[22m[32m 13[2mms[22m[39m
[36mn8n-workflow:test: [0m [32m✓[39m [30m[42m legacy-engine [49m[39m test/node-parameters/path-utils.test.ts [2m([22m[2m8 tests[22m[2m)[22m[32m 2[2mms[22m[39m
[36mn8n-workflow:test: [0m [32m✓[39m [30m[42m legacy-engine [49m[39m test/application-error.test.ts [2m([22m[2m3 tests[22m[2m)[22m[32m 2[2mms[22m[39m
[36mn8n-workflow:test: [0m [32m✓[39m [30m[42m legacy-engine [49m[39m test/errors/base/user.error.test.ts [2m([22m[2m4 tests[22m[2m)[22m[32m 3[2mms[22m[39m
[36mn8n-workflow:test: [0m [32m✓[39m [30m[42m legacy-engine [49m[39m test/errors/base/unexpected.error.test.ts [2m([22m[2m4 tests[22m[2m)[22m[32m 3[2mms[22m[39m
[36mn8n-workflow:test: [0m [32m✓[39m [30m[42m legacy-engine [49m[39m test/ExpressionExtensions/boolean-extensions.test.ts [2m([22m[2m4 tests[22m[2m)[22m[32m 47[2mms[22m[39m
[36mn8n-workflow:test: [0m [32m✓[39m [30m[42m legacy-engine [49m[39m test/ExpressionExtensions/generic-extensions.test.ts [2m([22m[2m1 test[22m[2m)[22m[32m 29[2mms[22m[39m
[36mn8n-workflow:test: [0m [32m✓[39m [30m[42m legacy-engine [49m[39m test/safe-regex.test.ts [2m([22m[2m3 tests[22m[2m)[22m[32m 256[2mms[22m[39m
[36mn8n-workflow:test: [0m [32m✓[39m [30m[42m vm-engine [49m[39m test/filter-parameter.test.ts [2m([22m[2m238 tests[22m[2m)[22m[32m 63[2mms[22m[39m
[36mn8n-workflow:test: [0m [32m✓[39m [30m[42m vm-engine [49m[39m test/node-helpers.conditions.test.ts [2m([22m[2m31 tests[22m[2m)[22m[32m 46[2mms[22m[39m
[36mn8n-workflow:test: [0m [32m✓[39m [30m[42m vm-engine [49m[39m test/node-helpers.test.ts [2m([22m[2m236 tests[22m[2m)[22m[32m 65[2mms[22m[39m
[36mn8n-workflow:test: [0m [32m✓[39m [30m[42m vm-engine [49m[39m test/augment-object.test.ts [2m([22m[2m42 tests[22m[2m)[22m[32m 191[2mms[22m[39m
[36mn8n-workflow:test: [0m [32m✓[39m [30m[42m vm-engine [49m[39m test/expression-sandboxing.test.ts [2m([22m[2m179 tests[22m[2m)[22m[33m 316[2mms[22m[39m
[36mn8n-workflow:test: [0m [32m✓[39m [30m[42m vm-engine [49m[39m test/telemetry-helpers.test.ts [2m([22m[2m119 tests[22m[2m)[22m[32m 100[2mms[22m[39m
[36mn8n-workflow:test: [0m [32m✓[39m [30m[42m vm-engine [49m[39m test/workflow-data-proxy.test.ts [2m([22m[2m172 tests[22m[2m)[22m[32m 160[2mms[22m[39m
[36mn8n-workflow:test: [0m [32m✓[39m [30m[42m vm-engine [49m[39m test/node-parameters/parameter-type-validation.test.ts [2m([22m[2m67 tests[22m[2m)[22m[32m 53[2mms[22m[39m
[36mn8n-workflow:test: [0m [32m✓[39m [30m[42m vm-engine [49m[39m test/utils.test.ts [2m([22m[2m127 tests[22m[2m)[22m[32m 59[2mms[22m[39m
[36mn8n-workflow:test: [0m [32m✓[39m [30m[42m vm-engine [49m[39m test/node-reference-parser-utils.test.ts [2m([22m[2m54 tests[22m[2m)[22m[32m 49[2mms[22m[39m
[36mn8n-workflow:test: [0m [32m✓[39m [30m[42m vm-engine [49m[39m test/credential-domain-restrictions.test.ts [2m([22m[2m76 tests[22m[2m)[22m[32m 78[2mms[22m[39m
[36mn8n-workflow:test: [0m [32m✓[39m [30m[42m vm-engine [49m[39m test/node-grouping-validation.test.ts [2m([22m[2m47 tests[22m[2m)[22m[32m 60[2mms[22m[39m
[36mn8n-workflow:test: [0m [32m✓[39m [30m[42m vm-engine [49m[39m test/workflow-diff.test.ts [2m([22m[2m150 tests[22m[2m)[22m[32m 89[2mms[22m[39m
[36mn8n-workflow:test: [0m [32m✓[39m [30m[42m vm-engine [49m[39m test/graph/graph-utils.test.ts [2m([22m[2m36 tests[22m[2m)[22m[32m 44[2mms[22m[39m
[36mn8n-workflow:test: [0m [32m✓[39m [30m[42m vm-engine [49m[39m test/type-validation.test.ts [2m([22m[2m42 tests[22m[2m)[22m[32m 80[2mms[22m[39m
[36mn8n-workflow:test: [0m [32m✓[39m [30m[42m vm-engine [49m[39m test/from-ai-parse-utils.test.ts [2m([22m[2m76 tests[22m[2m)[22m[32m 62[2mms[22m[39m
[36mn8n-workflow:test: [0m [32m✓[39m [30m[42m vm-engine [49m[39m test/find-ai-root-node-names.test.ts [2m([22m[2m49 tests[22m[2m)[22m[32m 50[2mms[22m[39m
[36mn8n-workflow:test: [0m [32m✓[39m [30m[42m vm-engine [49m[39m test/workflow.test.ts [2m([22m[2m132 tests[22m[2m)[22m[33m 692[2mms[22m[39m
[36mn8n-workflow:test: [0m [32m✓[39m [30m[42m vm-engine [49m[39m test/workflow-checksum.test.ts [2m([22m[2m16 tests[22m[2m)[22m[32m 66[2mms[22m[39m
[36mn8n-workflow:test: [0m [32m✓[39m [30m[42m vm-engine [49m[39m test/get-child-nodes.test.ts [2m([22m[2m22 tests[22m[2m)[22m[32m 94[2mms[22m[39m
[36mn8n-workflow:test: [0m [32m✓[39m [30m[42m vm-engine [49m[39m test/connections-diff.test.ts [2m([22m[2m18 tests[22m[2m)[22m[32m 69[2mms[22m[39m
[36mn8n-workflow:test: [0m [32m✓[39m [30m[42m vm-engine [49m[39m test/node-errors.test.ts [2m([22m[2m28 tests[22m[2m)[22m[32m 66[2mms[22m[39m
[36mn8n-workflow:test: [0m [32m✓[39m [30m[42m vm-engine [49m[39m test/ExpressionExtensions/string-extensions.test.ts [2m([22m[2m43 tests[22m[2m)[22m[33m 650[2mms[22m[39m
[36mn8n-workflow:test: [0m [32m✓[39m [30m[42m vm-engine [49m[39m test/ExpressionExtensions/expression-extension.test.ts [2m([22m[2m33 tests[22m[2m)[22m[33m 370[2mms[22m[39m
[36mn8n-workflow:test: [0m [32m✓[39m [30m[42m vm-engine [49m[39m test/node-validation.test.ts [2m([22m[2m18 tests[22m[2m)[22m[32m 56[2mms[22m[39m
[36mn8n-workflow:test: [0m [32m✓[39m [30m[42m vm-engine [49m[39m test/ExpressionExtensions/date-extensions.test.ts [2m([22m[2m54 tests[22m[2m)[22m[33m 447[2mms[22m[39m
[36mn8n-workflow:test: [0m [32m✓[39m [30m[42m vm-engine [49m[39m test/get-parent-nodes.test.ts [2m([22m[2m17 tests[22m[2m)[22m[32m 54[2mms[22m[39m
[36mn8n-workflow:test: [0m [32m✓[39m [30m[42m vm-engine [49m[39m test/workflow-structure-validation.test.ts [2m([22m[2m21 tests[22m[2m)[22m[32m 54[2mms[22m[39m
[36mn8n-workflow:test: [0m [32m✓[39m [30m[42m vm-engine [49m[39m test/get-connected-nodes.test.ts [2m([22m[2m14 tests[22m[2m)[22m[32m 78[2mms[22m[39m
[36mn8n-workflow:test: [0m [32m✓[39m [30m[42m vm-engine [49m[39m test/observable-object.test.ts [2m([22m[2m17 tests[22m[2m)[22m[32m 70[2mms[22m[39m
[36mn8n-workflow:test: [0m [32m✓[39m [30m[42m vm-engine [49m[39m test/webhook-description-fields.test.ts [2m([22m[2m29 tests[22m[2m)[22m[33m 461[2mms[22m[39m
[36mn8n-workflow:test: [0m [32m✓[39m [30m[42m vm-engine [49m[39m test/dynamic-credentials-helpers.test.ts [2m([22m[2m16 tests[22m[2m)[22m[32m 67[2mms[22m[39m
[36mn8n-workflow:test: [0m [32m✓[39m [30m[42m vm-engine [49m[39m test/trigger-identity.test.ts [2m([22m[2m24 tests[22m[2m)[22m[32m 56[2mms[22m[39m
[36mn8n-workflow:test: [0m [32m✓[39m [30m[42m vm-engine [49m[39m test/node-parameters/node-parameter-value-type-guard.test.ts [2m([22m[2m13 tests[22m[2m)[22m[32m 51[2mms[22m[39m
[36mn8n-workflow:test: [0m [32m✓[39m [30m[42m vm-engine [49m[39m test/n8n-oauth2-auth.test.ts [2m([22m[2m10 tests[22m[2m)[22m[32m 50[2mms[22m[39m
[36mn8n-workflow:test: [0m [32m✓[39m [30m[42m vm-engine [49m[39m test/node-helpers.parameter-dependencies.test.ts [2m([22m[2m9 tests[22m[2m)[22m[32m 39[2mms[22m[39m
[36mn8n-workflow:test: [0m [32m✓[39m [30m[42m vm-engine [49m[39m test/run-execution-data-factory.test.ts [2m([22m[2m6 tests[22m[2m)[22m[32m 62[2mms[22m[39m
[36mn8n-workflow:test: [0m [32m✓[39m [30m[42m vm-engine [49m[39m test/tool-helpers.test.ts [2m([22m[2m22 tests[22m[2m)[22m[32m 92[2mms[22m[39m
[36mn8n-workflow:test: [0m [32m✓[39m [30m[42m vm-engine [49m[39m test/ExpressionExtensions/array-extensions.test.ts [2m([22m[2m37 tests[22m[2m)[22m[33m 394[2mms[22m[39m
[36mn8n-workflow:test: [0m [32m✓[39m [30m[42m vm-engine [49m[39m test/expression-vm-errors.test.ts [2m([22m[2m6 tests[22m[2m)[22m[32m 228[2mms[22m[39m
[36mn8n-workflow:test: [0m [32m✓[39m [30m[42m vm-engine [49m[39m test/ExpressionExtensions/object-extensions.test.ts [2m([22m[2m26 tests[22m[2m)[22m[33m 360[2mms[22m[39m
[36mn8n-workflow:test: [0m [32m✓[39m [30m[42m vm-engine [49m[39m test/errors/failure.test.ts [2m([22m[2m11 tests[22m[2m)[22m[32m 134[2mms[22m[39m
[36mn8n-workflow:test: [0m [32m✓[39m [30m[42m vm-engine [49m[39m test/expression.test.ts [2m([22m[2m194 tests[22m[2m)[22m[33m 1104[2mms[22m[39m
[36mn8n-workflow:test: [0m [32m✓[39m [30m[42m vm-engine [49m[39m test/get-node-by-name.test.ts [2m([22m[2m18 tests[22m[2m)[22m[32m 59[2mms[22m[39m
[36mn8n-workflow:test: [0m [32m✓[39m [30m[42m vm-engine [49m[39m test/redaction-channels.test.ts [2m([22m[2m31 tests[22m[2m)[22m[32m 58[2mms[22m[39m
[36mn8n-workflow:test: [0m [32m✓[39m [30m[42m vm-engine [49m[39m test/workflow-environments-helper.test.ts [2m([22m[2m10 tests[22m[2m)[22m[32m 59[2mms[22m[39m
[36mn8n-workflow:test: [0m [32m✓[39m [30m[42m vm-engine [49m[39m test/errors/execution-base.error.test.ts [2m([22m[2m10 tests[22m[2m)[22m[32m 73[2mms[22m[39m
[36mn8n-workflow:test: [0m [32m✓[39m [30m[42m vm-engine [49m[39m test/metadata-utils.test.ts [2m([22m[2m9 tests[22m[2m)[22m[32m 50[2mms[22m[39m
[36mn8n-workflow:test: [0m [32m✓[39m [30m[42m vm-engine [49m[39m test/common.test.ts [2m([22m[2m6 tests[22m[2m)[22m[32m 97[2mms[22m[39m
[36mn8n-workflow:test: [0m [32m✓[39m [30m[42m vm-engine [49m[39m test/workflow-data-proxy-env-provider.test.ts [2m([22m[2m8 tests[22m[2m)[22m[32m 83[2mms[22m[39m
[36mn8n-workflow:test: [0m [32m✓[39m [30m[42m vm-engine [49m[39m test/schemas.test.ts [2m([22m[2m8 tests[22m[2m)[22m[32m 79[2mms[22m[39m
[36mn8n-workflow:test: [0m [32m✓[39m [30m[42m vm-engine [49m[39m test/cron.test.ts [2m([22m[2m18 tests[22m[2m)[22m[32m 39[2mms[22m[39m
[36mn8n-workflow:test: [0m [32m✓[39m [30m[42m vm-engine [49m[39m test/trigger-credential-gate.test.ts [2m([22m[2m5 tests[22m[2m)[22m[32m 68[2mms[22m[39m
[36mn8n-workflow:test: [0m [32m✓[39m [30m[42m vm-engine [49m[39m test/resolve-variables.test.ts [2m([22m[2m9 tests[22m[2m)[22m[32m 54[2mms[22m[39m
[36mn8n-workflow:test: [0m [32m✓[39m [30m[42m vm-engine [49m[39m test/ExpressionExtensions/number-extensions.test.ts [2m([22m[2m16 tests[22m[2m)[22m[32m 284[2mms[22m[39m
[36mn8n-workflow:test: [0m [32m✓[39m [30m[42m vm-engine [49m[39m test/expression-items-engine-parity.test.ts [2m([22m[2m4 tests[22m[2m)[22m[32m 148[2mms[22m[39m
[36mn8n-workflow:test: [0m [32m✓[39m [30m[42m vm-engine [49m[39m test/workflow-validation.test.ts [2m([22m[2m9 tests[22m[2m)[22m[32m 53[2mms[22m[39m
[36mn8n-workflow:test: [0m [32m✓[39m [30m[42m vm-engine [49m[39m test/expression-nested-data.test.ts [2m([22m[2m9 tests[22m[2m)[22m[32m 196[2mms[22m[39m
[36mn8n-workflow:test: [0m [32m✓[39m [30m[42m vm-engine [49m[39m test/errors/workflow-activation.error.test.ts [2m([22m[2m10 tests[22m[2m)[22m[32m 47[2mms[22m[39m
[36mn8n-workflow:test: [0m [32m✓[39m [30m[42m vm-engine [49m[39m test/sub-workflow-output.test.ts [2m([22m[2m5 tests[22m[2m)[22m[32m 51[2mms[22m[39m
[36mn8n-workflow:test: [0m [32m✓[39m [30m[42m vm-engine [49m[39m test/auth-redaction.test.ts [2m([22m[2m7 tests[22m[2m)[22m[32m 65[2mms[22m[39m
[36mn8n-workflow:test: [0m [32m✓[39m [30m[42m vm-engine [49m[39m test/is-node-class-instance.test.ts [2m([22m[2m6 tests[22m[2m)[22m[32m 83[2mms[22m[39m
[36mn8n-workflow:test: [0m [32m✓[39m [30m[42m vm-engine [49m[39m test/run-execution-data/run-execution-data.test.ts [2m([22m[2m2 tests[22m[2m)[22m[32m 71[2mms[22m[39m
[36mn8n-workflow:test: [0m [32m✓[39m [30m[42m vm-engine [49m[39m test/execution-context.test.ts [2m([22m[2m7 tests[22m[2m)[22m[32m 48[2mms[22m[39m
[36mn8n-workflow:test: [0m [32m✓[39m [30m[42m vm-engine [49m[39m test/expression-with-isolate.test.ts [2m([22m[2m4 tests[22m[2m)[22m[32m 103[2mms[22m[39m
[36mn8n-workflow:test: [0m [32m✓[39m [30m[42m vm-engine [49m[39m test/expression-item-accessor-engine-parity.test.ts [2m([22m[2m5 tests[22m[2m)[22m[32m 156[2mms[22m[39m
[36mn8n-workflow:test: [0m [32m✓[39m [30m[42m vm-engine [49m[39m test/expression-array-proxy-semantics.test.ts [2m([22m[2m7 tests[22m[2m)[22m[32m 195[2mms[22m[39m
[36mn8n-workflow:test: [0m [32m✓[39m [30m[42m vm-engine [49m[39m test/rename-node-utils.test.ts [2m([22m[2m10 tests[22m[2m)[22m[32m 41[2mms[22m[39m
[36mn8n-workflow:test: [0m [32m✓[39m [30m[42m vm-engine [49m[39m test/versioned-node-type.test.ts [2m([22m[2m3 tests[22m[2m)[22m[32m 62[2mms[22m[39m
[36mn8n-workflow:test: [0m [32m✓[39m [30m[42m vm-engine [49m[39m test/resolve-node-webhook-id.test.ts [2m([22m[2m4 tests[22m[2m)[22m[32m 55[2mms[22m[39m
[36mn8n-workflow:test: [0m [32m✓[39m [30m[42m vm-engine [49m[39m test/errors/node.error.test.ts [2m([22m[2m2 tests[22m[2m)[22m[32m 57[2mms[22m[39m
[36mn8n-workflow:test: [0m [32m✓[39m [30m[42m vm-engine [49m[39m test/workflow-expression.test.ts [2m([22m[2m1 test[22m[2m)[22m[32m 181[2mms[22m[39m
[36mn8n-workflow:test: [0m [32m✓[39m [30m[42m vm-engine [49m[39m test/jmespath-query.test.ts [2m([22m[2m8 tests[22m[2m)[22m[32m 37[2mms[22m[39m
[36mn8n-workflow:test: [0m [32m✓[39m [30m[42m vm-engine [49m[39m test/mcp-helpers.test.ts [2m([22m[2m4 tests[22m[2m)[22m[32m 41[2mms[22m[39m
[36mn8n-workflow:test: [0m [32m✓[39m [30m[42m vm-engine [49m[39m test/errors/base/operational.error.test.ts [2m([22m[2m4 tests[22m[2m)[22m[32m 41[2mms[22m[39m
[36mn8n-workflow:test: [0m [32m✓[39m [30m[42m vm-engine [49m[39m test/errors/base/unexpected.error.test.ts [2m([22m[2m4 tests[22m[2m)[22m[32m 51[2mms[22m[39m
[36mn8n-workflow:test: [0m [32m✓[39m [30m[42m vm-engine [49m[39m test/errors/base/user.error.test.ts [2m([22m[2m4 tests[22m[2m)[22m[32m 36[2mms[22m[39m
[36mn8n-workflow:test: [0m [32m✓[39m [30m[42m vm-engine [49m[39m test/expressions/expression-helpers.test.ts [2m([22m[2m10 tests[22m[2m)[22m[32m 42[2mms[22m[39m
[36mn8n-workflow:test: [0m [32m✓[39m [30m[42m vm-engine [49m[39m test/node-parameters/path-utils.test.ts [2m([22m[2m8 tests[22m[2m)[22m[32m 38[2mms[22m[39m
[36mn8n-workflow:test: [0m [32m✓[39m [30m[42m vm-engine [49m[39m test/application-error.test.ts [2m([22m[2m3 tests[22m[2m)[22m[32m 42[2mms[22m[39m
[36mn8n-workflow:test: [0m [32m✓[39m [30m[42m vm-engine [49m[39m test/ExpressionExtensions/boolean-extensions.test.ts [2m([22m[2m4 tests[22m[2m)[22m[32m 91[2mms[22m[39m
[36mn8n-workflow:test: [0m [32m✓[39m [30m[42m vm-engine [49m[39m test/ExpressionExtensions/generic-extensions.test.ts [2m([22m[2m1 test[22m[2m)[22m[32m 77[2mms[22m[39m
[36mn8n-workflow:test: [0m [32m✓[39m [30m[42m vm-engine [49m[39m test/safe-regex.test.ts [2m([22m[2m3 tests[22m[2m)[22m[33m 309[2mms[22m[39m
[36mn8n-workflow:test: [0m
[36mn8n-workflow:test: [0m[2m Test Files [22m [1m[32m166 passed[39m[22m[90m (166)[39m
[36mn8n-workflow:test: [0m[2m      Tests [22m [1m[32m5746 passed[39m[22m[90m (5746)[39m
[36mn8n-workflow:test: [0m[2m   Start at [22m 13:23:35
[36mn8n-workflow:test: [0m[2m   Duration [22m 11.92s[2m (transform 19.42s, setup 65.50s, import 21.63s, tests 15.13s, environment 7.95s)[22m
[36mn8n-workflow:test: [0m
[35m@n8n/api-types:build: [0mcache hit, replaying logs [2m1c8e0103a114f343[0m
[35m@n8n/api-types:build: [0m
[35m@n8n/api-types:build: [0m> @n8n/api-types@1.36.0 build /Users/romeobalta/work/n8n/worktrees/nudge-manual-builders-to-aia/packages/@n8n/api-types
[35m@n8n/api-types:build: [0m> tsc -p tsconfig.build.json
[35m@n8n/api-types:build: [0m
[32m@n8n/i18n:test: [0mcache hit, replaying logs [2m01c349b11650cf06[0m
[32m@n8n/i18n:test: [0m
[32m@n8n/i18n:test: [0m> @n8n/i18n@2.36.0 test /Users/romeobalta/work/n8n/worktrees/nudge-manual-builders-to-aia/packages/frontend/@n8n/i18n
[32m@n8n/i18n:test: [0m> vitest run
[32m@n8n/i18n:test: [0m
[32m@n8n/i18n:test: [0m
[32m@n8n/i18n:test: [0m[1m[30m[46m RUN [49m[39m[22m [36mv4.1.9 [39m[90m/Users/romeobalta/work/n8n/worktrees/nudge-manual-builders-to-aia/packages/frontend/@n8n/i18n[39m
[32m@n8n/i18n:test: [0m
[32m@n8n/i18n:test: [0m [32m✓[39m src/index.test.ts [2m([22m[2m18 tests[22m[2m)[22m[32m 14[2mms[22m[39m
[32m@n8n/i18n:test: [0m [32m✓[39m src/utils.test.ts [2m([22m[2m1 test[22m[2m)[22m[32m 2[2mms[22m[39m
[32m@n8n/i18n:test: [0m
[32m@n8n/i18n:test: [0m[2m Test Files [22m [1m[32m2 passed[39m[22m[90m (2)[39m
[32m@n8n/i18n:test: [0m[2m      Tests [22m [1m[32m19 passed[39m[22m[90m (19)[39m
[32m@n8n/i18n:test: [0m[2m   Start at [22m 13:23:48
[32m@n8n/i18n:test: [0m[2m   Duration [22m 877ms[2m (transform 106ms, setup 368ms, import 136ms, tests 16ms, environment 334ms)[22m
[32m@n8n/i18n:test: [0m
[33m@n8n/eslint-plugin-community-nodes:test: [0mcache hit, replaying logs [2m08e2f35c3db2381f[0m
[33m@n8n/eslint-plugin-community-nodes:test: [0m
[33m@n8n/eslint-plugin-community-nodes:test: [0m> @n8n/eslint-plugin-community-nodes@0.29.0 test /Users/romeobalta/work/n8n/worktrees/nudge-manual-builders-to-aia/packages/@n8n/eslint-plugin-community-nodes
[33m@n8n/eslint-plugin-community-nodes:test: [0m> vitest run
[33m@n8n/eslint-plugin-community-nodes:test: [0m
[33m@n8n/eslint-plugin-community-nodes:test: [0m
[33m@n8n/eslint-plugin-community-nodes:test: [0m[1m[30m[46m RUN [49m[39m[22m [36mv4.1.9 [39m[90m/Users/romeobalta/work/n8n/worktrees/nudge-manual-builders-to-aia/packages/@n8n/eslint-plugin-community-nodes[39m
[33m@n8n/eslint-plugin-community-nodes:test: [0m
[33m@n8n/eslint-plugin-community-nodes:test: [0m [32m✓[39m src/rules/cred-class-oauth2-naming.test.ts [2m([22m[2m12 tests[22m[2m)[22m[32m 96[2mms[22m[39m
[33m@n8n/eslint-plugin-community-nodes:test: [0m [32m✓[39m src/rules/no-deprecated-workflow-functions.test.ts [2m([22m[2m6 tests[22m[2m)[22m[32m 109[2mms[22m[39m
[33m@n8n/eslint-plugin-community-nodes:test: [0m [32m✓[39m src/rules/valid-credential-references.test.ts [2m([22m[2m11 tests[22m[2m)[22m[32m 120[2mms[22m[39m
[33m@n8n/eslint-plugin-community-nodes:test: [0m [32m✓[39m src/rules/icon-validation.test.ts [2m([22m[2m15 tests[22m[2m)[22m[32m 138[2mms[22m[39m
[33m@n8n/eslint-plugin-community-nodes:test: [0m [32m✓[39m src/rules/no-restricted-imports.test.ts [2m([22m[2m51 tests[22m[2m)[22m[32m 130[2mms[22m[39m
[33m@n8n/eslint-plugin-community-nodes:test: [0m [32m✓[39m src/rules/n8n-object-validation.test.ts [2m([22m[2m32 tests[22m[2m)[22m[32m 164[2mms[22m[39m
[33m@n8n/eslint-plugin-community-nodes:test: [0m [32m✓[39m src/rules/no-credential-reuse.test.ts [2m([22m[2m10 tests[22m[2m)[22m[32m 186[2mms[22m[39m
[33m@n8n/eslint-plugin-community-nodes:test: [0m [32m✓[39m src/rules/credential-documentation-url.test.ts [2m([22m[2m26 tests[22m[2m)[22m[32m 196[2mms[22m[39m
[33m@n8n/eslint-plugin-community-nodes:test: [0m [32m✓[39m src/rules/no-silent-error-swallowing.test.ts [2m([22m[2m14 tests[22m[2m)[22m[32m 195[2mms[22m[39m
[33m@n8n/eslint-plugin-community-nodes:test: [0m [32m✓[39m src/rules/node-usable-as-tool.test.ts [2m([22m[2m18 tests[22m[2m)[22m[32m 245[2mms[22m[39m
[33m@n8n/eslint-plugin-community-nodes:test: [0m [32m✓[39m src/rules/credential-password-field.test.ts [2m([22m[2m19 tests[22m[2m)[22m[32m 264[2mms[22m[39m
[33m@n8n/eslint-plugin-community-nodes:test: [0m [32m✓[39m src/rules/resource-operation-pattern.test.ts [2m([22m[2m6 tests[22m[2m)[22m[32m 82[2mms[22m[39m
[33m@n8n/eslint-plugin-community-nodes:test: [0m [32m✓[39m src/rules/valid-peer-dependencies.test.ts [2m([22m[2m19 tests[22m[2m)[22m[32m 122[2mms[22m[39m
[33m@n8n/eslint-plugin-community-nodes:test: [0m [32m✓[39m src/rules/node-registration-complete.test.ts [2m([22m[2m7 tests[22m[2m)[22m[32m 66[2mms[22m[39m
[33m@n8n/eslint-plugin-community-nodes:test: [0m [32m✓[39m src/rules/missing-paired-item.test.ts [2m([22m[2m18 tests[22m[2m)[22m[32m 106[2mms[22m[39m
[33m@n8n/eslint-plugin-community-nodes:test: [0m [32m✓[39m src/rules/no-hardcoded-secrets.test.ts [2m([22m[2m28 tests[22m[2m)[22m[32m 98[2mms[22m[39m
[33m@n8n/eslint-plugin-community-nodes:test: [0m [32m✓[39m src/rules/package-name-convention.test.ts [2m([22m[2m17 tests[22m[2m)[22m[32m 108[2mms[22m[39m
[33m@n8n/eslint-plugin-community-nodes:test: [0m [32m✓[39m src/rules/credential-test-required.test.ts [2m([22m[2m7 tests[22m[2m)[22m[32m 96[2mms[22m[39m
[33m@n8n/eslint-plugin-community-nodes:test: [0m [32m✓[39m src/rules/no-template-placeholders.test.ts [2m([22m[2m16 tests[22m[2m)[22m[32m 89[2mms[22m[39m
[33m@n8n/eslint-plugin-community-nodes:test: [0m [32m✓[39m src/rules/ai-node-package-json.test.ts [2m([22m[2m18 tests[22m[2m)[22m[32m 109[2mms[22m[39m
[33m@n8n/eslint-plugin-community-nodes:test: [0m [32m✓[39m src/rules/webhook-lifecycle-complete.test.ts [2m([22m[2m14 tests[22m[2m)[22m[32m 172[2mms[22m[39m
[33m@n8n/eslint-plugin-community-nodes:test: [0m [32m✓[39m src/rules/no-restricted-globals.test.ts [2m([22m[2m29 tests[22m[2m)[22m[32m 163[2mms[22m[39m
[33m@n8n/eslint-plugin-community-nodes:test: [0m [32m✓[39m src/rules/no-forbidden-lifecycle-scripts.test.ts [2m([22m[2m14 tests[22m[2m)[22m[32m 73[2mms[22m[39m
[33m@n8n/eslint-plugin-community-nodes:test: [0m [32m✓[39m src/rules/valid-author.test.ts [2m([22m[2m17 tests[22m[2m)[22m[32m 79[2mms[22m[39m
[33m@n8n/eslint-plugin-community-nodes:test: [0m [32m✓[39m src/rules/no-emoji-in-options.test.ts [2m([22m[2m9 tests[22m[2m)[22m[32m 72[2mms[22m[39m
[33m@n8n/eslint-plugin-community-nodes:test: [0m [32m✓[39m src/rules/require-node-api-error.test.ts [2m([22m[2m17 tests[22m[2m)[22m[32m 99[2mms[22m[39m
[33m@n8n/eslint-plugin-community-nodes:test: [0m [32m✓[39m src/rules/require-node-description-fields.test.ts [2m([22m[2m8 tests[22m[2m)[22m[32m 130[2mms[22m[39m
[33m@n8n/eslint-plugin-community-nodes:test: [0m [32m✓[39m src/rules/no-dangerous-functions.test.ts [2m([22m[2m20 tests[22m[2m)[22m[32m 91[2mms[22m[39m
[33m@n8n/eslint-plugin-community-nodes:test: [0m [32m✓[39m src/rules/credential-unnecessary-password.test.ts [2m([22m[2m9 tests[22m[2m)[22m[32m 99[2mms[22m[39m
[33m@n8n/eslint-plugin-community-nodes:test: [0m [32m✓[39m src/rules/no-dead-files.test.ts [2m([22m[2m21 tests[22m[2m)[22m[32m 71[2mms[22m[39m
[33m@n8n/eslint-plugin-community-nodes:test: [0m [32m✓[39m src/rules/no-http-request-with-manual-auth.test.ts [2m([22m[2m9 tests[22m[2m)[22m[32m 123[2mms[22m[39m
[33m@n8n/eslint-plugin-community-nodes:test: [0m [32m✓[39m src/rules/no-builder-hint-leakage.test.ts [2m([22m[2m15 tests[22m[2m)[22m[32m 143[2mms[22m[39m
[33m@n8n/eslint-plugin-community-nodes:test: [0m [32m✓[39m src/rules/node-connection-type-literal.test.ts [2m([22m[2m12 tests[22m[2m)[22m[32m 187[2mms[22m[39m
[33m@n8n/eslint-plugin-community-nodes:test: [0m [32m✓[39m src/rules/icon-prefer-themed-variants.test.ts [2m([22m[2m8 tests[22m[2m)[22m[32m 47[2mms[22m[39m
[33m@n8n/eslint-plugin-community-nodes:test: [0m [32m✓[39m src/rules/require-version.test.ts [2m([22m[2m13 tests[22m[2m)[22m[32m 58[2mms[22m[39m
[33m@n8n/eslint-plugin-community-nodes:test: [0m [32m✓[39m src/rules/trigger-node-conventions.test.ts [2m([22m[2m7 tests[22m[2m)[22m[32m 69[2mms[22m[39m
[33m@n8n/eslint-plugin-community-nodes:test: [0m [32m✓[39m src/rules/node-class-description-icon-missing.test.ts [2m([22m[2m5 tests[22m[2m)[22m[32m 45[2mms[22m[39m
[33m@n8n/eslint-plugin-community-nodes:test: [0m [32m✓[39m src/rules/cred-class-field-icon-missing.test.ts [2m([22m[2m5 tests[22m[2m)[22m[32m 40[2mms[22m[39m
[33m@n8n/eslint-plugin-community-nodes:test: [0m [32m✓[39m src/rules/require-homepage.test.ts [2m([22m[2m12 tests[22m[2m)[22m[32m 44[2mms[22m[39m
[33m@n8n/eslint-plugin-community-nodes:test: [0m [32m✓[39m src/rules/require-files-array.test.ts [2m([22m[2m8 tests[22m[2m)[22m[32m 34[2mms[22m[39m
[33m@n8n/eslint-plugin-community-nodes:test: [0m [32m✓[39m src/rules/no-runtime-dependencies.test.ts [2m([22m[2m7 tests[22m[2m)[22m[32m 32[2mms[22m[39m
[33m@n8n/eslint-plugin-community-nodes:test: [0m [32m✓[39m src/rules/no-overrides-field.test.ts [2m([22m[2m7 tests[22m[2m)[22m[32m 32[2mms[22m[39m
[33m@n8n/eslint-plugin-community-nodes:test: [0m [32m✓[39m src/rules/valid-description.test.ts [2m([22m[2m7 tests[22m[2m)[22m[32m 32[2mms[22m[39m
[33m@n8n/eslint-plugin-community-nodes:test: [0m
[33m@n8n/eslint-plugin-community-nodes:test: [0m[2m Test Files [22m [1m[32m43 passed[39m[22m[90m (43)[39m
[33m@n8n/eslint-plugin-community-nodes:test: [0m[2m      Tests [22m [1m[32m623 passed[39m[22m[90m (623)[39m
[33m@n8n/eslint-plugin-community-nodes:test: [0m[2m   Start at [22m 13:23:49
[33m@n8n/eslint-plugin-community-nodes:test: [0m[2m   Duration [22m 3.14s[2m (transform 1.80s, setup 0ms, import 23.56s, tests 4.66s, environment 2ms)[22m
[33m@n8n/eslint-plugin-community-nodes:test: [0m
[34m@n8n/workflow-sdk:build: [0mcache hit, replaying logs [2mde9799c597a979dc[0m
[34m@n8n/workflow-sdk:build: [0m
[34m@n8n/workflow-sdk:build: [0m> @n8n/workflow-sdk@0.29.0 build /Users/romeobalta/work/n8n/worktrees/nudge-manual-builders-to-aia/packages/@n8n/workflow-sdk
[34m@n8n/workflow-sdk:build: [0m> tsc -p tsconfig.build.json
[34m@n8n/workflow-sdk:build: [0m
[36m@n8n/scheduler:test: [0mcache hit, replaying logs [2m18341bf8719f3727[0m
[36m@n8n/scheduler:test: [0m
[36m@n8n/scheduler:test: [0m> @n8n/scheduler@1.5.0 test /Users/romeobalta/work/n8n/worktrees/nudge-manual-builders-to-aia/packages/@n8n/scheduler
[36m@n8n/scheduler:test: [0m> vitest run --passWithNoTests
[36m@n8n/scheduler:test: [0m
[36m@n8n/scheduler:test: [0mvite.config.ts (1:487) [33m[UNRESOLVED_IMPORT] Warning:[0m Could not resolve 'vite' in vite.config.ts
[36m@n8n/scheduler:test: [0m   [38;5;246m╭[0m[38;5;246m─[0m[38;5;246m[[0m vite.config.ts:1:488 [38;5;246m][0m
[36m@n8n/scheduler:test: [0m   [38;5;246m│[0m
[36m@n8n/scheduler:test: [0m [38;5;246m1 │[0m [38;5;249mc[0m[38;5;249mo[0m[38;5;249mn[0m[38;5;249ms[0m[38;5;249mt[0m[38;5;249m [0m[38;5;249m_[0m[38;5;249m_[0m[38;5;249mv[0m[38;5;249mi[0m[38;5;249mt[0m[38;5;249me[0m[38;5;249m_[0m[38;5;249mi[0m[38;5;249mn[0m[38;5;249mj[0m[38;5;249me[0m[38;5;249mc[0m[38;5;249mt[0m[38;5;249me[0m[38;5;249md[0m[38;5;249m_[0m[38;5;249mo[0m[38;5;249mr[0m[38;5;249mi[0m[38;5;249mg[0m[38;5;249mi[0m[38;5;249mn[0m[38;5;249ma[0m[38;5;249ml[0m[38;5;249m_[0m[38;5;249md[0m[38;5;249mi[0m[38;5;249mr[0m[38;5;249mn[0m[38;5;249ma[0m[38;5;249mm[0m[38;5;249me[0m[38;5;249m [0m[38;5;249m=[0m[38;5;249m [0m[38;5;249m"[0m[38;5;249m/[0m[38;5;249mU[0m[38;5;249ms[0m[38;5;249me[0m[38;5;249mr[0m[38;5;249ms[0m[38;5;249m/[0m[38;5;249mr[0m[38;5;249mo[0m[38;5;249mm[0m[38;5;249me[0m[38;5;249mo[0m[38;5;249mb[0m[38;5;249ma[0m[38;5;249ml[0m[38;5;249mt[0m[38;5;249ma[0m[38;5;249m/[0m[38;5;249mw[0m[38;5;249mo[0m[38;5;249mr[0m[38;5;249mk[0m[38;5;249m/[0m[38;5;249mn[0m[38;5;249m8[0m[38;5;249mn[0m[38;5;249m/[0m[38;5;249mw[0m[38;5;249mo[0m[38;5;249mr[0m[38;5;249mk[0m[38;5;249mt[0m[38;5;249mr[0m[38;5;249me[0m[38;5;249me[0m[38;5;249ms[0m[38;5;249m/[0m[38;5;249mn[0m[38;5;249mu[0m[38;5;249md[0m[38;5;249mg[0m[38;5;249me[0m[38;5;249m-[0m[38;5;249mm[0m[38;5;249ma[0m[38;5;249mn[0m[38;5;249mu[0m[38;5;249ma[0m[38;5;249ml[0m[38;5;249m-[0m[38;5;249mb[0m[38;5;249mu[0m[38;5;249mi[0m[38;5;249ml[0m[38;5;249md[0m[38;5;249me[0m[38;5;249mr[0m[38;5;249ms[0m[38;5;249m-[0m[38;5;249mt[0m[38;5;249mo[0m[38;5;249m-[0m[38;5;249ma[0m[38;5;249mi[0m[38;5;249ma[0m[38;5;249m/[0m[38;5;249mp[0m[38;5;249ma[0m[38;5;249mc[0m[38;5;249mk[0m[38;5;249ma[0m[38;5;249mg[0m[38;5;249me[0m[38;5;249ms[0m[38;5;249m/[0m[38;5;249m@[0m[38;5;249mn[0m[38;5;249m8[0m[38;5;249mn[0m[38;5;249m/[0m[38;5;249ms[0m[38;5;249mc[0m[38;5;249mh[0m[38;5;249me[0m[38;5;249md[0m[38;5;249mu[0m[38;5;249ml[0m[38;5;249me[0m[38;5;249mr[0m[38;5;249m"[0m[38;5;249m;[0m[38;5;249mc[0m[38;5;249mo[0m[38;5;249mn[0m[38;5;249ms[0m[38;5;249mt[0m[38;5;249m [0m[38;5;249m_[0m[38;5;249m_[0m[38;5;249mv[0m[38;5;249mi[0m[38;5;249mt[0m[38;5;249me[0m[38;5;249m_[0m[38;5;249mi[0m[38;5;249mn[0m[38;5;249mj[0m[38;5;249me[0m[38;5;249mc[0m[38;5;249mt[0m[38;5;249me[0m[38;5;249md[0m[38;5;249m_[0m[38;5;249mo[0m[38;5;249mr[0m[38;5;249mi[0m[38;5;249mg[0m[38;5;249mi[0m[38;5;249mn[0m[38;5;249ma[0m[38;5;249ml[0m[38;5;249m_[0m[38;5;249mf[0m[38;5;249mi[0m[38;5;249ml[0m[38;5;249me[0m[38;5;249mn[0m[38;5;249ma[0m[38;5;249mm[0m[38;5;249me[0m[38;5;249m [0m[38;5;249m=[0m[38;5;249m [0m[38;5;249m"[0m[38;5;249m/[0m[38;5;249mU[0m[38;5;249ms[0m[38;5;249me[0m[38;5;249mr[0m[38;5;249ms[0m[38;5;249m/[0m[38;5;249mr[0m[38;5;249mo[0m[38;5;249mm[0m[38;5;249me[0m[38;5;249mo[0m[38;5;249mb[0m[38;5;249ma[0m[38;5;249ml[0m[38;5;249mt[0m[38;5;249ma[0m[38;5;249m/[0m[38;5;249mw[0m[38;5;249mo[0m[38;5;249mr[0m[38;5;249mk[0m[38;5;249m/[0m[38;5;249mn[0m[38;5;249m8[0m[38;5;249mn[0m[38;5;249m/[0m[38;5;249mw[0m[38;5;249mo[0m[38;5;249mr[0m[38;5;249mk[0m[38;5;249mt[0m[38;5;249mr[0m[38;5;249me[0m[38;5;249me[0m[38;5;249ms[0m[38;5;249m/[0m[38;5;249mn[0m[38;5;249mu[0m[38;5;249md[0m[38;5;249mg[0m[38;5;249me[0m[38;5;249m-[0m[38;5;249mm[0m[38;5;249ma[0m[38;5;249mn[0m[38;5;249mu[0m[38;5;249ma[0m[38;5;249ml[0m[38;5;249m-[0m[38;5;249mb[0m[38;5;249mu[0m[38;5;249mi[0m[38;5;249ml[0m[38;5;249md[0m[38;5;249me[0m[38;5;249mr[0m[38;5;249ms[0m[38;5;249m-[0m[38;5;249mt[0m[38;5;249mo[0m[38;5;249m-[0m[38;5;249ma[0m[38;5;249mi[0m[38;5;249ma[0m[38;5;249m/[0m[38;5;249mp[0m[38;5;249ma[0m[38;5;249mc[0m[38;5;249mk[0m[38;5;249ma[0m[38;5;249mg[0m[38;5;249me[0m[38;5;249ms[0m[38;5;249m/[0m[38;5;249m@[0m[38;5;249mn[0m[38;5;249m8[0m[38;5;249mn[0m[38;5;249m/[0m[38;5;249ms[0m[38;5;249mc[0m[38;5;249mh[0m[38;5;249me[0m[38;5;249md[0m[38;5;249mu[0m[38;5;249ml[0m[38;5;249me[0m[38;5;249mr[0m[38;5;249m/[0m[38;5;249mv[0m[38;5;249mi[0m[38;5;249mt[0m[38;5;249me[0m[38;5;249m.[0m[38;5;249mc[0m[38;5;249mo[0m[38;5;249mn[0m[38;5;249mf[0m[38;5;249mi[0m[38;5;249mg[0m[38;5;249m.[0m[38;5;249mt[0m[38;5;249ms[0m[38;5;249m"[0m[38;5;249m;[0m[38;5;249mc[0m[38;5;249mo[0m[38;5;249mn[0m[38;5;249ms[0m[38;5;249mt[0m[38;5;249m [0m[38;5;249m_[0m[38;5;249m_[0m[38;5;249mv[0m[38;5;249mi[0m[38;5;249mt[0m[38;5;249me[0m[38;5;249m_[0m[38;5;249mi[0m[38;5;249mn[0m[38;5;249mj[0m[38;5;249me[0m[38;5;249mc[0m[38;5;249mt[0m[38;5;249me[0m[38;5;249md[0m[38;5;249m_[0m[38;5;249mo[0m[38;5;249mr[0m[38;5;249mi[0m[38;5;249mg[0m[38;5;249mi[0m[38;5;249mn[0m[38;5;249ma[0m[38;5;249ml[0m[38;5;249m_[0m[38;5;249mi[0m[38;5;249mm[0m[38;5;249mp[0m[38;5;249mo[0m[38;5;249mr[0m[38;5;249mt[0m[38;5;249m_[0m[38;5;249mm[0m[38;5;249me[0m[38;5;249mt[0m[38;5;249ma[0m[38;5;249m_[0m[38;5;249mu[0m[38;5;249mr[0m[38;5;249ml[0m[38;5;249m [0m[38;5;249m=[0m[38;5;249m [0m[38;5;249m"[0m[38;5;249mf[0m[38;5;249mi[0m[38;5;249ml[0m[38;5;249me[0m[38;5;249m:[0m[38;5;249m/[0m[38;5;249m/[0m[38;5;249m/[0m[38;5;249mU[0m[38;5;249ms[0m[38;5;249me[0m[38;5;249mr[0m[38;5;249ms[0m[38;5;249m/[0m[38;5;249mr[0m[38;5;249mo[0m[38;5;249mm[0m[38;5;249me[0m[38;5;249mo[0m[38;5;249mb[0m[38;5;249ma[0m[38;5;249ml[0m[38;5;249mt[0m[38;5;249ma[0m[38;5;249m/[0m[38;5;249mw[0m[38;5;249mo[0m[38;5;249mr[0m[38;5;249mk[0m[38;5;249m/[0m[38;5;249mn[0m[38;5;249m8[0m[38;5;249mn[0m[38;5;249m/[0m[38;5;249mw[0m[38;5;249mo[0m[38;5;249mr[0m[38;5;249mk[0m[38;5;249mt[0m[38;5;249mr[0m[38;5;249me[0m[38;5;249me[0m[38;5;249ms[0m[38;5;249m/[0m[38;5;249mn[0m[38;5;249mu[0m[38;5;249md[0m[38;5;249mg[0m[38;5;249me[0m[38;5;249m-[0m[38;5;249mm[0m[38;5;249ma[0m[38;5;249mn[0m[38;5;249mu[0m[38;5;249ma[0m[38;5;249ml[0m[38;5;249m-[0m[38;5;249mb[0m[38;5;249mu[0m[38;5;249mi[0m[38;5;249ml[0m[38;5;249md[0m[38;5;249me[0m[38;5;249mr[0m[38;5;249ms[0m[38;5;249m-[0m[38;5;249mt[0m[38;5;249mo[0m[38;5;249m-[0m[38;5;249ma[0m[38;5;249mi[0m[38;5;249ma[0m[38;5;249m/[0m[38;5;249mp[0m[38;5;249ma[0m[38;5;249mc[0m[38;5;249mk[0m[38;5;249ma[0m[38;5;249mg[0m[38;5;249me[0m[38;5;249ms[0m[38;5;249m/[0m[38;5;249m@[0m[38;5;249mn[0m[38;5;249m8[0m[38;5;249mn[0m[38;5;249m/[0m[38;5;249ms[0m[38;5;249mc[0m[38;5;249mh[0m[38;5;249me[0m[38;5;249md[0m[38;5;249mu[0m[38;5;249ml[0m[38;5;249me[0m[38;5;249mr[0m[38;5;249m/[0m[38;5;249mv[0m[38;5;249mi[0m[38;5;249mt[0m[38;5;249me[0m[38;5;249m.[0m[38;5;249mc[0m[38;5;249mo[0m[38;5;249mn[0m[38;5;249mf[0m[38;5;249mi[0m[38;5;249mg[0m[38;5;249m.[0m[38;5;249mt[0m[38;5;249ms[0m[38;5;249m"[0m[38;5;249m;[0m[38;5;249mi[0m[38;5;249mm[0m[38;5;249mp[0m[38;5;249mo[0m[38;5;249mr[0m[38;5;249mt[0m[38;5;249m [0m[38;5;249m{[0m[38;5;249m [0m[38;5;249md[0m[38;5;249me[0m[38;5;249mf[0m[38;5;249mi[0m[38;5;249mn[0m[38;5;249me[0m[38;5;249mC[0m[38;5;249mo[0m[38;5;249mn[0m[38;5;249mf[0m[38;5;249mi[0m[38;5;249mg[0m[38;5;249m,[0m[38;5;249m [0m[38;5;249mm[0m[38;5;249me[0m[38;5;249mr[0m[38;5;249mg[0m[38;5;249me[0m[38;5;249mC[0m[38;5;249mo[0m[38;5;249mn[0m[38;5;249mf[0m[38;5;249mi[0m[38;5;249mg[0m[38;5;249m [0m[38;5;249m}[0m[38;5;249m [0m[38;5;249mf[0m[38;5;249mr[0m[38;5;249mo[0m[38;5;249mm[0m[38;5;249m [0m'vite'[38;5;249m;[0m
[36m@n8n/scheduler:test: [0m [38;5;240m  │[0m                                                                                                                                                                                                                                                                                                                                                                                                                                                                                                        ───┬──  
[36m@n8n/scheduler:test: [0m [38;5;240m  │[0m                                                                                                                                                                                                                                                                                                                                                                                                                                                                                                           ╰──── Module not found, treating it as an external dependency
[36m@n8n/scheduler:test: [0m[38;5;246m───╯[0m
[36m@n8n/scheduler:test: [0m
[36m@n8n/scheduler:test: [0m
[36m@n8n/scheduler:test: [0m[1m[30m[46m RUN [49m[39m[22m [36mv4.1.9 [39m[90m/Users/romeobalta/work/n8n/worktrees/nudge-manual-builders-to-aia/packages/@n8n/scheduler[39m
[36m@n8n/scheduler:test: [0m
[36m@n8n/scheduler:test: [0m [32m✓[39m src/__tests__/dependency-purity.test.ts [2m([22m[2m2 tests[22m[2m)[22m[32m 22[2mms[22m[39m
[36m@n8n/scheduler:test: [0m [32m✓[39m src/core/materializer/__tests__/coalesce-group.test.ts [2m([22m[2m19 tests[22m[2m)[22m[32m 5[2mms[22m[39m
[36m@n8n/scheduler:test: [0m [32m✓[39m src/core/reaper/__tests__/reap.test.ts [2m([22m[2m19 tests[22m[2m)[22m[32m 6[2mms[22m[39m
[36m@n8n/scheduler:test: [0m [32m✓[39m src/core/lifecycle/__tests__/loop.test.ts [2m([22m[2m18 tests[22m[2m)[22m[32m 24[2mms[22m[39m
[36m@n8n/scheduler:test: [0m [32m✓[39m src/core/executor/__tests__/executor.test.ts [2m([22m[2m41 tests[22m[2m)[22m[32m 22[2mms[22m[39m
[36m@n8n/scheduler:test: [0m [32m✓[39m src/observability/__tests__/executor-tracing.test.ts [2m([22m[2m10 tests[22m[2m)[22m[32m 8[2mms[22m[39m
[36m@n8n/scheduler:test: [0m [32m✓[39m src/observability/__tests__/provisioner-tracing.test.ts [2m([22m[2m5 tests[22m[2m)[22m[32m 4[2mms[22m[39m
[36m@n8n/scheduler:test: [0m [32m✓[39m src/core/retention/__tests__/prune.test.ts [2m([22m[2m16 tests[22m[2m)[22m[32m 6[2mms[22m[39m
[36m@n8n/scheduler:test: [0m [32m✓[39m src/core/materializer/__tests__/materialize.test.ts [2m([22m[2m25 tests[22m[2m)[22m[32m 16[2mms[22m[39m
[36m@n8n/scheduler:test: [0m [32m✓[39m src/core/recurrence/__tests__/validate.test.ts [2m([22m[2m19 tests[22m[2m)[22m[32m 22[2mms[22m[39m
[36m@n8n/scheduler:test: [0m [32m✓[39m src/core/materializer/__tests__/plan.test.ts [2m([22m[2m22 tests[22m[2m)[22m[32m 39[2mms[22m[39m
[36m@n8n/scheduler:test: [0m [32m✓[39m src/core/recurrence/__tests__/periods.test.ts [2m([22m[2m14 tests[22m[2m)[22m[32m 21[2mms[22m[39m
[36m@n8n/scheduler:test: [0m [32m✓[39m src/core/provisioning/__tests__/provision.test.ts [2m([22m[2m7 tests[22m[2m)[22m[32m 7[2mms[22m[39m
[36m@n8n/scheduler:test: [0m [32m✓[39m src/core/__tests__/executor-lookahead.test.ts [2m([22m[2m1 test[22m[2m)[22m[32m 6[2mms[22m[39m
[36m@n8n/scheduler:test: [0m [32m✓[39m src/core/recurrence/__tests__/resolve.test.ts [2m([22m[2m9 tests[22m[2m)[22m[32m 4[2mms[22m[39m
[36m@n8n/scheduler:test: [0m [32m✓[39m src/core/executor/__tests__/precision-timer.test.ts [2m([22m[2m4 tests[22m[2m)[22m[32m 4[2mms[22m[39m
[36m@n8n/scheduler:test: [0m [32m✓[39m src/core/lifecycle/__tests__/timeline.test.ts [2m([22m[2m6 tests[22m[2m)[22m[32m 2[2mms[22m[39m
[36m@n8n/scheduler:test: [0m [32m✓[39m src/core/__tests__/clock-skew.test.ts [2m([22m[2m10 tests[22m[2m)[22m[32m 3[2mms[22m[39m
[36m@n8n/scheduler:test: [0m [32m✓[39m src/core/materializer/__tests__/plan.property.test.ts [2m([22m[2m5 tests[22m[2m)[22m[32m 284[2mms[22m[39m
[36m@n8n/scheduler:test: [0m [32m✓[39m src/core/reaper/__tests__/reap.property.test.ts [2m([22m[2m1 test[22m[2m)[22m[32m 24[2mms[22m[39m
[36m@n8n/scheduler:test: [0m [32m✓[39m src/core/provisioning/__tests__/schedule-identity.test.ts [2m([22m[2m3 tests[22m[2m)[22m[32m 4[2mms[22m[39m
[36m@n8n/scheduler:test: [0m [32m✓[39m src/core/provisioning/__tests__/provisioner.test.ts [2m([22m[2m2 tests[22m[2m)[22m[32m 10[2mms[22m[39m
[36m@n8n/scheduler:test: [0m [32m✓[39m src/core/executor/__tests__/task-handler.test.ts [2m([22m[2m4 tests[22m[2m)[22m[32m 3[2mms[22m[39m
[36m@n8n/scheduler:test: [0m [32m✓[39m src/core/lifecycle/__tests__/lookahead.test.ts [2m([22m[2m4 tests[22m[2m)[22m[32m 2[2mms[22m[39m
[36m@n8n/scheduler:test: [0m [32m✓[39m src/core/recurrence/__tests__/recurring-cron.test.ts [2m([22m[2m4 tests[22m[2m)[22m[32m 23[2mms[22m[39m
[36m@n8n/scheduler:test: [0m [32m✓[39m src/core/executor/__tests__/backoff.test.ts [2m([22m[2m5 tests[22m[2m)[22m[32m 2[2mms[22m[39m
[36m@n8n/scheduler:test: [0m [32m✓[39m src/core/executor/__tests__/executor.property.test.ts [2m([22m[2m1 test[22m[2m)[22m[32m 126[2mms[22m[39m
[36m@n8n/scheduler:test: [0m [32m✓[39m src/core/executor/__tests__/backoff.property.test.ts [2m([22m[2m3 tests[22m[2m)[22m[32m 8[2mms[22m[39m
[36m@n8n/scheduler:test: [0m [32m✓[39m src/core/recurrence/__tests__/next-run.property.test.ts [2m([22m[2m4 tests[22m[2m)[22m[32m 53[2mms[22m[39m
[36m@n8n/scheduler:test: [0m [32m✓[39m src/core/recurrence/__tests__/next-run.test.ts [2m([22m[2m39 tests[22m[2m)[22m[33m 500[2mms[22m[39m
[36m@n8n/scheduler:test: [0m       [33m[2m✓[22m[39m throws when no candidate lands on cadence within the scan bound [33m 318[2mms[22m[39m
[36m@n8n/scheduler:test: [0m [32m✓[39m src/core/lifecycle/__tests__/loop.jitter.test.ts [2m([22m[2m9 tests[22m[2m)[22m[33m 700[2mms[22m[39m
[36m@n8n/scheduler:test: [0m [32m✓[39m src/core/__tests__/factory.test.ts [2m([22m[2m71 tests[22m[2m)[22m[33m 714[2mms[22m[39m
[36m@n8n/scheduler:test: [0m
[36m@n8n/scheduler:test: [0m[2m Test Files [22m [1m[32m32 passed[39m[22m[90m (32)[39m
[36m@n8n/scheduler:test: [0m[2m      Tests [22m [1m[32m401 passed[39m[22m[2m | [22m[36m1 expected fail[39m[90m (402)[39m
[36m@n8n/scheduler:test: [0m[2m   Start at [22m 13:23:53
[36m@n8n/scheduler:test: [0m[2m   Duration [22m 1.25s[2m (transform 2.08s, setup 0ms, import 3.35s, tests 2.68s, environment 1ms)[22m
[36m@n8n/scheduler:test: [0m
[35m@n8n/api-types:test: [0mcache hit, replaying logs [2mc8d112cd8a780125[0m
[35m@n8n/api-types:test: [0m
[35m@n8n/api-types:test: [0m> @n8n/api-types@1.36.0 test /Users/romeobalta/work/n8n/worktrees/nudge-manual-builders-to-aia/packages/@n8n/api-types
[35m@n8n/api-types:test: [0m> vitest run
[35m@n8n/api-types:test: [0m
[35m@n8n/api-types:test: [0m
[35m@n8n/api-types:test: [0m[1m[30m[46m RUN [49m[39m[22m [36mv4.1.9 [39m[90m/Users/romeobalta/work/n8n/worktrees/nudge-manual-builders-to-aia/packages/@n8n/api-types[39m
[35m@n8n/api-types:test: [0m
[35m@n8n/api-types:test: [0m [32m✓[39m src/schemas/__tests__/credential-resolver.schema.test.ts [2m([22m[2m73 tests[22m[2m)[22m[32m 8[2mms[22m[39m
[35m@n8n/api-types:test: [0m [32m✓[39m src/dto/packages/__tests__/import-package-request.dto.test.ts [2m([22m[2m98 tests[22m[2m)[22m[32m 18[2mms[22m[39m
[35m@n8n/api-types:test: [0m [32m✓[39m src/schemas/__tests__/eval-collections.schema.test.ts [2m([22m[2m23 tests[22m[2m)[22m[32m 6[2mms[22m[39m
[35m@n8n/api-types:test: [0m [32m✓[39m src/dto/roles/__tests__/update-role.dto.test.ts [2m([22m[2m56 tests[22m[2m)[22m[32m 15[2mms[22m[39m
[35m@n8n/api-types:test: [0m [32m✓[39m src/agents/__tests__/agent-json-config.schema.test.ts [2m([22m[2m51 tests[22m[2m)[22m[32m 15[2mms[22m[39m
[35m@n8n/api-types:test: [0m [32m✓[39m src/schemas/__tests__/instance-ai.schema.test.ts [2m([22m[2m100 tests[22m[2m)[22m[32m 21[2mms[22m[39m
[35m@n8n/api-types:test: [0m [32m✓[39m src/agents/__tests__/sanitize-agent-json-config.test.ts [2m([22m[2m37 tests[22m[2m)[22m[32m 12[2mms[22m[39m
[35m@n8n/api-types:test: [0m [32m✓[39m src/schemas/__tests__/llm-step-display.test.ts [2m([22m[2m15 tests[22m[2m)[22m[32m 6[2mms[22m[39m
[35m@n8n/api-types:test: [0m [32m✓[39m src/agents/__tests__/inline-agent-config.schema.test.ts [2m([22m[2m30 tests[22m[2m)[22m[32m 6[2mms[22m[39m
[35m@n8n/api-types:test: [0m [32m✓[39m src/dto/packages/__tests__/export-package-request.dto.test.ts [2m([22m[2m51 tests[22m[2m)[22m[32m 7[2mms[22m[39m
[35m@n8n/api-types:test: [0m [32m✓[39m src/dto/roles/__tests__/create-role.dto.test.ts [2m([22m[2m34 tests[22m[2m)[22m[32m 11[2mms[22m[39m
[35m@n8n/api-types:test: [0m [32m✓[39m src/dto/ai/__tests__/ai-build-request.dto.test.ts [2m([22m[2m18 tests[22m[2m)[22m[32m 7[2mms[22m[39m
[35m@n8n/api-types:test: [0m [32m✓[39m src/dto/evaluations/__tests__/evaluation-config.dto.test.ts [2m([22m[2m22 tests[22m[2m)[22m[32m 5[2mms[22m[39m
[35m@n8n/api-types:test: [0m [32m✓[39m src/dto/instance-ai/__tests__/instance-ai-confirm-request.dto.test.ts [2m([22m[2m36 tests[22m[2m)[22m[32m 6[2mms[22m[39m
[35m@n8n/api-types:test: [0m [32m✓[39m src/schemas/__tests__/insights.schema.test.ts [2m([22m[2m22 tests[22m[2m)[22m[32m 6[2mms[22m[39m
[35m@n8n/api-types:test: [0m [32m✓[39m src/schemas/__tests__/agent-evals.schema.test.ts [2m([22m[2m32 tests[22m[2m)[22m[32m 7[2mms[22m[39m
[35m@n8n/api-types:test: [0m [32m✓[39m src/dto/ai/__tests__/ai-ask-request.dto.test.ts [2m([22m[2m7 tests[22m[2m)[22m[32m 5[2mms[22m[39m
[35m@n8n/api-types:test: [0m [32m✓[39m src/dto/encryption/__tests__/list-encryption-keys-query.dto.test.ts [2m([22m[2m34 tests[22m[2m)[22m[32m 7[2mms[22m[39m
[35m@n8n/api-types:test: [0m [32m✓[39m src/dto/saml/__tests__/saml-preferences.dto.test.ts [2m([22m[2m14 tests[22m[2m)[22m[32m 7[2mms[22m[39m
[35m@n8n/api-types:test: [0m [32m✓[39m src/dto/insights/__tests__/list-workflow-query.dto.test.ts [2m([22m[2m23 tests[22m[2m)[22m[32m 18[2mms[22m[39m
[35m@n8n/api-types:test: [0m [32m✓[39m src/dto/variables/__tests__/create-variable-request.dto.test.ts [2m([22m[2m19 tests[22m[2m)[22m[32m 6[2mms[22m[39m
[35m@n8n/api-types:test: [0m [32m✓[39m src/dto/pagination/__tests__/pagination.dto.test.ts [2m([22m[2m18 tests[22m[2m)[22m[32m 5[2mms[22m[39m
[35m@n8n/api-types:test: [0m [32m✓[39m src/schemas/__tests__/user.schema.test.ts [2m([22m[2m21 tests[22m[2m)[22m[32m 6[2mms[22m[39m
[35m@n8n/api-types:test: [0m [32m✓[39m src/dto/variables/__tests__/update-variable-request.dto.test.ts [2m([22m[2m19 tests[22m[2m)[22m[32m 7[2mms[22m[39m
[35m@n8n/api-types:test: [0m [32m✓[39m src/dto/workflows/__tests__/workflow-public.dto.test.ts [2m([22m[2m10 tests[22m[2m)[22m[32m 5[2mms[22m[39m
[35m@n8n/api-types:test: [0m [32m✓[39m src/dto/project/__tests__/update-project.dto.test.ts [2m([22m[2m22 tests[22m[2m)[22m[32m 5[2mms[22m[39m
[35m@n8n/api-types:test: [0m [32m✓[39m src/dto/credential-resolver/__tests__/create-credential-resolver.dto.test.ts [2m([22m[2m18 tests[22m[2m)[22m[32m 5[2mms[22m[39m
[35m@n8n/api-types:test: [0m [32m✓[39m src/dto/workflow-reviews/__tests__/update-workflow-review-request-version.dto.test.ts [2m([22m[2m16 tests[22m[2m)[22m[32m 7[2mms[22m[39m
[35m@n8n/api-types:test: [0m [32m✓[39m src/dto/workflow-reviews/__tests__/create-workflow-review-request.dto.test.ts [2m([22m[2m16 tests[22m[2m)[22m[32m 5[2mms[22m[39m
[35m@n8n/api-types:test: [0m [32m✓[39m src/dto/insights/__tests__/date-filter.dto.test.ts [2m([22m[2m16 tests[22m[2m)[22m[32m 23[2mms[22m[39m
[35m@n8n/api-types:test: [0m [32m✓[39m src/dto/user/__tests__/user-self-settings-update-request.dto.test.ts [2m([22m[2m10 tests[22m[2m)[22m[32m 4[2mms[22m[39m
[35m@n8n/api-types:test: [0m [32m✓[39m src/dto/ldap/__tests__/ldap-configuration.dto.test.ts [2m([22m[2m10 tests[22m[2m)[22m[32m 9[2mms[22m[39m
[35m@n8n/api-types:test: [0m [32m✓[39m src/dto/otel/__tests__/update-otel-settings.dto.test.ts [2m([22m[2m7 tests[22m[2m)[22m[32m 4[2mms[22m[39m
[35m@n8n/api-types:test: [0m [32m✓[39m src/dto/credential-resolver/__tests__/update-credential-resolver.dto.test.ts [2m([22m[2m17 tests[22m[2m)[22m[32m 5[2mms[22m[39m
[35m@n8n/api-types:test: [0m [32m✓[39m src/dto/owner/__tests__/dismiss-banner-request.dto.test.ts [2m([22m[2m18 tests[22m[2m)[22m[32m 4[2mms[22m[39m
[35m@n8n/api-types:test: [0m [32m✓[39m src/dto/credentials/__tests__/create-credential.dto.test.ts [2m([22m[2m13 tests[22m[2m)[22m[32m 8[2mms[22m[39m
[35m@n8n/api-types:test: [0m [32m✓[39m src/schemas/__tests__/eval-insights.schema.test.ts [2m([22m[2m9 tests[22m[2m)[22m[32m 4[2mms[22m[39m
[35m@n8n/api-types:test: [0m [32m✓[39m src/schemas/__tests__/instance-ai-setup-state.test.ts [2m([22m[2m7 tests[22m[2m)[22m[32m 2[2mms[22m[39m
[35m@n8n/api-types:test: [0m [32m✓[39m src/dto/project/__tests__/list-projects-query.dto.test.ts [2m([22m[2m16 tests[22m[2m)[22m[32m 5[2mms[22m[39m
[35m@n8n/api-types:test: [0m [32m✓[39m src/agents/__tests__/workflow-tool-incompatibility.test.ts [2m([22m[2m12 tests[22m[2m)[22m[32m 3[2mms[22m[39m
[35m@n8n/api-types:test: [0m [32m✓[39m src/dto/folders/__tests__/list-folder-query.dto.test.ts [2m([22m[2m20 tests[22m[2m)[22m[32m 6[2mms[22m[39m
[35m@n8n/api-types:test: [0m [32m✓[39m src/dto/log-streaming/__tests__/create-destination.dto.test.ts [2m([22m[2m33 tests[22m[2m)[22m[32m 7[2mms[22m[39m
[35m@n8n/api-types:test: [0m [32m✓[39m src/dto/user/__tests__/users-list-filter.dto.test.ts [2m([22m[2m30 tests[22m[2m)[22m[32m 6[2mms[22m[39m
[35m@n8n/api-types:test: [0m [32m✓[39m src/dto/workflows/__tests__/update-workflow.dto.test.ts [2m([22m[2m50 tests[22m[2m)[22m[32m 8[2mms[22m[39m
[35m@n8n/api-types:test: [0m [32m✓[39m src/__tests__/instance-registry-types.test.ts [2m([22m[2m40 tests[22m[2m)[22m[32m 6[2mms[22m[39m
[35m@n8n/api-types:test: [0m [32m✓[39m src/dto/workflows/__tests__/create-workflow.dto.test.ts [2m([22m[2m51 tests[22m[2m)[22m[32m 13[2mms[22m[39m
[35m@n8n/api-types:test: [0m [32m✓[39m src/schemas/__tests__/agent-run-reducer.test.ts [2m([22m[2m97 tests[22m[2m)[22m[32m 20[2mms[22m[39m
[35m@n8n/api-types:test: [0m [32m✓[39m src/dto/password-reset/__tests__/change-password-request.dto.test.ts [2m([22m[2m12 tests[22m[2m)[22m[32m 5[2mms[22m[39m
[35m@n8n/api-types:test: [0m [32m✓[39m src/dto/workflows/__tests__/manual-run.dto.test.ts [2m([22m[2m14 tests[22m[2m)[22m[32m 5[2mms[22m[39m
[35m@n8n/api-types:test: [0m [32m✓[39m src/dto/source-control/__tests__/push-work-folder-request.dto.test.ts [2m([22m[2m6 tests[22m[2m)[22m[32m 8[2mms[22m[39m
[35m@n8n/api-types:test: [0m [32m✓[39m src/dto/project/__tests__/add-users-to-project.dto.test.ts [2m([22m[2m12 tests[22m[2m)[22m[32m 5[2mms[22m[39m
[35m@n8n/api-types:test: [0m [32m✓[39m src/dto/workflows/__tests__/create-workflow-public.dto.test.ts [2m([22m[2m13 tests[22m[2m)[22m[32m 5[2mms[22m[39m
[35m@n8n/api-types:test: [0m [32m✓[39m src/schemas/__tests__/project.schema.test.ts [2m([22m[2m18 tests[22m[2m)[22m[32m 9[2mms[22m[39m
[35m@n8n/api-types:test: [0m [32m✓[39m src/dto/user/__tests__/user-update-request.dto.test.ts [2m([22m[2m6 tests[22m[2m)[22m[32m 5[2mms[22m[39m
[35m@n8n/api-types:test: [0m [32m✓[39m src/dto/roles/__tests__/update-role-public.dto.test.ts [2m([22m[2m14 tests[22m[2m)[22m[32m 5[2mms[22m[39m
[35m@n8n/api-types:test: [0m [32m✓[39m src/dto/dynamic-node-parameters/__tests__/resource-locator-request.dto.test.ts [2m([22m[2m9 tests[22m[2m)[22m[32m 4[2mms[22m[39m
[35m@n8n/api-types:test: [0m [32m✓[39m src/dto/workflow-reviews/__tests__/decide-workflow-review-request.dto.test.ts [2m([22m[2m12 tests[22m[2m)[22m[32m 16[2mms[22m[39m
[35m@n8n/api-types:test: [0m [32m✓[39m src/dto/auth/__tests__/login-request.dto.test.ts [2m([22m[2m9 tests[22m[2m)[22m[32m 5[2mms[22m[39m
[35m@n8n/api-types:test: [0m [32m✓[39m src/dto/variables/__tests__/base.dto.test.ts [2m([22m[2m9 tests[22m[2m)[22m[32m 5[2mms[22m[39m
[35m@n8n/api-types:test: [0m [32m✓[39m src/dto/executions/__tests__/delete-executions.dto.test.ts [2m([22m[2m10 tests[22m[2m)[22m[32m 7[2mms[22m[39m
[35m@n8n/api-types:test: [0m [32m✓[39m src/dto/workflow-reviews/__tests__/list-workflow-review-requests-query.dto.test.ts [2m([22m[2m9 tests[22m[2m)[22m[32m 5[2mms[22m[39m
[35m@n8n/api-types:test: [0m [32m✓[39m src/dto/binary-data/__tests__/binary-data-query.dto.test.ts [2m([22m[2m10 tests[22m[2m)[22m[32m 4[2mms[22m[39m
[35m@n8n/api-types:test: [0m [32m✓[39m src/dto/variables/__tests__/variables-list-request.dto.test.ts [2m([22m[2m9 tests[22m[2m)[22m[32m 5[2mms[22m[39m
[35m@n8n/api-types:test: [0m [32m✓[39m src/dto/owner/__tests__/owner-setup-request.dto.test.ts [2m([22m[2m7 tests[22m[2m)[22m[32m 4[2mms[22m[39m
[35m@n8n/api-types:test: [0m [32m✓[39m src/agents/__tests__/child-trace.test.ts [2m([22m[2m3 tests[22m[2m)[22m[32m 4[2mms[22m[39m
[35m@n8n/api-types:test: [0m [32m✓[39m src/dto/dynamic-node-parameters/__tests__/options-request.dto.test.ts [2m([22m[2m8 tests[22m[2m)[22m[32m 5[2mms[22m[39m
[35m@n8n/api-types:test: [0m [32m✓[39m src/dto/invitation/__tests__/accept-invitation-request.dto.test.ts [2m([22m[2m7 tests[22m[2m)[22m[32m 10[2mms[22m[39m
[35m@n8n/api-types:test: [0m [32m✓[39m src/dto/log-streaming/__tests__/get-destination-query.dto.test.ts [2m([22m[2m8 tests[22m[2m)[22m[32m 4[2mms[22m[39m
[35m@n8n/api-types:test: [0m [32m✓[39m src/dto/dynamic-node-parameters/__tests__/action-result-request.dto.test.ts [2m([22m[2m7 tests[22m[2m)[22m[32m 4[2mms[22m[39m
[35m@n8n/api-types:test: [0m [32m✓[39m src/dto/git-connections/__tests__/git-connections.dto.test.ts [2m([22m[2m4 tests[22m[2m)[22m[32m 4[2mms[22m[39m
[35m@n8n/api-types:test: [0m [32m✓[39m src/schemas/__tests__/folder.schema.test.ts [2m([22m[2m19 tests[22m[2m)[22m[32m 4[2mms[22m[39m
[35m@n8n/api-types:test: [0m [32m✓[39m src/dto/log-streaming/__tests__/delete-destination-query.dto.test.ts [2m([22m[2m8 tests[22m[2m)[22m[32m 7[2mms[22m[39m
[35m@n8n/api-types:test: [0m [32m✓[39m src/dto/dynamic-node-parameters/__tests__/resource-mapper-fields-request.dto.test.ts [2m([22m[2m6 tests[22m[2m)[22m[32m 4[2mms[22m[39m
[35m@n8n/api-types:test: [0m [32m✓[39m src/agents/__tests__/agent-skill.dto.test.ts [2m([22m[2m7 tests[22m[2m)[22m[32m 3[2mms[22m[39m
[35m@n8n/api-types:test: [0m [32m✓[39m src/schemas/__tests__/evaluations.schema.test.ts [2m([22m[2m8 tests[22m[2m)[22m[32m 5[2mms[22m[39m
[35m@n8n/api-types:test: [0m [32m✓[39m src/dto/source-control/__tests__/pull-work-folder-request.dto.test.ts [2m([22m[2m10 tests[22m[2m)[22m[32m 3[2mms[22m[39m
[35m@n8n/api-types:test: [0m [32m✓[39m src/dto/log-streaming/__tests__/test-destination-query.dto.test.ts [2m([22m[2m8 tests[22m[2m)[22m[32m 5[2mms[22m[39m
[35m@n8n/api-types:test: [0m [32m✓[39m src/dto/workflows/__tests__/import-workflow-from-url.dto.test.ts [2m([22m[2m10 tests[22m[2m)[22m[32m 7[2mms[22m[39m
[35m@n8n/api-types:test: [0m [32m✓[39m src/dto/user/__tests__/settings-update-request.dto.test.ts [2m([22m[2m6 tests[22m[2m)[22m[32m 2[2mms[22m[39m
[35m@n8n/api-types:test: [0m [32m✓[39m src/dto/project/__tests__/create-project.dto.test.ts [2m([22m[2m8 tests[22m[2m)[22m[32m 5[2mms[22m[39m
[35m@n8n/api-types:test: [0m [32m✓[39m src/agents/__tests__/provider-capabilities.test.ts [2m([22m[2m6 tests[22m[2m)[22m[32m 3[2mms[22m[39m
[35m@n8n/api-types:test: [0m [32m✓[39m src/dto/credentials/__tests__/credentials-get-many-request.dto.test.ts [2m([22m[2m16 tests[22m[2m)[22m[32m 8[2mms[22m[39m
[35m@n8n/api-types:test: [0m [32m✓[39m src/agents/__tests__/agent-personalisation.test.ts [2m([22m[2m2 tests[22m[2m)[22m[32m 2[2mms[22m[39m
[35m@n8n/api-types:test: [0m [32m✓[39m src/dto/oidc/__tests__/config.dto.test.ts [2m([22m[2m3 tests[22m[2m)[22m[32m 7[2mms[22m[39m
[35m@n8n/api-types:test: [0m [32m✓[39m src/dto/invitation/__tests__/invite-users-request.dto.test.ts [2m([22m[2m6 tests[22m[2m)[22m[32m 5[2mms[22m[39m
[35m@n8n/api-types:test: [0m [32m✓[39m src/dto/workflows/__tests__/transfer-workflow.dto.test.ts [2m([22m[2m7 tests[22m[2m)[22m[32m 6[2mms[22m[39m
[35m@n8n/api-types:test: [0m [32m✓[39m src/dto/api-keys/__tests__/update-api-key-request.dto.test.ts [2m([22m[2m8 tests[22m[2m)[22m[32m 5[2mms[22m[39m
[35m@n8n/api-types:test: [0m [32m✓[39m src/agents/__tests__/agent-integration.schema.test.ts [2m([22m[2m6 tests[22m[2m)[22m[32m 6[2mms[22m[39m
[35m@n8n/api-types:test: [0m [32m✓[39m src/dto/binary-data/__tests__/binary-data-signed-query.dto.test.ts [2m([22m[2m7 tests[22m[2m)[22m[32m 5[2mms[22m[39m
[35m@n8n/api-types:test: [0m [32m✓[39m src/__tests__/workflow-publish-blocked-details.test.ts [2m([22m[2m8 tests[22m[2m)[22m[32m 10[2mms[22m[39m
[35m@n8n/api-types:test: [0m [32m✓[39m src/dto/workflow-reviews/__tests__/list-workflow-review-inbox-query.dto.test.ts [2m([22m[2m8 tests[22m[2m)[22m[32m 6[2mms[22m[39m
[35m@n8n/api-types:test: [0m [32m✓[39m src/dto/api-keys/__tests__/create-api-key-request.dto.test.ts [2m([22m[2m6 tests[22m[2m)[22m[32m 3[2mms[22m[39m
[35m@n8n/api-types:test: [0m [32m✓[39m src/dto/roles/__tests__/role-list-query.dto.test.ts [2m([22m[2m7 tests[22m[2m)[22m[32m 3[2mms[22m[39m
[35m@n8n/api-types:test: [0m [32m✓[39m src/dto/credentials/__tests__/credentials-get-one-request.dto.test.ts [2m([22m[2m7 tests[22m[2m)[22m[32m 4[2mms[22m[39m
[35m@n8n/api-types:test: [0m [32m✓[39m src/dto/roles/__tests__/role-get-query.dto.test.ts [2m([22m[2m7 tests[22m[2m)[22m[32m 3[2mms[22m[39m
[35m@n8n/api-types:test: [0m [32m✓[39m src/dto/folders/__tests__/update-folder.request.dto.test.ts [2m([22m[2m8 tests[22m[2m)[22m[32m 3[2mms[22m[39m
[35m@n8n/api-types:test: [0m [32m✓[39m src/dto/api-keys/__tests__/list-api-keys-query.dto.test.ts [2m([22m[2m5 tests[22m[2m)[22m[32m 7[2mms[22m[39m
[35m@n8n/api-types:test: [0m [32m✓[39m src/agents/__tests__/agent-chat-message.dto.test.ts [2m([22m[2m6 tests[22m[2m)[22m[32m 3[2mms[22m[39m
[35m@n8n/api-types:test: [0m [32m✓[39m src/__tests__/proxy-feature.test.ts [2m([22m[2m3 tests[22m[2m)[22m[32m 2[2mms[22m[39m
[35m@n8n/api-types:test: [0m [32m✓[39m src/__tests__/zod-class.test.ts [2m([22m[2m5 tests[22m[2m)[22m[32m 5[2mms[22m[39m
[35m@n8n/api-types:test: [0m [32m✓[39m src/dto/folders/__tests__/create-folder-request.dto.test.ts [2m([22m[2m6 tests[22m[2m)[22m[32m 3[2mms[22m[39m
[35m@n8n/api-types:test: [0m [32m✓[39m src/dto/workflows/__tests__/get-workflow-query.dto.test.ts [2m([22m[2m7 tests[22m[2m)[22m[32m 3[2mms[22m[39m
[35m@n8n/api-types:test: [0m [32m✓[39m src/dto/user/__tests__/password-update-request.dto.test.ts [2m([22m[2m4 tests[22m[2m)[22m[32m 3[2mms[22m[39m
[35m@n8n/api-types:test: [0m [32m✓[39m src/dto/tag/__tests__/retrieve-tag-query.dto.test.ts [2m([22m[2m6 tests[22m[2m)[22m[32m 9[2mms[22m[39m
[35m@n8n/api-types:test: [0m [32m✓[39m src/dto/password-reset/__tests__/forgot-password-request.dto.test.ts [2m([22m[2m6 tests[22m[2m)[22m[32m 4[2mms[22m[39m
[35m@n8n/api-types:test: [0m [32m✓[39m src/dto/roles/__tests__/create-role-mapping-rule.dto.test.ts [2m([22m[2m8 tests[22m[2m)[22m[32m 3[2mms[22m[39m
[35m@n8n/api-types:test: [0m [32m✓[39m src/agents/__tests__/agent-chat-resume.dto.test.ts [2m([22m[2m3 tests[22m[2m)[22m[32m 4[2mms[22m[39m
[35m@n8n/api-types:test: [0m [32m✓[39m src/dto/roles/__tests__/list-role-mapping-rule-query.dto.test.ts [2m([22m[2m6 tests[22m[2m)[22m[32m 5[2mms[22m[39m
[35m@n8n/api-types:test: [0m [32m✓[39m src/dto/auth/__tests__/resolve-signup-token-query.dto.test.ts [2m([22m[2m3 tests[22m[2m)[22m[32m 4[2mms[22m[39m
[35m@n8n/api-types:test: [0m [32m✓[39m src/dto/encryption/__tests__/create-encryption-key.dto.test.ts [2m([22m[2m8 tests[22m[2m)[22m[32m 3[2mms[22m[39m
[35m@n8n/api-types:test: [0m [32m✓[39m src/dto/project/__tests__/change-user-role-in-project.dto.test.ts [2m([22m[2m7 tests[22m[2m)[22m[32m 29[2mms[22m[39m
[35m@n8n/api-types:test: [0m [32m✓[39m src/dto/credentials/__tests__/generate-credential-name.dto.test.ts [2m([22m[2m6 tests[22m[2m)[22m[32m 2[2mms[22m[39m
[35m@n8n/api-types:test: [0m [32m✓[39m src/dto/user/__tests__/role-change-request.dto.test.ts [2m([22m[2m4 tests[22m[2m)[22m[32m 3[2mms[22m[39m
[35m@n8n/api-types:test: [0m [32m✓[39m src/dto/evaluations/__tests__/evaluation-error-code.test.ts [2m([22m[2m1 test[22m[2m)[22m[32m 2[2mms[22m[39m
[35m@n8n/api-types:test: [0m [32m✓[39m src/dto/password-reset/__tests__/resolve-password-token-query.dto.test.ts [2m([22m[2m4 tests[22m[2m)[22m[32m 13[2mms[22m[39m
[35m@n8n/api-types:test: [0m [32m✓[39m src/dto/workflows/__tests__/workflow-publish-blocked-error-public.dto.test.ts [2m([22m[2m4 tests[22m[2m)[22m[32m 13[2mms[22m[39m
[35m@n8n/api-types:test: [0m [32m✓[39m src/dto/ai/__tests__/ai-apply-suggestion-request.dto.test.ts [2m([22m[2m3 tests[22m[2m)[22m[32m 3[2mms[22m[39m
[35m@n8n/api-types:test: [0m [32m✓[39m src/dto/tag/__tests__/create-or-update-tag-request.dto.test.ts [2m([22m[2m2 tests[22m[2m)[22m[32m 2[2mms[22m[39m
[35m@n8n/api-types:test: [0m [32m✓[39m src/agents/__tests__/slack-managed-app-settings.dto.test.ts [2m([22m[2m5 tests[22m[2m)[22m[32m 3[2mms[22m[39m
[35m@n8n/api-types:test: [0m [32m✓[39m src/dto/ai/__tests__/ai-chat-request.dto.test.ts [2m([22m[2m3 tests[22m[2m)[22m[32m 3[2mms[22m[39m
[35m@n8n/api-types:test: [0m [32m✓[39m src/dto/license/__tests__/community-registered-request.dto.test.ts [2m([22m[2m2 tests[22m[2m)[22m[32m 3[2mms[22m[39m
[35m@n8n/api-types:test: [0m [32m✓[39m src/schemas/__tests__/node-version.schema.test.ts [2m([22m[2m9 tests[22m[2m)[22m[32m 5[2mms[22m[39m
[35m@n8n/api-types:test: [0m [32m✓[39m src/dto/workflows/__tests__/transfer-workflow-public.dto.test.ts [2m([22m[2m1 test[22m[2m)[22m[32m 2[2mms[22m[39m
[35m@n8n/api-types:test: [0m [32m✓[39m src/dto/workflows/__tests__/workflow-tags-public.dto.test.ts [2m([22m[2m2 tests[22m[2m)[22m[32m 3[2mms[22m[39m
[35m@n8n/api-types:test: [0m [32m✓[39m src/dto/workflows/__tests__/publish-workflow-public.dto.test.ts [2m([22m[2m3 tests[22m[2m)[22m[32m 2[2mms[22m[39m
[35m@n8n/api-types:test: [0m [32m✓[39m src/agents/__tests__/sanitize-agent-tool-name.test.ts [2m([22m[2m5 tests[22m[2m)[22m[32m 2[2mms[22m[39m
[35m@n8n/api-types:test: [0m [32m✓[39m src/dto/workflows/__tests__/list-workflows-query.dto.test.ts [2m([22m[2m1 test[22m[2m)[22m[32m 3[2mms[22m[39m
[35m@n8n/api-types:test: [0m [32m✓[39m src/dto/ai/__tests__/ai-free-credits-request.dto.test.ts [2m([22m[2m3 tests[22m[2m)[22m[32m 2[2mms[22m[39m
[35m@n8n/api-types:test: [0m [32m✓[39m src/__tests__/agent-builder-interactive.test.ts [2m([22m[2m1 test[22m[2m)[22m[32m 2[2mms[22m[39m
[35m@n8n/api-types:test: [0m [32m✓[39m src/schemas/__tests__/instance-ai-approval-resume.schema.test.ts [2m([22m[2m2 tests[22m[2m)[22m[32m 2[2mms[22m[39m
[35m@n8n/api-types:test: [0m [32m✓[39m src/schemas/__tests__/password.schema.test.ts [2m([22m[2m11 tests[22m[2m)[22m[32m 6[2mms[22m[39m
[35m@n8n/api-types:test: [0m
[35m@n8n/api-types:test: [0m[2m Test Files [22m [1m[32m131 passed[39m[22m[90m (131)[39m
[35m@n8n/api-types:test: [0m[2m      Tests [22m [1m[32m1964 passed[39m[22m[90m (1964)[39m
[35m@n8n/api-types:test: [0m[2m   Start at [22m 13:23:55
[35m@n8n/api-types:test: [0m[2m   Duration [22m 3.50s[2m (transform 12.21s, setup 0ms, import 21.33s, tests 807ms, environment 7ms)[22m
[35m@n8n/api-types:test: [0m
[32m@n8n/decorators:build: [0mcache hit, replaying logs [2m7189109e6c8c1112[0m
[32m@n8n/decorators:build: [0m
[32m@n8n/decorators:build: [0m> @n8n/decorators@1.36.0 build /Users/romeobalta/work/n8n/worktrees/nudge-manual-builders-to-aia/packages/@n8n/decorators
[32m@n8n/decorators:build: [0m> tsc -p tsconfig.build.json
[32m@n8n/decorators:build: [0m
[33m@n8n/chat-hub:build: [0mcache hit, replaying logs [2m4415bbd631e48302[0m
[33m@n8n/chat-hub:build: [0m
[33m@n8n/chat-hub:build: [0m> @n8n/chat-hub@1.29.0 build /Users/romeobalta/work/n8n/worktrees/nudge-manual-builders-to-aia/packages/@n8n/chat-hub
[33m@n8n/chat-hub:build: [0m> tsc -p tsconfig.build.json
[33m@n8n/chat-hub:build: [0m
[34m@n8n/composables:build: [0mcache hit, replaying logs [2m079e9cb1cd511258[0m
[34m@n8n/composables:build: [0m
[34m@n8n/composables:build: [0m> @n8n/composables@1.26.0 build /Users/romeobalta/work/n8n/worktrees/nudge-manual-builders-to-aia/packages/frontend/@n8n/composables
[34m@n8n/composables:build: [0m> tsdown
[34m@n8n/composables:build: [0m
[34m@n8n/composables:build: [0m[34mℹ[39m tsdown [2mv0.16.5[22m powered by rolldown [2mv1.0.0-beta.50[22m
[34m@n8n/composables:build: [0m[34mℹ[39m Using tsdown config: [4m/Users/romeobalta/work/n8n/worktrees/nudge-manual-builders-to-aia/packages/frontend/@n8n/composables/tsdown.config.ts[24m
[34m@n8n/composables:build: [0m[34mℹ[39m entry: [34msrc/injectionKeys.ts, src/structuralComputed.ts, src/useClipboard.ts, src/useDebounce.ts, src/useDeviceSupport.ts, src/useDocumentTitle.ts, src/useExternalHooks.ts, src/useShortKeyPress.ts, src/useStorage.ts, src/useStyles.ts, src/useTelemetry.ts, src/useThrottleWithReactiveDelay.ts, src/useToast.ts, src/registries/telemetryRegistry.ts, src/types/notification.ts[39m
[34m@n8n/composables:build: [0m[34mℹ[39m tsconfig: [34mtsconfig.json[39m
[34m@n8n/composables:build: [0m[34mℹ[39m Build start
[34m@n8n/composables:build: [0m[34mℹ[39m Cleaning 102 files
[34m@n8n/composables:build: [0m[34mℹ[39m [33m[CJS][39m [2mdist/[22m[1museToast.cjs[22m                          [2m 6.12 kB[22m [2m│ gzip: 2.10 kB[22m
[34m@n8n/composables:build: [0m[34mℹ[39m [33m[CJS][39m [2mdist/[22m[1museDebounce.cjs[22m                       [2m 2.38 kB[22m [2m│ gzip: 1.05 kB[22m
[34m@n8n/composables:build: [0m[34mℹ[39m [33m[CJS][39m [2mdist/[22m[1museClipboard.cjs[22m                      [2m 2.07 kB[22m [2m│ gzip: 0.88 kB[22m
[34m@n8n/composables:build: [0m[34mℹ[39m [33m[CJS][39m [2mdist/[22m[1museDeviceSupport.cjs[22m                  [2m 1.82 kB[22m [2m│ gzip: 0.73 kB[22m
[34m@n8n/composables:build: [0m[34mℹ[39m [33m[CJS][39m [2mdist/[22m[1mstructuralComputed.cjs[22m                [2m 1.28 kB[22m [2m│ gzip: 0.67 kB[22m
[34m@n8n/composables:build: [0m[34mℹ[39m [33m[CJS][39m [2mdist/[22m[1museDocumentTitle.cjs[22m                  [2m 1.27 kB[22m [2m│ gzip: 0.61 kB[22m
[34m@n8n/composables:build: [0m[34mℹ[39m [33m[CJS][39m [2mdist/[22m[1museStyles.cjs[22m                         [2m 0.71 kB[22m [2m│ gzip: 0.37 kB[22m
[34m@n8n/composables:build: [0m[34mℹ[39m [33m[CJS][39m [2mdist/[22m[1museShortKeyPress.cjs[22m                  [2m 0.70 kB[22m [2m│ gzip: 0.35 kB[22m
[34m@n8n/composables:build: [0m[34mℹ[39m [33m[CJS][39m [2mdist/[22m[1museThrottleWithReactiveDelay.cjs[22m      [2m 0.67 kB[22m [2m│ gzip: 0.35 kB[22m
[34m@n8n/composables:build: [0m[34mℹ[39m [33m[CJS][39m [2mdist/[22m[1museStorage.cjs[22m                        [2m 0.40 kB[22m [2m│ gzip: 0.26 kB[22m
[34m@n8n/composables:build: [0m[34mℹ[39m [33m[CJS][39m [2mdist/[22m[1mregistries/telemetryRegistry.cjs[22m      [2m 0.28 kB[22m [2m│ gzip: 0.12 kB[22m
[34m@n8n/composables:build: [0m[34mℹ[39m [33m[CJS][39m [2mdist/[22m[1museExternalHooks.cjs[22m                  [2m 0.28 kB[22m [2m│ gzip: 0.11 kB[22m
[34m@n8n/composables:build: [0m[34mℹ[39m [33m[CJS][39m [2mdist/[22m[1museTelemetry.cjs[22m                      [2m 0.15 kB[22m [2m│ gzip: 0.10 kB[22m
[34m@n8n/composables:build: [0m[34mℹ[39m [33m[CJS][39m [2mdist/[22m[1minjectionKeys.cjs[22m                     [2m 0.13 kB[22m [2m│ gzip: 0.10 kB[22m
[34m@n8n/composables:build: [0m[34mℹ[39m [33m[CJS][39m [2mdist/[22m[1mtypes/notification.cjs[22m                [2m 0.00 kB[22m [2m│ gzip: 0.02 kB[22m
[34m@n8n/composables:build: [0m[34mℹ[39m [33m[CJS][39m [2mdist/[22museToast.cjs.map                      [2m12.00 kB[22m [2m│ gzip: 4.20 kB[22m
[34m@n8n/composables:build: [0m[34mℹ[39m [33m[CJS][39m [2mdist/[22museClipboard.cjs.map                  [2m 3.80 kB[22m [2m│ gzip: 1.60 kB[22m
[34m@n8n/composables:build: [0m[34mℹ[39m [33m[CJS][39m [2mdist/[22mtelemetryRegistry.cjs.map             [2m 3.33 kB[22m [2m│ gzip: 1.29 kB[22m
[34m@n8n/composables:build: [0m[34mℹ[39m [33m[CJS][39m [2mdist/[22museDebounce.cjs.map                   [2m 3.21 kB[22m [2m│ gzip: 1.33 kB[22m
[34m@n8n/composables:build: [0m[34mℹ[39m [33m[CJS][39m [2mdist/[22museTelemetry2.cjs.map                 [2m 3.06 kB[22m [2m│ gzip: 1.43 kB[22m
[34m@n8n/composables:build: [0m[34mℹ[39m [33m[CJS][39m [2mdist/[22museExternalHooks2.cjs.map             [2m 3.05 kB[22m [2m│ gzip: 1.32 kB[22m
[34m@n8n/composables:build: [0m[34mℹ[39m [33m[CJS][39m [2mdist/[22museDocumentTitle.cjs.map              [2m 2.59 kB[22m [2m│ gzip: 1.15 kB[22m
[34m@n8n/composables:build: [0m[34mℹ[39m [33m[CJS][39m [2mdist/[22museDeviceSupport.cjs.map              [2m 2.58 kB[22m [2m│ gzip: 1.07 kB[22m
[34m@n8n/composables:build: [0m[34mℹ[39m [33m[CJS][39m [2mdist/[22museExternalHooks2.cjs                 [2m 1.89 kB[22m [2m│ gzip: 0.80 kB[22m
[34m@n8n/composables:build: [0m[34mℹ[39m [33m[CJS][39m [2mdist/[22museTelemetry2.cjs                     [2m 1.79 kB[22m [2m│ gzip: 0.86 kB[22m
[34m@n8n/composables:build: [0m[34mℹ[39m [33m[CJS][39m [2mdist/[22mstructuralComputed.cjs.map            [2m 1.57 kB[22m [2m│ gzip: 0.82 kB[22m
[34m@n8n/composables:build: [0m[34mℹ[39m [33m[CJS][39m [2mdist/[22museShortKeyPress.cjs.map              [2m 1.26 kB[22m [2m│ gzip: 0.64 kB[22m
[34m@n8n/composables:build: [0m[34mℹ[39m [33m[CJS][39m [2mdist/[22mtelemetryRegistry.cjs                 [2m 1.23 kB[22m [2m│ gzip: 0.52 kB[22m
[34m@n8n/composables:build: [0m[34mℹ[39m [33m[CJS][39m [2mdist/[22museThrottleWithReactiveDelay.cjs.map  [2m 0.88 kB[22m [2m│ gzip: 0.49 kB[22m
[34m@n8n/composables:build: [0m[34mℹ[39m [33m[CJS][39m [2mdist/[22museStyles.cjs.map                     [2m 0.81 kB[22m [2m│ gzip: 0.49 kB[22m
[34m@n8n/composables:build: [0m[34mℹ[39m [33m[CJS][39m [2mdist/[22museStorage.cjs.map                    [2m 0.60 kB[22m [2m│ gzip: 0.39 kB[22m
[34m@n8n/composables:build: [0m[34mℹ[39m [33m[CJS][39m [2mdist/[22minjectionKeys2.cjs.map                [2m 0.60 kB[22m [2m│ gzip: 0.37 kB[22m
[34m@n8n/composables:build: [0m[34mℹ[39m [33m[CJS][39m [2mdist/[22minjectionKeys2.cjs                    [2m 0.50 kB[22m [2m│ gzip: 0.33 kB[22m
[34m@n8n/composables:build: [0m[34mℹ[39m [33m[CJS][39m 33 files, total: 63.04 kB
[34m@n8n/composables:build: [0m[33m[EMPTY_IMPORT_META] Warning:[0m `import.meta` may not be a valid syntax with the `cjs` output format.
[34m@n8n/composables:build: [0m    [38;5;246m╭[0m[38;5;246m─[0m[38;5;246m[[0m src/useTelemetry.ts:58:6 [38;5;246m][0m
[34m@n8n/composables:build: [0m    [38;5;246m│[0m
[34m@n8n/composables:build: [0m [38;5;246m58 │[0m [38;5;249m [0m[38;5;249m [0m[38;5;249m [0m[38;5;249m [0m[38;5;249mi[0m[38;5;249mf[0m[38;5;249m [0m[38;5;249m([0mimport.meta[38;5;249m.[0m[38;5;249me[0m[38;5;249mn[0m[38;5;249mv[0m[38;5;249m.[0m[38;5;249mD[0m[38;5;249mE[0m[38;5;249mV[0m[38;5;249m [0m[38;5;249m&[0m[38;5;249m&[0m[38;5;249m [0m[38;5;249m![0m[38;5;249mw[0m[38;5;249ma[0m[38;5;249mr[0m[38;5;249mn[0m[38;5;249me[0m[38;5;249md[0m[38;5;249mA[0m[38;5;249mb[0m[38;5;249mo[0m[38;5;249mu[0m[38;5;249mt[0m[38;5;249mM[0m[38;5;249mi[0m[38;5;249ms[0m[38;5;249ms[0m[38;5;249mi[0m[38;5;249mn[0m[38;5;249mg[0m[38;5;249mT[0m[38;5;249me[0m[38;5;249ml[0m[38;5;249me[0m[38;5;249mm[0m[38;5;249me[0m[38;5;249mt[0m[38;5;249mr[0m[38;5;249my[0m[38;5;249m)[0m[38;5;249m [0m[38;5;249m{[0m
[34m@n8n/composables:build: [0m [38;5;240m   │[0m         ─────┬─────  
[34m@n8n/composables:build: [0m [38;5;240m   │[0m              ╰─────── This `import.meta` will be replaced with an empty object (`{}`) automatically. If this is desired, you can suppress this warning by adding `transform.define: { 'import.meta': {} }`. If `import.meta` needs to be kept as-is, you need to set the output format to `esm`.
[34m@n8n/composables:build: [0m[38;5;246m────╯[0m
[34m@n8n/composables:build: [0m
[34m@n8n/composables:build: [0m[33m[EMPTY_IMPORT_META] Warning:[0m `import.meta` may not be a valid syntax with the `cjs` output format.
[34m@n8n/composables:build: [0m    [38;5;246m╭[0m[38;5;246m─[0m[38;5;246m[[0m src/useToast.ts:64:6 [38;5;246m][0m
[34m@n8n/composables:build: [0m    [38;5;246m│[0m
[34m@n8n/composables:build: [0m [38;5;246m64 │[0m [38;5;249m [0m[38;5;249m [0m[38;5;249m [0m[38;5;249m [0m[38;5;249mi[0m[38;5;249mf[0m[38;5;249m [0m[38;5;249m([0mimport.meta[38;5;249m.[0m[38;5;249me[0m[38;5;249mn[0m[38;5;249mv[0m[38;5;249m.[0m[38;5;249mD[0m[38;5;249mE[0m[38;5;249mV[0m[38;5;249m [0m[38;5;249m&[0m[38;5;249m&[0m[38;5;249m [0m[38;5;249m![0m[38;5;249mw[0m[38;5;249ma[0m[38;5;249mr[0m[38;5;249mn[0m[38;5;249me[0m[38;5;249md[0m[38;5;249mA[0m[38;5;249mb[0m[38;5;249mo[0m[38;5;249mu[0m[38;5;249mt[0m[38;5;249mM[0m[38;5;249mi[0m[38;5;249ms[0m[38;5;249ms[0m[38;5;249mi[0m[38;5;249mn[0m[38;5;249mg[0m[38;5;249mN[0m[38;5;249mo[0m[38;5;249mt[0m[38;5;249mi[0m[38;5;249mf[0m[38;5;249my[0m[38;5;249m)[0m[38;5;249m [0m[38;5;249m{[0m
[34m@n8n/composables:build: [0m [38;5;240m   │[0m         ─────┬─────  
[34m@n8n/composables:build: [0m [38;5;240m   │[0m              ╰─────── This `import.meta` will be replaced with an empty object (`{}`) automatically. If this is desired, you can suppress this warning by adding `transform.define: { 'import.meta': {} }`. If `import.meta` needs to be kept as-is, you need to set the output format to `esm`.
[34m@n8n/composables:build: [0m[38;5;246m────╯[0m
[34m@n8n/composables:build: [0m
[34m@n8n/composables:build: [0m[34mℹ[39m [34m[ESM][39m [2mdist/[22m[1museToast.mjs[22m                          [2m 5.72 kB[22m [2m│ gzip: 2.04 kB[22m
[34m@n8n/composables:build: [0m[34mℹ[39m [34m[ESM][39m [2mdist/[22m[1museClipboard.mjs[22m                      [2m 1.96 kB[22m [2m│ gzip: 0.85 kB[22m
[34m@n8n/composables:build: [0m[34mℹ[39m [34m[ESM][39m [2mdist/[22m[1museDeviceSupport.mjs[22m                  [2m 1.68 kB[22m [2m│ gzip: 0.69 kB[22m
[34m@n8n/composables:build: [0m[34mℹ[39m [34m[ESM][39m [2mdist/[22m[1museDebounce.mjs[22m                       [2m 1.27 kB[22m [2m│ gzip: 0.60 kB[22m
[34m@n8n/composables:build: [0m[34mℹ[39m [34m[ESM][39m [2mdist/[22m[1mstructuralComputed.mjs[22m                [2m 1.20 kB[22m [2m│ gzip: 0.63 kB[22m
[34m@n8n/composables:build: [0m[34mℹ[39m [34m[ESM][39m [2mdist/[22m[1museDocumentTitle.mjs[22m                  [2m 1.19 kB[22m [2m│ gzip: 0.57 kB[22m
[34m@n8n/composables:build: [0m[34mℹ[39m [34m[ESM][39m [2mdist/[22m[1museShortKeyPress.mjs[22m                  [2m 0.57 kB[22m [2m│ gzip: 0.32 kB[22m
[34m@n8n/composables:build: [0m[34mℹ[39m [34m[ESM][39m [2mdist/[22m[1museThrottleWithReactiveDelay.mjs[22m      [2m 0.56 kB[22m [2m│ gzip: 0.31 kB[22m
[34m@n8n/composables:build: [0m[34mℹ[39m [34m[ESM][39m [2mdist/[22m[1museStyles.mjs[22m                         [2m 0.50 kB[22m [2m│ gzip: 0.33 kB[22m
[34m@n8n/composables:build: [0m[34mℹ[39m [34m[ESM][39m [2mdist/[22m[1museStorage.mjs[22m                        [2m 0.33 kB[22m [2m│ gzip: 0.23 kB[22m
[34m@n8n/composables:build: [0m[34mℹ[39m [34m[ESM][39m [2mdist/[22m[1museExternalHooks.mjs[22m                  [2m 0.18 kB[22m [2m│ gzip: 0.10 kB[22m
[34m@n8n/composables:build: [0m[34mℹ[39m [34m[ESM][39m [2mdist/[22m[1mregistries/telemetryRegistry.mjs[22m      [2m 0.17 kB[22m [2m│ gzip: 0.12 kB[22m
[34m@n8n/composables:build: [0m[34mℹ[39m [34m[ESM][39m [2mdist/[22m[1museTelemetry.mjs[22m                      [2m 0.12 kB[22m [2m│ gzip: 0.09 kB[22m
[34m@n8n/composables:build: [0m[34mℹ[39m [34m[ESM][39m [2mdist/[22m[1minjectionKeys.mjs[22m                     [2m 0.09 kB[22m [2m│ gzip: 0.09 kB[22m
[34m@n8n/composables:build: [0m[34mℹ[39m [34m[ESM][39m [2mdist/[22m[1mtypes/notification.mjs[22m                [2m 0.01 kB[22m [2m│ gzip: 0.03 kB[22m
[34m@n8n/composables:build: [0m[34mℹ[39m [34m[ESM][39m [2mdist/[22museToast.mjs.map                      [2m11.96 kB[22m [2m│ gzip: 4.16 kB[22m
[34m@n8n/composables:build: [0m[34mℹ[39m [34m[ESM][39m [2mdist/[22museClipboard.mjs.map                  [2m 3.83 kB[22m [2m│ gzip: 1.60 kB[22m
[34m@n8n/composables:build: [0m[34mℹ[39m [34m[ESM][39m [2mdist/[22mtelemetryRegistry.mjs.map             [2m 3.33 kB[22m [2m│ gzip: 1.29 kB[22m
[34m@n8n/composables:build: [0m[34mℹ[39m [34m[ESM][39m [2mdist/[22museDebounce.mjs.map                   [2m 3.20 kB[22m [2m│ gzip: 1.33 kB[22m
[34m@n8n/composables:build: [0m[34mℹ[39m [34m[ESM][39m [2mdist/[22museExternalHooks2.mjs.map             [2m 3.06 kB[22m [2m│ gzip: 1.33 kB[22m
[34m@n8n/composables:build: [0m[34mℹ[39m [34m[ESM][39m [2mdist/[22museTelemetry2.mjs.map                 [2m 3.03 kB[22m [2m│ gzip: 1.42 kB[22m
[34m@n8n/composables:build: [0m[34mℹ[39m [34m[ESM][39m [2mdist/[22museDeviceSupport.mjs.map              [2m 2.62 kB[22m [2m│ gzip: 1.07 kB[22m
[34m@n8n/composables:build: [0m[34mℹ[39m [34m[ESM][39m [2mdist/[22museDocumentTitle.mjs.map              [2m 2.59 kB[22m [2m│ gzip: 1.15 kB[22m
[34m@n8n/composables:build: [0m[34mℹ[39m [34m[ESM][39m [2mdist/[22museTelemetry2.mjs                     [2m 1.63 kB[22m [2m│ gzip: 0.80 kB[22m
[34m@n8n/composables:build: [0m[34mℹ[39m [34m[ESM][39m [2mdist/[22mstructuralComputed.mjs.map            [2m 1.57 kB[22m [2m│ gzip: 0.83 kB[22m
[34m@n8n/composables:build: [0m[34mℹ[39m [34m[ESM][39m [2mdist/[22museExternalHooks2.mjs                 [2m 1.52 kB[22m [2m│ gzip: 0.71 kB[22m
[34m@n8n/composables:build: [0m[34mℹ[39m [34m[ESM][39m [2mdist/[22museShortKeyPress.mjs.map              [2m 1.27 kB[22m [2m│ gzip: 0.64 kB[22m
[34m@n8n/composables:build: [0m[34mℹ[39m [34m[ESM][39m [2mdist/[22mtelemetryRegistry.mjs                 [2m 0.92 kB[22m [2m│ gzip: 0.46 kB[22m
[34m@n8n/composables:build: [0m[34mℹ[39m [34m[ESM][39m [2mdist/[22museThrottleWithReactiveDelay.mjs.map  [2m 0.89 kB[22m [2m│ gzip: 0.48 kB[22m
[34m@n8n/composables:build: [0m[34mℹ[39m [34m[ESM][39m [2mdist/[22museStyles.mjs.map                     [2m 0.79 kB[22m [2m│ gzip: 0.48 kB[22m
[34m@n8n/composables:build: [0m[34mℹ[39m [34m[ESM][39m [2mdist/[22museStorage.mjs.map                    [2m 0.63 kB[22m [2m│ gzip: 0.39 kB[22m
[34m@n8n/composables:build: [0m[34mℹ[39m [34m[ESM][39m [2mdist/[22minjectionKeys2.mjs.map                [2m 0.60 kB[22m [2m│ gzip: 0.37 kB[22m
[34m@n8n/composables:build: [0m[34mℹ[39m [34m[ESM][39m [2mdist/[22minjectionKeys2.mjs                    [2m 0.40 kB[22m [2m│ gzip: 0.28 kB[22m
[34m@n8n/composables:build: [0m[34mℹ[39m [34m[ESM][39m [2mdist/[22m[32m[1museToast.d.mts[22m[39m                        [2m 1.09 kB[22m [2m│ gzip: 0.49 kB[22m
[34m@n8n/composables:build: [0m[34mℹ[39m [34m[ESM][39m [2mdist/[22m[32m[1museStyles.d.mts[22m[39m                       [2m 1.05 kB[22m [2m│ gzip: 0.46 kB[22m
[34m@n8n/composables:build: [0m[34mℹ[39m [34m[ESM][39m [2mdist/[22m[32m[1museDebounce.d.mts[22m[39m                     [2m 0.71 kB[22m [2m│ gzip: 0.34 kB[22m
[34m@n8n/composables:build: [0m[34mℹ[39m [34m[ESM][39m [2mdist/[22m[32m[1museDocumentTitle.d.mts[22m[39m                [2m 0.67 kB[22m [2m│ gzip: 0.35 kB[22m
[34m@n8n/composables:build: [0m[34mℹ[39m [34m[ESM][39m [2mdist/[22m[32m[1museClipboard.d.mts[22m[39m                    [2m 0.58 kB[22m [2m│ gzip: 0.32 kB[22m
[34m@n8n/composables:build: [0m[34mℹ[39m [34m[ESM][39m [2mdist/[22m[32m[1museExternalHooks.d.mts[22m[39m                [2m 0.49 kB[22m [2m│ gzip: 0.26 kB[22m
[34m@n8n/composables:build: [0m[34mℹ[39m [34m[ESM][39m [2mdist/[22m[32m[1museDeviceSupport.d.mts[22m[39m                [2m 0.47 kB[22m [2m│ gzip: 0.29 kB[22m
[34m@n8n/composables:build: [0m[34mℹ[39m [34m[ESM][39m [2mdist/[22m[32m[1museShortKeyPress.d.mts[22m[39m                [2m 0.41 kB[22m [2m│ gzip: 0.25 kB[22m
[34m@n8n/composables:build: [0m[34mℹ[39m [34m[ESM][39m [2mdist/[22m[32m[1museTelemetry.d.mts[22m[39m                    [2m 0.36 kB[22m [2m│ gzip: 0.21 kB[22m
[34m@n8n/composables:build: [0m[34mℹ[39m [34m[ESM][39m [2mdist/[22m[32m[1mregistries/telemetryRegistry.d.mts[22m[39m    [2m 0.32 kB[22m [2m│ gzip: 0.16 kB[22m
[34m@n8n/composables:build: [0m[34mℹ[39m [34m[ESM][39m [2mdist/[22m[32m[1museThrottleWithReactiveDelay.d.mts[22m[39m    [2m 0.30 kB[22m [2m│ gzip: 0.19 kB[22m
[34m@n8n/composables:build: [0m[34mℹ[39m [34m[ESM][39m [2mdist/[22m[32m[1mstructuralComputed.d.mts[22m[39m              [2m 0.28 kB[22m [2m│ gzip: 0.19 kB[22m
[34m@n8n/composables:build: [0m[34mℹ[39m [34m[ESM][39m [2mdist/[22m[32m[1minjectionKeys.d.mts[22m[39m                   [2m 0.23 kB[22m [2m│ gzip: 0.17 kB[22m
[34m@n8n/composables:build: [0m[34mℹ[39m [34m[ESM][39m [2mdist/[22m[32m[1museStorage.d.mts[22m[39m                      [2m 0.20 kB[22m [2m│ gzip: 0.16 kB[22m
[34m@n8n/composables:build: [0m[34mℹ[39m [34m[ESM][39m [2mdist/[22m[32m[1mtypes/notification.d.mts[22m[39m              [2m 0.18 kB[22m [2m│ gzip: 0.11 kB[22m
[34m@n8n/composables:build: [0m[34mℹ[39m [34m[ESM][39m [2mdist/[22m[32mtelemetryRegistry.d.mts[39m               [2m 1.79 kB[22m [2m│ gzip: 0.65 kB[22m
[34m@n8n/composables:build: [0m[34mℹ[39m [34m[ESM][39m [2mdist/[22m[32mnotification.d.mts[39m                    [2m 0.78 kB[22m [2m│ gzip: 0.40 kB[22m
[34m@n8n/composables:build: [0m[34mℹ[39m [34m[ESM][39m 50 files, total: 69.33 kB
[34m@n8n/composables:build: [0m[34mℹ[39m [33m[CJS][39m [2mdist/[22m[32m[1museToast.d.cts[22m[39m                      [2m1.09 kB[22m [2m│ gzip: 0.49 kB[22m
[34m@n8n/composables:build: [0m[34mℹ[39m [33m[CJS][39m [2mdist/[22m[32m[1museStyles.d.cts[22m[39m                     [2m1.05 kB[22m [2m│ gzip: 0.46 kB[22m
[34m@n8n/composables:build: [0m[34mℹ[39m [33m[CJS][39m [2mdist/[22m[32m[1museDebounce.d.cts[22m[39m                   [2m0.71 kB[22m [2m│ gzip: 0.34 kB[22m
[34m@n8n/composables:build: [0m[34mℹ[39m [33m[CJS][39m [2mdist/[22m[32m[1museDocumentTitle.d.cts[22m[39m              [2m0.67 kB[22m [2m│ gzip: 0.35 kB[22m
[34m@n8n/composables:build: [0m[34mℹ[39m [33m[CJS][39m [2mdist/[22m[32m[1museClipboard.d.cts[22m[39m                  [2m0.58 kB[22m [2m│ gzip: 0.32 kB[22m
[34m@n8n/composables:build: [0m[34mℹ[39m [33m[CJS][39m [2mdist/[22m[32m[1museExternalHooks.d.cts[22m[39m              [2m0.49 kB[22m [2m│ gzip: 0.26 kB[22m
[34m@n8n/composables:build: [0m[34mℹ[39m [33m[CJS][39m [2mdist/[22m[32m[1museDeviceSupport.d.cts[22m[39m              [2m0.47 kB[22m [2m│ gzip: 0.29 kB[22m
[34m@n8n/composables:build: [0m[34mℹ[39m [33m[CJS][39m [2mdist/[22m[32m[1museShortKeyPress.d.cts[22m[39m              [2m0.41 kB[22m [2m│ gzip: 0.25 kB[22m
[34m@n8n/composables:build: [0m[34mℹ[39m [33m[CJS][39m [2mdist/[22m[32m[1museTelemetry.d.cts[22m[39m                  [2m0.36 kB[22m [2m│ gzip: 0.21 kB[22m
[34m@n8n/composables:build: [0m[34mℹ[39m [33m[CJS][39m [2mdist/[22m[32m[1mregistries/telemetryRegistry.d.cts[22m[39m  [2m0.32 kB[22m [2m│ gzip: 0.16 kB[22m
[34m@n8n/composables:build: [0m[34mℹ[39m [33m[CJS][39m [2mdist/[22m[32m[1museThrottleWithReactiveDelay.d.cts[22m[39m  [2m0.30 kB[22m [2m│ gzip: 0.19 kB[22m
[34m@n8n/composables:build: [0m[34mℹ[39m [33m[CJS][39m [2mdist/[22m[32m[1mstructuralComputed.d.cts[22m[39m            [2m0.28 kB[22m [2m│ gzip: 0.19 kB[22m
[34m@n8n/composables:build: [0m[34mℹ[39m [33m[CJS][39m [2mdist/[22m[32m[1minjectionKeys.d.cts[22m[39m                 [2m0.23 kB[22m [2m│ gzip: 0.17 kB[22m
[34m@n8n/composables:build: [0m[34mℹ[39m [33m[CJS][39m [2mdist/[22m[32m[1museStorage.d.cts[22m[39m                    [2m0.20 kB[22m [2m│ gzip: 0.16 kB[22m
[34m@n8n/composables:build: [0m[34mℹ[39m [33m[CJS][39m [2mdist/[22m[32m[1mtypes/notification.d.cts[22m[39m            [2m0.18 kB[22m [2m│ gzip: 0.11 kB[22m
[34m@n8n/composables:build: [0m[34mℹ[39m [33m[CJS][39m [2mdist/[22m[32mtelemetryRegistry.d.cts[39m             [2m1.79 kB[22m [2m│ gzip: 0.65 kB[22m
[34m@n8n/composables:build: [0m[34mℹ[39m [33m[CJS][39m [2mdist/[22m[32mnotification.d.cts[39m                  [2m0.78 kB[22m [2m│ gzip: 0.40 kB[22m
[34m@n8n/composables:build: [0m[34mℹ[39m [33m[CJS][39m 17 files, total: 9.92 kB
[34m@n8n/composables:build: [0m[32m✔[39m Build complete in [32m7450ms[39m
[36m@n8n/rest-api-client:build: [0mcache hit, replaying logs [2me8877e99823e05e6[0m
[36m@n8n/rest-api-client:build: [0m
[36m@n8n/rest-api-client:build: [0m> @n8n/rest-api-client@2.36.0 build /Users/romeobalta/work/n8n/worktrees/nudge-manual-builders-to-aia/packages/frontend/@n8n/rest-api-client
[36m@n8n/rest-api-client:build: [0m> tsdown
[36m@n8n/rest-api-client:build: [0m
[36m@n8n/rest-api-client:build: [0m[34mℹ[39m tsdown [2mv0.16.5[22m powered by rolldown [2mv1.0.0-beta.50[22m
[36m@n8n/rest-api-client:build: [0m[34mℹ[39m Using tsdown config: [4m/Users/romeobalta/work/n8n/worktrees/nudge-manual-builders-to-aia/packages/frontend/@n8n/rest-api-client/tsdown.config.ts[24m
[36m@n8n/rest-api-client:build: [0m[34mℹ[39m entry: [34msrc/index.ts, src/types.ts, src/utils.ts, src/api/ai-usage.ts, src/api/api-keys.ts, src/api/breaking-changes.ts, src/api/cloudPlans.ts, src/api/communityNodes.ts, src/api/consent.ts, src/api/credentialResolvers.ts, src/api/ctas.ts, src/api/dynamic-banners.ts, src/api/eventbus.ee.ts, src/api/events.ts, src/api/execution.ts, src/api/externalSecrets.ee.ts, src/api/index.ts, src/api/instance-registry.ts, src/api/instance-version-history.ts, src/api/ldap.ts, src/api/mfa.ts, src/api/module-settings.ts, src/api/nodeTypes.ts, src/api/npsSurvey.ts, src/api/orchestration.ts, src/api/provisioning.ts, src/api/roleMappingRule.ts, src/api/roles.ts, src/api/secretsProvider.ee.ts, src/api/security-settings.ts, src/api/settings.ts, src/api/sso.ts, src/api/tags.ts, src/api/templates.ts, src/api/third-party-licenses.ts, src/api/ui.ts, src/api/usage.ts, src/api/users.ts, src/api/versions.ts, src/api/webhooks.ts, src/api/workflowHistory.ts, src/api/workflows.ts[39m
[36m@n8n/rest-api-client:build: [0m[34mℹ[39m tsconfig: [34mtsconfig.json[39m
[36m@n8n/rest-api-client:build: [0m[34mℹ[39m Build start
[36m@n8n/rest-api-client:build: [0m[34mℹ[39m Cleaning 383 files
[36m@n8n/rest-api-client:build: [0m[34mℹ[39m [33m[CJS][39m [2mdist/[22m[1mindex.cjs[22m                         [2m13.85 kB[22m [2m│ gzip: 2.36 kB[22m
[36m@n8n/rest-api-client:build: [0m[34mℹ[39m [33m[CJS][39m [2mdist/[22m[1mapi/index.cjs[22m                     [2m13.22 kB[22m [2m│ gzip: 2.20 kB[22m
[36m@n8n/rest-api-client:build: [0m[34mℹ[39m [33m[CJS][39m [2mdist/[22m[1mapi/secretsProvider.ee.cjs[22m        [2m 1.68 kB[22m [2m│ gzip: 0.25 kB[22m
[36m@n8n/rest-api-client:build: [0m[34mℹ[39m [33m[CJS][39m [2mdist/[22m[1mapi/users.cjs[22m                     [2m 1.22 kB[22m [2m│ gzip: 0.32 kB[22m
[36m@n8n/rest-api-client:build: [0m[34mℹ[39m [33m[CJS][39m [2mdist/[22m[1mapi/externalSecrets.ee.cjs[22m        [2m 1.06 kB[22m [2m│ gzip: 0.23 kB[22m
[36m@n8n/rest-api-client:build: [0m[34mℹ[39m [33m[CJS][39m [2mdist/[22m[1mapi/breaking-changes.cjs[22m          [2m 1.04 kB[22m [2m│ gzip: 0.38 kB[22m
[36m@n8n/rest-api-client:build: [0m[34mℹ[39m [33m[CJS][39m [2mdist/[22m[1mapi/nodeTypes.cjs[22m                 [2m 1.01 kB[22m [2m│ gzip: 0.27 kB[22m
[36m@n8n/rest-api-client:build: [0m[34mℹ[39m [33m[CJS][39m [2mdist/[22m[1mapi/credentialResolvers.cjs[22m       [2m 0.73 kB[22m [2m│ gzip: 0.17 kB[22m
[36m@n8n/rest-api-client:build: [0m[34mℹ[39m [33m[CJS][39m [2mdist/[22m[1mutils.cjs[22m                         [2m 0.68 kB[22m [2m│ gzip: 0.24 kB[22m
[36m@n8n/rest-api-client:build: [0m[34mℹ[39m [33m[CJS][39m [2mdist/[22m[1mapi/sso.cjs[22m                       [2m 0.63 kB[22m [2m│ gzip: 0.19 kB[22m
[36m@n8n/rest-api-client:build: [0m[34mℹ[39m [33m[CJS][39m [2mdist/[22m[1mapi/templates.cjs[22m                 [2m 0.59 kB[22m [2m│ gzip: 0.20 kB[22m
[36m@n8n/rest-api-client:build: [0m[34mℹ[39m [33m[CJS][39m [2mdist/[22m[1mapi/eventbus.ee.cjs[22m               [2m 0.56 kB[22m [2m│ gzip: 0.19 kB[22m
[36m@n8n/rest-api-client:build: [0m[34mℹ[39m [33m[CJS][39m [2mdist/[22m[1mapi/cloudPlans.cjs[22m                [2m 0.54 kB[22m [2m│ gzip: 0.20 kB[22m
[36m@n8n/rest-api-client:build: [0m[34mℹ[39m [33m[CJS][39m [2mdist/[22m[1mapi/consent.cjs[22m                   [2m 0.52 kB[22m [2m│ gzip: 0.27 kB[22m
[36m@n8n/rest-api-client:build: [0m[34mℹ[39m [33m[CJS][39m [2mdist/[22m[1mapi/roles.cjs[22m                     [2m 0.50 kB[22m [2m│ gzip: 0.17 kB[22m
[36m@n8n/rest-api-client:build: [0m[34mℹ[39m [33m[CJS][39m [2mdist/[22m[1mapi/workflowHistory.cjs[22m           [2m 0.49 kB[22m [2m│ gzip: 0.17 kB[22m
[36m@n8n/rest-api-client:build: [0m[34mℹ[39m [33m[CJS][39m [2mdist/[22m[1mapi/roleMappingRule.cjs[22m           [2m 0.48 kB[22m [2m│ gzip: 0.15 kB[22m
[36m@n8n/rest-api-client:build: [0m[34mℹ[39m [33m[CJS][39m [2mdist/[22m[1mapi/communityNodes.cjs[22m            [2m 0.48 kB[22m [2m│ gzip: 0.17 kB[22m
[36m@n8n/rest-api-client:build: [0m[34mℹ[39m [33m[CJS][39m [2mdist/[22m[1mapi/api-keys.cjs[22m                  [2m 0.41 kB[22m [2m│ gzip: 0.15 kB[22m
[36m@n8n/rest-api-client:build: [0m[34mℹ[39m [33m[CJS][39m [2mdist/[22m[1mapi/usage.cjs[22m                     [2m 0.37 kB[22m [2m│ gzip: 0.17 kB[22m
[36m@n8n/rest-api-client:build: [0m[34mℹ[39m [33m[CJS][39m [2mdist/[22m[1mapi/ldap.cjs[22m                      [2m 0.36 kB[22m [2m│ gzip: 0.16 kB[22m
[36m@n8n/rest-api-client:build: [0m[34mℹ[39m [33m[CJS][39m [2mdist/[22m[1mapi/mfa.cjs[22m                       [2m 0.35 kB[22m [2m│ gzip: 0.17 kB[22m
[36m@n8n/rest-api-client:build: [0m[34mℹ[39m [33m[CJS][39m [2mdist/[22m[1mapi/dynamic-banners.cjs[22m           [2m 0.30 kB[22m [2m│ gzip: 0.20 kB[22m
[36m@n8n/rest-api-client:build: [0m[34mℹ[39m [33m[CJS][39m [2mdist/[22m[1mapi/security-settings.cjs[22m         [2m 0.26 kB[22m [2m│ gzip: 0.12 kB[22m
[36m@n8n/rest-api-client:build: [0m[34mℹ[39m [33m[CJS][39m [2mdist/[22m[1mapi/provisioning.cjs[22m              [2m 0.24 kB[22m [2m│ gzip: 0.12 kB[22m
[36m@n8n/rest-api-client:build: [0m[34mℹ[39m [33m[CJS][39m [2mdist/[22m[1mapi/versions.cjs[22m                  [2m 0.20 kB[22m [2m│ gzip: 0.12 kB[22m
[36m@n8n/rest-api-client:build: [0m[34mℹ[39m [33m[CJS][39m [2mdist/[22m[1mapi/instance-version-history.cjs[22m  [2m 0.20 kB[22m [2m│ gzip: 0.13 kB[22m
[36m@n8n/rest-api-client:build: [0m[34mℹ[39m [33m[CJS][39m [2mdist/[22m[1mapi/third-party-licenses.cjs[22m      [2m 0.19 kB[22m [2m│ gzip: 0.12 kB[22m
[36m@n8n/rest-api-client:build: [0m[34mℹ[39m [33m[CJS][39m [2mdist/[22m[1mapi/instance-registry.cjs[22m         [2m 0.16 kB[22m [2m│ gzip: 0.12 kB[22m
[36m@n8n/rest-api-client:build: [0m[34mℹ[39m [33m[CJS][39m [2mdist/[22m[1mapi/module-settings.cjs[22m           [2m 0.16 kB[22m [2m│ gzip: 0.11 kB[22m
[36m@n8n/rest-api-client:build: [0m[34mℹ[39m [33m[CJS][39m [2mdist/[22m[1mapi/orchestration.cjs[22m             [2m 0.16 kB[22m [2m│ gzip: 0.11 kB[22m
[36m@n8n/rest-api-client:build: [0m[34mℹ[39m [33m[CJS][39m [2mdist/[22m[1mapi/npsSurvey.cjs[22m                 [2m 0.15 kB[22m [2m│ gzip: 0.10 kB[22m
[36m@n8n/rest-api-client:build: [0m[34mℹ[39m [33m[CJS][39m [2mdist/[22m[1mapi/ai-usage.cjs[22m                  [2m 0.15 kB[22m [2m│ gzip: 0.11 kB[22m
[36m@n8n/rest-api-client:build: [0m[34mℹ[39m [33m[CJS][39m [2mdist/[22m[1mapi/ui.cjs[22m                        [2m 0.14 kB[22m [2m│ gzip: 0.11 kB[22m
[36m@n8n/rest-api-client:build: [0m[34mℹ[39m [33m[CJS][39m [2mdist/[22m[1mapi/ctas.cjs[22m                      [2m 0.14 kB[22m [2m│ gzip: 0.10 kB[22m
[36m@n8n/rest-api-client:build: [0m[34mℹ[39m [33m[CJS][39m [2mdist/[22m[1mapi/events.cjs[22m                    [2m 0.13 kB[22m [2m│ gzip: 0.10 kB[22m
[36m@n8n/rest-api-client:build: [0m[34mℹ[39m [33m[CJS][39m [2mdist/[22m[1mapi/settings.cjs[22m                  [2m 0.13 kB[22m [2m│ gzip: 0.09 kB[22m
[36m@n8n/rest-api-client:build: [0m[34mℹ[39m [33m[CJS][39m [2mdist/[22m[1mapi/webhooks.cjs[22m                  [2m 0.13 kB[22m [2m│ gzip: 0.10 kB[22m
[36m@n8n/rest-api-client:build: [0m[34mℹ[39m [33m[CJS][39m [2mdist/[22m[1mapi/execution.cjs[22m                 [2m 0.00 kB[22m [2m│ gzip: 0.02 kB[22m
[36m@n8n/rest-api-client:build: [0m[34mℹ[39m [33m[CJS][39m [2mdist/[22m[1mapi/tags.cjs[22m                      [2m 0.00 kB[22m [2m│ gzip: 0.02 kB[22m
[36m@n8n/rest-api-client:build: [0m[34mℹ[39m [33m[CJS][39m [2mdist/[22m[1mapi/workflows.cjs[22m                 [2m 0.00 kB[22m [2m│ gzip: 0.02 kB[22m
[36m@n8n/rest-api-client:build: [0m[34mℹ[39m [33m[CJS][39m [2mdist/[22m[1mtypes.cjs[22m                         [2m 0.00 kB[22m [2m│ gzip: 0.02 kB[22m
[36m@n8n/rest-api-client:build: [0m[34mℹ[39m [33m[CJS][39m [2mdist/[22mutils2.cjs.map                    [2m14.23 kB[22m [2m│ gzip: 4.64 kB[22m
[36m@n8n/rest-api-client:build: [0m[34mℹ[39m [33m[CJS][39m [2mdist/[22mutils2.cjs                        [2m 9.24 kB[22m [2m│ gzip: 2.94 kB[22m
[36m@n8n/rest-api-client:build: [0m[34mℹ[39m [33m[CJS][39m [2mdist/[22musers.cjs.map                     [2m 8.57 kB[22m [2m│ gzip: 1.83 kB[22m
[36m@n8n/rest-api-client:build: [0m[34mℹ[39m [33m[CJS][39m [2mdist/[22mtemplates.cjs.map                 [2m 7.49 kB[22m [2m│ gzip: 2.01 kB[22m
[36m@n8n/rest-api-client:build: [0m[34mℹ[39m [33m[CJS][39m [2mdist/[22msecretsProvider.ee.cjs.map        [2m 6.54 kB[22m [2m│ gzip: 1.07 kB[22m
[36m@n8n/rest-api-client:build: [0m[34mℹ[39m [33m[CJS][39m [2mdist/[22mnodeTypes.cjs.map                 [2m 5.75 kB[22m [2m│ gzip: 1.64 kB[22m
[36m@n8n/rest-api-client:build: [0m[34mℹ[39m [33m[CJS][39m [2mdist/[22msecretsProvider.ee.cjs            [2m 5.63 kB[22m [2m│ gzip: 0.64 kB[22m
[36m@n8n/rest-api-client:build: [0m[34mℹ[39m [33m[CJS][39m [2mdist/[22musers.cjs                         [2m 5.38 kB[22m [2m│ gzip: 0.82 kB[22m
[36m@n8n/rest-api-client:build: [0m[34mℹ[39m [33m[CJS][39m [2mdist/[22mnodeTypes.cjs                     [2m 4.77 kB[22m [2m│ gzip: 1.08 kB[22m
[36m@n8n/rest-api-client:build: [0m[34mℹ[39m [33m[CJS][39m [2mdist/[22mcloudPlans.cjs.map                [2m 4.36 kB[22m [2m│ gzip: 1.55 kB[22m
[36m@n8n/rest-api-client:build: [0m[34mℹ[39m [33m[CJS][39m [2mdist/[22mexternalSecrets.ee.cjs.map        [2m 4.23 kB[22m [2m│ gzip: 1.02 kB[22m
[36m@n8n/rest-api-client:build: [0m[34mℹ[39m [33m[CJS][39m [2mdist/[22mexternalSecrets.ee.cjs            [2m 3.84 kB[22m [2m│ gzip: 0.66 kB[22m
[36m@n8n/rest-api-client:build: [0m[34mℹ[39m [33m[CJS][39m [2mdist/[22mworkflowHistory.cjs.map           [2m 3.80 kB[22m [2m│ gzip: 1.05 kB[22m
[36m@n8n/rest-api-client:build: [0m[34mℹ[39m [33m[CJS][39m [2mdist/[22msso.cjs.map                       [2m 3.77 kB[22m [2m│ gzip: 1.01 kB[22m
[36m@n8n/rest-api-client:build: [0m[34mℹ[39m [33m[CJS][39m [2mdist/[22mroleMappingRule.cjs.map           [2m 3.54 kB[22m [2m│ gzip: 1.17 kB[22m
[36m@n8n/rest-api-client:build: [0m[34mℹ[39m [33m[CJS][39m [2mdist/[22msso.cjs                           [2m 3.04 kB[22m [2m│ gzip: 0.53 kB[22m
[36m@n8n/rest-api-client:build: [0m[34mℹ[39m [33m[CJS][39m [2mdist/[22mroles.cjs.map                     [2m 2.99 kB[22m [2m│ gzip: 0.87 kB[22m
[36m@n8n/rest-api-client:build: [0m[34mℹ[39m [33m[CJS][39m [2mdist/[22mcredentialResolvers.cjs.map       [2m 2.88 kB[22m [2m│ gzip: 0.79 kB[22m
[36m@n8n/rest-api-client:build: [0m[34mℹ[39m [33m[CJS][39m [2mdist/[22mtemplates.cjs                     [2m 2.79 kB[22m [2m│ gzip: 0.66 kB[22m
[36m@n8n/rest-api-client:build: [0m[34mℹ[39m [33m[CJS][39m [2mdist/[22mldap.cjs.map                      [2m 2.63 kB[22m [2m│ gzip: 0.90 kB[22m
[36m@n8n/rest-api-client:build: [0m[34mℹ[39m [33m[CJS][39m [2mdist/[22mapi-keys.cjs.map                  [2m 2.61 kB[22m [2m│ gzip: 0.88 kB[22m
[36m@n8n/rest-api-client:build: [0m[34mℹ[39m [33m[CJS][39m [2mdist/[22mcredentialResolvers.cjs           [2m 2.42 kB[22m [2m│ gzip: 0.49 kB[22m
[36m@n8n/rest-api-client:build: [0m[34mℹ[39m [33m[CJS][39m [2mdist/[22mroles.cjs                         [2m 2.41 kB[22m [2m│ gzip: 0.54 kB[22m
[36m@n8n/rest-api-client:build: [0m[34mℹ[39m [33m[CJS][39m [2mdist/[22meventbus.ee.cjs.map               [2m 2.33 kB[22m [2m│ gzip: 0.79 kB[22m
[36m@n8n/rest-api-client:build: [0m[34mℹ[39m [33m[CJS][39m [2mdist/[22mcommunityNodes.cjs.map            [2m 2.11 kB[22m [2m│ gzip: 0.82 kB[22m
[36m@n8n/rest-api-client:build: [0m[34mℹ[39m [33m[CJS][39m [2mdist/[22mversions.cjs.map                  [2m 2.05 kB[22m [2m│ gzip: 0.78 kB[22m
[36m@n8n/rest-api-client:build: [0m[34mℹ[39m [33m[CJS][39m [2mdist/[22mapi/breaking-changes.cjs.map      [2m 1.99 kB[22m [2m│ gzip: 0.71 kB[22m
[36m@n8n/rest-api-client:build: [0m[34mℹ[39m [33m[CJS][39m [2mdist/[22mcloudPlans.cjs                    [2m 1.95 kB[22m [2m│ gzip: 0.47 kB[22m
[36m@n8n/rest-api-client:build: [0m[34mℹ[39m [33m[CJS][39m [2mdist/[22meventbus.ee.cjs                   [2m 1.94 kB[22m [2m│ gzip: 0.50 kB[22m
[36m@n8n/rest-api-client:build: [0m[34mℹ[39m [33m[CJS][39m [2mdist/[22mroleMappingRule.cjs               [2m 1.94 kB[22m [2m│ gzip: 0.58 kB[22m
[36m@n8n/rest-api-client:build: [0m[34mℹ[39m [33m[CJS][39m [2mdist/[22mworkflowHistory.cjs               [2m 1.90 kB[22m [2m│ gzip: 0.46 kB[22m
[36m@n8n/rest-api-client:build: [0m[34mℹ[39m [33m[CJS][39m [2mdist/[22mmfa.cjs.map                       [2m 1.88 kB[22m [2m│ gzip: 0.61 kB[22m
[36m@n8n/rest-api-client:build: [0m[34mℹ[39m [33m[CJS][39m [2mdist/[22mapi-keys.cjs                      [2m 1.80 kB[22m [2m│ gzip: 0.48 kB[22m
[36m@n8n/rest-api-client:build: [0m[34mℹ[39m [33m[CJS][39m [2mdist/[22musage.cjs.map                     [2m 1.80 kB[22m [2m│ gzip: 0.64 kB[22m
[36m@n8n/rest-api-client:build: [0m[34mℹ[39m [33m[CJS][39m [2mdist/[22mapi/consent.cjs.map               [2m 1.76 kB[22m [2m│ gzip: 0.80 kB[22m
[36m@n8n/rest-api-client:build: [0m[34mℹ[39m [33m[CJS][39m [2mdist/[22mcommunityNodes.cjs                [2m 1.76 kB[22m [2m│ gzip: 0.57 kB[22m
[36m@n8n/rest-api-client:build: [0m[34mℹ[39m [33m[CJS][39m [2mdist/[22mmfa.cjs                           [2m 1.63 kB[22m [2m│ gzip: 0.41 kB[22m
[36m@n8n/rest-api-client:build: [0m[34mℹ[39m [33m[CJS][39m [2mdist/[22musage.cjs                         [2m 1.52 kB[22m [2m│ gzip: 0.42 kB[22m
[36m@n8n/rest-api-client:build: [0m[34mℹ[39m [33m[CJS][39m [2mdist/[22mldap.cjs                          [2m 1.47 kB[22m [2m│ gzip: 0.40 kB[22m
[36m@n8n/rest-api-client:build: [0m[34mℹ[39m [33m[CJS][39m [2mdist/[22mprovisioning.cjs.map              [2m 1.43 kB[22m [2m│ gzip: 0.63 kB[22m
[36m@n8n/rest-api-client:build: [0m[34mℹ[39m [33m[CJS][39m [2mdist/[22mapi/dynamic-banners.cjs.map       [2m 0.93 kB[22m [2m│ gzip: 0.51 kB[22m
[36m@n8n/rest-api-client:build: [0m[34mℹ[39m [33m[CJS][39m [2mdist/[22msecurity-settings.cjs.map         [2m 0.90 kB[22m [2m│ gzip: 0.40 kB[22m
[36m@n8n/rest-api-client:build: [0m[34mℹ[39m [33m[CJS][39m [2mdist/[22mversions.cjs                      [2m 0.88 kB[22m [2m│ gzip: 0.37 kB[22m
[36m@n8n/rest-api-client:build: [0m[34mℹ[39m [33m[CJS][39m [2mdist/[22mprovisioning.cjs                  [2m 0.73 kB[22m [2m│ gzip: 0.32 kB[22m
[36m@n8n/rest-api-client:build: [0m[34mℹ[39m [33m[CJS][39m [2mdist/[22mwebhooks.cjs.map                  [2m 0.73 kB[22m [2m│ gzip: 0.42 kB[22m
[36m@n8n/rest-api-client:build: [0m[34mℹ[39m [33m[CJS][39m [2mdist/[22msecurity-settings.cjs             [2m 0.71 kB[22m [2m│ gzip: 0.31 kB[22m
[36m@n8n/rest-api-client:build: [0m[34mℹ[39m [33m[CJS][39m [2mdist/[22mui.cjs.map                        [2m 0.66 kB[22m [2m│ gzip: 0.40 kB[22m
[36m@n8n/rest-api-client:build: [0m[34mℹ[39m [33m[CJS][39m [2mdist/[22minstance-version-history.cjs.map  [2m 0.64 kB[22m [2m│ gzip: 0.40 kB[22m
[36m@n8n/rest-api-client:build: [0m[34mℹ[39m [33m[CJS][39m [2mdist/[22mai-usage.cjs.map                  [2m 0.60 kB[22m [2m│ gzip: 0.35 kB[22m
[36m@n8n/rest-api-client:build: [0m[34mℹ[39m [33m[CJS][39m [2mdist/[22minstance-registry.cjs.map         [2m 0.57 kB[22m [2m│ gzip: 0.33 kB[22m
[36m@n8n/rest-api-client:build: [0m[34mℹ[39m [33m[CJS][39m [2mdist/[22mmodule-settings.cjs.map           [2m 0.56 kB[22m [2m│ gzip: 0.32 kB[22m
[36m@n8n/rest-api-client:build: [0m[34mℹ[39m [33m[CJS][39m [2mdist/[22morchestration.cjs.map             [2m 0.56 kB[22m [2m│ gzip: 0.35 kB[22m
[36m@n8n/rest-api-client:build: [0m[34mℹ[39m [33m[CJS][39m [2mdist/[22mthird-party-licenses.cjs.map      [2m 0.55 kB[22m [2m│ gzip: 0.35 kB[22m
[36m@n8n/rest-api-client:build: [0m[34mℹ[39m [33m[CJS][39m [2mdist/[22mnpsSurvey.cjs.map                 [2m 0.55 kB[22m [2m│ gzip: 0.33 kB[22m
[36m@n8n/rest-api-client:build: [0m[34mℹ[39m [33m[CJS][39m [2mdist/[22msettings.cjs.map                  [2m 0.52 kB[22m [2m│ gzip: 0.31 kB[22m
[36m@n8n/rest-api-client:build: [0m[34mℹ[39m [33m[CJS][39m [2mdist/[22minstance-version-history.cjs      [2m 0.49 kB[22m [2m│ gzip: 0.30 kB[22m
[36m@n8n/rest-api-client:build: [0m[34mℹ[39m [33m[CJS][39m [2mdist/[22mthird-party-licenses.cjs          [2m 0.47 kB[22m [2m│ gzip: 0.29 kB[22m
[36m@n8n/rest-api-client:build: [0m[34mℹ[39m [33m[CJS][39m [2mdist/[22morchestration.cjs                 [2m 0.47 kB[22m [2m│ gzip: 0.30 kB[22m
[36m@n8n/rest-api-client:build: [0m[34mℹ[39m [33m[CJS][39m [2mdist/[22mevents.cjs.map                    [2m 0.46 kB[22m [2m│ gzip: 0.30 kB[22m
[36m@n8n/rest-api-client:build: [0m[34mℹ[39m [33m[CJS][39m [2mdist/[22mctas.cjs.map                      [2m 0.45 kB[22m [2m│ gzip: 0.31 kB[22m
[36m@n8n/rest-api-client:build: [0m[34mℹ[39m [33m[CJS][39m [2mdist/[22mui.cjs                            [2m 0.44 kB[22m [2m│ gzip: 0.29 kB[22m
[36m@n8n/rest-api-client:build: [0m[34mℹ[39m [33m[CJS][39m [2mdist/[22mnpsSurvey.cjs                     [2m 0.42 kB[22m [2m│ gzip: 0.28 kB[22m
[36m@n8n/rest-api-client:build: [0m[34mℹ[39m [33m[CJS][39m [2mdist/[22mai-usage.cjs                      [2m 0.42 kB[22m [2m│ gzip: 0.28 kB[22m
[36m@n8n/rest-api-client:build: [0m[34mℹ[39m [33m[CJS][39m [2mdist/[22minstance-registry.cjs             [2m 0.41 kB[22m [2m│ gzip: 0.27 kB[22m
[36m@n8n/rest-api-client:build: [0m[34mℹ[39m [33m[CJS][39m [2mdist/[22mmodule-settings.cjs               [2m 0.41 kB[22m [2m│ gzip: 0.27 kB[22m
[36m@n8n/rest-api-client:build: [0m[34mℹ[39m [33m[CJS][39m [2mdist/[22mwebhooks.cjs                      [2m 0.39 kB[22m [2m│ gzip: 0.27 kB[22m
[36m@n8n/rest-api-client:build: [0m[34mℹ[39m [33m[CJS][39m [2mdist/[22mevents.cjs                        [2m 0.39 kB[22m [2m│ gzip: 0.27 kB[22m
[36m@n8n/rest-api-client:build: [0m[34mℹ[39m [33m[CJS][39m [2mdist/[22mctas.cjs                          [2m 0.38 kB[22m [2m│ gzip: 0.26 kB[22m
[36m@n8n/rest-api-client:build: [0m[34mℹ[39m [33m[CJS][39m [2mdist/[22msettings.cjs                      [2m 0.37 kB[22m [2m│ gzip: 0.26 kB[22m
[36m@n8n/rest-api-client:build: [0m[34mℹ[39m [33m[CJS][39m [2mdist/[22mapi.cjs                           [2m 0.00 kB[22m [2m│ gzip: 0.02 kB[22m
[36m@n8n/rest-api-client:build: [0m[34mℹ[39m [33m[CJS][39m 112 files, total: 203.82 kB
[36m@n8n/rest-api-client:build: [0m[33m[EMPTY_IMPORT_META] Warning:[0m `import.meta` may not be a valid syntax with the `cjs` output format.
[36m@n8n/rest-api-client:build: [0m     [38;5;246m╭[0m[38;5;246m─[0m[38;5;246m[[0m src/utils.ts:119:3 [38;5;246m][0m
[36m@n8n/rest-api-client:build: [0m     [38;5;246m│[0m
[36m@n8n/rest-api-client:build: [0m [38;5;246m119 │[0m [38;5;249m [0m[38;5;249m [0m[38;5;249m [0m[38;5;249m [0m[38;5;249m [0m[38;5;249m [0m[38;5;249m [0mimport.meta[38;5;249m.[0m[38;5;249me[0m[38;5;249mn[0m[38;5;249mv[0m[38;5;249m.[0m[38;5;249mN[0m[38;5;249mO[0m[38;5;249mD[0m[38;5;249mE[0m[38;5;249m_[0m[38;5;249mE[0m[38;5;249mN[0m[38;5;249mV[0m[38;5;249m [0m[38;5;249m![0m[38;5;249m=[0m[38;5;249m=[0m[38;5;249m [0m[38;5;249m'[0m[38;5;249mp[0m[38;5;249mr[0m[38;5;249mo[0m[38;5;249md[0m[38;5;249mu[0m[38;5;249mc[0m[38;5;249mt[0m[38;5;249mi[0m[38;5;249mo[0m[38;5;249mn[0m[38;5;249m'[0m[38;5;249m [0m[38;5;249m&[0m[38;5;249m&[0m
[36m@n8n/rest-api-client:build: [0m [38;5;240m    │[0m        ─────┬─────  
[36m@n8n/rest-api-client:build: [0m [38;5;240m    │[0m             ╰─────── This `import.meta` will be replaced with an empty object (`{}`) automatically. If this is desired, you can suppress this warning by adding `transform.define: { 'import.meta': {} }`. If `import.meta` needs to be kept as-is, you need to set the output format to `esm`.
[36m@n8n/rest-api-client:build: [0m[38;5;246m─────╯[0m
[36m@n8n/rest-api-client:build: [0m
[36m@n8n/rest-api-client:build: [0m[34mℹ[39m [34m[ESM][39m [2mdist/[22m[1mindex.mjs[22m                           [2m 9.24 kB[22m [2m│ gzip: 2.25 kB[22m
[36m@n8n/rest-api-client:build: [0m[34mℹ[39m [34m[ESM][39m [2mdist/[22m[1mapi/index.mjs[22m                       [2m 8.85 kB[22m [2m│ gzip: 2.09 kB[22m
[36m@n8n/rest-api-client:build: [0m[34mℹ[39m [34m[ESM][39m [2mdist/[22m[1mapi/secretsProvider.ee.mjs[22m          [2m 1.20 kB[22m [2m│ gzip: 0.26 kB[22m
[36m@n8n/rest-api-client:build: [0m[34mℹ[39m [34m[ESM][39m [2mdist/[22m[1mapi/breaking-changes.mjs[22m            [2m 0.91 kB[22m [2m│ gzip: 0.36 kB[22m
[36m@n8n/rest-api-client:build: [0m[34mℹ[39m [34m[ESM][39m [2mdist/[22m[1mapi/users.mjs[22m                       [2m 0.87 kB[22m [2m│ gzip: 0.33 kB[22m
[36m@n8n/rest-api-client:build: [0m[34mℹ[39m [34m[ESM][39m [2mdist/[22m[1mapi/nodeTypes.mjs[22m                   [2m 0.73 kB[22m [2m│ gzip: 0.27 kB[22m
[36m@n8n/rest-api-client:build: [0m[34mℹ[39m [34m[ESM][39m [2mdist/[22m[1mapi/externalSecrets.ee.mjs[22m          [2m 0.70 kB[22m [2m│ gzip: 0.23 kB[22m
[36m@n8n/rest-api-client:build: [0m[34mℹ[39m [34m[ESM][39m [2mdist/[22m[1mapi/credentialResolvers.mjs[22m         [2m 0.48 kB[22m [2m│ gzip: 0.17 kB[22m
[36m@n8n/rest-api-client:build: [0m[34mℹ[39m [34m[ESM][39m [2mdist/[22m[1mutils.mjs[22m                           [2m 0.46 kB[22m [2m│ gzip: 0.25 kB[22m
[36m@n8n/rest-api-client:build: [0m[34mℹ[39m [34m[ESM][39m [2mdist/[22m[1mapi/consent.mjs[22m                     [2m 0.46 kB[22m [2m│ gzip: 0.26 kB[22m
[36m@n8n/rest-api-client:build: [0m[34mℹ[39m [34m[ESM][39m [2mdist/[22m[1mapi/sso.mjs[22m                         [2m 0.45 kB[22m [2m│ gzip: 0.20 kB[22m
[36m@n8n/rest-api-client:build: [0m[34mℹ[39m [34m[ESM][39m [2mdist/[22m[1mapi/templates.mjs[22m                   [2m 0.40 kB[22m [2m│ gzip: 0.20 kB[22m
[36m@n8n/rest-api-client:build: [0m[34mℹ[39m [34m[ESM][39m [2mdist/[22m[1mapi/eventbus.ee.mjs[22m                 [2m 0.40 kB[22m [2m│ gzip: 0.19 kB[22m
[36m@n8n/rest-api-client:build: [0m[34mℹ[39m [34m[ESM][39m [2mdist/[22m[1mapi/cloudPlans.mjs[22m                  [2m 0.37 kB[22m [2m│ gzip: 0.20 kB[22m
[36m@n8n/rest-api-client:build: [0m[34mℹ[39m [34m[ESM][39m [2mdist/[22m[1mapi/roles.mjs[22m                       [2m 0.35 kB[22m [2m│ gzip: 0.18 kB[22m
[36m@n8n/rest-api-client:build: [0m[34mℹ[39m [34m[ESM][39m [2mdist/[22m[1mapi/workflowHistory.mjs[22m             [2m 0.33 kB[22m [2m│ gzip: 0.16 kB[22m
[36m@n8n/rest-api-client:build: [0m[34mℹ[39m [34m[ESM][39m [2mdist/[22m[1mapi/communityNodes.mjs[22m              [2m 0.33 kB[22m [2m│ gzip: 0.17 kB[22m
[36m@n8n/rest-api-client:build: [0m[34mℹ[39m [34m[ESM][39m [2mdist/[22m[1mapi/roleMappingRule.mjs[22m             [2m 0.33 kB[22m [2m│ gzip: 0.15 kB[22m
[36m@n8n/rest-api-client:build: [0m[34mℹ[39m [34m[ESM][39m [2mdist/[22m[1mapi/usage.mjs[22m                       [2m 0.28 kB[22m [2m│ gzip: 0.16 kB[22m
[36m@n8n/rest-api-client:build: [0m[34mℹ[39m [34m[ESM][39m [2mdist/[22m[1mapi/ldap.mjs[22m                        [2m 0.27 kB[22m [2m│ gzip: 0.16 kB[22m
[36m@n8n/rest-api-client:build: [0m[34mℹ[39m [34m[ESM][39m [2mdist/[22m[1mapi/api-keys.mjs[22m                    [2m 0.27 kB[22m [2m│ gzip: 0.15 kB[22m
[36m@n8n/rest-api-client:build: [0m[34mℹ[39m [34m[ESM][39m [2mdist/[22m[1mapi/dynamic-banners.mjs[22m             [2m 0.27 kB[22m [2m│ gzip: 0.19 kB[22m
[36m@n8n/rest-api-client:build: [0m[34mℹ[39m [34m[ESM][39m [2mdist/[22m[1mapi/mfa.mjs[22m                         [2m 0.25 kB[22m [2m│ gzip: 0.16 kB[22m
[36m@n8n/rest-api-client:build: [0m[34mℹ[39m [34m[ESM][39m [2mdist/[22m[1mapi/security-settings.mjs[22m           [2m 0.18 kB[22m [2m│ gzip: 0.12 kB[22m
[36m@n8n/rest-api-client:build: [0m[34mℹ[39m [34m[ESM][39m [2mdist/[22m[1mapi/provisioning.mjs[22m                [2m 0.18 kB[22m [2m│ gzip: 0.11 kB[22m
[36m@n8n/rest-api-client:build: [0m[34mℹ[39m [34m[ESM][39m [2mdist/[22m[1mapi/versions.mjs[22m                    [2m 0.15 kB[22m [2m│ gzip: 0.12 kB[22m
[36m@n8n/rest-api-client:build: [0m[34mℹ[39m [34m[ESM][39m [2mdist/[22m[1mapi/instance-version-history.mjs[22m    [2m 0.13 kB[22m [2m│ gzip: 0.12 kB[22m
[36m@n8n/rest-api-client:build: [0m[34mℹ[39m [34m[ESM][39m [2mdist/[22m[1mapi/third-party-licenses.mjs[22m        [2m 0.13 kB[22m [2m│ gzip: 0.10 kB[22m
[36m@n8n/rest-api-client:build: [0m[34mℹ[39m [34m[ESM][39m [2mdist/[22m[1mapi/orchestration.mjs[22m               [2m 0.12 kB[22m [2m│ gzip: 0.10 kB[22m
[36m@n8n/rest-api-client:build: [0m[34mℹ[39m [34m[ESM][39m [2mdist/[22m[1mapi/ai-usage.mjs[22m                    [2m 0.12 kB[22m [2m│ gzip: 0.10 kB[22m
[36m@n8n/rest-api-client:build: [0m[34mℹ[39m [34m[ESM][39m [2mdist/[22m[1mapi/ui.mjs[22m                          [2m 0.12 kB[22m [2m│ gzip: 0.10 kB[22m
[36m@n8n/rest-api-client:build: [0m[34mℹ[39m [34m[ESM][39m [2mdist/[22m[1mapi/module-settings.mjs[22m             [2m 0.12 kB[22m [2m│ gzip: 0.10 kB[22m
[36m@n8n/rest-api-client:build: [0m[34mℹ[39m [34m[ESM][39m [2mdist/[22m[1mapi/npsSurvey.mjs[22m                   [2m 0.12 kB[22m [2m│ gzip: 0.10 kB[22m
[36m@n8n/rest-api-client:build: [0m[34mℹ[39m [34m[ESM][39m [2mdist/[22m[1mapi/instance-registry.mjs[22m           [2m 0.12 kB[22m [2m│ gzip: 0.10 kB[22m
[36m@n8n/rest-api-client:build: [0m[34mℹ[39m [34m[ESM][39m [2mdist/[22m[1mapi/ctas.mjs[22m                        [2m 0.11 kB[22m [2m│ gzip: 0.10 kB[22m
[36m@n8n/rest-api-client:build: [0m[34mℹ[39m [34m[ESM][39m [2mdist/[22m[1mapi/events.mjs[22m                      [2m 0.10 kB[22m [2m│ gzip: 0.09 kB[22m
[36m@n8n/rest-api-client:build: [0m[34mℹ[39m [34m[ESM][39m [2mdist/[22m[1mapi/settings.mjs[22m                    [2m 0.10 kB[22m [2m│ gzip: 0.09 kB[22m
[36m@n8n/rest-api-client:build: [0m[34mℹ[39m [34m[ESM][39m [2mdist/[22m[1mapi/webhooks.mjs[22m                    [2m 0.10 kB[22m [2m│ gzip: 0.09 kB[22m
[36m@n8n/rest-api-client:build: [0m[34mℹ[39m [34m[ESM][39m [2mdist/[22m[1mapi/execution.mjs[22m                   [2m 0.01 kB[22m [2m│ gzip: 0.03 kB[22m
[36m@n8n/rest-api-client:build: [0m[34mℹ[39m [34m[ESM][39m [2mdist/[22m[1mapi/tags.mjs[22m                        [2m 0.01 kB[22m [2m│ gzip: 0.03 kB[22m
[36m@n8n/rest-api-client:build: [0m[34mℹ[39m [34m[ESM][39m [2mdist/[22m[1mapi/workflows.mjs[22m                   [2m 0.01 kB[22m [2m│ gzip: 0.03 kB[22m
[36m@n8n/rest-api-client:build: [0m[34mℹ[39m [34m[ESM][39m [2mdist/[22m[1mtypes.mjs[22m                           [2m 0.01 kB[22m [2m│ gzip: 0.03 kB[22m
[36m@n8n/rest-api-client:build: [0m[34mℹ[39m [34m[ESM][39m [2mdist/[22mutils2.mjs.map                      [2m14.22 kB[22m [2m│ gzip: 4.63 kB[22m
[36m@n8n/rest-api-client:build: [0m[34mℹ[39m [34m[ESM][39m [2mdist/[22musers.mjs.map                       [2m 8.53 kB[22m [2m│ gzip: 1.82 kB[22m
[36m@n8n/rest-api-client:build: [0m[34mℹ[39m [34m[ESM][39m [2mdist/[22mtemplates.mjs.map                   [2m 7.45 kB[22m [2m│ gzip: 2.00 kB[22m
[36m@n8n/rest-api-client:build: [0m[34mℹ[39m [34m[ESM][39m [2mdist/[22mutils2.mjs                          [2m 6.78 kB[22m [2m│ gzip: 2.42 kB[22m
[36m@n8n/rest-api-client:build: [0m[34mℹ[39m [34m[ESM][39m [2mdist/[22msecretsProvider.ee.mjs.map          [2m 6.51 kB[22m [2m│ gzip: 1.07 kB[22m
[36m@n8n/rest-api-client:build: [0m[34mℹ[39m [34m[ESM][39m [2mdist/[22mnodeTypes.mjs.map                   [2m 5.72 kB[22m [2m│ gzip: 1.64 kB[22m
[36m@n8n/rest-api-client:build: [0m[34mℹ[39m [34m[ESM][39m [2mdist/[22mcloudPlans.mjs.map                  [2m 4.33 kB[22m [2m│ gzip: 1.54 kB[22m
[36m@n8n/rest-api-client:build: [0m[34mℹ[39m [34m[ESM][39m [2mdist/[22mexternalSecrets.ee.mjs.map          [2m 4.20 kB[22m [2m│ gzip: 1.01 kB[22m
[36m@n8n/rest-api-client:build: [0m[34mℹ[39m [34m[ESM][39m [2mdist/[22mworkflowHistory.mjs.map             [2m 3.77 kB[22m [2m│ gzip: 1.04 kB[22m
[36m@n8n/rest-api-client:build: [0m[34mℹ[39m [34m[ESM][39m [2mdist/[22msso.mjs.map                         [2m 3.73 kB[22m [2m│ gzip: 1.01 kB[22m
[36m@n8n/rest-api-client:build: [0m[34mℹ[39m [34m[ESM][39m [2mdist/[22msecretsProvider.ee.mjs              [2m 3.57 kB[22m [2m│ gzip: 0.56 kB[22m
[36m@n8n/rest-api-client:build: [0m[34mℹ[39m [34m[ESM][39m [2mdist/[22mroleMappingRule.mjs.map             [2m 3.51 kB[22m [2m│ gzip: 1.16 kB[22m
[36m@n8n/rest-api-client:build: [0m[34mℹ[39m [34m[ESM][39m [2mdist/[22mnodeTypes.mjs                       [2m 3.19 kB[22m [2m│ gzip: 0.97 kB[22m
[36m@n8n/rest-api-client:build: [0m[34mℹ[39m [34m[ESM][39m [2mdist/[22musers.mjs                           [2m 3.07 kB[22m [2m│ gzip: 0.71 kB[22m
[36m@n8n/rest-api-client:build: [0m[34mℹ[39m [34m[ESM][39m [2mdist/[22mroles.mjs.map                       [2m 2.96 kB[22m [2m│ gzip: 0.86 kB[22m
[36m@n8n/rest-api-client:build: [0m[34mℹ[39m [34m[ESM][39m [2mdist/[22mcredentialResolvers.mjs.map         [2m 2.85 kB[22m [2m│ gzip: 0.78 kB[22m
[36m@n8n/rest-api-client:build: [0m[34mℹ[39m [34m[ESM][39m [2mdist/[22mldap.mjs.map                        [2m 2.61 kB[22m [2m│ gzip: 0.89 kB[22m
[36m@n8n/rest-api-client:build: [0m[34mℹ[39m [34m[ESM][39m [2mdist/[22mapi-keys.mjs.map                    [2m 2.58 kB[22m [2m│ gzip: 0.87 kB[22m
[36m@n8n/rest-api-client:build: [0m[34mℹ[39m [34m[ESM][39m [2mdist/[22mexternalSecrets.ee.mjs              [2m 2.43 kB[22m [2m│ gzip: 0.56 kB[22m
[36m@n8n/rest-api-client:build: [0m[34mℹ[39m [34m[ESM][39m [2mdist/[22meventbus.ee.mjs.map                 [2m 2.31 kB[22m [2m│ gzip: 0.79 kB[22m
[36m@n8n/rest-api-client:build: [0m[34mℹ[39m [34m[ESM][39m [2mdist/[22mcommunityNodes.mjs.map              [2m 2.04 kB[22m [2m│ gzip: 0.80 kB[22m
[36m@n8n/rest-api-client:build: [0m[34mℹ[39m [34m[ESM][39m [2mdist/[22mversions.mjs.map                    [2m 1.99 kB[22m [2m│ gzip: 0.76 kB[22m
[36m@n8n/rest-api-client:build: [0m[34mℹ[39m [34m[ESM][39m [2mdist/[22mapi/breaking-changes.mjs.map        [2m 1.96 kB[22m [2m│ gzip: 0.70 kB[22m
[36m@n8n/rest-api-client:build: [0m[34mℹ[39m [34m[ESM][39m [2mdist/[22mmfa.mjs.map                         [2m 1.85 kB[22m [2m│ gzip: 0.61 kB[22m
[36m@n8n/rest-api-client:build: [0m[34mℹ[39m [34m[ESM][39m [2mdist/[22mtemplates.mjs                       [2m 1.85 kB[22m [2m│ gzip: 0.58 kB[22m
[36m@n8n/rest-api-client:build: [0m[34mℹ[39m [34m[ESM][39m [2mdist/[22musage.mjs.map                       [2m 1.77 kB[22m [2m│ gzip: 0.63 kB[22m
[36m@n8n/rest-api-client:build: [0m[34mℹ[39m [34m[ESM][39m [2mdist/[22msso.mjs                             [2m 1.75 kB[22m [2m│ gzip: 0.42 kB[22m
[36m@n8n/rest-api-client:build: [0m[34mℹ[39m [34m[ESM][39m [2mdist/[22mapi/consent.mjs.map                 [2m 1.74 kB[22m [2m│ gzip: 0.79 kB[22m
[36m@n8n/rest-api-client:build: [0m[34mℹ[39m [34m[ESM][39m [2mdist/[22mcredentialResolvers.mjs             [2m 1.53 kB[22m [2m│ gzip: 0.40 kB[22m
[36m@n8n/rest-api-client:build: [0m[34mℹ[39m [34m[ESM][39m [2mdist/[22mroles.mjs                           [2m 1.48 kB[22m [2m│ gzip: 0.46 kB[22m
[36m@n8n/rest-api-client:build: [0m[34mℹ[39m [34m[ESM][39m [2mdist/[22mprovisioning.mjs.map                [2m 1.41 kB[22m [2m│ gzip: 0.63 kB[22m
[36m@n8n/rest-api-client:build: [0m[34mℹ[39m [34m[ESM][39m [2mdist/[22mroleMappingRule.mjs                 [2m 1.32 kB[22m [2m│ gzip: 0.51 kB[22m
[36m@n8n/rest-api-client:build: [0m[34mℹ[39m [34m[ESM][39m [2mdist/[22mworkflowHistory.mjs                 [2m 1.29 kB[22m [2m│ gzip: 0.39 kB[22m
[36m@n8n/rest-api-client:build: [0m[34mℹ[39m [34m[ESM][39m [2mdist/[22meventbus.ee.mjs                     [2m 1.20 kB[22m [2m│ gzip: 0.42 kB[22m
[36m@n8n/rest-api-client:build: [0m[34mℹ[39m [34m[ESM][39m [2mdist/[22mcommunityNodes.mjs                  [2m 1.17 kB[22m [2m│ gzip: 0.50 kB[22m
[36m@n8n/rest-api-client:build: [0m[34mℹ[39m [34m[ESM][39m [2mdist/[22mapi-keys.mjs                        [2m 1.11 kB[22m [2m│ gzip: 0.40 kB[22m
[36m@n8n/rest-api-client:build: [0m[34mℹ[39m [34m[ESM][39m [2mdist/[22mcloudPlans.mjs                      [2m 1.10 kB[22m [2m│ gzip: 0.39 kB[22m
[36m@n8n/rest-api-client:build: [0m[34mℹ[39m [34m[ESM][39m [2mdist/[22mmfa.mjs                             [2m 0.95 kB[22m [2m│ gzip: 0.33 kB[22m
[36m@n8n/rest-api-client:build: [0m[34mℹ[39m [34m[ESM][39m [2mdist/[22musage.mjs                           [2m 0.92 kB[22m [2m│ gzip: 0.34 kB[22m
[36m@n8n/rest-api-client:build: [0m[34mℹ[39m [34m[ESM][39m [2mdist/[22mapi/dynamic-banners.mjs.map         [2m 0.92 kB[22m [2m│ gzip: 0.50 kB[22m
[36m@n8n/rest-api-client:build: [0m[34mℹ[39m [34m[ESM][39m [2mdist/[22msecurity-settings.mjs.map           [2m 0.88 kB[22m [2m│ gzip: 0.40 kB[22m
[36m@n8n/rest-api-client:build: [0m[34mℹ[39m [34m[ESM][39m [2mdist/[22mldap.mjs                            [2m 0.88 kB[22m [2m│ gzip: 0.33 kB[22m
[36m@n8n/rest-api-client:build: [0m[34mℹ[39m [34m[ESM][39m [2mdist/[22mwebhooks.mjs.map                    [2m 0.71 kB[22m [2m│ gzip: 0.41 kB[22m
[36m@n8n/rest-api-client:build: [0m[34mℹ[39m [34m[ESM][39m [2mdist/[22mui.mjs.map                          [2m 0.64 kB[22m [2m│ gzip: 0.40 kB[22m
[36m@n8n/rest-api-client:build: [0m[34mℹ[39m [34m[ESM][39m [2mdist/[22minstance-version-history.mjs.map    [2m 0.63 kB[22m [2m│ gzip: 0.40 kB[22m
[36m@n8n/rest-api-client:build: [0m[34mℹ[39m [34m[ESM][39m [2mdist/[22mversions.mjs                        [2m 0.62 kB[22m [2m│ gzip: 0.30 kB[22m
[36m@n8n/rest-api-client:build: [0m[34mℹ[39m [34m[ESM][39m [2mdist/[22mai-usage.mjs.map                    [2m 0.58 kB[22m [2m│ gzip: 0.35 kB[22m
[36m@n8n/rest-api-client:build: [0m[34mℹ[39m [34m[ESM][39m [2mdist/[22minstance-registry.mjs.map           [2m 0.55 kB[22m [2m│ gzip: 0.33 kB[22m
[36m@n8n/rest-api-client:build: [0m[34mℹ[39m [34m[ESM][39m [2mdist/[22mthird-party-licenses.mjs.map        [2m 0.54 kB[22m [2m│ gzip: 0.35 kB[22m
[36m@n8n/rest-api-client:build: [0m[34mℹ[39m [34m[ESM][39m [2mdist/[22mmodule-settings.mjs.map             [2m 0.54 kB[22m [2m│ gzip: 0.32 kB[22m
[36m@n8n/rest-api-client:build: [0m[34mℹ[39m [34m[ESM][39m [2mdist/[22morchestration.mjs.map               [2m 0.54 kB[22m [2m│ gzip: 0.35 kB[22m
[36m@n8n/rest-api-client:build: [0m[34mℹ[39m [34m[ESM][39m [2mdist/[22mnpsSurvey.mjs.map                   [2m 0.53 kB[22m [2m│ gzip: 0.33 kB[22m
[36m@n8n/rest-api-client:build: [0m[34mℹ[39m [34m[ESM][39m [2mdist/[22msettings.mjs.map                    [2m 0.50 kB[22m [2m│ gzip: 0.31 kB[22m
[36m@n8n/rest-api-client:build: [0m[34mℹ[39m [34m[ESM][39m [2mdist/[22mprovisioning.mjs                    [2m 0.50 kB[22m [2m│ gzip: 0.25 kB[22m
[36m@n8n/rest-api-client:build: [0m[34mℹ[39m [34m[ESM][39m [2mdist/[22msecurity-settings.mjs               [2m 0.48 kB[22m [2m│ gzip: 0.24 kB[22m
[36m@n8n/rest-api-client:build: [0m[34mℹ[39m [34m[ESM][39m [2mdist/[22mctas.mjs.map                        [2m 0.45 kB[22m [2m│ gzip: 0.31 kB[22m
[36m@n8n/rest-api-client:build: [0m[34mℹ[39m [34m[ESM][39m [2mdist/[22mevents.mjs.map                      [2m 0.44 kB[22m [2m│ gzip: 0.30 kB[22m
[36m@n8n/rest-api-client:build: [0m[34mℹ[39m [34m[ESM][39m [2mdist/[22minstance-version-history.mjs        [2m 0.37 kB[22m [2m│ gzip: 0.24 kB[22m
[36m@n8n/rest-api-client:build: [0m[34mℹ[39m [34m[ESM][39m [2mdist/[22morchestration.mjs                   [2m 0.36 kB[22m [2m│ gzip: 0.24 kB[22m
[36m@n8n/rest-api-client:build: [0m[34mℹ[39m [34m[ESM][39m [2mdist/[22mthird-party-licenses.mjs            [2m 0.35 kB[22m [2m│ gzip: 0.24 kB[22m
[36m@n8n/rest-api-client:build: [0m[34mℹ[39m [34m[ESM][39m [2mdist/[22mui.mjs                              [2m 0.33 kB[22m [2m│ gzip: 0.23 kB[22m
[36m@n8n/rest-api-client:build: [0m[34mℹ[39m [34m[ESM][39m [2mdist/[22mnpsSurvey.mjs                       [2m 0.32 kB[22m [2m│ gzip: 0.22 kB[22m
[36m@n8n/rest-api-client:build: [0m[34mℹ[39m [34m[ESM][39m [2mdist/[22mai-usage.mjs                        [2m 0.31 kB[22m [2m│ gzip: 0.22 kB[22m
[36m@n8n/rest-api-client:build: [0m[34mℹ[39m [34m[ESM][39m [2mdist/[22minstance-registry.mjs               [2m 0.31 kB[22m [2m│ gzip: 0.21 kB[22m
[36m@n8n/rest-api-client:build: [0m[34mℹ[39m [34m[ESM][39m [2mdist/[22mmodule-settings.mjs                 [2m 0.30 kB[22m [2m│ gzip: 0.20 kB[22m
[36m@n8n/rest-api-client:build: [0m[34mℹ[39m [34m[ESM][39m [2mdist/[22mwebhooks.mjs                        [2m 0.29 kB[22m [2m│ gzip: 0.21 kB[22m
[36m@n8n/rest-api-client:build: [0m[34mℹ[39m [34m[ESM][39m [2mdist/[22mevents.mjs                          [2m 0.29 kB[22m [2m│ gzip: 0.21 kB[22m
[36m@n8n/rest-api-client:build: [0m[34mℹ[39m [34m[ESM][39m [2mdist/[22msettings.mjs                        [2m 0.27 kB[22m [2m│ gzip: 0.20 kB[22m
[36m@n8n/rest-api-client:build: [0m[34mℹ[39m [34m[ESM][39m [2mdist/[22mctas.mjs                            [2m 0.26 kB[22m [2m│ gzip: 0.20 kB[22m
[36m@n8n/rest-api-client:build: [0m[34mℹ[39m [34m[ESM][39m [2mdist/[22mapi.mjs                             [2m 0.01 kB[22m [2m│ gzip: 0.03 kB[22m
[36m@n8n/rest-api-client:build: [0m[34mℹ[39m [34m[ESM][39m [2mdist/[22m[32m[1mindex.d.mts[22m[39m                         [2m12.35 kB[22m [2m│ gzip: 2.88 kB[22m
[36m@n8n/rest-api-client:build: [0m[34mℹ[39m [34m[ESM][39m [2mdist/[22m[32m[1mapi/index.d.mts[22m[39m                     [2m11.84 kB[22m [2m│ gzip: 2.71 kB[22m
[36m@n8n/rest-api-client:build: [0m[34mℹ[39m [34m[ESM][39m [2mdist/[22m[32m[1mapi/templates.d.mts[22m[39m                 [2m 1.37 kB[22m [2m│ gzip: 0.38 kB[22m
[36m@n8n/rest-api-client:build: [0m[34mℹ[39m [34m[ESM][39m [2mdist/[22m[32m[1mapi/users.d.mts[22m[39m                     [2m 1.37 kB[22m [2m│ gzip: 0.44 kB[22m
[36m@n8n/rest-api-client:build: [0m[34mℹ[39m [34m[ESM][39m [2mdist/[22m[32m[1mapi/secretsProvider.ee.d.mts[22m[39m        [2m 1.20 kB[22m [2m│ gzip: 0.26 kB[22m
[36m@n8n/rest-api-client:build: [0m[34mℹ[39m [34m[ESM][39m [2mdist/[22m[32m[1mapi/breaking-changes.d.mts[22m[39m          [2m 0.96 kB[22m [2m│ gzip: 0.35 kB[22m
[36m@n8n/rest-api-client:build: [0m[34mℹ[39m [34m[ESM][39m [2mdist/[22m[32m[1mapi/consent.d.mts[22m[39m                   [2m 0.83 kB[22m [2m│ gzip: 0.39 kB[22m
[36m@n8n/rest-api-client:build: [0m[34mℹ[39m [34m[ESM][39m [2mdist/[22m[32m[1mapi/workflowHistory.d.mts[22m[39m           [2m 0.79 kB[22m [2m│ gzip: 0.26 kB[22m
[36m@n8n/rest-api-client:build: [0m[34mℹ[39m [34m[ESM][39m [2mdist/[22m[32m[1mapi/nodeTypes.d.mts[22m[39m                 [2m 0.73 kB[22m [2m│ gzip: 0.26 kB[22m
[36m@n8n/rest-api-client:build: [0m[34mℹ[39m [34m[ESM][39m [2mdist/[22m[32m[1mapi/dynamic-banners.d.mts[22m[39m           [2m 0.73 kB[22m [2m│ gzip: 0.39 kB[22m
[36m@n8n/rest-api-client:build: [0m[34mℹ[39m [34m[ESM][39m [2mdist/[22m[32m[1mapi/externalSecrets.ee.d.mts[22m[39m        [2m 0.70 kB[22m [2m│ gzip: 0.23 kB[22m
[36m@n8n/rest-api-client:build: [0m[34mℹ[39m [34m[ESM][39m [2mdist/[22m[32m[1mapi/sso.d.mts[22m[39m                       [2m 0.56 kB[22m [2m│ gzip: 0.24 kB[22m
[36m@n8n/rest-api-client:build: [0m[34mℹ[39m [34m[ESM][39m [2mdist/[22m[32m[1mapi/roleMappingRule.d.mts[22m[39m           [2m 0.55 kB[22m [2m│ gzip: 0.19 kB[22m
[36m@n8n/rest-api-client:build: [0m[34mℹ[39m [34m[ESM][39m [2mdist/[22m[32m[1mutils.d.mts[22m[39m                         [2m 0.53 kB[22m [2m│ gzip: 0.26 kB[22m
[36m@n8n/rest-api-client:build: [0m[34mℹ[39m [34m[ESM][39m [2mdist/[22m[32m[1mapi/credentialResolvers.d.mts[22m[39m       [2m 0.48 kB[22m [2m│ gzip: 0.17 kB[22m
[36m@n8n/rest-api-client:build: [0m[34mℹ[39m [34m[ESM][39m [2mdist/[22m[32m[1mapi/eventbus.ee.d.mts[22m[39m               [2m 0.48 kB[22m [2m│ gzip: 0.21 kB[22m
[36m@n8n/rest-api-client:build: [0m[34mℹ[39m [34m[ESM][39m [2mdist/[22m[32m[1mapi/cloudPlans.d.mts[22m[39m                [2m 0.47 kB[22m [2m│ gzip: 0.23 kB[22m
[36m@n8n/rest-api-client:build: [0m[34mℹ[39m [34m[ESM][39m [2mdist/[22m[32m[1mapi/ldap.d.mts[22m[39m                      [2m 0.37 kB[22m [2m│ gzip: 0.18 kB[22m
[36m@n8n/rest-api-client:build: [0m[34mℹ[39m [34m[ESM][39m [2mdist/[22m[32m[1mapi/roles.d.mts[22m[39m                     [2m 0.34 kB[22m [2m│ gzip: 0.17 kB[22m
[36m@n8n/rest-api-client:build: [0m[34mℹ[39m [34m[ESM][39m [2mdist/[22m[32m[1mapi/communityNodes.d.mts[22m[39m            [2m 0.33 kB[22m [2m│ gzip: 0.17 kB[22m
[36m@n8n/rest-api-client:build: [0m[34mℹ[39m [34m[ESM][39m [2mdist/[22m[32m[1mapi/mfa.d.mts[22m[39m                       [2m 0.29 kB[22m [2m│ gzip: 0.17 kB[22m
[36m@n8n/rest-api-client:build: [0m[34mℹ[39m [34m[ESM][39m [2mdist/[22m[32m[1mapi/provisioning.d.mts[22m[39m              [2m 0.28 kB[22m [2m│ gzip: 0.13 kB[22m
[36m@n8n/rest-api-client:build: [0m[34mℹ[39m [34m[ESM][39m [2mdist/[22m[32m[1mapi/usage.d.mts[22m[39m                     [2m 0.28 kB[22m [2m│ gzip: 0.16 kB[22m
[36m@n8n/rest-api-client:build: [0m[34mℹ[39m [34m[ESM][39m [2mdist/[22m[32m[1mapi/api-keys.d.mts[22m[39m                  [2m 0.27 kB[22m [2m│ gzip: 0.15 kB[22m
[36m@n8n/rest-api-client:build: [0m[34mℹ[39m [34m[ESM][39m [2mdist/[22m[32m[1mapi/versions.d.mts[22m[39m                  [2m 0.26 kB[22m [2m│ gzip: 0.14 kB[22m
[36m@n8n/rest-api-client:build: [0m[34mℹ[39m [34m[ESM][39m [2mdist/[22m[32m[1mapi/workflows.d.mts[22m[39m                 [2m 0.23 kB[22m [2m│ gzip: 0.13 kB[22m
[36m@n8n/rest-api-client:build: [0m[34mℹ[39m [34m[ESM][39m [2mdist/[22m[32m[1mapi/security-settings.d.mts[22m[39m         [2m 0.18 kB[22m [2m│ gzip: 0.12 kB[22m
[36m@n8n/rest-api-client:build: [0m[34mℹ[39m [34m[ESM][39m [2mdist/[22m[32m[1mapi/instance-version-history.d.mts[22m[39m  [2m 0.13 kB[22m [2m│ gzip: 0.12 kB[22m
[36m@n8n/rest-api-client:build: [0m[34mℹ[39m [34m[ESM][39m [2mdist/[22m[32m[1mapi/third-party-licenses.d.mts[22m[39m      [2m 0.13 kB[22m [2m│ gzip: 0.10 kB[22m
[36m@n8n/rest-api-client:build: [0m[34mℹ[39m [34m[ESM][39m [2mdist/[22m[32m[1mapi/orchestration.d.mts[22m[39m             [2m 0.12 kB[22m [2m│ gzip: 0.10 kB[22m
[36m@n8n/rest-api-client:build: [0m[34mℹ[39m [34m[ESM][39m [2mdist/[22m[32m[1mapi/ai-usage.d.mts[22m[39m                  [2m 0.12 kB[22m [2m│ gzip: 0.10 kB[22m
[36m@n8n/rest-api-client:build: [0m[34mℹ[39m [34m[ESM][39m [2mdist/[22m[32m[1mapi/ui.d.mts[22m[39m                        [2m 0.12 kB[22m [2m│ gzip: 0.10 kB[22m
[36m@n8n/rest-api-client:build: [0m[34mℹ[39m [34m[ESM][39m [2mdist/[22m[32m[1mapi/module-settings.d.mts[22m[39m           [2m 0.12 kB[22m [2m│ gzip: 0.10 kB[22m
[36m@n8n/rest-api-client:build: [0m[34mℹ[39m [34m[ESM][39m [2mdist/[22m[32m[1mapi/npsSurvey.d.mts[22m[39m                 [2m 0.12 kB[22m [2m│ gzip: 0.10 kB[22m
[36m@n8n/rest-api-client:build: [0m[34mℹ[39m [34m[ESM][39m [2mdist/[22m[32m[1mapi/instance-registry.d.mts[22m[39m         [2m 0.11 kB[22m [2m│ gzip: 0.10 kB[22m
[36m@n8n/rest-api-client:build: [0m[34mℹ[39m [34m[ESM][39m [2mdist/[22m[32m[1mapi/ctas.d.mts[22m[39m                      [2m 0.11 kB[22m [2m│ gzip: 0.10 kB[22m
[36m@n8n/rest-api-client:build: [0m[34mℹ[39m [34m[ESM][39m [2mdist/[22m[32m[1mapi/events.d.mts[22m[39m                    [2m 0.10 kB[22m [2m│ gzip: 0.09 kB[22m
[36m@n8n/rest-api-client:build: [0m[34mℹ[39m [34m[ESM][39m [2mdist/[22m[32m[1mapi/settings.d.mts[22m[39m                  [2m 0.10 kB[22m [2m│ gzip: 0.09 kB[22m
[36m@n8n/rest-api-client:build: [0m[34mℹ[39m [34m[ESM][39m [2mdist/[22m[32m[1mapi/webhooks.d.mts[22m[39m                  [2m 0.10 kB[22m [2m│ gzip: 0.09 kB[22m
[36m@n8n/rest-api-client:build: [0m[34mℹ[39m [34m[ESM][39m [2mdist/[22m[32m[1mtypes.d.mts[22m[39m                         [2m 0.08 kB[22m [2m│ gzip: 0.08 kB[22m
[36m@n8n/rest-api-client:build: [0m[34mℹ[39m [34m[ESM][39m [2mdist/[22m[32m[1mapi/tags.d.mts[22m[39m                      [2m 0.06 kB[22m [2m│ gzip: 0.07 kB[22m
[36m@n8n/rest-api-client:build: [0m[34mℹ[39m [34m[ESM][39m [2mdist/[22m[32m[1mapi/execution.d.mts[22m[39m                 [2m 0.01 kB[22m [2m│ gzip: 0.03 kB[22m
[36m@n8n/rest-api-client:build: [0m[34mℹ[39m [34m[ESM][39m [2mdist/[22m[32musers.d.mts[39m                         [2m 5.49 kB[22m [2m│ gzip: 1.25 kB[22m
[36m@n8n/rest-api-client:build: [0m[34mℹ[39m [34m[ESM][39m [2mdist/[22m[32mtemplates.d.mts[39m                     [2m 5.28 kB[22m [2m│ gzip: 1.32 kB[22m
[36m@n8n/rest-api-client:build: [0m[34mℹ[39m [34m[ESM][39m [2mdist/[22m[32msecretsProvider.ee.d.mts[39m            [2m 3.35 kB[22m [2m│ gzip: 0.57 kB[22m
[36m@n8n/rest-api-client:build: [0m[34mℹ[39m [34m[ESM][39m [2mdist/[22m[32mcloudPlans.d.mts[39m                    [2m 2.92 kB[22m [2m│ gzip: 1.05 kB[22m
[36m@n8n/rest-api-client:build: [0m[34mℹ[39m [34m[ESM][39m [2mdist/[22m[32mworkflowHistory.d.mts[39m               [2m 2.57 kB[22m [2m│ gzip: 0.76 kB[22m
[36m@n8n/rest-api-client:build: [0m[34mℹ[39m [34m[ESM][39m [2mdist/[22m[32mutils2.d.mts[39m                        [2m 2.40 kB[22m [2m│ gzip: 0.85 kB[22m
[36m@n8n/rest-api-client:build: [0m[34mℹ[39m [34m[ESM][39m [2mdist/[22m[32mnodeTypes.d.mts[39m                     [2m 2.31 kB[22m [2m│ gzip: 0.62 kB[22m
[36m@n8n/rest-api-client:build: [0m[34mℹ[39m [34m[ESM][39m [2mdist/[22m[32mexternalSecrets.ee.d.mts[39m            [2m 1.96 kB[22m [2m│ gzip: 0.48 kB[22m
[36m@n8n/rest-api-client:build: [0m[34mℹ[39m [34m[ESM][39m [2mdist/[22m[32mldap.d.mts[39m                          [2m 1.75 kB[22m [2m│ gzip: 0.62 kB[22m
[36m@n8n/rest-api-client:build: [0m[34mℹ[39m [34m[ESM][39m [2mdist/[22m[32msso.d.mts[39m                           [2m 1.75 kB[22m [2m│ gzip: 0.52 kB[22m
[36m@n8n/rest-api-client:build: [0m[34mℹ[39m [34m[ESM][39m [2mdist/[22m[32mroleMappingRule.d.mts[39m               [2m 1.61 kB[22m [2m│ gzip: 0.46 kB[22m
[36m@n8n/rest-api-client:build: [0m[34mℹ[39m [34m[ESM][39m [2mdist/[22m[32mcredentialResolvers.d.mts[39m           [2m 1.52 kB[22m [2m│ gzip: 0.43 kB[22m
[36m@n8n/rest-api-client:build: [0m[34mℹ[39m [34m[ESM][39m [2mdist/[22m[32mroles.d.mts[39m                         [2m 1.33 kB[22m [2m│ gzip: 0.41 kB[22m
[36m@n8n/rest-api-client:build: [0m[34mℹ[39m [34m[ESM][39m [2mdist/[22m[32mworkflows.d.mts[39m                     [2m 1.33 kB[22m [2m│ gzip: 0.49 kB[22m
[36m@n8n/rest-api-client:build: [0m[34mℹ[39m [34m[ESM][39m [2mdist/[22m[32mversions.d.mts[39m                      [2m 1.31 kB[22m [2m│ gzip: 0.51 kB[22m
[36m@n8n/rest-api-client:build: [0m[34mℹ[39m [34m[ESM][39m [2mdist/[22m[32meventbus.ee.d.mts[39m                   [2m 1.29 kB[22m [2m│ gzip: 0.42 kB[22m
[36m@n8n/rest-api-client:build: [0m[34mℹ[39m [34m[ESM][39m [2mdist/[22m[32mapi-keys.d.mts[39m                      [2m 1.20 kB[22m [2m│ gzip: 0.45 kB[22m
[36m@n8n/rest-api-client:build: [0m[34mℹ[39m [34m[ESM][39m [2mdist/[22m[32mmfa.d.mts[39m                           [2m 0.94 kB[22m [2m│ gzip: 0.37 kB[22m
[36m@n8n/rest-api-client:build: [0m[34mℹ[39m [34m[ESM][39m [2mdist/[22m[32mcommunityNodes.d.mts[39m                [2m 0.91 kB[22m [2m│ gzip: 0.36 kB[22m
[36m@n8n/rest-api-client:build: [0m[34mℹ[39m [34m[ESM][39m [2mdist/[22m[32musage.d.mts[39m                         [2m 0.91 kB[22m [2m│ gzip: 0.36 kB[22m
[36m@n8n/rest-api-client:build: [0m[34mℹ[39m [34m[ESM][39m [2mdist/[22m[32mprovisioning.d.mts[39m                  [2m 0.88 kB[22m [2m│ gzip: 0.36 kB[22m
[36m@n8n/rest-api-client:build: [0m[34mℹ[39m [34m[ESM][39m [2mdist/[22m[32msecurity-settings.d.mts[39m             [2m 0.53 kB[22m [2m│ gzip: 0.25 kB[22m
[36m@n8n/rest-api-client:build: [0m[34mℹ[39m [34m[ESM][39m [2mdist/[22m[32mwebhooks.d.mts[39m                      [2m 0.47 kB[22m [2m│ gzip: 0.28 kB[22m
[36m@n8n/rest-api-client:build: [0m[34mℹ[39m [34m[ESM][39m [2mdist/[22m[32mui.d.mts[39m                            [2m 0.36 kB[22m [2m│ gzip: 0.25 kB[22m
[36m@n8n/rest-api-client:build: [0m[34mℹ[39m [34m[ESM][39m [2mdist/[22m[32minstance-version-history.d.mts[39m      [2m 0.36 kB[22m [2m│ gzip: 0.24 kB[22m
[36m@n8n/rest-api-client:build: [0m[34mℹ[39m [34m[ESM][39m [2mdist/[22m[32mai-usage.d.mts[39m                      [2m 0.35 kB[22m [2m│ gzip: 0.23 kB[22m
[36m@n8n/rest-api-client:build: [0m[34mℹ[39m [34m[ESM][39m [2mdist/[22m[32mmodule-settings.d.mts[39m               [2m 0.34 kB[22m [2m│ gzip: 0.22 kB[22m
[36m@n8n/rest-api-client:build: [0m[34mℹ[39m [34m[ESM][39m [2mdist/[22m[32minstance-registry.d.mts[39m             [2m 0.33 kB[22m [2m│ gzip: 0.22 kB[22m
[36m@n8n/rest-api-client:build: [0m[34mℹ[39m [34m[ESM][39m [2mdist/[22m[32mnpsSurvey.d.mts[39m                     [2m 0.33 kB[22m [2m│ gzip: 0.22 kB[22m
[36m@n8n/rest-api-client:build: [0m[34mℹ[39m [34m[ESM][39m [2mdist/[22m[32msettings.d.mts[39m                      [2m 0.30 kB[22m [2m│ gzip: 0.21 kB[22m
[36m@n8n/rest-api-client:build: [0m[34mℹ[39m [34m[ESM][39m [2mdist/[22m[32mthird-party-licenses.d.mts[39m          [2m 0.28 kB[22m [2m│ gzip: 0.20 kB[22m
[36m@n8n/rest-api-client:build: [0m[34mℹ[39m [34m[ESM][39m [2mdist/[22m[32morchestration.d.mts[39m                 [2m 0.27 kB[22m [2m│ gzip: 0.20 kB[22m
[36m@n8n/rest-api-client:build: [0m[34mℹ[39m [34m[ESM][39m [2mdist/[22m[32mctas.d.mts[39m                          [2m 0.25 kB[22m [2m│ gzip: 0.19 kB[22m
[36m@n8n/rest-api-client:build: [0m[34mℹ[39m [34m[ESM][39m [2mdist/[22m[32mevents.d.mts[39m                        [2m 0.24 kB[22m [2m│ gzip: 0.18 kB[22m
[36m@n8n/rest-api-client:build: [0m[34mℹ[39m [34m[ESM][39m [2mdist/[22m[32mtags.d.mts[39m                          [2m 0.21 kB[22m [2m│ gzip: 0.16 kB[22m
[36m@n8n/rest-api-client:build: [0m[34mℹ[39m [34m[ESM][39m [2mdist/[22m[32mtypes2.d.mts[39m                        [2m 0.18 kB[22m [2m│ gzip: 0.15 kB[22m
[36m@n8n/rest-api-client:build: [0m[34mℹ[39m [34m[ESM][39m [2mdist/[22m[32mindex2.d.mts[39m                        [2m 0.01 kB[22m [2m│ gzip: 0.03 kB[22m
[36m@n8n/rest-api-client:build: [0m[34mℹ[39m [34m[ESM][39m 191 files, total: 255.69 kB
[36m@n8n/rest-api-client:build: [0m[34mℹ[39m [33m[CJS][39m [2mdist/[22m[32m[1mindex.d.cts[22m[39m                         [2m12.35 kB[22m [2m│ gzip: 2.88 kB[22m
[36m@n8n/rest-api-client:build: [0m[34mℹ[39m [33m[CJS][39m [2mdist/[22m[32m[1mapi/index.d.cts[22m[39m                     [2m11.84 kB[22m [2m│ gzip: 2.71 kB[22m
[36m@n8n/rest-api-client:build: [0m[34mℹ[39m [33m[CJS][39m [2mdist/[22m[32m[1mapi/templates.d.cts[22m[39m                 [2m 1.37 kB[22m [2m│ gzip: 0.38 kB[22m
[36m@n8n/rest-api-client:build: [0m[34mℹ[39m [33m[CJS][39m [2mdist/[22m[32m[1mapi/users.d.cts[22m[39m                     [2m 1.37 kB[22m [2m│ gzip: 0.44 kB[22m
[36m@n8n/rest-api-client:build: [0m[34mℹ[39m [33m[CJS][39m [2mdist/[22m[32m[1mapi/secretsProvider.ee.d.cts[22m[39m        [2m 1.20 kB[22m [2m│ gzip: 0.26 kB[22m
[36m@n8n/rest-api-client:build: [0m[34mℹ[39m [33m[CJS][39m [2mdist/[22m[32m[1mapi/breaking-changes.d.cts[22m[39m          [2m 0.96 kB[22m [2m│ gzip: 0.35 kB[22m
[36m@n8n/rest-api-client:build: [0m[34mℹ[39m [33m[CJS][39m [2mdist/[22m[32m[1mapi/consent.d.cts[22m[39m                   [2m 0.83 kB[22m [2m│ gzip: 0.38 kB[22m
[36m@n8n/rest-api-client:build: [0m[34mℹ[39m [33m[CJS][39m [2mdist/[22m[32m[1mapi/workflowHistory.d.cts[22m[39m           [2m 0.79 kB[22m [2m│ gzip: 0.26 kB[22m
[36m@n8n/rest-api-client:build: [0m[34mℹ[39m [33m[CJS][39m [2mdist/[22m[32m[1mapi/nodeTypes.d.cts[22m[39m                 [2m 0.73 kB[22m [2m│ gzip: 0.26 kB[22m
[36m@n8n/rest-api-client:build: [0m[34mℹ[39m [33m[CJS][39m [2mdist/[22m[32m[1mapi/dynamic-banners.d.cts[22m[39m           [2m 0.73 kB[22m [2m│ gzip: 0.39 kB[22m
[36m@n8n/rest-api-client:build: [0m[34mℹ[39m [33m[CJS][39m [2mdist/[22m[32m[1mapi/externalSecrets.ee.d.cts[22m[39m        [2m 0.70 kB[22m [2m│ gzip: 0.23 kB[22m
[36m@n8n/rest-api-client:build: [0m[34mℹ[39m [33m[CJS][39m [2mdist/[22m[32m[1mapi/sso.d.cts[22m[39m                       [2m 0.56 kB[22m [2m│ gzip: 0.24 kB[22m
[36m@n8n/rest-api-client:build: [0m[34mℹ[39m [33m[CJS][39m [2mdist/[22m[32m[1mapi/roleMappingRule.d.cts[22m[39m           [2m 0.55 kB[22m [2m│ gzip: 0.19 kB[22m
[36m@n8n/rest-api-client:build: [0m[34mℹ[39m [33m[CJS][39m [2mdist/[22m[32m[1mutils.d.cts[22m[39m                         [2m 0.53 kB[22m [2m│ gzip: 0.27 kB[22m
[36m@n8n/rest-api-client:build: [0m[34mℹ[39m [33m[CJS][39m [2mdist/[22m[32m[1mapi/credentialResolvers.d.cts[22m[39m       [2m 0.48 kB[22m [2m│ gzip: 0.17 kB[22m
[36m@n8n/rest-api-client:build: [0m[34mℹ[39m [33m[CJS][39m [2mdist/[22m[32m[1mapi/eventbus.ee.d.cts[22m[39m               [2m 0.48 kB[22m [2m│ gzip: 0.21 kB[22m
[36m@n8n/rest-api-client:build: [0m[34mℹ[39m [33m[CJS][39m [2mdist/[22m[32m[1mapi/cloudPlans.d.cts[22m[39m                [2m 0.47 kB[22m [2m│ gzip: 0.23 kB[22m
[36m@n8n/rest-api-client:build: [0m[34mℹ[39m [33m[CJS][39m [2mdist/[22m[32m[1mapi/ldap.d.cts[22m[39m                      [2m 0.37 kB[22m [2m│ gzip: 0.18 kB[22m
[36m@n8n/rest-api-client:build: [0m[34mℹ[39m [33m[CJS][39m [2mdist/[22m[32m[1mapi/roles.d.cts[22m[39m                     [2m 0.34 kB[22m [2m│ gzip: 0.17 kB[22m
[36m@n8n/rest-api-client:build: [0m[34mℹ[39m [33m[CJS][39m [2mdist/[22m[32m[1mapi/communityNodes.d.cts[22m[39m            [2m 0.33 kB[22m [2m│ gzip: 0.17 kB[22m
[36m@n8n/rest-api-client:build: [0m[34mℹ[39m [33m[CJS][39m [2mdist/[22m[32m[1mapi/mfa.d.cts[22m[39m                       [2m 0.29 kB[22m [2m│ gzip: 0.17 kB[22m
[36m@n8n/rest-api-client:build: [0m[34mℹ[39m [33m[CJS][39m [2mdist/[22m[32m[1mapi/provisioning.d.cts[22m[39m              [2m 0.28 kB[22m [2m│ gzip: 0.13 kB[22m
[36m@n8n/rest-api-client:build: [0m[34mℹ[39m [33m[CJS][39m [2mdist/[22m[32m[1mapi/usage.d.cts[22m[39m                     [2m 0.28 kB[22m [2m│ gzip: 0.16 kB[22m
[36m@n8n/rest-api-client:build: [0m[34mℹ[39m [33m[CJS][39m [2mdist/[22m[32m[1mapi/api-keys.d.cts[22m[39m                  [2m 0.27 kB[22m [2m│ gzip: 0.15 kB[22m
[36m@n8n/rest-api-client:build: [0m[34mℹ[39m [33m[CJS][39m [2mdist/[22m[32m[1mapi/versions.d.cts[22m[39m                  [2m 0.26 kB[22m [2m│ gzip: 0.14 kB[22m
[36m@n8n/rest-api-client:build: [0m[34mℹ[39m [33m[CJS][39m [2mdist/[22m[32m[1mapi/workflows.d.cts[22m[39m                 [2m 0.23 kB[22m [2m│ gzip: 0.13 kB[22m
[36m@n8n/rest-api-client:build: [0m[34mℹ[39m [33m[CJS][39m [2mdist/[22m[32m[1mapi/security-settings.d.cts[22m[39m         [2m 0.18 kB[22m [2m│ gzip: 0.12 kB[22m
[36m@n8n/rest-api-client:build: [0m[34mℹ[39m [33m[CJS][39m [2mdist/[22m[32m[1mapi/instance-version-history.d.cts[22m[39m  [2m 0.13 kB[22m [2m│ gzip: 0.12 kB[22m
[36m@n8n/rest-api-client:build: [0m[34mℹ[39m [33m[CJS][39m [2mdist/[22m[32m[1mapi/third-party-licenses.d.cts[22m[39m      [2m 0.13 kB[22m [2m│ gzip: 0.10 kB[22m
[36m@n8n/rest-api-client:build: [0m[34mℹ[39m [33m[CJS][39m [2mdist/[22m[32m[1mapi/orchestration.d.cts[22m[39m             [2m 0.12 kB[22m [2m│ gzip: 0.10 kB[22m
[36m@n8n/rest-api-client:build: [0m[34mℹ[39m [33m[CJS][39m [2mdist/[22m[32m[1mapi/ai-usage.d.cts[22m[39m                  [2m 0.12 kB[22m [2m│ gzip: 0.10 kB[22m
[36m@n8n/rest-api-client:build: [0m[34mℹ[39m [33m[CJS][39m [2mdist/[22m[32m[1mapi/ui.d.cts[22m[39m                        [2m 0.12 kB[22m [2m│ gzip: 0.10 kB[22m
[36m@n8n/rest-api-client:build: [0m[34mℹ[39m [33m[CJS][39m [2mdist/[22m[32m[1mapi/module-settings.d.cts[22m[39m           [2m 0.12 kB[22m [2m│ gzip: 0.10 kB[22m
[36m@n8n/rest-api-client:build: [0m[34mℹ[39m [33m[CJS][39m [2mdist/[22m[32m[1mapi/npsSurvey.d.cts[22m[39m                 [2m 0.12 kB[22m [2m│ gzip: 0.10 kB[22m
[36m@n8n/rest-api-client:build: [0m[34mℹ[39m [33m[CJS][39m [2mdist/[22m[32m[1mapi/instance-registry.d.cts[22m[39m         [2m 0.11 kB[22m [2m│ gzip: 0.10 kB[22m
[36m@n8n/rest-api-client:build: [0m[34mℹ[39m [33m[CJS][39m [2mdist/[22m[32m[1mapi/ctas.d.cts[22m[39m                      [2m 0.11 kB[22m [2m│ gzip: 0.10 kB[22m
[36m@n8n/rest-api-client:build: [0m[34mℹ[39m [33m[CJS][39m [2mdist/[22m[32m[1mapi/events.d.cts[22m[39m                    [2m 0.10 kB[22m [2m│ gzip: 0.09 kB[22m
[36m@n8n/rest-api-client:build: [0m[34mℹ[39m [33m[CJS][39m [2mdist/[22m[32m[1mapi/settings.d.cts[22m[39m                  [2m 0.10 kB[22m [2m│ gzip: 0.09 kB[22m
[36m@n8n/rest-api-client:build: [0m[34mℹ[39m [33m[CJS][39m [2mdist/[22m[32m[1mapi/webhooks.d.cts[22m[39m                  [2m 0.10 kB[22m [2m│ gzip: 0.09 kB[22m
[36m@n8n/rest-api-client:build: [0m[34mℹ[39m [33m[CJS][39m [2mdist/[22m[32m[1mtypes.d.cts[22m[39m                         [2m 0.08 kB[22m [2m│ gzip: 0.08 kB[22m
[36m@n8n/rest-api-client:build: [0m[34mℹ[39m [33m[CJS][39m [2mdist/[22m[32m[1mapi/tags.d.cts[22m[39m                      [2m 0.06 kB[22m [2m│ gzip: 0.07 kB[22m
[36m@n8n/rest-api-client:build: [0m[34mℹ[39m [33m[CJS][39m [2mdist/[22m[32m[1mapi/execution.d.cts[22m[39m                 [2m 0.01 kB[22m [2m│ gzip: 0.03 kB[22m
[36m@n8n/rest-api-client:build: [0m[34mℹ[39m [33m[CJS][39m [2mdist/[22m[32musers.d.cts[39m                         [2m 5.49 kB[22m [2m│ gzip: 1.26 kB[22m
[36m@n8n/rest-api-client:build: [0m[34mℹ[39m [33m[CJS][39m [2mdist/[22m[32mtemplates.d.cts[39m                     [2m 5.28 kB[22m [2m│ gzip: 1.32 kB[22m
[36m@n8n/rest-api-client:build: [0m[34mℹ[39m [33m[CJS][39m [2mdist/[22m[32msecretsProvider.ee.d.cts[39m            [2m 3.35 kB[22m [2m│ gzip: 0.57 kB[22m
[36m@n8n/rest-api-client:build: [0m[34mℹ[39m [33m[CJS][39m [2mdist/[22m[32mcloudPlans.d.cts[39m                    [2m 2.92 kB[22m [2m│ gzip: 1.05 kB[22m
[36m@n8n/rest-api-client:build: [0m[34mℹ[39m [33m[CJS][39m [2mdist/[22m[32mworkflowHistory.d.cts[39m               [2m 2.57 kB[22m [2m│ gzip: 0.76 kB[22m
[36m@n8n/rest-api-client:build: [0m[34mℹ[39m [33m[CJS][39m [2mdist/[22m[32mutils2.d.cts[39m                        [2m 2.40 kB[22m [2m│ gzip: 0.85 kB[22m
[36m@n8n/rest-api-client:build: [0m[34mℹ[39m [33m[CJS][39m [2mdist/[22m[32mnodeTypes.d.cts[39m                     [2m 2.31 kB[22m [2m│ gzip: 0.61 kB[22m
[36m@n8n/rest-api-client:build: [0m[34mℹ[39m [33m[CJS][39m [2mdist/[22m[32mexternalSecrets.ee.d.cts[39m            [2m 1.96 kB[22m [2m│ gzip: 0.48 kB[22m
[36m@n8n/rest-api-client:build: [0m[34mℹ[39m [33m[CJS][39m [2mdist/[22m[32mldap.d.cts[39m                          [2m 1.75 kB[22m [2m│ gzip: 0.62 kB[22m
[36m@n8n/rest-api-client:build: [0m[34mℹ[39m [33m[CJS][39m [2mdist/[22m[32msso.d.cts[39m                           [2m 1.75 kB[22m [2m│ gzip: 0.52 kB[22m
[36m@n8n/rest-api-client:build: [0m[34mℹ[39m [33m[CJS][39m [2mdist/[22m[32mroleMappingRule.d.cts[39m               [2m 1.61 kB[22m [2m│ gzip: 0.46 kB[22m
[36m@n8n/rest-api-client:build: [0m[34mℹ[39m [33m[CJS][39m [2mdist/[22m[32mcredentialResolvers.d.cts[39m           [2m 1.52 kB[22m [2m│ gzip: 0.43 kB[22m
[36m@n8n/rest-api-client:build: [0m[34mℹ[39m [33m[CJS][39m [2mdist/[22m[32mroles.d.cts[39m                         [2m 1.33 kB[22m [2m│ gzip: 0.41 kB[22m
[36m@n8n/rest-api-client:build: [0m[34mℹ[39m [33m[CJS][39m [2mdist/[22m[32mworkflows.d.cts[39m                     [2m 1.33 kB[22m [2m│ gzip: 0.49 kB[22m
[36m@n8n/rest-api-client:build: [0m[34mℹ[39m [33m[CJS][39m [2mdist/[22m[32mversions.d.cts[39m                      [2m 1.31 kB[22m [2m│ gzip: 0.51 kB[22m
[36m@n8n/rest-api-client:build: [0m[34mℹ[39m [33m[CJS][39m [2mdist/[22m[32meventbus.ee.d.cts[39m                   [2m 1.29 kB[22m [2m│ gzip: 0.42 kB[22m
[36m@n8n/rest-api-client:build: [0m[34mℹ[39m [33m[CJS][39m [2mdist/[22m[32mapi-keys.d.cts[39m                      [2m 1.20 kB[22m [2m│ gzip: 0.44 kB[22m
[36m@n8n/rest-api-client:build: [0m[34mℹ[39m [33m[CJS][39m [2mdist/[22m[32mmfa.d.cts[39m                           [2m 0.94 kB[22m [2m│ gzip: 0.37 kB[22m
[36m@n8n/rest-api-client:build: [0m[34mℹ[39m [33m[CJS][39m [2mdist/[22m[32mcommunityNodes.d.cts[39m                [2m 0.91 kB[22m [2m│ gzip: 0.36 kB[22m
[36m@n8n/rest-api-client:build: [0m[34mℹ[39m [33m[CJS][39m [2mdist/[22m[32musage.d.cts[39m                         [2m 0.91 kB[22m [2m│ gzip: 0.36 kB[22m
[36m@n8n/rest-api-client:build: [0m[34mℹ[39m [33m[CJS][39m [2mdist/[22m[32mprovisioning.d.cts[39m                  [2m 0.88 kB[22m [2m│ gzip: 0.36 kB[22m
[36m@n8n/rest-api-client:build: [0m[34mℹ[39m [33m[CJS][39m [2mdist/[22m[32msecurity-settings.d.cts[39m             [2m 0.53 kB[22m [2m│ gzip: 0.25 kB[22m
[36m@n8n/rest-api-client:build: [0m[34mℹ[39m [33m[CJS][39m [2mdist/[22m[32mwebhooks.d.cts[39m                      [2m 0.47 kB[22m [2m│ gzip: 0.28 kB[22m
[36m@n8n/rest-api-client:build: [0m[34mℹ[39m [33m[CJS][39m [2mdist/[22m[32mui.d.cts[39m                            [2m 0.36 kB[22m [2m│ gzip: 0.25 kB[22m
[36m@n8n/rest-api-client:build: [0m[34mℹ[39m [33m[CJS][39m [2mdist/[22m[32minstance-version-history.d.cts[39m      [2m 0.36 kB[22m [2m│ gzip: 0.24 kB[22m
[36m@n8n/rest-api-client:build: [0m[34mℹ[39m [33m[CJS][39m [2mdist/[22m[32mai-usage.d.cts[39m                      [2m 0.35 kB[22m [2m│ gzip: 0.23 kB[22m
[36m@n8n/rest-api-client:build: [0m[34mℹ[39m [33m[CJS][39m [2mdist/[22m[32mmodule-settings.d.cts[39m               [2m 0.34 kB[22m [2m│ gzip: 0.22 kB[22m
[36m@n8n/rest-api-client:build: [0m[34mℹ[39m [33m[CJS][39m [2mdist/[22m[32minstance-registry.d.cts[39m             [2m 0.33 kB[22m [2m│ gzip: 0.22 kB[22m
[36m@n8n/rest-api-client:build: [0m[34mℹ[39m [33m[CJS][39m [2mdist/[22m[32mnpsSurvey.d.cts[39m                     [2m 0.33 kB[22m [2m│ gzip: 0.22 kB[22m
[36m@n8n/rest-api-client:build: [0m[34mℹ[39m [33m[CJS][39m [2mdist/[22m[32msettings.d.cts[39m                      [2m 0.30 kB[22m [2m│ gzip: 0.20 kB[22m
[36m@n8n/rest-api-client:build: [0m[34mℹ[39m [33m[CJS][39m [2mdist/[22m[32mthird-party-licenses.d.cts[39m          [2m 0.28 kB[22m [2m│ gzip: 0.20 kB[22m
[36m@n8n/rest-api-client:build: [0m[34mℹ[39m [33m[CJS][39m [2mdist/[22m[32morchestration.d.cts[39m                 [2m 0.27 kB[22m [2m│ gzip: 0.20 kB[22m
[36m@n8n/rest-api-client:build: [0m[34mℹ[39m [33m[CJS][39m [2mdist/[22m[32mctas.d.cts[39m                          [2m 0.25 kB[22m [2m│ gzip: 0.19 kB[22m
[36m@n8n/rest-api-client:build: [0m[34mℹ[39m [33m[CJS][39m [2mdist/[22m[32mevents.d.cts[39m                        [2m 0.24 kB[22m [2m│ gzip: 0.18 kB[22m
[36m@n8n/rest-api-client:build: [0m[34mℹ[39m [33m[CJS][39m [2mdist/[22m[32mtags.d.cts[39m                          [2m 0.21 kB[22m [2m│ gzip: 0.16 kB[22m
[36m@n8n/rest-api-client:build: [0m[34mℹ[39m [33m[CJS][39m [2mdist/[22m[32mtypes2.d.cts[39m                        [2m 0.18 kB[22m [2m│ gzip: 0.15 kB[22m
[36m@n8n/rest-api-client:build: [0m[34mℹ[39m [33m[CJS][39m [2mdist/[22m[32mindex2.d.cts[39m                        [2m 0.01 kB[22m [2m│ gzip: 0.03 kB[22m
[36m@n8n/rest-api-client:build: [0m[34mℹ[39m [33m[CJS][39m 79 files, total: 88.12 kB
[36m@n8n/rest-api-client:build: [0m[32m✔[39m Build complete in [32m7625ms[39m
[35m@n8n/workflow-sdk:test: [0mcache hit, replaying logs [2mf80a0383f3446262[0m
[35m@n8n/workflow-sdk:test: [0m
[35m@n8n/workflow-sdk:test: [0m> @n8n/workflow-sdk@0.29.0 test /Users/romeobalta/work/n8n/worktrees/nudge-manual-builders-to-aia/packages/@n8n/workflow-sdk
[35m@n8n/workflow-sdk:test: [0m> vitest run
[35m@n8n/workflow-sdk:test: [0m
[35m@n8n/workflow-sdk:test: [0m
[35m@n8n/workflow-sdk:test: [0m[1m[30m[46m RUN [49m[39m[22m [36mv4.1.9 [39m[90m/Users/romeobalta/work/n8n/worktrees/nudge-manual-builders-to-aia/packages/@n8n/workflow-sdk[39m
[35m@n8n/workflow-sdk:test: [0m
[35m@n8n/workflow-sdk:test: [0mFound 1 test-fixtures workflows files, skipping extraction
[35m@n8n/workflow-sdk:test: [0m [32m✓[39m src/ast-interpreter/interpreter.test.ts [2m([22m[2m132 tests[22m[2m)[22m[32m 48[2mms[22m[39m
[35m@n8n/workflow-sdk:test: [0m [32m✓[39m src/generate-types/generate-zod-schemas.test.ts [2m([22m[2m121 tests[22m[2m)[22m[32m 14[2mms[22m[39m
[35m@n8n/workflow-sdk:test: [0m [32m✓[39m src/workflow-builder/node-builders/node-builder.test.ts [2m([22m[2m92 tests[22m[2m)[22m[32m 12[2mms[22m[39m
[35m@n8n/workflow-sdk:test: [0m [32m✓[39m src/workflow-builder-plugins.test.ts [2m([22m[2m59 tests[22m[2m)[22m[32m 23[2mms[22m[39m
[35m@n8n/workflow-sdk:test: [0m [32m✓[39m src/codegen/codegen.test.ts [2m([22m[2m51 tests[22m[2m)[22m[32m 65[2mms[22m[39m
[35m@n8n/workflow-sdk:test: [0m [32m✓[39m src/generate-types/generate-types.test.ts [2m([22m[2m235 tests[22m[2m)[22m[33m 1625[2mms[22m[39m
[35m@n8n/workflow-sdk:test: [0m [32m✓[39m src/workflow-builder.test.ts [2m([22m[2m125 tests[22m[2m)[22m[32m 178[2mms[22m[39m
[35m@n8n/workflow-sdk:test: [0m [32m✓[39m src/graph-validator.test.ts [2m([22m[2m53 tests[22m[2m)[22m[32m 14[2mms[22m[39m
[35m@n8n/workflow-sdk:test: [0m [32m✓[39m src/validation/display-options.test.ts [2m([22m[2m66 tests[22m[2m)[22m[32m 21[2mms[22m[39m
[35m@n8n/workflow-sdk:test: [0m [32m✓[39m src/workflow-builder/plugins/composite-handlers/split-in-batches-handler.test.ts [2m([22m[2m25 tests[22m[2m)[22m[32m 8[2mms[22m[39m
[35m@n8n/workflow-sdk:test: [0m [32m✓[39m src/workflow-builder/control-flow-builders/split-in-batches.test.ts [2m([22m[2m19 tests[22m[2m)[22m[32m 55[2mms[22m[39m
[35m@n8n/workflow-sdk:test: [0m [32m✓[39m src/merge.test.ts [2m([22m[2m20 tests[22m[2m)[22m[32m 13[2mms[22m[39m
[35m@n8n/workflow-sdk:test: [0m [32m✓[39m src/codegen/edge-case-roundtrip.test.ts [2m([22m[2m18 tests[22m[2m)[22m[32m 84[2mms[22m[39m
[35m@n8n/workflow-sdk:test: [0m [32m✓[39m src/workflow-builder/subnode-utils.test.ts [2m([22m[2m21 tests[22m[2m)[22m[32m 4[2mms[22m[39m
[35m@n8n/workflow-sdk:test: [0m [32m✓[39m src/workflow-builder/layout-utils.test.ts [2m([22m[2m19 tests[22m[2m)[22m[32m 18[2mms[22m[39m
[35m@n8n/workflow-sdk:test: [0m [32m✓[39m src/mock-data/mock-data.test.ts [2m([22m[2m41 tests[22m[2m)[22m[32m 8[2mms[22m[39m
[35m@n8n/workflow-sdk:test: [0m [32m✓[39m src/validation/node-parameter-schema/resolve-schema.test.ts [2m([22m[2m30 tests[22m[2m)[22m[32m 10[2mms[22m[39m
[35m@n8n/workflow-sdk:test: [0m [32m✓[39m src/workflow-builder.integration.test.ts [2m([22m[2m32 tests[22m[2m)[22m[32m 28[2mms[22m[39m
[35m@n8n/workflow-sdk:test: [0m [32m✓[39m src/workflow-builder/plugins/validators/expression-path-validator.test.ts [2m([22m[2m14 tests[22m[2m)[22m[32m 6[2mms[22m[39m
[35m@n8n/workflow-sdk:test: [0m [32m✓[39m src/workflow-builder/node-builders/subnode-builders.test.ts [2m([22m[2m29 tests[22m[2m)[22m[33m 1194[2mms[22m[39m
[35m@n8n/workflow-sdk:test: [0m [32m✓[39m src/codegen/composite-builder.test.ts [2m([22m[2m12 tests[22m[2m)[22m[32m 7[2mms[22m[39m
[35m@n8n/workflow-sdk:test: [0m [32m✓[39m src/workflow-builder/plugins/validators/http-request-validator.test.ts [2m([22m[2m23 tests[22m[2m)[22m[32m 7[2mms[22m[39m
[35m@n8n/workflow-sdk:test: [0m [32m✓[39m src/generate-types/generate-pin-data.test.ts [2m([22m[2m22 tests[22m[2m)[22m[32m 8[2mms[22m[39m
[35m@n8n/workflow-sdk:test: [0m [32m✓[39m src/deterministic-ids.test.ts [2m([22m[2m23 tests[22m[2m)[22m[32m 51[2mms[22m[39m
[35m@n8n/workflow-sdk:test: [0m [32m✓[39m src/codegen/code-generator.test.ts [2m([22m[2m72 tests[22m[2m)[22m[33m 2252[2mms[22m[39m
[35m@n8n/workflow-sdk:test: [0m [32m✓[39m src/codegen/execution-schema-jsdoc.test.ts [2m([22m[2m30 tests[22m[2m)[22m[32m 6[2mms[22m[39m
[35m@n8n/workflow-sdk:test: [0m [32m✓[39m src/codegen/codegen-roundtrip.test.ts [2m([22m[2m69 tests[22m[2m)[22m[33m 2570[2mms[22m[39m
[35m@n8n/workflow-sdk:test: [0m [32m✓[39m src/codegen/semantic-graph.test.ts [2m([22m[2m17 tests[22m[2m)[22m[32m 5[2mms[22m[39m
[35m@n8n/workflow-sdk:test: [0m [32m✓[39m src/workflow-builder/plugins/validators/set-node-validator.test.ts [2m([22m[2m26 tests[22m[2m)[22m[32m 8[2mms[22m[39m
[35m@n8n/workflow-sdk:test: [0m [32m✓[39m src/codegen/subnode-generator.test.ts [2m([22m[2m21 tests[22m[2m)[22m[32m 9[2mms[22m[39m
[35m@n8n/workflow-sdk:test: [0m [32m✓[39m src/node-groups.test.ts [2m([22m[2m24 tests[22m[2m)[22m[32m 22[2mms[22m[39m
[35m@n8n/workflow-sdk:test: [0m [32m✓[39m src/codegen/index.test.ts [2m([22m[2m14 tests[22m[2m)[22m[32m 9[2mms[22m[39m
[35m@n8n/workflow-sdk:test: [0m [32m✓[39m src/types/types.test.ts [2m([22m[2m31 tests[22m[2m)[22m[32m 7[2mms[22m[39m
[35m@n8n/workflow-sdk:test: [0m [32m✓[39m src/codegen/graph-annotator.test.ts [2m([22m[2m9 tests[22m[2m)[22m[32m 5[2mms[22m[39m
[35m@n8n/workflow-sdk:test: [0m [32m✓[39m src/workflow-builder/control-flow-builders/if-else.test.ts [2m([22m[2m15 tests[22m[2m)[22m[32m 16[2mms[22m[39m
[35m@n8n/workflow-sdk:test: [0m [32m✓[39m src/workflow-builder/string-utils.test.ts [2m([22m[2m53 tests[22m[2m)[22m[32m 6[2mms[22m[39m
[35m@n8n/workflow-sdk:test: [0m [32m✓[39m src/workflow-builder/plugins/composite-handlers/switch-case-handler.test.ts [2m([22m[2m20 tests[22m[2m)[22m[32m 9[2mms[22m[39m
[35m@n8n/workflow-sdk:test: [0m [32m✓[39m src/codegen/composite-handlers/switch-case-handler.test.ts [2m([22m[2m8 tests[22m[2m)[22m[32m 5[2mms[22m[39m
[35m@n8n/workflow-sdk:test: [0m [32m✓[39m src/workflow-builder/validation-helpers.test.ts [2m([22m[2m47 tests[22m[2m)[22m[32m 7[2mms[22m[39m
[35m@n8n/workflow-sdk:test: [0m [32m✓[39m src/workflow-builder/plugins/composite-handlers/if-else-handler.test.ts [2m([22m[2m22 tests[22m[2m)[22m[32m 28[2mms[22m[39m
[35m@n8n/workflow-sdk:test: [0m [32m✓[39m src/codegen/semantic-graph.colocated.test.ts [2m([22m[2m6 tests[22m[2m)[22m[32m 4[2mms[22m[39m
[35m@n8n/workflow-sdk:test: [0m [32m✓[39m src/codegen/merge-pattern.test.ts [2m([22m[2m15 tests[22m[2m)[22m[32m 5[2mms[22m[39m
[35m@n8n/workflow-sdk:test: [0m [32m✓[39m src/workflow-builder/plugins/validators/filter-node-validator.test.ts [2m([22m[2m14 tests[22m[2m)[22m[32m 8[2mms[22m[39m
[35m@n8n/workflow-sdk:test: [0m [32m✓[39m src/codegen/emit-instance-ai.test.ts [2m([22m[2m15 tests[22m[2m)[22m[32m 8[2mms[22m[39m
[35m@n8n/workflow-sdk:test: [0m [32m✓[39m src/codegen/sib-merge-handler.test.ts [2m([22m[2m11 tests[22m[2m)[22m[32m 4[2mms[22m[39m
[35m@n8n/workflow-sdk:test: [0m [32m✓[39m src/workflow-builder/plugins/registry.test.ts [2m([22m[2m22 tests[22m[2m)[22m[32m 6[2mms[22m[39m
[35m@n8n/workflow-sdk:test: [0m [32m✓[39m src/workflow-builder/plugins/validators/tool-node-validator.test.ts [2m([22m[2m18 tests[22m[2m)[22m[32m 4[2mms[22m[39m
[35m@n8n/workflow-sdk:test: [0m [32m✓[39m src/workflow-builder/workflow-import.test.ts [2m([22m[2m19 tests[22m[2m)[22m[32m 5[2mms[22m[39m
[35m@n8n/workflow-sdk:test: [0m [32m✓[39m src/lint/sdk/workflow-sdk-lint.test.ts [2m([22m[2m17 tests[22m[2m)[22m[32m 27[2mms[22m[39m
[35m@n8n/workflow-sdk:test: [0m [32m✓[39m src/validation/input-index-validation.test.ts [2m([22m[2m11 tests[22m[2m)[22m[32m 12[2mms[22m[39m
[35m@n8n/workflow-sdk:test: [0m [32m✓[39m src/workflow-builder/plugins/validators/merge-node-validator.test.ts [2m([22m[2m9 tests[22m[2m)[22m[32m 7[2mms[22m[39m
[35m@n8n/workflow-sdk:test: [0m [32m✓[39m src/codegen/composite-handlers/merge-handler.test.ts [2m([22m[2m6 tests[22m[2m)[22m[32m 4[2mms[22m[39m
[35m@n8n/workflow-sdk:test: [0m [32m✓[39m src/codegen/composite-handlers/error-handler.test.ts [2m([22m[2m13 tests[22m[2m)[22m[32m 3[2mms[22m[39m
[35m@n8n/workflow-sdk:test: [0m [32m✓[39m src/pin-data-utils.test.ts [2m([22m[2m25 tests[22m[2m)[22m[32m 12[2mms[22m[39m
[35m@n8n/workflow-sdk:test: [0m [32m✓[39m src/workflow-builder/control-flow-builders/switch-case.test.ts [2m([22m[2m9 tests[22m[2m)[22m[32m 7[2mms[22m[39m
[35m@n8n/workflow-sdk:test: [0m [32m✓[39m src/workflow-builder/plugins/validators/agent-validator.test.ts [2m([22m[2m15 tests[22m[2m)[22m[32m 7[2mms[22m[39m
[35m@n8n/workflow-sdk:test: [0m [32m✓[39m src/codegen/composite-handlers/sib-handler.test.ts [2m([22m[2m6 tests[22m[2m)[22m[32m 4[2mms[22m[39m
[35m@n8n/workflow-sdk:test: [0m [32m✓[39m src/codegen/composite-handlers/if-else-handler.test.ts [2m([22m[2m6 tests[22m[2m)[22m[32m 2[2mms[22m[39m
[35m@n8n/workflow-sdk:test: [0m [32m✓[39m src/workflow-builder/plugins/validators/execute-workflow-validator.test.ts [2m([22m[2m22 tests[22m[2m)[22m[32m 5[2mms[22m[39m
[35m@n8n/workflow-sdk:test: [0m [32m✓[39m src/workflow-builder/plugins/composite-handlers/branch-handler-utils.test.ts [2m([22m[2m18 tests[22m[2m)[22m[32m 5[2mms[22m[39m
[35m@n8n/workflow-sdk:test: [0m [32m✓[39m src/codegen/node-id-emission.test.ts [2m([22m[2m14 tests[22m[2m)[22m[32m 58[2mms[22m[39m
[35m@n8n/workflow-sdk:test: [0m [32m✓[39m src/workflow-builder/sticky-placement.test.ts [2m([22m[2m8 tests[22m[2m)[22m[32m 17[2mms[22m[39m
[35m@n8n/workflow-sdk:test: [0m [32m✓[39m src/workflow-builder/plugins/types.test.ts [2m([22m[2m17 tests[22m[2m)[22m[32m 4[2mms[22m[39m
[35m@n8n/workflow-sdk:test: [0m [32m✓[39m src/codegen/expression-annotator.test.ts [2m([22m[2m14 tests[22m[2m)[22m[32m 5[2mms[22m[39m
[35m@n8n/workflow-sdk:test: [0m [32m✓[39m src/codegen/semantic-registry.test.ts [2m([22m[2m23 tests[22m[2m)[22m[32m 10[2mms[22m[39m
[35m@n8n/workflow-sdk:test: [0m [32m✓[39m src/workflow-builder/pin-data-utils.test.ts [2m([22m[2m20 tests[22m[2m)[22m[32m 3[2mms[22m[39m
[35m@n8n/workflow-sdk:test: [0m [32m✓[39m src/workflow-builder/plugins/validators/expression-prefix-validator.test.ts [2m([22m[2m13 tests[22m[2m)[22m[32m 3[2mms[22m[39m
[35m@n8n/workflow-sdk:test: [0m [32m✓[39m src/workflow-builder/plugins/validators/chain-llm-validator.test.ts [2m([22m[2m13 tests[22m[2m)[22m[32m 8[2mms[22m[39m
[35m@n8n/workflow-sdk:test: [0m [32m✓[39m src/codegen/execution-status.test.ts [2m([22m[2m12 tests[22m[2m)[22m[32m 5[2mms[22m[39m
[35m@n8n/workflow-sdk:test: [0m [32m✓[39m src/workflow-builder/plugins/serializers/json-serializer.test.ts [2m([22m[2m16 tests[22m[2m)[22m[32m 5[2mms[22m[39m
[35m@n8n/workflow-sdk:test: [0m [32m✓[39m src/workflow-builder/connection-utils.test.ts [2m([22m[2m10 tests[22m[2m)[22m[32m 3[2mms[22m[39m
[35m@n8n/workflow-sdk:test: [0m [32m✓[39m src/codegen/variable-names.test.ts [2m([22m[2m22 tests[22m[2m)[22m[32m 4[2mms[22m[39m
[35m@n8n/workflow-sdk:test: [0m [32m✓[39m src/constants/node-types.test.ts [2m([22m[2m25 tests[22m[2m)[22m[32m 4[2mms[22m[39m
[35m@n8n/workflow-sdk:test: [0m [32m✓[39m src/codegen/string-utils.test.ts [2m([22m[2m36 tests[22m[2m)[22m[32m 6[2mms[22m[39m
[35m@n8n/workflow-sdk:test: [0m [32m✓[39m src/codegen/deferred-connections.test.ts [2m([22m[2m7 tests[22m[2m)[22m[32m 4[2mms[22m[39m
[35m@n8n/workflow-sdk:test: [0m [32m✓[39m src/workflow-builder/plugins/validators/date-method-validator.test.ts [2m([22m[2m11 tests[22m[2m)[22m[32m 5[2mms[22m[39m
[35m@n8n/workflow-sdk:test: [0m [32m✓[39m src/prompts/sdk-reference/sdk-language.test.ts [2m([22m[2m23 tests[22m[2m)[22m[32m 6[2mms[22m[39m
[35m@n8n/workflow-sdk:test: [0m [32m✓[39m src/workflow-builder/plugins/validators/unknown-config-keys-validator.test.ts [2m([22m[2m9 tests[22m[2m)[22m[32m 4[2mms[22m[39m
[35m@n8n/workflow-sdk:test: [0m [32m✓[39m src/workflow-builder/plugins/validators/from-ai-validator.test.ts [2m([22m[2m11 tests[22m[2m)[22m[32m 5[2mms[22m[39m
[35m@n8n/workflow-sdk:test: [0m [32m✓[39m src/workflow-builder/plugins/validators/memory-session-key-validator.test.ts [2m([22m[2m8 tests[22m[2m)[22m[32m 3[2mms[22m[39m
[35m@n8n/workflow-sdk:test: [0m [32m✓[39m src/generate-types/generate-node-defs-cli.test.ts [2m([22m[2m10 tests[22m[2m)[22m[33m 1245[2mms[22m[39m
[35m@n8n/workflow-sdk:test: [0m       [33m[2m✓[22m[39m should produce correct file count and content with multiple nodes [33m 530[2mms[22m[39m
[35m@n8n/workflow-sdk:test: [0m [32m✓[39m src/codegen/constants.test.ts [2m([22m[2m29 tests[22m[2m)[22m[32m 3[2mms[22m[39m
[35m@n8n/workflow-sdk:test: [0m [32m✓[39m src/utils/code-helpers.test.ts [2m([22m[2m11 tests[22m[2m)[22m[32m 5[2mms[22m[39m
[35m@n8n/workflow-sdk:test: [0m [32m✓[39m src/workflow-builder/type-guards.test.ts [2m([22m[2m19 tests[22m[2m)[22m[32m 3[2mms[22m[39m
[35m@n8n/workflow-sdk:test: [0m [32m✓[39m src/validation/output-index-validation.test.ts [2m([22m[2m6 tests[22m[2m)[22m[32m 6[2mms[22m[39m
[35m@n8n/workflow-sdk:test: [0m [32m✓[39m src/codegen/parse-workflow-code.test.ts [2m([22m[2m10 tests[22m[2m)[22m[32m 19[2mms[22m[39m
[35m@n8n/workflow-sdk:test: [0m [32m✓[39m src/codegen/new-codegen-roundtrip.test.ts [2m([22m[2m3 tests[22m[2m)[22m[32m 16[2mms[22m[39m
[35m@n8n/workflow-sdk:test: [0m [32m✓[39m src/codegen/node-type-utils.test.ts [2m([22m[2m17 tests[22m[2m)[22m[32m 5[2mms[22m[39m
[35m@n8n/workflow-sdk:test: [0m [32m✓[39m src/expression.test.ts [2m([22m[2m19 tests[22m[2m)[22m[32m 15[2mms[22m[39m
[35m@n8n/workflow-sdk:test: [0m [32m✓[39m src/validation/node-port-resolvers/resolve-main-input-count.test.ts [2m([22m[2m8 tests[22m[2m)[22m[32m 3[2mms[22m[39m
[35m@n8n/workflow-sdk:test: [0m [32m✓[39m src/workflow-builder/control-flow-builders/branch-cursor.test.ts [2m([22m[2m7 tests[22m[2m)[22m[32m 11[2mms[22m[39m
[35m@n8n/workflow-sdk:test: [0m [32m✓[39m src/utils/safe-access.test.ts [2m([22m[2m19 tests[22m[2m)[22m[32m 3[2mms[22m[39m
[35m@n8n/workflow-sdk:test: [0m [32m✓[39m src/codegen/config-builder.test.ts [2m([22m[2m7 tests[22m[2m)[22m[32m 3[2mms[22m[39m
[35m@n8n/workflow-sdk:test: [0m [32m✓[39m src/workflow-builder/plugins/exports.test.ts [2m([22m[2m14 tests[22m[2m)[22m[32m 4[2mms[22m[39m
[35m@n8n/workflow-sdk:test: [0m [32m✓[39m src/lint/code-node/code-node.test.ts [2m([22m[2m13 tests[22m[2m)[22m[32m 20[2mms[22m[39m
[35m@n8n/workflow-sdk:test: [0m [32m✓[39m src/cli/node-definition-dirs.test.ts [2m([22m[2m5 tests[22m[2m)[22m[32m 12[2mms[22m[39m
[35m@n8n/workflow-sdk:test: [0m [32m✓[39m src/generate-types/json-schema-from-data.test.ts [2m([22m[2m10 tests[22m[2m)[22m[32m 3[2mms[22m[39m
[35m@n8n/workflow-sdk:test: [0m [32m✓[39m src/typeguards.test.ts [2m([22m[2m13 tests[22m[2m)[22m[32m 3[2mms[22m[39m
[35m@n8n/workflow-sdk:test: [0m [32m✓[39m src/types/aliases.test.ts [2m([22m[2m4 tests[22m[2m)[22m[32m 2[2mms[22m[39m
[35m@n8n/workflow-sdk:test: [0m [32m✓[39m src/validation/node-parameter-schema/schema-helpers.test.ts [2m([22m[2m6 tests[22m[2m)[22m[32m 3[2mms[22m[39m
[35m@n8n/workflow-sdk:test: [0m [32m✓[39m src/lint/lint-workflow-source.test.ts [2m([22m[2m2 tests[22m[2m)[22m[32m 6[2mms[22m[39m
[35m@n8n/workflow-sdk:test: [0m [32m✓[39m src/workflow-builder/constants.test.ts [2m([22m[2m11 tests[22m[2m)[22m[32m 4[2mms[22m[39m
[35m@n8n/workflow-sdk:test: [0m [32m✓[39m src/prompts/sdk-reference/workflow-rules.test.ts [2m([22m[2m4 tests[22m[2m)[22m[32m 3[2mms[22m[39m
[35m@n8n/workflow-sdk:test: [0m [32m✓[39m src/validation/unknown-version-validation.test.ts [2m([22m[2m3 tests[22m[2m)[22m[32m 8[2mms[22m[39m
[35m@n8n/workflow-sdk:test: [0m [32m✓[39m src/validation/informational-validation-codes.test.ts [2m([22m[2m2 tests[22m[2m)[22m[32m 2[2mms[22m[39m
[35m@n8n/workflow-sdk:test: [0m [32m✓[39m src/workflow-builder/plugins/validators/duplicate-node-id-validator.test.ts [2m([22m[2m5 tests[22m[2m)[22m[32m 13[2mms[22m[39m
[35m@n8n/workflow-sdk:test: [0m [32m✓[39m src/lint/code-node/extract-snippets.test.ts [2m([22m[2m2 tests[22m[2m)[22m[32m 5[2mms[22m[39m
[35m@n8n/workflow-sdk:test: [0m [32m✓[39m src/prompts/sdk-reference/workflow-patterns.test.ts [2m([22m[2m2 tests[22m[2m)[22m[32m 2[2mms[22m[39m
[35m@n8n/workflow-sdk:test: [0m [32m✓[39m src/validation/validate-workflow-builder.test.ts [2m([22m[2m4 tests[22m[2m)[22m[32m 18[2mms[22m[39m
[35m@n8n/workflow-sdk:test: [0m [32m✓[39m src/workflow-builder/plugins/defaults.test.ts [2m([22m[2m4 tests[22m[2m)[22m[32m 5[2mms[22m[39m
[35m@n8n/workflow-sdk:test: [0m [32m✓[39m src/prompts/sdk-reference/expressions.test.ts [2m([22m[2m2 tests[22m[2m)[22m[32m 2[2mms[22m[39m
[35m@n8n/workflow-sdk:test: [0m [32m✓[39m src/real-workflow.test.ts [2m([22m[2m7275 tests[22m[2m)[22m[33m 5847[2mms[22m[39m
[35m@n8n/workflow-sdk:test: [0m [32m✓[39m src/validation/validate-workflow.test.ts [2m([22m[2m98 tests[22m[2m)[22m[33m 32498[2mms[22m[39m
[35m@n8n/workflow-sdk:test: [0m [32m✓[39m src/validation/node-parameter-schema/schema-validation-integration.test.ts [2m([22m[2m44 tests[22m[2m)[22m[33m 31643[2mms[22m[39m
[35m@n8n/workflow-sdk:test: [0m [32m✓[39m src/validation/node-parameter-schema/schema-validator.test.ts [2m([22m[2m30 tests[22m[2m)[22m[33m 30862[2mms[22m[39m
[35m@n8n/workflow-sdk:test: [0m
[35m@n8n/workflow-sdk:test: [0m[2m Test Files [22m [1m[32m115 passed[39m[22m[90m (115)[39m
[35m@n8n/workflow-sdk:test: [0m[2m      Tests [22m [1m[32m10067 passed[39m[22m[90m (10067)[39m
[35m@n8n/workflow-sdk:test: [0m[2m   Start at [22m 13:24:00
[35m@n8n/workflow-sdk:test: [0m[2m   Duration [22m 34.98s[2m (transform 12.35s, setup 0ms, import 52.95s, tests 111.07s, environment 6ms)[22m
[35m@n8n/workflow-sdk:test: [0m
[32m@n8n/backend-common:build: [0mcache hit, replaying logs [2mb6a4330939e13ce1[0m
[32m@n8n/backend-common:build: [0m
[32m@n8n/backend-common:build: [0m> @n8n/backend-common@1.36.0 build /Users/romeobalta/work/n8n/worktrees/nudge-manual-builders-to-aia/packages/@n8n/backend-common
[32m@n8n/backend-common:build: [0m> tsc -p tsconfig.build.json
[32m@n8n/backend-common:build: [0m
[33m@n8n/decorators:test: [0mcache hit, replaying logs [2m02fae46f5ff12052[0m
[33m@n8n/decorators:test: [0m
[33m@n8n/decorators:test: [0m> @n8n/decorators@1.36.0 test /Users/romeobalta/work/n8n/worktrees/nudge-manual-builders-to-aia/packages/@n8n/decorators
[33m@n8n/decorators:test: [0m> vitest run
[33m@n8n/decorators:test: [0m
[33m@n8n/decorators:test: [0m
[33m@n8n/decorators:test: [0m[1m[30m[46m RUN [49m[39m[22m [36mv4.1.9 [39m[90m/Users/romeobalta/work/n8n/worktrees/nudge-manual-builders-to-aia/packages/@n8n/decorators[39m
[33m@n8n/decorators:test: [0m
[33m@n8n/decorators:test: [0m [32m✓[39m src/controller/__tests__/controller-registry-metadata.test.ts [2m([22m[2m7 tests[22m[2m)[22m[32m 4[2mms[22m[39m
[33m@n8n/decorators:test: [0m [32m✓[39m src/credential-resolver/__tests__/credential-resolver.test.ts [2m([22m[2m7 tests[22m[2m)[22m[32m 5[2mms[22m[39m
[33m@n8n/decorators:test: [0m [32m✓[39m src/context-establishment/__tests__/context-establishment-hook.test.ts [2m([22m[2m5 tests[22m[2m)[22m[32m 5[2mms[22m[39m
[33m@n8n/decorators:test: [0m [32m✓[39m src/cluster-check/__tests__/cluster-check-metadata.test.ts [2m([22m[2m7 tests[22m[2m)[22m[32m 4[2mms[22m[39m
[33m@n8n/decorators:test: [0m [32m✓[39m src/controller/__tests__/args.test.ts [2m([22m[2m8 tests[22m[2m)[22m[32m 4[2mms[22m[39m
[33m@n8n/decorators:test: [0m [32m✓[39m src/controller/__tests__/scoped.test.ts [2m([22m[2m6 tests[22m[2m)[22m[32m 4[2mms[22m[39m
[33m@n8n/decorators:test: [0m [32m✓[39m src/__tests__/memoized.test.ts [2m([22m[2m8 tests[22m[2m)[22m[32m 21[2mms[22m[39m
[33m@n8n/decorators:test: [0m [32m✓[39m src/controller/__tests__/route.test.ts [2m([22m[2m21 tests[22m[2m)[22m[32m 6[2mms[22m[39m
[33m@n8n/decorators:test: [0m [32m✓[39m src/controller/__tests__/license.test.ts [2m([22m[2m3 tests[22m[2m)[22m[32m 2[2mms[22m[39m
[33m@n8n/decorators:test: [0m [32m✓[39m src/auth-handler/__tests__/auth-handler-metadata.test.ts [2m([22m[2m6 tests[22m[2m)[22m[32m 4[2mms[22m[39m
[33m@n8n/decorators:test: [0m [32m✓[39m src/controller/__tests__/api-error-response.test.ts [2m([22m[2m4 tests[22m[2m)[22m[32m 3[2mms[22m[39m
[33m@n8n/decorators:test: [0m [32m✓[39m src/command/__tests__/command.test.ts [2m([22m[2m4 tests[22m[2m)[22m[32m 3[2mms[22m[39m
[33m@n8n/decorators:test: [0m [32m✓[39m src/controller/__tests__/deprecated.test.ts [2m([22m[2m3 tests[22m[2m)[22m[32m 2[2mms[22m[39m
[33m@n8n/decorators:test: [0m [32m✓[39m src/module/__tests__/module.test.ts [2m([22m[2m4 tests[22m[2m)[22m[32m 3[2mms[22m[39m
[33m@n8n/decorators:test: [0m [32m✓[39m src/controller/__tests__/rest-controller.test.ts [2m([22m[2m3 tests[22m[2m)[22m[32m 2[2mms[22m[39m
[33m@n8n/decorators:test: [0m [32m✓[39m src/controller/__tests__/api-key-scope.test.ts [2m([22m[2m3 tests[22m[2m)[22m[32m 3[2mms[22m[39m
[33m@n8n/decorators:test: [0m [32m✓[39m src/controller/__tests__/root-level-controller.test.ts [2m([22m[2m3 tests[22m[2m)[22m[32m 3[2mms[22m[39m
[33m@n8n/decorators:test: [0m [32m✓[39m src/controller/__tests__/public-api-controller.test.ts [2m([22m[2m2 tests[22m[2m)[22m[32m 2[2mms[22m[39m
[33m@n8n/decorators:test: [0m [32m✓[39m src/controller/__tests__/api-tags.test.ts [2m([22m[2m2 tests[22m[2m)[22m[32m 10[2mms[22m[39m
[33m@n8n/decorators:test: [0m [32m✓[39m src/controller/__tests__/api-description.test.ts [2m([22m[2m1 test[22m[2m)[22m[32m 2[2mms[22m[39m
[33m@n8n/decorators:test: [0m [32m✓[39m src/controller/__tests__/api-summary.test.ts [2m([22m[2m1 test[22m[2m)[22m[32m 2[2mms[22m[39m
[33m@n8n/decorators:test: [0m [32m✓[39m src/controller/__tests__/rate-limit.test.ts [2m([22m[2m3 tests[22m[2m)[22m[32m 2[2mms[22m[39m
[33m@n8n/decorators:test: [0m [32m✓[39m src/controller/__tests__/api-response.test.ts [2m([22m[2m3 tests[22m[2m)[22m[32m 2[2mms[22m[39m
[33m@n8n/decorators:test: [0m [32m✓[39m src/multi-main/__tests__/multi-main-metadata.test.ts [2m([22m[2m4 tests[22m[2m)[22m[32m 3[2mms[22m[39m
[33m@n8n/decorators:test: [0m [32m✓[39m src/policy-check/__tests__/policy-check-metadata.test.ts [2m([22m[2m7 tests[22m[2m)[22m[32m 4[2mms[22m[39m
[33m@n8n/decorators:test: [0m [32m✓[39m src/__tests__/redactable.test.ts [2m([22m[2m9 tests[22m[2m)[22m[32m 4[2mms[22m[39m
[33m@n8n/decorators:test: [0m [32m✓[39m src/pubsub/__tests__/on-pubsub-event.test.ts [2m([22m[2m2 tests[22m[2m)[22m[32m 3[2mms[22m[39m
[33m@n8n/decorators:test: [0m [32m✓[39m src/execution-lifecycle/__tests__/on-lifecycle-event.test.ts [2m([22m[2m5 tests[22m[2m)[22m[32m 5[2mms[22m[39m
[33m@n8n/decorators:test: [0m [32m✓[39m src/shutdown/__tests__/on-shutdown.test.ts [2m([22m[2m5 tests[22m[2m)[22m[32m 4[2mms[22m[39m
[33m@n8n/decorators:test: [0m [32m✓[39m src/multi-main/__tests__/on-multi-main-event.test.ts [2m([22m[2m8 tests[22m[2m)[22m[32m 26[2mms[22m[39m
[33m@n8n/decorators:test: [0m
[33m@n8n/decorators:test: [0m[2m Test Files [22m [1m[32m30 passed[39m[22m[90m (30)[39m
[33m@n8n/decorators:test: [0m[2m      Tests [22m [1m[32m154 passed[39m[22m[90m (154)[39m
[33m@n8n/decorators:test: [0m[2m   Start at [22m 13:24:40
[33m@n8n/decorators:test: [0m[2m   Duration [22m 1.29s[2m (transform 4.86s, setup 0ms, import 8.50s, tests 144ms, environment 1ms)[22m
[33m@n8n/decorators:test: [0m
[34m@n8n/chat-hub:test: [0mcache hit, replaying logs [2m4341e35754ec686e[0m
[34m@n8n/chat-hub:test: [0m
[34m@n8n/chat-hub:test: [0m> @n8n/chat-hub@1.29.0 test /Users/romeobalta/work/n8n/worktrees/nudge-manual-builders-to-aia/packages/@n8n/chat-hub
[34m@n8n/chat-hub:test: [0m> vitest run
[34m@n8n/chat-hub:test: [0m
[34m@n8n/chat-hub:test: [0m
[34m@n8n/chat-hub:test: [0m[1m[30m[46m RUN [49m[39m[22m [36mv4.1.9 [39m[90m/Users/romeobalta/work/n8n/worktrees/nudge-manual-builders-to-aia/packages/@n8n/chat-hub[39m
[34m@n8n/chat-hub:test: [0m
[34m@n8n/chat-hub:test: [0m [32m✓[39m src/artifact.test.ts [2m([22m[2m9 tests[22m[2m)[22m[32m 3[2mms[22m[39m
[34m@n8n/chat-hub:test: [0m [32m✓[39m src/parser.test.ts [2m([22m[2m31 tests[22m[2m)[22m[32m 6[2mms[22m[39m
[34m@n8n/chat-hub:test: [0m
[34m@n8n/chat-hub:test: [0m[2m Test Files [22m [1m[32m2 passed[39m[22m[90m (2)[39m
[34m@n8n/chat-hub:test: [0m[2m      Tests [22m [1m[32m40 passed[39m[22m[90m (40)[39m
[34m@n8n/chat-hub:test: [0m[2m   Start at [22m 13:24:39
[34m@n8n/chat-hub:test: [0m[2m   Duration [22m 380ms[2m (transform 69ms, setup 0ms, import 331ms, tests 9ms, environment 0ms)[22m
[34m@n8n/chat-hub:test: [0m
[36m@n8n/composables:test: [0mcache hit, replaying logs [2m9a12fc75a3036d06[0m
[36m@n8n/composables:test: [0m
[36m@n8n/composables:test: [0m> @n8n/composables@1.26.0 test /Users/romeobalta/work/n8n/worktrees/nudge-manual-builders-to-aia/packages/frontend/@n8n/composables
[36m@n8n/composables:test: [0m> vitest run
[36m@n8n/composables:test: [0m
[36m@n8n/composables:test: [0m
[36m@n8n/composables:test: [0m[1m[30m[46m RUN [49m[39m[22m [36mv4.1.9 [39m[90m/Users/romeobalta/work/n8n/worktrees/nudge-manual-builders-to-aia/packages/frontend/@n8n/composables[39m
[36m@n8n/composables:test: [0m
[36m@n8n/composables:test: [0m [32m✓[39m src/structuralComputed.test.ts [2m([22m[2m6 tests[22m[2m)[22m[32m 8[2mms[22m[39m
[36m@n8n/composables:test: [0m [32m✓[39m src/useExternalHooks.test.ts [2m([22m[2m4 tests[22m[2m)[22m[32m 13[2mms[22m[39m
[36m@n8n/composables:test: [0m [32m✓[39m src/useThrottleWithReactiveDelay.test.ts [2m([22m[2m3 tests[22m[2m)[22m[32m 5[2mms[22m[39m
[36m@n8n/composables:test: [0m [32m✓[39m src/useShortKeyPress.test.ts [2m([22m[2m3 tests[22m[2m)[22m[32m 32[2mms[22m[39m
[36m@n8n/composables:test: [0m [32m✓[39m src/useDeviceSupport.test.ts [2m([22m[2m14 tests[22m[2m)[22m[32m 8[2mms[22m[39m
[36m@n8n/composables:test: [0m [32m✓[39m src/useDocumentTitle.test.ts [2m([22m[2m15 tests[22m[2m)[22m[32m 10[2mms[22m[39m
[36m@n8n/composables:test: [0m [32m✓[39m src/useDebounce.test.ts [2m([22m[2m9 tests[22m[2m)[22m[32m 96[2mms[22m[39m
[36m@n8n/composables:test: [0m [32m✓[39m src/useTelemetry.test.ts [2m([22m[2m4 tests[22m[2m)[22m[32m 11[2mms[22m[39m
[36m@n8n/composables:test: [0m [32m✓[39m src/useClipboard.test.ts [2m([22m[2m2 tests[22m[2m)[22m[32m 43[2mms[22m[39m
[36m@n8n/composables:test: [0m [32m✓[39m src/useStorage.test.ts [2m([22m[2m4 tests[22m[2m)[22m[32m 5[2mms[22m[39m
[36m@n8n/composables:test: [0m [32m✓[39m src/useStyles.test.ts [2m([22m[2m1 test[22m[2m)[22m[32m 4[2mms[22m[39m
[36m@n8n/composables:test: [0m [32m✓[39m src/__tests__/packageBoundary.test.ts [2m([22m[2m3 tests[22m[2m)[22m[32m 17[2mms[22m[39m
[36m@n8n/composables:test: [0m [32m✓[39m src/useToast.test.ts [2m([22m[2m19 tests[22m[2m)[22m[32m 290[2mms[22m[39m
[36m@n8n/composables:test: [0m
[36m@n8n/composables:test: [0m[2m Test Files [22m [1m[32m13 passed[39m[22m[90m (13)[39m
[36m@n8n/composables:test: [0m[2m      Tests [22m [1m[32m87 passed[39m[22m[90m (87)[39m
[36m@n8n/composables:test: [0m[2m   Start at [22m 13:24:42
[36m@n8n/composables:test: [0m[2m   Duration [22m 2.28s[2m (transform 1.34s, setup 4.70s, import 2.73s, tests 542ms, environment 5.62s)[22m
[36m@n8n/composables:test: [0m
[35m@n8n/design-system:build: [0mcache hit, replaying logs [2m695fad6ada6cae20[0m
[35m@n8n/design-system:build: [0m
[35m@n8n/design-system:build: [0m> @n8n/design-system@2.35.0 build /Users/romeobalta/work/n8n/worktrees/nudge-manual-builders-to-aia/packages/frontend/@n8n/design-system
[35m@n8n/design-system:build: [0m> vite build
[35m@n8n/design-system:build: [0m
[35m@n8n/design-system:build: [0m[36mvite v8.0.2 [32mbuilding client environment for production...[36m[39m
[35m@n8n/design-system:build: [0m[2K[35m@n8n/design-system:build: [0mtransforming...[32m✓[39m 1049 modules transformed.
[35m@n8n/design-system:build: [0mrendering chunks...
[35m@n8n/design-system:build: [0m[32m
[35m@n8n/design-system:build: [0m[36m[vite:dts][32m Start generate declaration files...[39m
[35m@n8n/design-system:build: [0m[96msrc/v2/components/Combobox/ComboboxItem.vue[0m:[93m23[0m:[93m3[0m - [91merror[0m[90m TS2345: [0mArgument of type '{ disabled: boolean; value: string; textValue: string; dataDisabled: true | undefined; class: string; onSelect: any; onMousedown: any; }' is not assignable to parameter of type '{ readonly type?: "item" | undefined; readonly value: string; readonly label: string; readonly icon?: "anthropic" | "bolt-filled" | "filled-square" | "grip-lines-vertical" | "variable" | ... 279 more ... | undefined; readonly disabled?: boolean | undefined; readonly textValue?: string | undefined; readonly keywords?...'.
[35m@n8n/design-system:build: [0m  Property 'label' is missing in type '{ disabled: boolean; value: string; textValue: string; dataDisabled: true | undefined; class: string; onSelect: any; onMousedown: any; }' but required in type '{ readonly type?: "item" | undefined; readonly value: string; readonly label: string; readonly icon?: "anthropic" | "bolt-filled" | "filled-square" | "grip-lines-vertical" | "variable" | "pop-out" | ... 278 more ... | undefined; readonly disabled?: boolean | undefined; readonly textValue?: string | undefined; readon...'.
[35m@n8n/design-system:build: [0m
[35m@n8n/design-system:build: [0m[7m23[0m  <ComboboxItem
[35m@n8n/design-system:build: [0m[7m  [0m [91m  ~~~~~~~~~~~~[0m
[35m@n8n/design-system:build: [0m
[35m@n8n/design-system:build: [0m  [96msrc/v2/components/Combobox/Combobox.types.ts[0m:[93m10[0m:[93m2[0m
[35m@n8n/design-system:build: [0m    [7m10[0m  label: string;
[35m@n8n/design-system:build: [0m    [7m  [0m [96m ~~~~~[0m
[35m@n8n/design-system:build: [0m    'label' is declared here.
[35m@n8n/design-system:build: [0m
[35m@n8n/design-system:build: [0m[32m[36m[vite:dts][32m Declaration files built in 16219ms.
[35m@n8n/design-system:build: [0m[39m
[35m@n8n/design-system:build: [0mcomputing gzip size...
[35m@n8n/design-system:build: [0m[2mdist/[0m[35mstyle.css                           [39m[2m[1m375.19 kB[0m[0m[2m │ gzip:  45.54 kB[0m
[35m@n8n/design-system:build: [0m[2mdist/[0m[36mplugin.js                           [39m[2m[1m  0.07 kB[0m[0m[2m │ gzip:   0.08 kB[0m
[35m@n8n/design-system:build: [0m[2mdist/[0m[36museIconBodyLoader-TKQVcLVc.js       [39m[2m[1m  0.20 kB[0m[0m[2m │ gzip:   0.17 kB[0m
[35m@n8n/design-system:build: [0m[2mdist/[0m[36mplugin-DT0YTbz-.js                  [39m[2m[1m  0.99 kB[0m[0m[2m │ gzip:   0.58 kB[0m
[35m@n8n/design-system:build: [0m[2mdist/[0m[36micons/lucide/index.js               [39m[2m[1m  1.55 kB[0m[0m[2m │ gzip:   0.63 kB[0m
[35m@n8n/design-system:build: [0m[2mdist/[0m[36men-BrDOZbhj.js                      [39m[2m[1m 12.61 kB[0m[0m[2m │ gzip:   3.66 kB[0m
[35m@n8n/design-system:build: [0m[2mdist/[0m[36mlucide-icons-bucket-13-C9gGGcMo.js  [39m[2m[1m 26.05 kB[0m[0m[2m │ gzip:   5.44 kB[0m
[35m@n8n/design-system:build: [0m[2mdist/[0m[36mlucide-icons-bucket-14-BWliLnR1.js  [39m[2m[1m 26.25 kB[0m[0m[2m │ gzip:   5.30 kB[0m
[35m@n8n/design-system:build: [0m[2mdist/[0m[36mlucide-icons-bucket-11-Ds8QwYDh.js  [39m[2m[1m 28.75 kB[0m[0m[2m │ gzip:   6.20 kB[0m
[35m@n8n/design-system:build: [0m[2mdist/[0m[36mlucide-icons-bucket-6-AleswO1A.js   [39m[2m[1m 28.88 kB[0m[0m[2m │ gzip:   5.97 kB[0m
[35m@n8n/design-system:build: [0m[2mdist/[0m[36mlucide-icons-bucket-7-D80iZbJz.js   [39m[2m[1m 29.36 kB[0m[0m[2m │ gzip:   6.38 kB[0m
[35m@n8n/design-system:build: [0m[2mdist/[0m[36mlucide-icons-bucket-9-by9vBB8Z.js   [39m[2m[1m 29.38 kB[0m[0m[2m │ gzip:   6.60 kB[0m
[35m@n8n/design-system:build: [0m[2mdist/[0m[36mlucide-icons-bucket-15-CLY5CBLS.js  [39m[2m[1m 32.27 kB[0m[0m[2m │ gzip:   6.66 kB[0m
[35m@n8n/design-system:build: [0m[2mdist/[0m[36mlucide-icons-bucket-4-BPArXNh5.js   [39m[2m[1m 33.20 kB[0m[0m[2m │ gzip:   6.95 kB[0m
[35m@n8n/design-system:build: [0m[2mdist/[0m[36mlucide-icons-bucket-2-CbY7fxwP.js   [39m[2m[1m 34.51 kB[0m[0m[2m │ gzip:   7.56 kB[0m
[35m@n8n/design-system:build: [0m[2mdist/[0m[36mlucide-icons-bucket-0-DqyR_rVv.js   [39m[2m[1m 34.58 kB[0m[0m[2m │ gzip:   7.09 kB[0m
[35m@n8n/design-system:build: [0m[2mdist/[0m[36mlucide-icons-bucket-1-Bm-V3uZ6.js   [39m[2m[1m 34.74 kB[0m[0m[2m │ gzip:   7.44 kB[0m
[35m@n8n/design-system:build: [0m[2mdist/[0m[36mlucide-icons-bucket-8-pvdXrKbw.js   [39m[2m[1m 35.69 kB[0m[0m[2m │ gzip:   7.80 kB[0m
[35m@n8n/design-system:build: [0m[2mdist/[0m[36mlucide-icons-bucket-3-BETKMrI1.js   [39m[2m[1m 35.69 kB[0m[0m[2m │ gzip:   7.20 kB[0m
[35m@n8n/design-system:build: [0m[2mdist/[0m[36mlucide-icons-bucket-5-BieAWTJB.js   [39m[2m[1m 36.78 kB[0m[0m[2m │ gzip:   7.59 kB[0m
[35m@n8n/design-system:build: [0m[2mdist/[0m[36mlucide-icons-bucket-12-D9Z8UvgY.js  [39m[2m[1m 36.92 kB[0m[0m[2m │ gzip:   7.68 kB[0m
[35m@n8n/design-system:build: [0m[2mdist/[0m[36mlucide-icons-bucket-10-DiRCwi50.js  [39m[2m[1m 37.85 kB[0m[0m[2m │ gzip:   7.78 kB[0m
[35m@n8n/design-system:build: [0m[2mdist/[0m[36mnode-icons-CaKBLFvs.js              [39m[2m[1m 50.40 kB[0m[0m[2m │ gzip:   8.42 kB[0m
[35m@n8n/design-system:build: [0m[2mdist/[0m[36mlucideIconData-CKJ1do82.js          [39m[2m[1m311.95 kB[0m[0m[2m │ gzip:  51.80 kB[0m
[35m@n8n/design-system:build: [0m[2mdist/[0m[36memojiData-zOxnhmb7.js               [39m[2m[1m335.28 kB[0m[0m[2m │ gzip:  56.50 kB[0m
[35m@n8n/design-system:build: [0m[2mdist/[0m[36mindex.js                            [39m[33m[1m670.33 kB[0m[39m[2m │ gzip: 157.11 kB[0m
[35m@n8n/design-system:build: [0m
[35m@n8n/design-system:build: [0m[33m[33m[PLUGIN_TIMINGS] Warning:[0m Your build spent significant time in plugins. Here is a breakdown:
[35m@n8n/design-system:build: [0m  - vite:vue (37%)
[35m@n8n/design-system:build: [0m  - unplugin-icons (20%)
[35m@n8n/design-system:build: [0m  - vite:css (16%)
[35m@n8n/design-system:build: [0m  - vite:dts (15%)
[35m@n8n/design-system:build: [0m  - svg-loader (11%)
[35m@n8n/design-system:build: [0mSee https://rolldown.rs/options/checks#plugintimings for more details.
[35m@n8n/design-system:build: [0m[39m
[35m@n8n/design-system:build: [0m[32m✓ built in 19.20s[39m
[35m@n8n/design-system:build: [0m[36mvite v8.0.2 [32mbuilding client environment for production...[36m[39m
[35m@n8n/design-system:build: [0m[33m[1mDeprecation Warning[0m [[34mglobal-builtin[0m]: Global built-in functions are deprecated and will be removed in Dart Sass 3.0.0.
[35m@n8n/design-system:build: [0mUse color.mix instead.
[35m@n8n/design-system:build: [0m
[35m@n8n/design-system:build: [0mMore info and automated migrator: https://sass-lang.com/d/import
[35m@n8n/design-system:build: [0m
[35m@n8n/design-system:build: [0m[34m   ╷[0m
[35m@n8n/design-system:build: [0m[34m63 │[0m [31m┌[0m           [31mmix([0m
[35m@n8n/design-system:build: [0m[34m64 │[0m [31m│[0m [31m            $mix-color,[0m
[35m@n8n/design-system:build: [0m[34m65 │[0m [31m│[0m [31m            map.get($colors, $type, 'base'),[0m
[35m@n8n/design-system:build: [0m[34m66 │[0m [31m│[0m [31m            math.percentage(math.div($number, 10))[0m
[35m@n8n/design-system:build: [0m[34m67 │[0m [31m│[0m [31m          )[0m,
[35m@n8n/design-system:build: [0m[34m   │[0m [31m└[0m[31m───────────^[0m
[35m@n8n/design-system:build: [0m[34m   ╵[0m
[35m@n8n/design-system:build: [0m    /Users/romeobalta/work/n8n/worktrees/nudge-manual-builders-to-aia/node_modules/.pnpm/element-plus@2.4.3_patch_hash=fbab57fe3750e430abd5d5e7c04cbf1b6a8f9f1c9676b14c73b77d3e0_ad2671a9dc4701bd91b53b83324d31e0/node_modules/element-plus/theme-chalk/src/common/var.scss 63:11   set-color-mix-level()
[35m@n8n/design-system:build: [0m    /Users/romeobalta/work/n8n/worktrees/nudge-manual-builders-to-aia/node_modules/.pnpm/element-plus@2.4.3_patch_hash=fbab57fe3750e430abd5d5e7c04cbf1b6a8f9f1c9676b14c73b77d3e0_ad2671a9dc4701bd91b53b83324d31e0/node_modules/element-plus/theme-chalk/src/common/var.scss 87:5    @use
[35m@n8n/design-system:build: [0m    /Users/romeobalta/work/n8n/worktrees/nudge-manual-builders-to-aia/node_modules/.pnpm/element-plus@2.4.3_patch_hash=fbab57fe3750e430abd5d5e7c04cbf1b6a8f9f1c9676b14c73b77d3e0_ad2671a9dc4701bd91b53b83324d31e0/node_modules/element-plus/theme-chalk/src/mixins/mixins.scss 2:1  @use
[35m@n8n/design-system:build: [0m    /Users/romeobalta/work/n8n/worktrees/nudge-manual-builders-to-aia/node_modules/.pnpm/element-plus@2.4.3_patch_hash=fbab57fe3750e430abd5d5e7c04cbf1b6a8f9f1c9676b14c73b77d3e0_ad2671a9dc4701bd91b53b83324d31e0/node_modules/element-plus/theme-chalk/src/slider.scss 3:1         @use
[35m@n8n/design-system:build: [0m    /Users/romeobalta/work/n8n/worktrees/nudge-manual-builders-to-aia/packages/frontend/@n8n/design-system/src/css/slider.scss 7:1                                                                                                                                                  @use
[35m@n8n/design-system:build: [0m    /Users/romeobalta/work/n8n/worktrees/nudge-manual-builders-to-aia/packages/frontend/@n8n/design-system/src/css/index.scss 15:1                                                                                                                                                  root stylesheet
[35m@n8n/design-system:build: [0m
[35m@n8n/design-system:build: [0m[33m[1mDeprecation Warning[0m [[34mglobal-builtin[0m]: Global built-in functions are deprecated and will be removed in Dart Sass 3.0.0.
[35m@n8n/design-system:build: [0mUse meta.inspect instead.
[35m@n8n/design-system:build: [0m
[35m@n8n/design-system:build: [0mMore info and automated migrator: https://sass-lang.com/d/import
[35m@n8n/design-system:build: [0m
[35m@n8n/design-system:build: [0m[34m  ╷[0m
[35m@n8n/design-system:build: [0m[34m5 │[0m   $selector: [31minspect($selector)[0m;
[35m@n8n/design-system:build: [0m[34m  │[0m [31m             ^^^^^^^^^^^^^^^^^^[0m
[35m@n8n/design-system:build: [0m[34m  ╵[0m
[35m@n8n/design-system:build: [0m    /Users/romeobalta/work/n8n/worktrees/nudge-manual-builders-to-aia/node_modules/.pnpm/element-plus@2.4.3_patch_hash=fbab57fe3750e430abd5d5e7c04cbf1b6a8f9f1c9676b14c73b77d3e0_ad2671a9dc4701bd91b53b83324d31e0/node_modules/element-plus/theme-chalk/src/mixins/function.scss 5:14   selectorToString()
[35m@n8n/design-system:build: [0m    /Users/romeobalta/work/n8n/worktrees/nudge-manual-builders-to-aia/node_modules/.pnpm/element-plus@2.4.3_patch_hash=fbab57fe3750e430abd5d5e7c04cbf1b6a8f9f1c9676b14c73b77d3e0_ad2671a9dc4701bd91b53b83324d31e0/node_modules/element-plus/theme-chalk/src/mixins/function.scss 11:14  containsModifier()
[35m@n8n/design-system:build: [0m    /Users/romeobalta/work/n8n/worktrees/nudge-manual-builders-to-aia/node_modules/.pnpm/element-plus@2.4.3_patch_hash=fbab57fe3750e430abd5d5e7c04cbf1b6a8f9f1c9676b14c73b77d3e0_ad2671a9dc4701bd91b53b83324d31e0/node_modules/element-plus/theme-chalk/src/mixins/function.scss 41:11  hitAllSpecialNestRule()
[35m@n8n/design-system:build: [0m    /Users/romeobalta/work/n8n/worktrees/nudge-manual-builders-to-aia/node_modules/.pnpm/element-plus@2.4.3_patch_hash=fbab57fe3750e430abd5d5e7c04cbf1b6a8f9f1c9676b14c73b77d3e0_ad2671a9dc4701bd91b53b83324d31e0/node_modules/element-plus/theme-chalk/src/mixins/mixins.scss 77:7     e()
[35m@n8n/design-system:build: [0m    /Users/romeobalta/work/n8n/worktrees/nudge-manual-builders-to-aia/node_modules/.pnpm/element-plus@2.4.3_patch_hash=fbab57fe3750e430abd5d5e7c04cbf1b6a8f9f1c9676b14c73b77d3e0_ad2671a9dc4701bd91b53b83324d31e0/node_modules/element-plus/theme-chalk/src/slider.scss 28:3            @content
[35m@n8n/design-system:build: [0m    /Users/romeobalta/work/n8n/worktrees/nudge-manual-builders-to-aia/node_modules/.pnpm/element-plus@2.4.3_patch_hash=fbab57fe3750e430abd5d5e7c04cbf1b6a8f9f1c9676b14c73b77d3e0_ad2671a9dc4701bd91b53b83324d31e0/node_modules/element-plus/theme-chalk/src/mixins/mixins.scss 60:5     b()
[35m@n8n/design-system:build: [0m    /Users/romeobalta/work/n8n/worktrees/nudge-manual-builders-to-aia/node_modules/.pnpm/element-plus@2.4.3_patch_hash=fbab57fe3750e430abd5d5e7c04cbf1b6a8f9f1c9676b14c73b77d3e0_ad2671a9dc4701bd91b53b83324d31e0/node_modules/element-plus/theme-chalk/src/slider.scss 22:1            @use
[35m@n8n/design-system:build: [0m    /Users/romeobalta/work/n8n/worktrees/nudge-manual-builders-to-aia/packages/frontend/@n8n/design-system/src/css/slider.scss 7:1                                                                                                                                                      @use
[35m@n8n/design-system:build: [0m    /Users/romeobalta/work/n8n/worktrees/nudge-manual-builders-to-aia/packages/frontend/@n8n/design-system/src/css/index.scss 15:1                                                                                                                                                      root stylesheet
[35m@n8n/design-system:build: [0m
[35m@n8n/design-system:build: [0m[33m[1mDeprecation Warning[0m [[34mglobal-builtin[0m]: Global built-in functions are deprecated and will be removed in Dart Sass 3.0.0.
[35m@n8n/design-system:build: [0mUse string.slice instead.
[35m@n8n/design-system:build: [0m
[35m@n8n/design-system:build: [0mMore info and automated migrator: https://sass-lang.com/d/import
[35m@n8n/design-system:build: [0m
[35m@n8n/design-system:build: [0m[34m  ╷[0m
[35m@n8n/design-system:build: [0m[34m6 │[0m   $selector: [31mstr-slice($selector, 2, -2)[0m;
[35m@n8n/design-system:build: [0m[34m  │[0m [31m             ^^^^^^^^^^^^^^^^^^^^^^^^^^^[0m
[35m@n8n/design-system:build: [0m[34m  ╵[0m
[35m@n8n/design-system:build: [0m    /Users/romeobalta/work/n8n/worktrees/nudge-manual-builders-to-aia/node_modules/.pnpm/element-plus@2.4.3_patch_hash=fbab57fe3750e430abd5d5e7c04cbf1b6a8f9f1c9676b14c73b77d3e0_ad2671a9dc4701bd91b53b83324d31e0/node_modules/element-plus/theme-chalk/src/mixins/function.scss 6:14   selectorToString()
[35m@n8n/design-system:build: [0m    /Users/romeobalta/work/n8n/worktrees/nudge-manual-builders-to-aia/node_modules/.pnpm/element-plus@2.4.3_patch_hash=fbab57fe3750e430abd5d5e7c04cbf1b6a8f9f1c9676b14c73b77d3e0_ad2671a9dc4701bd91b53b83324d31e0/node_modules/element-plus/theme-chalk/src/mixins/function.scss 11:14  containsModifier()
[35m@n8n/design-system:build: [0m    /Users/romeobalta/work/n8n/worktrees/nudge-manual-builders-to-aia/node_modules/.pnpm/element-plus@2.4.3_patch_hash=fbab57fe3750e430abd5d5e7c04cbf1b6a8f9f1c9676b14c73b77d3e0_ad2671a9dc4701bd91b53b83324d31e0/node_modules/element-plus/theme-chalk/src/mixins/function.scss 41:11  hitAllSpecialNestRule()
[35m@n8n/design-system:build: [0m    /Users/romeobalta/work/n8n/worktrees/nudge-manual-builders-to-aia/node_modules/.pnpm/element-plus@2.4.3_patch_hash=fbab57fe3750e430abd5d5e7c04cbf1b6a8f9f1c9676b14c73b77d3e0_ad2671a9dc4701bd91b53b83324d31e0/node_modules/element-plus/theme-chalk/src/mixins/mixins.scss 77:7     e()
[35m@n8n/design-system:build: [0m    /Users/romeobalta/work/n8n/worktrees/nudge-manual-builders-to-aia/node_modules/.pnpm/element-plus@2.4.3_patch_hash=fbab57fe3750e430abd5d5e7c04cbf1b6a8f9f1c9676b14c73b77d3e0_ad2671a9dc4701bd91b53b83324d31e0/node_modules/element-plus/theme-chalk/src/slider.scss 28:3            @content
[35m@n8n/design-system:build: [0m    /Users/romeobalta/work/n8n/worktrees/nudge-manual-builders-to-aia/node_modules/.pnpm/element-plus@2.4.3_patch_hash=fbab57fe3750e430abd5d5e7c04cbf1b6a8f9f1c9676b14c73b77d3e0_ad2671a9dc4701bd91b53b83324d31e0/node_modules/element-plus/theme-chalk/src/mixins/mixins.scss 60:5     b()
[35m@n8n/design-system:build: [0m    /Users/romeobalta/work/n8n/worktrees/nudge-manual-builders-to-aia/node_modules/.pnpm/element-plus@2.4.3_patch_hash=fbab57fe3750e430abd5d5e7c04cbf1b6a8f9f1c9676b14c73b77d3e0_ad2671a9dc4701bd91b53b83324d31e0/node_modules/element-plus/theme-chalk/src/slider.scss 22:1            @use
[35m@n8n/design-system:build: [0m    /Users/romeobalta/work/n8n/worktrees/nudge-manual-builders-to-aia/packages/frontend/@n8n/design-system/src/css/slider.scss 7:1                                                                                                                                                      @use
[35m@n8n/design-system:build: [0m    /Users/romeobalta/work/n8n/worktrees/nudge-manual-builders-to-aia/packages/frontend/@n8n/design-system/src/css/index.scss 15:1                                                                                                                                                      root stylesheet
[35m@n8n/design-system:build: [0m
[35m@n8n/design-system:build: [0m[33m[1mDeprecation Warning[0m [[34mglobal-builtin[0m]: Global built-in functions are deprecated and will be removed in Dart Sass 3.0.0.
[35m@n8n/design-system:build: [0mUse string.index instead.
[35m@n8n/design-system:build: [0m
[35m@n8n/design-system:build: [0mMore info and automated migrator: https://sass-lang.com/d/import
[35m@n8n/design-system:build: [0m
[35m@n8n/design-system:build: [0m[34m   ╷[0m
[35m@n8n/design-system:build: [0m[34m13 │[0m   @if [31mstr-index($selector, config.$modifier-separator)[0m {
[35m@n8n/design-system:build: [0m[34m   │[0m [31m      ^^^^^^^^^^^^^^^^^^^^^^^^^^^^^^^^^^^^^^^^^^^^^^^^[0m
[35m@n8n/design-system:build: [0m[34m   ╵[0m
[35m@n8n/design-system:build: [0m    /Users/romeobalta/work/n8n/worktrees/nudge-manual-builders-to-aia/node_modules/.pnpm/element-plus@2.4.3_patch_hash=fbab57fe3750e430abd5d5e7c04cbf1b6a8f9f1c9676b14c73b77d3e0_ad2671a9dc4701bd91b53b83324d31e0/node_modules/element-plus/theme-chalk/src/mixins/function.scss 13:7   containsModifier()
[35m@n8n/design-system:build: [0m    /Users/romeobalta/work/n8n/worktrees/nudge-manual-builders-to-aia/node_modules/.pnpm/element-plus@2.4.3_patch_hash=fbab57fe3750e430abd5d5e7c04cbf1b6a8f9f1c9676b14c73b77d3e0_ad2671a9dc4701bd91b53b83324d31e0/node_modules/element-plus/theme-chalk/src/mixins/function.scss 41:11  hitAllSpecialNestRule()
[35m@n8n/design-system:build: [0m    /Users/romeobalta/work/n8n/worktrees/nudge-manual-builders-to-aia/node_modules/.pnpm/element-plus@2.4.3_patch_hash=fbab57fe3750e430abd5d5e7c04cbf1b6a8f9f1c9676b14c73b77d3e0_ad2671a9dc4701bd91b53b83324d31e0/node_modules/element-plus/theme-chalk/src/mixins/mixins.scss 77:7     e()
[35m@n8n/design-system:build: [0m    /Users/romeobalta/work/n8n/worktrees/nudge-manual-builders-to-aia/node_modules/.pnpm/element-plus@2.4.3_patch_hash=fbab57fe3750e430abd5d5e7c04cbf1b6a8f9f1c9676b14c73b77d3e0_ad2671a9dc4701bd91b53b83324d31e0/node_modules/element-plus/theme-chalk/src/slider.scss 28:3            @content
[35m@n8n/design-system:build: [0m    /Users/romeobalta/work/n8n/worktrees/nudge-manual-builders-to-aia/node_modules/.pnpm/element-plus@2.4.3_patch_hash=fbab57fe3750e430abd5d5e7c04cbf1b6a8f9f1c9676b14c73b77d3e0_ad2671a9dc4701bd91b53b83324d31e0/node_modules/element-plus/theme-chalk/src/mixins/mixins.scss 60:5     b()
[35m@n8n/design-system:build: [0m    /Users/romeobalta/work/n8n/worktrees/nudge-manual-builders-to-aia/node_modules/.pnpm/element-plus@2.4.3_patch_hash=fbab57fe3750e430abd5d5e7c04cbf1b6a8f9f1c9676b14c73b77d3e0_ad2671a9dc4701bd91b53b83324d31e0/node_modules/element-plus/theme-chalk/src/slider.scss 22:1            @use
[35m@n8n/design-system:build: [0m    /Users/romeobalta/work/n8n/worktrees/nudge-manual-builders-to-aia/packages/frontend/@n8n/design-system/src/css/slider.scss 7:1                                                                                                                                                      @use
[35m@n8n/design-system:build: [0m    /Users/romeobalta/work/n8n/worktrees/nudge-manual-builders-to-aia/packages/frontend/@n8n/design-system/src/css/index.scss 15:1                                                                                                                                                      root stylesheet
[35m@n8n/design-system:build: [0m
[35m@n8n/design-system:build: [0m[33m[1mDeprecation Warning[0m [[34mglobal-builtin[0m]: Global built-in functions are deprecated and will be removed in Dart Sass 3.0.0.
[35m@n8n/design-system:build: [0mUse string.index instead.
[35m@n8n/design-system:build: [0m
[35m@n8n/design-system:build: [0mMore info and automated migrator: https://sass-lang.com/d/import
[35m@n8n/design-system:build: [0m
[35m@n8n/design-system:build: [0m[34m   ╷[0m
[35m@n8n/design-system:build: [0m[34m23 │[0m   @if [31mstr-index($selector, '.' + config.$state-prefix)[0m {
[35m@n8n/design-system:build: [0m[34m   │[0m [31m      ^^^^^^^^^^^^^^^^^^^^^^^^^^^^^^^^^^^^^^^^^^^^^^^^[0m
[35m@n8n/design-system:build: [0m[34m   ╵[0m
[35m@n8n/design-system:build: [0m    /Users/romeobalta/work/n8n/worktrees/nudge-manual-builders-to-aia/node_modules/.pnpm/element-plus@2.4.3_patch_hash=fbab57fe3750e430abd5d5e7c04cbf1b6a8f9f1c9676b14c73b77d3e0_ad2671a9dc4701bd91b53b83324d31e0/node_modules/element-plus/theme-chalk/src/mixins/function.scss 23:7   containWhenFlag()
[35m@n8n/design-system:build: [0m    /Users/romeobalta/work/n8n/worktrees/nudge-manual-builders-to-aia/node_modules/.pnpm/element-plus@2.4.3_patch_hash=fbab57fe3750e430abd5d5e7c04cbf1b6a8f9f1c9676b14c73b77d3e0_ad2671a9dc4701bd91b53b83324d31e0/node_modules/element-plus/theme-chalk/src/mixins/function.scss 41:42  hitAllSpecialNestRule()
[35m@n8n/design-system:build: [0m    /Users/romeobalta/work/n8n/worktrees/nudge-manual-builders-to-aia/node_modules/.pnpm/element-plus@2.4.3_patch_hash=fbab57fe3750e430abd5d5e7c04cbf1b6a8f9f1c9676b14c73b77d3e0_ad2671a9dc4701bd91b53b83324d31e0/node_modules/element-plus/theme-chalk/src/mixins/mixins.scss 77:7     e()
[35m@n8n/design-system:build: [0m    /Users/romeobalta/work/n8n/worktrees/nudge-manual-builders-to-aia/node_modules/.pnpm/element-plus@2.4.3_patch_hash=fbab57fe3750e430abd5d5e7c04cbf1b6a8f9f1c9676b14c73b77d3e0_ad2671a9dc4701bd91b53b83324d31e0/node_modules/element-plus/theme-chalk/src/slider.scss 28:3            @content
[35m@n8n/design-system:build: [0m    /Users/romeobalta/work/n8n/worktrees/nudge-manual-builders-to-aia/node_modules/.pnpm/element-plus@2.4.3_patch_hash=fbab57fe3750e430abd5d5e7c04cbf1b6a8f9f1c9676b14c73b77d3e0_ad2671a9dc4701bd91b53b83324d31e0/node_modules/element-plus/theme-chalk/src/mixins/mixins.scss 60:5     b()
[35m@n8n/design-system:build: [0m    /Users/romeobalta/work/n8n/worktrees/nudge-manual-builders-to-aia/node_modules/.pnpm/element-plus@2.4.3_patch_hash=fbab57fe3750e430abd5d5e7c04cbf1b6a8f9f1c9676b14c73b77d3e0_ad2671a9dc4701bd91b53b83324d31e0/node_modules/element-plus/theme-chalk/src/slider.scss 22:1            @use
[35m@n8n/design-system:build: [0m    /Users/romeobalta/work/n8n/worktrees/nudge-manual-builders-to-aia/packages/frontend/@n8n/design-system/src/css/slider.scss 7:1                                                                                                                                                      @use
[35m@n8n/design-system:build: [0m    /Users/romeobalta/work/n8n/worktrees/nudge-manual-builders-to-aia/packages/frontend/@n8n/design-system/src/css/index.scss 15:1                                                                                                                                                      root stylesheet
[35m@n8n/design-system:build: [0m
[35m@n8n/design-system:build: [0m[33m[1mWarning[0m: 1 repetitive deprecation warnings omitted.
[35m@n8n/design-system:build: [0mRun in verbose mode to see all warnings.
[35m@n8n/design-system:build: [0m
[35m@n8n/design-system:build: [0m[2K[35m@n8n/design-system:build: [0mtransforming...[32m✓[39m 2 modules transformed.
[35m@n8n/design-system:build: [0mrendering chunks...
[35m@n8n/design-system:build: [0mcomputing gzip size...
[35m@n8n/design-system:build: [0m[2mdist/[0m[2massets/[0m[32melement-icons.woff          [39m[2m[1m 28.20 kB[0m[0m
[35m@n8n/design-system:build: [0m[2mdist/[0m[2massets/[0m[32melement-icons.ttf           [39m[2m[1m 55.95 kB[0m[0m
[35m@n8n/design-system:build: [0m[2mdist/[0m[2massets/[0m[32mCommitMonoVariable.woff2    [39m[2m[1m 86.76 kB[0m[0m
[35m@n8n/design-system:build: [0m[2mdist/[0m[2massets/[0m[32mInterVariable.woff2         [39m[2m[1m352.24 kB[0m[0m
[35m@n8n/design-system:build: [0m[2mdist/[0m[2massets/[0m[32mInterVariable-Italic.woff2  [39m[2m[1m387.97 kB[0m[0m
[35m@n8n/design-system:build: [0m[2mdist/[0m[35mtheme.css                          [39m[2m[1m331.20 kB[0m[0m[2m │ gzip: 41.72 kB[0m
[35m@n8n/design-system:build: [0m
[35m@n8n/design-system:build: [0m[32m✓ built in 352ms[39m
[32m@n8n/stores:build: [0mcache hit, replaying logs [2mc26ccd666732c862[0m
[32m@n8n/stores:build: [0m
[32m@n8n/stores:build: [0m> @n8n/stores@2.36.0 build /Users/romeobalta/work/n8n/worktrees/nudge-manual-builders-to-aia/packages/frontend/@n8n/stores
[32m@n8n/stores:build: [0m> tsdown
[32m@n8n/stores:build: [0m
[32m@n8n/stores:build: [0m[34mℹ[39m tsdown [2mv0.16.5[22m powered by rolldown [2mv1.0.0-beta.50[22m
[32m@n8n/stores:build: [0m[34mℹ[39m Using tsdown config: [4m/Users/romeobalta/work/n8n/worktrees/nudge-manual-builders-to-aia/packages/frontend/@n8n/stores/tsdown.config.ts[24m
[32m@n8n/stores:build: [0m[34mℹ[39m entry: [34msrc/cloudPlan.store.ts, src/constants.ts, src/index.ts, src/invitation.api.ts, src/metaTagConfig.ts, src/modalOpeners.ts, src/notifications.store.ts, src/onboarding.api.ts, src/rbac.store.ts, src/roles.store.ts, src/settings.store.ts, src/useAgentRequestStore.ts, src/useRootStore.ts, src/users.store.ts, src/versions.store.ts, src/composables/useBasePageRedirectionHelper.ts, src/types/pageRedirection.ts[39m
[32m@n8n/stores:build: [0m[34mℹ[39m tsconfig: [34mtsconfig.json[39m
[32m@n8n/stores:build: [0m[34mℹ[39m Build start
[32m@n8n/stores:build: [0m[34mℹ[39m Cleaning 124 files
[32m@n8n/stores:build: [0m[34mℹ[39m [33m[CJS][39m [2mdist/[22m[1mcomposables/useBasePageRedirectionHelper.cjs[22m      [2m 4.46 kB[22m [2m│ gzip: 1.52 kB[22m
[32m@n8n/stores:build: [0m[34mℹ[39m [33m[CJS][39m [2mdist/[22m[1mroles.store.cjs[22m                                   [2m 4.16 kB[22m [2m│ gzip: 1.13 kB[22m
[32m@n8n/stores:build: [0m[34mℹ[39m [33m[CJS][39m [2mdist/[22m[1mrbac.store.cjs[22m                                    [2m 3.06 kB[22m [2m│ gzip: 0.96 kB[22m
[32m@n8n/stores:build: [0m[34mℹ[39m [33m[CJS][39m [2mdist/[22m[1museAgentRequestStore.cjs[22m                          [2m 1.96 kB[22m [2m│ gzip: 0.59 kB[22m
[32m@n8n/stores:build: [0m[34mℹ[39m [33m[CJS][39m [2mdist/[22m[1mnotifications.store.cjs[22m                           [2m 0.99 kB[22m [2m│ gzip: 0.41 kB[22m
[32m@n8n/stores:build: [0m[34mℹ[39m [33m[CJS][39m [2mdist/[22m[1mversions.store.cjs[22m                                [2m 0.42 kB[22m [2m│ gzip: 0.19 kB[22m
[32m@n8n/stores:build: [0m[34mℹ[39m [33m[CJS][39m [2mdist/[22m[1musers.store.cjs[22m                                   [2m 0.31 kB[22m [2m│ gzip: 0.16 kB[22m
[32m@n8n/stores:build: [0m[34mℹ[39m [33m[CJS][39m [2mdist/[22m[1mcloudPlan.store.cjs[22m                               [2m 0.27 kB[22m [2m│ gzip: 0.14 kB[22m
[32m@n8n/stores:build: [0m[34mℹ[39m [33m[CJS][39m [2mdist/[22m[1mmetaTagConfig.cjs[22m                                 [2m 0.23 kB[22m [2m│ gzip: 0.11 kB[22m
[32m@n8n/stores:build: [0m[34mℹ[39m [33m[CJS][39m [2mdist/[22m[1msettings.store.cjs[22m                                [2m 0.23 kB[22m [2m│ gzip: 0.13 kB[22m
[32m@n8n/stores:build: [0m[34mℹ[39m [33m[CJS][39m [2mdist/[22m[1minvitation.api.cjs[22m                                [2m 0.19 kB[22m [2m│ gzip: 0.11 kB[22m
[32m@n8n/stores:build: [0m[34mℹ[39m [33m[CJS][39m [2mdist/[22m[1museRootStore.cjs[22m                                  [2m 0.18 kB[22m [2m│ gzip: 0.11 kB[22m
[32m@n8n/stores:build: [0m[34mℹ[39m [33m[CJS][39m [2mdist/[22m[1monboarding.api.cjs[22m                                [2m 0.14 kB[22m [2m│ gzip: 0.11 kB[22m
[32m@n8n/stores:build: [0m[34mℹ[39m [33m[CJS][39m [2mdist/[22m[1mconstants.cjs[22m                                     [2m 0.10 kB[22m [2m│ gzip: 0.08 kB[22m
[32m@n8n/stores:build: [0m[34mℹ[39m [33m[CJS][39m [2mdist/[22m[1mindex.cjs[22m                                         [2m 0.10 kB[22m [2m│ gzip: 0.08 kB[22m
[32m@n8n/stores:build: [0m[34mℹ[39m [33m[CJS][39m [2mdist/[22m[1mmodalOpeners.cjs[22m                                  [2m 0.00 kB[22m [2m│ gzip: 0.02 kB[22m
[32m@n8n/stores:build: [0m[34mℹ[39m [33m[CJS][39m [2mdist/[22m[1mtypes/pageRedirection.cjs[22m                         [2m 0.00 kB[22m [2m│ gzip: 0.02 kB[22m
[32m@n8n/stores:build: [0m[34mℹ[39m [33m[CJS][39m [2mdist/[22msettings2.store.cjs.map                           [2m26.95 kB[22m [2m│ gzip: 7.00 kB[22m
[32m@n8n/stores:build: [0m[34mℹ[39m [33m[CJS][39m [2mdist/[22musers2.store.cjs.map                              [2m24.25 kB[22m [2m│ gzip: 6.54 kB[22m
[32m@n8n/stores:build: [0m[34mℹ[39m [33m[CJS][39m [2mdist/[22msettings2.store.cjs                               [2m19.78 kB[22m [2m│ gzip: 4.92 kB[22m
[32m@n8n/stores:build: [0m[34mℹ[39m [33m[CJS][39m [2mdist/[22mversions2.store.cjs.map                           [2m15.15 kB[22m [2m│ gzip: 4.54 kB[22m
[32m@n8n/stores:build: [0m[34mℹ[39m [33m[CJS][39m [2mdist/[22mcloudPlan2.store.cjs.map                          [2m14.53 kB[22m [2m│ gzip: 4.31 kB[22m
[32m@n8n/stores:build: [0m[34mℹ[39m [33m[CJS][39m [2mdist/[22musers2.store.cjs                                  [2m14.19 kB[22m [2m│ gzip: 3.32 kB[22m
[32m@n8n/stores:build: [0m[34mℹ[39m [33m[CJS][39m [2mdist/[22museRootStore2.cjs.map                             [2m11.43 kB[22m [2m│ gzip: 2.42 kB[22m
[32m@n8n/stores:build: [0m[34mℹ[39m [33m[CJS][39m [2mdist/[22mversions2.store.cjs                               [2m 9.36 kB[22m [2m│ gzip: 2.68 kB[22m
[32m@n8n/stores:build: [0m[34mℹ[39m [33m[CJS][39m [2mdist/[22mcloudPlan2.store.cjs                              [2m 8.50 kB[22m [2m│ gzip: 2.39 kB[22m
[32m@n8n/stores:build: [0m[34mℹ[39m [33m[CJS][39m [2mdist/[22mroles.store.cjs.map                               [2m 6.95 kB[22m [2m│ gzip: 1.97 kB[22m
[32m@n8n/stores:build: [0m[34mℹ[39m [33m[CJS][39m [2mdist/[22mcomposables/useBasePageRedirectionHelper.cjs.map  [2m 6.71 kB[22m [2m│ gzip: 2.37 kB[22m
[32m@n8n/stores:build: [0m[34mℹ[39m [33m[CJS][39m [2mdist/[22museRootStore2.cjs                                 [2m 6.68 kB[22m [2m│ gzip: 1.48 kB[22m
[32m@n8n/stores:build: [0m[34mℹ[39m [33m[CJS][39m [2mdist/[22mrbac.store.cjs.map                                [2m 5.80 kB[22m [2m│ gzip: 1.66 kB[22m
[32m@n8n/stores:build: [0m[34mℹ[39m [33m[CJS][39m [2mdist/[22museAgentRequestStore.cjs.map                      [2m 3.65 kB[22m [2m│ gzip: 1.14 kB[22m
[32m@n8n/stores:build: [0m[34mℹ[39m [33m[CJS][39m [2mdist/[22mconstants2.cjs.map                                [2m 3.20 kB[22m [2m│ gzip: 1.38 kB[22m
[32m@n8n/stores:build: [0m[34mℹ[39m [33m[CJS][39m [2mdist/[22mconstants2.cjs                                    [2m 2.39 kB[22m [2m│ gzip: 1.16 kB[22m
[32m@n8n/stores:build: [0m[34mℹ[39m [33m[CJS][39m [2mdist/[22mmetaTagConfig2.cjs.map                            [2m 1.85 kB[22m [2m│ gzip: 0.76 kB[22m
[32m@n8n/stores:build: [0m[34mℹ[39m [33m[CJS][39m [2mdist/[22mnotifications.store.cjs.map                       [2m 1.69 kB[22m [2m│ gzip: 0.72 kB[22m
[32m@n8n/stores:build: [0m[34mℹ[39m [33m[CJS][39m [2mdist/[22minvitation2.api.cjs.map                           [2m 1.55 kB[22m [2m│ gzip: 0.69 kB[22m
[32m@n8n/stores:build: [0m[34mℹ[39m [33m[CJS][39m [2mdist/[22mmetaTagConfig2.cjs                                [2m 1.34 kB[22m [2m│ gzip: 0.51 kB[22m
[32m@n8n/stores:build: [0m[34mℹ[39m [33m[CJS][39m [2mdist/[22monboarding2.api.cjs.map                           [2m 1.05 kB[22m [2m│ gzip: 0.62 kB[22m
[32m@n8n/stores:build: [0m[34mℹ[39m [33m[CJS][39m [2mdist/[22minvitation2.api.cjs                               [2m 0.84 kB[22m [2m│ gzip: 0.38 kB[22m
[32m@n8n/stores:build: [0m[34mℹ[39m [33m[CJS][39m [2mdist/[22monboarding2.api.cjs                               [2m 0.77 kB[22m [2m│ gzip: 0.46 kB[22m
[32m@n8n/stores:build: [0m[34mℹ[39m [33m[CJS][39m 40 files, total: 205.41 kB
[32m@n8n/stores:build: [0m[33m[EMPTY_IMPORT_META] Warning:[0m `import.meta` may not be a valid syntax with the `cjs` output format.
[32m@n8n/stores:build: [0m    [38;5;246m╭[0m[38;5;246m─[0m[38;5;246m[[0m src/versions.store.ts:60:7 [38;5;246m][0m
[32m@n8n/stores:build: [0m    [38;5;246m│[0m
[32m@n8n/stores:build: [0m [38;5;246m60 │[0m [38;5;249m [0m[38;5;249m [0m[38;5;249m [0m[38;5;249m [0m[38;5;249m [0m[38;5;249m [0m[38;5;249m [0m[38;5;249mi[0m[38;5;249mf[0m[38;5;249m [0m[38;5;249m([0mimport.meta[38;5;249m.[0m[38;5;249me[0m[38;5;249mn[0m[38;5;249mv[0m[38;5;249m.[0m[38;5;249mD[0m[38;5;249mE[0m[38;5;249mV[0m[38;5;249m)[0m[38;5;249m [0m[38;5;249m{[0m
[32m@n8n/stores:build: [0m [38;5;240m   │[0m            ─────┬─────  
[32m@n8n/stores:build: [0m [38;5;240m   │[0m                 ╰─────── This `import.meta` will be replaced with an empty object (`{}`) automatically. If this is desired, you can suppress this warning by adding `transform.define: { 'import.meta': {} }`. If `import.meta` needs to be kept as-is, you need to set the output format to `esm`.
[32m@n8n/stores:build: [0m[38;5;246m────╯[0m
[32m@n8n/stores:build: [0m
[32m@n8n/stores:build: [0m[33m[EMPTY_IMPORT_META] Warning:[0m `import.meta` may not be a valid syntax with the `cjs` output format.
[32m@n8n/stores:build: [0m   [38;5;246m╭[0m[38;5;246m─[0m[38;5;246m[[0m src/useRootStore.ts:8:34 [38;5;246m][0m
[32m@n8n/stores:build: [0m   [38;5;246m│[0m
[32m@n8n/stores:build: [0m [38;5;246m8 │[0m [38;5;249mc[0m[38;5;249mo[0m[38;5;249mn[0m[38;5;249ms[0m[38;5;249mt[0m[38;5;249m [0m[38;5;249m{[0m[38;5;249m [0m[38;5;249mV[0m[38;5;249mU[0m[38;5;249mE[0m[38;5;249m_[0m[38;5;249mA[0m[38;5;249mP[0m[38;5;249mP[0m[38;5;249m_[0m[38;5;249mU[0m[38;5;249mR[0m[38;5;249mL[0m[38;5;249m_[0m[38;5;249mB[0m[38;5;249mA[0m[38;5;249mS[0m[38;5;249mE[0m[38;5;249m_[0m[38;5;249mA[0m[38;5;249mP[0m[38;5;249mI[0m[38;5;249m [0m[38;5;249m}[0m[38;5;249m [0m[38;5;249m=[0m[38;5;249m [0mimport.meta[38;5;249m.[0m[38;5;249me[0m[38;5;249mn[0m[38;5;249mv[0m[38;5;249m;[0m
[32m@n8n/stores:build: [0m [38;5;240m  │[0m                                  ─────┬─────  
[32m@n8n/stores:build: [0m [38;5;240m  │[0m                                       ╰─────── This `import.meta` will be replaced with an empty object (`{}`) automatically. If this is desired, you can suppress this warning by adding `transform.define: { 'import.meta': {} }`. If `import.meta` needs to be kept as-is, you need to set the output format to `esm`.
[32m@n8n/stores:build: [0m[38;5;246m───╯[0m
[32m@n8n/stores:build: [0m
[32m@n8n/stores:build: [0m[33m[EMPTY_IMPORT_META] Warning:[0m `import.meta` may not be a valid syntax with the `cjs` output format.
[32m@n8n/stores:build: [0m    [38;5;246m╭[0m[38;5;246m─[0m[38;5;246m[[0m src/users.store.ts:64:7 [38;5;246m][0m
[32m@n8n/stores:build: [0m    [38;5;246m│[0m
[32m@n8n/stores:build: [0m [38;5;246m64 │[0m [38;5;249m [0m[38;5;249m [0m[38;5;249m [0m[38;5;249m [0m[38;5;249m [0m[38;5;249m [0m[38;5;249m [0m[38;5;249mi[0m[38;5;249mf[0m[38;5;249m [0m[38;5;249m([0mimport.meta[38;5;249m.[0m[38;5;249me[0m[38;5;249mn[0m[38;5;249mv[0m[38;5;249m.[0m[38;5;249mD[0m[38;5;249mE[0m[38;5;249mV[0m[38;5;249m)[0m[38;5;249m [0m[38;5;249m{[0m
[32m@n8n/stores:build: [0m [38;5;240m   │[0m            ─────┬─────  
[32m@n8n/stores:build: [0m [38;5;240m   │[0m                 ╰─────── This `import.meta` will be replaced with an empty object (`{}`) automatically. If this is desired, you can suppress this warning by adding `transform.define: { 'import.meta': {} }`. If `import.meta` needs to be kept as-is, you need to set the output format to `esm`.
[32m@n8n/stores:build: [0m[38;5;246m────╯[0m
[32m@n8n/stores:build: [0m
[32m@n8n/stores:build: [0m[34mℹ[39m [33m[CJS][39m [2mdist/[22m[32m[1msettings.store.d.cts[22m[39m                            [2m139.15 kB[22m [2m│ gzip: 10.81 kB[22m
[32m@n8n/stores:build: [0m[34mℹ[39m [33m[CJS][39m [2mdist/[22m[32m[1mroles.store.d.cts[22m[39m                               [2m 22.98 kB[22m [2m│ gzip:  0.99 kB[22m
[32m@n8n/stores:build: [0m[34mℹ[39m [33m[CJS][39m [2mdist/[22m[32m[1musers.store.d.cts[22m[39m                               [2m 19.82 kB[22m [2m│ gzip:  2.26 kB[22m
[32m@n8n/stores:build: [0m[34mℹ[39m [33m[CJS][39m [2mdist/[22m[32m[1mcloudPlan.store.d.cts[22m[39m                           [2m 18.25 kB[22m [2m│ gzip:  1.70 kB[22m
[32m@n8n/stores:build: [0m[34mℹ[39m [33m[CJS][39m [2mdist/[22m[32m[1mrbac.store.d.cts[22m[39m                                [2m 16.82 kB[22m [2m│ gzip:  1.19 kB[22m
[32m@n8n/stores:build: [0m[34mℹ[39m [33m[CJS][39m [2mdist/[22m[32m[1mversions.store.d.cts[22m[39m                            [2m 11.45 kB[22m [2m│ gzip:  1.11 kB[22m
[32m@n8n/stores:build: [0m[34mℹ[39m [33m[CJS][39m [2mdist/[22m[32m[1museRootStore.d.cts[22m[39m                              [2m  8.83 kB[22m [2m│ gzip:  1.03 kB[22m
[32m@n8n/stores:build: [0m[34mℹ[39m [33m[CJS][39m [2mdist/[22m[32m[1museAgentRequestStore.d.cts[22m[39m                      [2m  2.45 kB[22m [2m│ gzip:  0.49 kB[22m
[32m@n8n/stores:build: [0m[34mℹ[39m [33m[CJS][39m [2mdist/[22m[32m[1mcomposables/useBasePageRedirectionHelper.d.cts[22m[39m  [2m  0.79 kB[22m [2m│ gzip:  0.35 kB[22m
[32m@n8n/stores:build: [0m[34mℹ[39m [33m[CJS][39m [2mdist/[22m[32m[1mnotifications.store.d.cts[22m[39m                       [2m  0.72 kB[22m [2m│ gzip:  0.30 kB[22m
[32m@n8n/stores:build: [0m[34mℹ[39m [33m[CJS][39m [2mdist/[22m[32m[1monboarding.api.d.cts[22m[39m                            [2m  0.32 kB[22m [2m│ gzip:  0.23 kB[22m
[32m@n8n/stores:build: [0m[34mℹ[39m [33m[CJS][39m [2mdist/[22m[32m[1mmetaTagConfig.d.cts[22m[39m                             [2m  0.31 kB[22m [2m│ gzip:  0.17 kB[22m
[32m@n8n/stores:build: [0m[34mℹ[39m [33m[CJS][39m [2mdist/[22m[32m[1minvitation.api.d.cts[22m[39m                            [2m  0.16 kB[22m [2m│ gzip:  0.12 kB[22m
[32m@n8n/stores:build: [0m[34mℹ[39m [33m[CJS][39m [2mdist/[22m[32m[1mtypes/pageRedirection.d.cts[22m[39m                     [2m  0.14 kB[22m [2m│ gzip:  0.12 kB[22m
[32m@n8n/stores:build: [0m[34mℹ[39m [33m[CJS][39m [2mdist/[22m[32m[1mmodalOpeners.d.cts[22m[39m                              [2m  0.08 kB[22m [2m│ gzip:  0.07 kB[22m
[32m@n8n/stores:build: [0m[34mℹ[39m [33m[CJS][39m [2mdist/[22m[32m[1mconstants.d.cts[22m[39m                                 [2m  0.07 kB[22m [2m│ gzip:  0.07 kB[22m
[32m@n8n/stores:build: [0m[34mℹ[39m [33m[CJS][39m [2mdist/[22m[32m[1mindex.d.cts[22m[39m                                     [2m  0.07 kB[22m [2m│ gzip:  0.07 kB[22m
[32m@n8n/stores:build: [0m[34mℹ[39m [33m[CJS][39m [2mdist/[22m[32mconstants2.d.cts[39m                                [2m  2.96 kB[22m [2m│ gzip:  1.12 kB[22m
[32m@n8n/stores:build: [0m[34mℹ[39m [33m[CJS][39m [2mdist/[22m[32mpageRedirection.d.cts[39m                           [2m  1.56 kB[22m [2m│ gzip:  0.57 kB[22m
[32m@n8n/stores:build: [0m[34mℹ[39m [33m[CJS][39m [2mdist/[22m[32minvitation2.api.d.cts[39m                           [2m  0.94 kB[22m [2m│ gzip:  0.42 kB[22m
[32m@n8n/stores:build: [0m[34mℹ[39m [33m[CJS][39m [2mdist/[22m[32mmodalOpeners2.d.cts[39m                             [2m  0.28 kB[22m [2m│ gzip:  0.19 kB[22m
[32m@n8n/stores:build: [0m[34mℹ[39m [33m[CJS][39m 21 files, total: 248.13 kB
[32m@n8n/stores:build: [0m[34mℹ[39m [34m[ESM][39m [2mdist/[22m[1mcomposables/useBasePageRedirectionHelper.mjs[22m      [2m  4.23 kB[22m [2m│ gzip:  1.47 kB[22m
[32m@n8n/stores:build: [0m[34mℹ[39m [34m[ESM][39m [2mdist/[22m[1mroles.store.mjs[22m                                   [2m  3.73 kB[22m [2m│ gzip:  1.09 kB[22m
[32m@n8n/stores:build: [0m[34mℹ[39m [34m[ESM][39m [2mdist/[22m[1mrbac.store.mjs[22m                                    [2m  2.89 kB[22m [2m│ gzip:  0.93 kB[22m
[32m@n8n/stores:build: [0m[34mℹ[39m [34m[ESM][39m [2mdist/[22m[1museAgentRequestStore.mjs[22m                          [2m  1.85 kB[22m [2m│ gzip:  0.55 kB[22m
[32m@n8n/stores:build: [0m[34mℹ[39m [34m[ESM][39m [2mdist/[22m[1mnotifications.store.mjs[22m                           [2m  0.86 kB[22m [2m│ gzip:  0.38 kB[22m
[32m@n8n/stores:build: [0m[34mℹ[39m [34m[ESM][39m [2mdist/[22m[1mversions.store.mjs[22m                                [2m  0.34 kB[22m [2m│ gzip:  0.18 kB[22m
[32m@n8n/stores:build: [0m[34mℹ[39m [34m[ESM][39m [2mdist/[22m[1musers.store.mjs[22m                                   [2m  0.27 kB[22m [2m│ gzip:  0.15 kB[22m
[32m@n8n/stores:build: [0m[34mℹ[39m [34m[ESM][39m [2mdist/[22m[1mcloudPlan.store.mjs[22m                               [2m  0.21 kB[22m [2m│ gzip:  0.14 kB[22m
[32m@n8n/stores:build: [0m[34mℹ[39m [34m[ESM][39m [2mdist/[22m[1msettings.store.mjs[22m                                [2m  0.18 kB[22m [2m│ gzip:  0.12 kB[22m
[32m@n8n/stores:build: [0m[34mℹ[39m [34m[ESM][39m [2mdist/[22m[1mmetaTagConfig.mjs[22m                                 [2m  0.16 kB[22m [2m│ gzip:  0.11 kB[22m
[32m@n8n/stores:build: [0m[34mℹ[39m [34m[ESM][39m [2mdist/[22m[1museRootStore.mjs[22m                                  [2m  0.14 kB[22m [2m│ gzip:  0.10 kB[22m
[32m@n8n/stores:build: [0m[34mℹ[39m [34m[ESM][39m [2mdist/[22m[1minvitation.api.mjs[22m                                [2m  0.12 kB[22m [2m│ gzip:  0.10 kB[22m
[32m@n8n/stores:build: [0m[34mℹ[39m [34m[ESM][39m [2mdist/[22m[1monboarding.api.mjs[22m                                [2m  0.10 kB[22m [2m│ gzip:  0.09 kB[22m
[32m@n8n/stores:build: [0m[34mℹ[39m [34m[ESM][39m [2mdist/[22m[1mconstants.mjs[22m                                     [2m  0.07 kB[22m [2m│ gzip:  0.08 kB[22m
[32m@n8n/stores:build: [0m[34mℹ[39m [34m[ESM][39m [2mdist/[22m[1mindex.mjs[22m                                         [2m  0.07 kB[22m [2m│ gzip:  0.08 kB[22m
[32m@n8n/stores:build: [0m[34mℹ[39m [34m[ESM][39m [2mdist/[22m[1mmodalOpeners.mjs[22m                                  [2m  0.01 kB[22m [2m│ gzip:  0.03 kB[22m
[32m@n8n/stores:build: [0m[34mℹ[39m [34m[ESM][39m [2mdist/[22m[1mtypes/pageRedirection.mjs[22m                         [2m  0.01 kB[22m [2m│ gzip:  0.03 kB[22m
[32m@n8n/stores:build: [0m[34mℹ[39m [34m[ESM][39m [2mdist/[22msettings2.store.mjs.map                           [2m 27.14 kB[22m [2m│ gzip:  6.92 kB[22m
[32m@n8n/stores:build: [0m[34mℹ[39m [34m[ESM][39m [2mdist/[22musers2.store.mjs.map                              [2m 24.25 kB[22m [2m│ gzip:  6.47 kB[22m
[32m@n8n/stores:build: [0m[34mℹ[39m [34m[ESM][39m [2mdist/[22msettings2.store.mjs                               [2m 17.04 kB[22m [2m│ gzip:  4.34 kB[22m
[32m@n8n/stores:build: [0m[34mℹ[39m [34m[ESM][39m [2mdist/[22mversions2.store.mjs.map                           [2m 15.05 kB[22m [2m│ gzip:  4.46 kB[22m
[32m@n8n/stores:build: [0m[34mℹ[39m [34m[ESM][39m [2mdist/[22mcloudPlan2.store.mjs.map                          [2m 14.60 kB[22m [2m│ gzip:  4.28 kB[22m
[32m@n8n/stores:build: [0m[34mℹ[39m [34m[ESM][39m [2mdist/[22musers2.store.mjs                                  [2m 12.53 kB[22m [2m│ gzip:  3.15 kB[22m
[32m@n8n/stores:build: [0m[34mℹ[39m [34m[ESM][39m [2mdist/[22museRootStore2.mjs.map                             [2m 11.52 kB[22m [2m│ gzip:  2.40 kB[22m
[32m@n8n/stores:build: [0m[34mℹ[39m [34m[ESM][39m [2mdist/[22mversions2.store.mjs                               [2m  8.49 kB[22m [2m│ gzip:  2.54 kB[22m
[32m@n8n/stores:build: [0m[34mℹ[39m [34m[ESM][39m [2mdist/[22mcloudPlan2.store.mjs                              [2m  7.95 kB[22m [2m│ gzip:  2.29 kB[22m
[32m@n8n/stores:build: [0m[34mℹ[39m [34m[ESM][39m [2mdist/[22mroles.store.mjs.map                               [2m  6.84 kB[22m [2m│ gzip:  1.94 kB[22m
[32m@n8n/stores:build: [0m[34mℹ[39m [34m[ESM][39m [2mdist/[22mcomposables/useBasePageRedirectionHelper.mjs.map  [2m  6.61 kB[22m [2m│ gzip:  2.34 kB[22m
[32m@n8n/stores:build: [0m[34mℹ[39m [34m[ESM][39m [2mdist/[22museRootStore2.mjs                                 [2m  6.25 kB[22m [2m│ gzip:  1.38 kB[22m
[32m@n8n/stores:build: [0m[34mℹ[39m [34m[ESM][39m [2mdist/[22mrbac.store.mjs.map                                [2m  5.85 kB[22m [2m│ gzip:  1.67 kB[22m
[32m@n8n/stores:build: [0m[34mℹ[39m [34m[ESM][39m [2mdist/[22museAgentRequestStore.mjs.map                      [2m  3.66 kB[22m [2m│ gzip:  1.15 kB[22m
[32m@n8n/stores:build: [0m[34mℹ[39m [34m[ESM][39m [2mdist/[22mconstants2.mjs.map                                [2m  3.20 kB[22m [2m│ gzip:  1.37 kB[22m
[32m@n8n/stores:build: [0m[34mℹ[39m [34m[ESM][39m [2mdist/[22mconstants2.mjs                                    [2m  2.31 kB[22m [2m│ gzip:  1.09 kB[22m
[32m@n8n/stores:build: [0m[34mℹ[39m [34m[ESM][39m [2mdist/[22mmetaTagConfig2.mjs.map                            [2m  1.85 kB[22m [2m│ gzip:  0.76 kB[22m
[32m@n8n/stores:build: [0m[34mℹ[39m [34m[ESM][39m [2mdist/[22mnotifications.store.mjs.map                       [2m  1.70 kB[22m [2m│ gzip:  0.72 kB[22m
[32m@n8n/stores:build: [0m[34mℹ[39m [34m[ESM][39m [2mdist/[22minvitation2.api.mjs.map                           [2m  1.56 kB[22m [2m│ gzip:  0.70 kB[22m
[32m@n8n/stores:build: [0m[34mℹ[39m [34m[ESM][39m [2mdist/[22mmetaTagConfig2.mjs                                [2m  1.12 kB[22m [2m│ gzip:  0.46 kB[22m
[32m@n8n/stores:build: [0m[34mℹ[39m [34m[ESM][39m [2mdist/[22monboarding2.api.mjs.map                           [2m  1.05 kB[22m [2m│ gzip:  0.62 kB[22m
[32m@n8n/stores:build: [0m[34mℹ[39m [34m[ESM][39m [2mdist/[22monboarding2.api.mjs                               [2m  0.56 kB[22m [2m│ gzip:  0.36 kB[22m
[32m@n8n/stores:build: [0m[34mℹ[39m [34m[ESM][39m [2mdist/[22minvitation2.api.mjs                               [2m  0.52 kB[22m [2m│ gzip:  0.28 kB[22m
[32m@n8n/stores:build: [0m[34mℹ[39m [34m[ESM][39m [2mdist/[22m[32m[1msettings.store.d.mts[22m[39m                              [2m139.15 kB[22m [2m│ gzip: 10.81 kB[22m
[32m@n8n/stores:build: [0m[34mℹ[39m [34m[ESM][39m [2mdist/[22m[32m[1mroles.store.d.mts[22m[39m                                 [2m 22.98 kB[22m [2m│ gzip:  0.99 kB[22m
[32m@n8n/stores:build: [0m[34mℹ[39m [34m[ESM][39m [2mdist/[22m[32m[1musers.store.d.mts[22m[39m                                 [2m 19.82 kB[22m [2m│ gzip:  2.26 kB[22m
[32m@n8n/stores:build: [0m[34mℹ[39m [34m[ESM][39m [2mdist/[22m[32m[1mcloudPlan.store.d.mts[22m[39m                             [2m 18.18 kB[22m [2m│ gzip:  1.69 kB[22m
[32m@n8n/stores:build: [0m[34mℹ[39m [34m[ESM][39m [2mdist/[22m[32m[1mrbac.store.d.mts[22m[39m                                  [2m 16.84 kB[22m [2m│ gzip:  1.20 kB[22m
[32m@n8n/stores:build: [0m[34mℹ[39m [34m[ESM][39m [2mdist/[22m[32m[1mversions.store.d.mts[22m[39m                              [2m 11.45 kB[22m [2m│ gzip:  1.12 kB[22m
[32m@n8n/stores:build: [0m[34mℹ[39m [34m[ESM][39m [2mdist/[22m[32m[1museRootStore.d.mts[22m[39m                                [2m  8.83 kB[22m [2m│ gzip:  1.03 kB[22m
[32m@n8n/stores:build: [0m[34mℹ[39m [34m[ESM][39m [2mdist/[22m[32m[1museAgentRequestStore.d.mts[22m[39m                        [2m  2.45 kB[22m [2m│ gzip:  0.49 kB[22m
[32m@n8n/stores:build: [0m[34mℹ[39m [34m[ESM][39m [2mdist/[22m[32m[1mcomposables/useBasePageRedirectionHelper.d.mts[22m[39m    [2m  0.79 kB[22m [2m│ gzip:  0.35 kB[22m
[32m@n8n/stores:build: [0m[34mℹ[39m [34m[ESM][39m [2mdist/[22m[32m[1mnotifications.store.d.mts[22m[39m                         [2m  0.72 kB[22m [2m│ gzip:  0.30 kB[22m
[32m@n8n/stores:build: [0m[34mℹ[39m [34m[ESM][39m [2mdist/[22m[32m[1monboarding.api.d.mts[22m[39m                              [2m  0.32 kB[22m [2m│ gzip:  0.23 kB[22m
[32m@n8n/stores:build: [0m[34mℹ[39m [34m[ESM][39m [2mdist/[22m[32m[1mmetaTagConfig.d.mts[22m[39m                               [2m  0.31 kB[22m [2m│ gzip:  0.17 kB[22m
[32m@n8n/stores:build: [0m[34mℹ[39m [34m[ESM][39m [2mdist/[22m[32m[1minvitation.api.d.mts[22m[39m                              [2m  0.16 kB[22m [2m│ gzip:  0.12 kB[22m
[32m@n8n/stores:build: [0m[34mℹ[39m [34m[ESM][39m [2mdist/[22m[32m[1mtypes/pageRedirection.d.mts[22m[39m                       [2m  0.14 kB[22m [2m│ gzip:  0.12 kB[22m
[32m@n8n/stores:build: [0m[34mℹ[39m [34m[ESM][39m [2mdist/[22m[32m[1mmodalOpeners.d.mts[22m[39m                                [2m  0.08 kB[22m [2m│ gzip:  0.07 kB[22m
[32m@n8n/stores:build: [0m[34mℹ[39m [34m[ESM][39m [2mdist/[22m[32m[1mconstants.d.mts[22m[39m                                   [2m  0.07 kB[22m [2m│ gzip:  0.07 kB[22m
[32m@n8n/stores:build: [0m[34mℹ[39m [34m[ESM][39m [2mdist/[22m[32m[1mindex.d.mts[22m[39m                                       [2m  0.07 kB[22m [2m│ gzip:  0.07 kB[22m
[32m@n8n/stores:build: [0m[34mℹ[39m [34m[ESM][39m [2mdist/[22m[32mconstants2.d.mts[39m                                  [2m  2.96 kB[22m [2m│ gzip:  1.12 kB[22m
[32m@n8n/stores:build: [0m[34mℹ[39m [34m[ESM][39m [2mdist/[22m[32mpageRedirection.d.mts[39m                             [2m  1.56 kB[22m [2m│ gzip:  0.57 kB[22m
[32m@n8n/stores:build: [0m[34mℹ[39m [34m[ESM][39m [2mdist/[22m[32minvitation2.api.d.mts[39m                             [2m  0.94 kB[22m [2m│ gzip:  0.42 kB[22m
[32m@n8n/stores:build: [0m[34mℹ[39m [34m[ESM][39m [2mdist/[22m[32mmodalOpeners2.d.mts[39m                               [2m  0.28 kB[22m [2m│ gzip:  0.19 kB[22m
[32m@n8n/stores:build: [0m[34mℹ[39m [34m[ESM][39m 61 files, total: 444.96 kB
[32m@n8n/stores:build: [0m[32m✔[39m Build complete in [32m3179ms[39m
[33m@n8n/rest-api-client:test: [0mcache hit, replaying logs [2m99f0f262fbc79a0d[0m
[33m@n8n/rest-api-client:test: [0m
[33m@n8n/rest-api-client:test: [0m> @n8n/rest-api-client@2.36.0 test /Users/romeobalta/work/n8n/worktrees/nudge-manual-builders-to-aia/packages/frontend/@n8n/rest-api-client
[33m@n8n/rest-api-client:test: [0m> vitest run
[33m@n8n/rest-api-client:test: [0m
[33m@n8n/rest-api-client:test: [0m
[33m@n8n/rest-api-client:test: [0m[1m[30m[46m RUN [49m[39m[22m [36mv4.1.9 [39m[90m/Users/romeobalta/work/n8n/worktrees/nudge-manual-builders-to-aia/packages/frontend/@n8n/rest-api-client[39m
[33m@n8n/rest-api-client:test: [0m
[33m@n8n/rest-api-client:test: [0m [32m✓[39m src/index.test.ts [2m([22m[2m1 test[22m[2m)[22m[32m 2[2mms[22m[39m
[33m@n8n/rest-api-client:test: [0m [32m✓[39m src/api/roleMappingRule.test.ts [2m([22m[2m4 tests[22m[2m)[22m[32m 3[2mms[22m[39m
[33m@n8n/rest-api-client:test: [0m [32m✓[39m src/api/__tests__/api-keys.test.ts [2m([22m[2m5 tests[22m[2m)[22m[32m 3[2mms[22m[39m
[33m@n8n/rest-api-client:test: [0m [32m✓[39m src/utils.test.ts [2m([22m[2m9 tests[22m[2m)[22m[32m 7[2mms[22m[39m
[33m@n8n/rest-api-client:test: [0m
[33m@n8n/rest-api-client:test: [0m[2m Test Files [22m [1m[32m4 passed[39m[22m[90m (4)[39m
[33m@n8n/rest-api-client:test: [0m[2m      Tests [22m [1m[32m19 passed[39m[22m[90m (19)[39m
[33m@n8n/rest-api-client:test: [0m[2m   Start at [22m 13:24:37
[33m@n8n/rest-api-client:test: [0m[2m   Duration [22m 1.60s[2m (transform 1.05s, setup 666ms, import 1.73s, tests 15ms, environment 821ms)[22m
[33m@n8n/rest-api-client:test: [0m
[34m@n8n/backend-common:test: [0mcache hit, replaying logs [2m776c0c8bef757f2e[0m
[34m@n8n/backend-common:test: [0m
[34m@n8n/backend-common:test: [0m> @n8n/backend-common@1.36.0 test /Users/romeobalta/work/n8n/worktrees/nudge-manual-builders-to-aia/packages/@n8n/backend-common
[34m@n8n/backend-common:test: [0m> vitest run
[34m@n8n/backend-common:test: [0m
[34m@n8n/backend-common:test: [0m
[34m@n8n/backend-common:test: [0m[1m[30m[46m RUN [49m[39m[22m [36mv4.1.9 [39m[90m/Users/romeobalta/work/n8n/worktrees/nudge-manual-builders-to-aia/packages/@n8n/backend-common[39m
[34m@n8n/backend-common:test: [0m
[34m@n8n/backend-common:test: [0m [32m✓[39m src/__tests__/typed-emitter.test.ts [2m([22m[2m3 tests[22m[2m)[22m[32m 4[2mms[22m[39m
[34m@n8n/backend-common:test: [0m [32m✓[39m src/utils/__tests__/is-object-literal.test.ts [2m([22m[2m24 tests[22m[2m)[22m[32m 3[2mms[22m[39m
[34m@n8n/backend-common:test: [0m [32m✓[39m src/utils/__tests__/parse-flatted.test.ts [2m([22m[2m3 tests[22m[2m)[22m[32m 10[2mms[22m[39m
[34m@n8n/backend-common:test: [0m [32m✓[39m src/utils/__tests__/flatted-async.test.ts [2m([22m[2m9 tests[22m[2m)[22m[32m 134[2mms[22m[39m
[34m@n8n/backend-common:test: [0m [32m✓[39m src/locking/__tests__/in-process-lock.service.test.ts [2m([22m[2m8 tests[22m[2m)[22m[32m 7[2mms[22m[39m
[34m@n8n/backend-common:test: [0m [32m✓[39m src/locking/__tests__/lock.service.test.ts [2m([22m[2m2 tests[22m[2m)[22m[32m 3[2mms[22m[39m
[34m@n8n/backend-common:test: [0m [32m✓[39m src/utils/__tests__/path-util.test.ts [2m([22m[2m22 tests[22m[2m)[22m[32m 14[2mms[22m[39m
[34m@n8n/backend-common:test: [0m [32m✓[39m src/modules/__tests__/modules.config.test.ts [2m([22m[2m2 tests[22m[2m)[22m[32m 2[2mms[22m[39m
[34m@n8n/backend-common:test: [0m [32m✓[39m src/__tests__/cli-parser.test.ts [2m([22m[2m7 tests[22m[2m)[22m[32m 5[2mms[22m[39m
[34m@n8n/backend-common:test: [0m [32m✓[39m src/logging/__tests__/logger.test.ts [2m([22m[2m22 tests[22m[2m)[22m[32m 28[2mms[22m[39m
[34m@n8n/backend-common:test: [0m [32m✓[39m src/modules/__tests__/module-registry.test.ts [2m([22m[2m22 tests[22m[2m)[22m[32m 11[2mms[22m[39m
[34m@n8n/backend-common:test: [0m
[34m@n8n/backend-common:test: [0m[2m Test Files [22m [1m[32m11 passed[39m[22m[90m (11)[39m
[34m@n8n/backend-common:test: [0m[2m      Tests [22m [1m[32m124 passed[39m[22m[90m (124)[39m
[34m@n8n/backend-common:test: [0m[2m   Start at [22m 13:24:44
[34m@n8n/backend-common:test: [0m[2m   Duration [22m 1.11s[2m (transform 3.53s, setup 0ms, import 6.61s, tests 222ms, environment 0ms)[22m
[34m@n8n/backend-common:test: [0m
[36m@n8n/backend-network:build: [0mcache hit, replaying logs [2m8fd52e9f5b6f1729[0m
[36m@n8n/backend-network:build: [0m
[36m@n8n/backend-network:build: [0m> @n8n/backend-network@1.10.0 build /Users/romeobalta/work/n8n/worktrees/nudge-manual-builders-to-aia/packages/@n8n/backend-network
[36m@n8n/backend-network:build: [0m> tsc -p tsconfig.build.json
[36m@n8n/backend-network:build: [0m
[35m@n8n/mcp-browser-extension:build: [0mcache hit, replaying logs [2me61f9b4e0412db22[0m
[35m@n8n/mcp-browser-extension:build: [0m
[35m@n8n/mcp-browser-extension:build: [0m> @n8n/mcp-browser-extension@0.0.7 build /Users/romeobalta/work/n8n/worktrees/nudge-manual-builders-to-aia/packages/@n8n/mcp-browser-extension
[35m@n8n/mcp-browser-extension:build: [0m> vite build --config vite.sw.config.mts && vite build --config vite.ui.config.mts
[35m@n8n/mcp-browser-extension:build: [0m
[35m@n8n/mcp-browser-extension:build: [0m[36mvite v8.0.2 [32mbuilding client environment for production...[36m[39m
[35m@n8n/mcp-browser-extension:build: [0m[2K[35m@n8n/mcp-browser-extension:build: [0mtransforming...[32m✓[39m 9 modules transformed.
[35m@n8n/mcp-browser-extension:build: [0mrendering chunks...
[35m@n8n/mcp-browser-extension:build: [0mcomputing gzip size...
[35m@n8n/mcp-browser-extension:build: [0m[2mdist/[0m[36mbackground.mjs  [39m[2m[1m29.21 kB[0m[0m[2m │ gzip: 8.42 kB[0m[2m │ map: 92.68 kB[0m
[35m@n8n/mcp-browser-extension:build: [0m
[35m@n8n/mcp-browser-extension:build: [0m[32m✓ built in 271ms[39m
[35m@n8n/mcp-browser-extension:build: [0m[36mvite v8.0.2 [32mbuilding client environment for production...[36m[39m
[35m@n8n/mcp-browser-extension:build: [0m[2K[35m@n8n/mcp-browser-extension:build: [0mtransforming...[32m✓[39m 3221 modules transformed.
[35m@n8n/mcp-browser-extension:build: [0mrendering chunks...
[35m@n8n/mcp-browser-extension:build: [0mcomputing gzip size...
[35m@n8n/mcp-browser-extension:build: [0m[2mdist/[0m[32mconnect.html                                [39m[2m[1m  0.46 kB[0m[0m[2m │ gzip:  0.29 kB[0m
[35m@n8n/mcp-browser-extension:build: [0m[2mdist/[0m[32mdrawer.html                                 [39m[2m[1m  0.67 kB[0m[0m[2m │ gzip:  0.42 kB[0m
[35m@n8n/mcp-browser-extension:build: [0m[2mdist/[0m[32mInterVariable.woff2                         [39m[2m[1m352.24 kB[0m[0m
[35m@n8n/mcp-browser-extension:build: [0m[2mdist/[0m[35mmain.css                                    [39m[2m[1m222.36 kB[0m[0m[2m │ gzip: 24.40 kB[0m
[35m@n8n/mcp-browser-extension:build: [0m[2mdist/[0m[2massets/[0m[36mnode-icons-ChGJCjDo.js               [39m[2m[1m 43.67 kB[0m[0m[2m │ gzip:  8.11 kB[0m[2m │ map: 129.16 kB[0m
[35m@n8n/mcp-browser-extension:build: [0m[2mdist/[0m[2massets/[0m[36mvue.runtime.esm-bundler-BtkIjKiv.js  [39m[2m[1m107.00 kB[0m[0m[2m │ gzip: 41.11 kB[0m[2m │ map: 567.15 kB[0m
[35m@n8n/mcp-browser-extension:build: [0m[2mdist/[0m[2massets/[0m[36mmain-BqE40bSp.js                     [39m[2m[1m183.51 kB[0m[0m[2m │ gzip: 45.99 kB[0m[2m │ map: 971.42 kB[0m
[35m@n8n/mcp-browser-extension:build: [0m
[35m@n8n/mcp-browser-extension:build: [0m[32m✓ built in 2.90s[39m
[32m@n8n/mcp-apps:build: [0mcache hit, replaying logs [2m4fe6ceb87913c9d1[0m
[32m@n8n/mcp-apps:build: [0m
[32m@n8n/mcp-apps:build: [0m> @n8n/mcp-apps@0.13.0 build /Users/romeobalta/work/n8n/worktrees/nudge-manual-builders-to-aia/packages/@n8n/mcp-apps
[32m@n8n/mcp-apps:build: [0m> pnpm build:ui && pnpm build:server
[32m@n8n/mcp-apps:build: [0m
[32m@n8n/mcp-apps:build: [0m../../..                                 | [43m[30m WARN [39m[49m Unsupported engine: wanted: {"node":">=24.0.0"} (current: {"node":"v22.22.3","pnpm":"10.32.1"})
[32m@n8n/mcp-apps:build: [0m../agents                                | [43m[30m WARN [39m[49m Unsupported engine: wanted: {"node":">=24.0.0"} (current: {"node":"v22.22.3","pnpm":"10.32.1"})
[32m@n8n/mcp-apps:build: [0m../benchmark                             | [43m[30m WARN [39m[49m Unsupported engine: wanted: {"node":">=24.0.0"} (current: {"node":"v22.22.3","pnpm":"10.32.1"})
[32m@n8n/mcp-apps:build: [0m../../cli                                | [43m[30m WARN [39m[49m Unsupported engine: wanted: {"node":">=24.0.0"} (current: {"node":"v22.22.3","pnpm":"10.32.1"})
[32m@n8n/mcp-apps:build: [0m
[32m@n8n/mcp-apps:build: [0m> @n8n/mcp-apps@0.13.0 build:ui /Users/romeobalta/work/n8n/worktrees/nudge-manual-builders-to-aia/packages/@n8n/mcp-apps
[32m@n8n/mcp-apps:build: [0m> vite build --mode workflow-preview
[32m@n8n/mcp-apps:build: [0m
[32m@n8n/mcp-apps:build: [0m[36mvite v8.0.2 [32mbuilding client environment for workflow-preview...[36m[39m
[32m@n8n/mcp-apps:build: [0m[2K[32m@n8n/mcp-apps:build: [0mtransforming...[32m✓[39m 3359 modules transformed.
[32m@n8n/mcp-apps:build: [0mrendering chunks...
[32m@n8n/mcp-apps:build: [0m[plugin vite:singlefile] 
[32m@n8n/mcp-apps:build: [0m
[32m@n8n/mcp-apps:build: [0m[plugin vite:singlefile] Inlining: index-M-RNmHwV.js
[32m@n8n/mcp-apps:build: [0m[plugin vite:singlefile] Inlining: style-Dq-nncBS.css
[32m@n8n/mcp-apps:build: [0mcomputing gzip size...
[32m@n8n/mcp-apps:build: [0m[2mdist/apps/[0m[32mindex.html  [39m[2m[1m1,166.97 kB[0m[0m[2m │ gzip: 513.44 kB[0m
[32m@n8n/mcp-apps:build: [0m
[32m@n8n/mcp-apps:build: [0m[32m✓ built in 2.94s[39m
[32m@n8n/mcp-apps:build: [0m../../..                                 | [43m[30m WARN [39m[49m Unsupported engine: wanted: {"node":">=24.0.0"} (current: {"node":"v22.22.3","pnpm":"10.32.1"})
[32m@n8n/mcp-apps:build: [0m../agents                                | [43m[30m WARN [39m[49m Unsupported engine: wanted: {"node":">=24.0.0"} (current: {"node":"v22.22.3","pnpm":"10.32.1"})
[32m@n8n/mcp-apps:build: [0m../benchmark                             | [43m[30m WARN [39m[49m Unsupported engine: wanted: {"node":">=24.0.0"} (current: {"node":"v22.22.3","pnpm":"10.32.1"})
[32m@n8n/mcp-apps:build: [0m../../cli                                | [43m[30m WARN [39m[49m Unsupported engine: wanted: {"node":">=24.0.0"} (current: {"node":"v22.22.3","pnpm":"10.32.1"})
[32m@n8n/mcp-apps:build: [0m
[32m@n8n/mcp-apps:build: [0m> @n8n/mcp-apps@0.13.0 build:server /Users/romeobalta/work/n8n/worktrees/nudge-manual-builders-to-aia/packages/@n8n/mcp-apps
[32m@n8n/mcp-apps:build: [0m> tsc -p tsconfig.build.json
[32m@n8n/mcp-apps:build: [0m
[33m@n8n/chat:build: [0mcache hit, replaying logs [2m31be52f3d4b60a0c[0m
[33m@n8n/chat:build: [0m
[33m@n8n/chat:build: [0m> @n8n/chat@1.35.0 build /Users/romeobalta/work/n8n/worktrees/nudge-manual-builders-to-aia/packages/frontend/@n8n/chat
[33m@n8n/chat:build: [0m> pnpm build:vite && pnpm build:bundle
[33m@n8n/chat:build: [0m
[33m@n8n/chat:build: [0m../../../..                              | [43m[30m WARN [39m[49m Unsupported engine: wanted: {"node":">=24.0.0"} (current: {"node":"v22.22.3","pnpm":"10.32.1"})
[33m@n8n/chat:build: [0m../../../@n8n/agents                     | [43m[30m WARN [39m[49m Unsupported engine: wanted: {"node":">=24.0.0"} (current: {"node":"v22.22.3","pnpm":"10.32.1"})
[33m@n8n/chat:build: [0m../../../@n8n/benchmark                  | [43m[30m WARN [39m[49m Unsupported engine: wanted: {"node":">=24.0.0"} (current: {"node":"v22.22.3","pnpm":"10.32.1"})
[33m@n8n/chat:build: [0m../../../cli                             | [43m[30m WARN [39m[49m Unsupported engine: wanted: {"node":">=24.0.0"} (current: {"node":"v22.22.3","pnpm":"10.32.1"})
[33m@n8n/chat:build: [0m
[33m@n8n/chat:build: [0m> @n8n/chat@1.35.0 build:vite /Users/romeobalta/work/n8n/worktrees/nudge-manual-builders-to-aia/packages/frontend/@n8n/chat
[33m@n8n/chat:build: [0m> cross-env vite build
[33m@n8n/chat:build: [0m
[33m@n8n/chat:build: [0m[36mvite v8.0.2 [32mbuilding client environment for production...[36m[39m
[33m@n8n/chat:build: [0m[2K[33m@n8n/chat:build: [0mtransforming...[32m✓[39m 2273 modules transformed.
[33m@n8n/chat:build: [0mrendering chunks...
[33m@n8n/chat:build: [0m[32m
[33m@n8n/chat:build: [0m[36m[vite:dts][32m Start generate declaration files...[39m
[33m@n8n/chat:build: [0m[32m[36m[vite:dts][32m Declaration files built in 7799ms.
[33m@n8n/chat:build: [0m[39m
[33m@n8n/chat:build: [0mcomputing gzip size...
[33m@n8n/chat:build: [0m[2mdist/[0m[35mchat.css                              [39m[2m[1m   34.27 kB[0m[0m[2m │ gzip:   6.19 kB[0m
[33m@n8n/chat:build: [0m[2mdist/[0m[36mnode-icons-CaKBLFvs-D7FnshBU.mjs      [39m[2m[1m   50.44 kB[0m[0m[2m │ gzip:   8.46 kB[0m
[33m@n8n/chat:build: [0m[2mdist/[0m[36men-BrDOZbhj-C2Nw_7IW.mjs              [39m[2m[1m  301.90 kB[0m[0m[2m │ gzip: 102.62 kB[0m
[33m@n8n/chat:build: [0m[2mdist/[0m[36mlucideIconData-CKJ1do82-DSkMvY80.mjs  [39m[2m[1m  311.99 kB[0m[0m[2m │ gzip:  51.84 kB[0m
[33m@n8n/chat:build: [0m[2mdist/[0m[36memojiData-zOxnhmb7-DiyV5kHh.mjs       [39m[2m[1m  335.32 kB[0m[0m[2m │ gzip:  56.55 kB[0m
[33m@n8n/chat:build: [0m[2mdist/[0m[36mchat.es.js                            [39m[33m[1m1,693.75 kB[0m[39m[2m │ gzip: 464.50 kB[0m
[33m@n8n/chat:build: [0m
[33m@n8n/chat:build: [0m[33m[33m[PLUGIN_TIMINGS] Warning:[0m Your build spent significant time in plugins. Here is a breakdown:
[33m@n8n/chat:build: [0m  - unplugin-icons (58%)
[33m@n8n/chat:build: [0m  - vite:vue (24%)
[33m@n8n/chat:build: [0m  - vite:dts (17%)
[33m@n8n/chat:build: [0mSee https://rolldown.rs/options/checks#plugintimings for more details.
[33m@n8n/chat:build: [0m[39m
[33m@n8n/chat:build: [0m[2K[33m@n8n/chat:build: [0mtransforming...[32m✓[39m 2273 modules transformed.
[33m@n8n/chat:build: [0mrendering chunks...
[33m@n8n/chat:build: [0mcomputing gzip size...
[33m@n8n/chat:build: [0m[2mdist/[0m[35mchat.css     [39m[2m[1m   34.27 kB[0m[0m[2m │ gzip:   6.19 kB[0m
[33m@n8n/chat:build: [0m[2mdist/[0m[36mchat.umd.js  [39m[33m[1m1,660.88 kB[0m[39m[2m │ gzip: 518.53 kB[0m
[33m@n8n/chat:build: [0m
[33m@n8n/chat:build: [0m[32m✓ built in 9.94s[39m
[33m@n8n/chat:build: [0m../../../..                              | [43m[30m WARN [39m[49m Unsupported engine: wanted: {"node":">=24.0.0"} (current: {"node":"v22.22.3","pnpm":"10.32.1"})
[33m@n8n/chat:build: [0m../../../@n8n/agents                     | [43m[30m WARN [39m[49m Unsupported engine: wanted: {"node":">=24.0.0"} (current: {"node":"v22.22.3","pnpm":"10.32.1"})
[33m@n8n/chat:build: [0m../../../@n8n/benchmark                  | [43m[30m WARN [39m[49m Unsupported engine: wanted: {"node":">=24.0.0"} (current: {"node":"v22.22.3","pnpm":"10.32.1"})
[33m@n8n/chat:build: [0m../../../cli                             | [43m[30m WARN [39m[49m Unsupported engine: wanted: {"node":">=24.0.0"} (current: {"node":"v22.22.3","pnpm":"10.32.1"})
[33m@n8n/chat:build: [0m
[33m@n8n/chat:build: [0m> @n8n/chat@1.35.0 build:bundle /Users/romeobalta/work/n8n/worktrees/nudge-manual-builders-to-aia/packages/frontend/@n8n/chat
[33m@n8n/chat:build: [0m> cross-env INCLUDE_VUE=true vite build
[33m@n8n/chat:build: [0m
[33m@n8n/chat:build: [0m[36mvite v8.0.2 [32mbuilding client environment for production...[36m[39m
[33m@n8n/chat:build: [0m[2K[33m@n8n/chat:build: [0mtransforming...[32m✓[39m 2276 modules transformed.
[33m@n8n/chat:build: [0mrendering chunks...
[33m@n8n/chat:build: [0mcomputing gzip size...
[33m@n8n/chat:build: [0m[2mdist/[0m[35mchat.css                              [39m[2m[1m   34.27 kB[0m[0m[2m │ gzip:   6.19 kB[0m
[33m@n8n/chat:build: [0m[2mdist/[0m[36mchunk-Cf6COONi.mjs                    [39m[2m[1m    1.12 kB[0m[0m[2m │ gzip:   0.60 kB[0m
[33m@n8n/chat:build: [0m[2mdist/[0m[36mnode-icons-CaKBLFvs-UF9yHQnQ.mjs      [39m[2m[1m   50.42 kB[0m[0m[2m │ gzip:   8.46 kB[0m
[33m@n8n/chat:build: [0m[2mdist/[0m[36mvue.runtime.esm-bundler-J_yKC8qZ.mjs  [39m[2m[1m  143.81 kB[0m[0m[2m │ gzip:  46.48 kB[0m
[33m@n8n/chat:build: [0m[2mdist/[0m[36men-BrDOZbhj-BqSu7b3L.mjs              [39m[2m[1m  300.86 kB[0m[0m[2m │ gzip: 102.09 kB[0m
[33m@n8n/chat:build: [0m[2mdist/[0m[36mlucideIconData-CKJ1do82-C8yYqsa6.mjs  [39m[2m[1m  311.99 kB[0m[0m[2m │ gzip:  51.84 kB[0m
[33m@n8n/chat:build: [0m[2mdist/[0m[36memojiData-zOxnhmb7-B3Q4_0rV.mjs       [39m[2m[1m  335.32 kB[0m[0m[2m │ gzip:  56.55 kB[0m
[33m@n8n/chat:build: [0m[2mdist/[0m[36mchat.bundle.es.js                     [39m[33m[1m1,691.87 kB[0m[39m[2m │ gzip: 463.97 kB[0m
[33m@n8n/chat:build: [0m
[33m@n8n/chat:build: [0m[2K[33m@n8n/chat:build: [0mtransforming...[32m✓[39m 2276 modules transformed.
[33m@n8n/chat:build: [0mrendering chunks...
[33m@n8n/chat:build: [0mcomputing gzip size...
[33m@n8n/chat:build: [0m[2mdist/[0m[35mchat.css            [39m[2m[1m   34.27 kB[0m[0m[2m │ gzip:   6.19 kB[0m
[33m@n8n/chat:build: [0m[2mdist/[0m[36mchat.bundle.umd.js  [39m[33m[1m1,678.61 kB[0m[39m[2m │ gzip: 552.60 kB[0m
[33m@n8n/chat:build: [0m
[33m@n8n/chat:build: [0m[32m✓ built in 1.36s[39m
[34m@n8n/design-system:test: [0mcache hit, replaying logs [2mdc4c8254a23b00f3[0m
[34m@n8n/design-system:test: [0m
[34m@n8n/design-system:test: [0m> @n8n/design-system@2.35.0 test /Users/romeobalta/work/n8n/worktrees/nudge-manual-builders-to-aia/packages/frontend/@n8n/design-system
[34m@n8n/design-system:test: [0m> vitest run
[34m@n8n/design-system:test: [0m
[34m@n8n/design-system:test: [0m
[34m@n8n/design-system:test: [0m[1m[30m[46m RUN [49m[39m[22m [36mv4.1.9 [39m[90m/Users/romeobalta/work/n8n/worktrees/nudge-manual-builders-to-aia/packages/frontend/@n8n/design-system[39m
[34m@n8n/design-system:test: [0m
[34m@n8n/design-system:test: [0m [32m✓[39m src/components/N8nDropdownMenu/DropdownMenu.utils.test.ts [2m([22m[2m33 tests[22m[2m)[22m[33m 325[2mms[22m[39m
[34m@n8n/design-system:test: [0m [32m✓[39m src/components/TableHeaderControlsButton/TableHeaderControlsButton.test.ts [2m([22m[2m32 tests[22m[2m)[22m[33m 331[2mms[22m[39m
[34m@n8n/design-system:test: [0m [32m✓[39m src/components/N8nTooltip/Tooltip.test.ts [2m([22m[2m37 tests[22m[2m)[22m[33m 935[2mms[22m[39m
[34m@n8n/design-system:test: [0m [32m✓[39m src/components/N8nSettingsRow/SettingsRow.test.ts [2m([22m[2m50 tests[22m[2m)[22m[33m 451[2mms[22m[39m
[34m@n8n/design-system:test: [0m [32m✓[39m src/components/AskAssistantChat/AskAssistantChat.test.ts [2m([22m[2m41 tests[22m[2m)[22m[33m 526[2mms[22m[39m
[34m@n8n/design-system:test: [0m [32m✓[39m src/components/N8nChatInput/ChatInput.test.ts [2m([22m[2m41 tests[22m[2m)[22m[33m 831[2mms[22m[39m
[34m@n8n/design-system:test: [0m [32m✓[39m src/components/N8nDialog/Dialog.test.ts [2m([22m[2m37 tests[22m[2m)[22m[33m 1457[2mms[22m[39m
[34m@n8n/design-system:test: [0m [32m✓[39m src/v2/components/InputNumber/InputNumber.test.ts [2m([22m[2m37 tests[22m[2m)[22m[33m 775[2mms[22m[39m
[34m@n8n/design-system:test: [0m [32m✓[39m src/components/N8nButton/Button.test.ts [2m([22m[2m39 tests[22m[2m)[22m[33m 346[2mms[22m[39m
[34m@n8n/design-system:test: [0m [32m✓[39m src/components/N8nIconPicker/IconPicker.test.ts [2m([22m[2m22 tests[22m[2m)[22m[33m 1823[2mms[22m[39m
[34m@n8n/design-system:test: [0m [32m✓[39m src/components/N8nDropdownMenu/DropdownMenu.test.ts [2m([22m[2m55 tests[22m[2m)[22m[33m 2853[2mms[22m[39m
[34m@n8n/design-system:test: [0m [32m✓[39m src/components/N8nPagination/Pagination.test.ts [2m([22m[2m37 tests[22m[2m)[22m[33m 2453[2mms[22m[39m
[34m@n8n/design-system:test: [0m [32m✓[39m src/v2/components/Combobox/Combobox.test.ts [2m([22m[2m55 tests[22m[2m)[22m[33m 2795[2mms[22m[39m
[34m@n8n/design-system:test: [0m [32m✓[39m src/components/N8nSegmentControl/SegmentControl.test.ts [2m([22m[2m23 tests[22m[2m)[22m[33m 629[2mms[22m[39m
[34m@n8n/design-system:test: [0m [32m✓[39m src/components/N8nAlertDialog/AlertDialog.test.ts [2m([22m[2m25 tests[22m[2m)[22m[33m 845[2mms[22m[39m
[34m@n8n/design-system:test: [0m [32m✓[39m src/v2/components/Select/Select.test.ts [2m([22m[2m29 tests[22m[2m)[22m[33m 804[2mms[22m[39m
[34m@n8n/design-system:test: [0m [32m✓[39m src/components/N8nInput/Input.test.ts [2m([22m[2m37 tests[22m[2m)[22m[32m 205[2mms[22m[39m
[34m@n8n/design-system:test: [0m [32m✓[39m src/components/N8nFormInputs/FormInputs.test.ts [2m([22m[2m12 tests[22m[2m)[22m[33m 341[2mms[22m[39m
[34m@n8n/design-system:test: [0m [32m✓[39m src/components/N8nDropdownMenu/DropdownMenuItem.test.ts [2m([22m[2m23 tests[22m[2m)[22m[33m 1211[2mms[22m[39m
[34m@n8n/design-system:test: [0m [32m✓[39m src/components/N8nRadioGroup/RadioGroup.test.ts [2m([22m[2m22 tests[22m[2m)[22m[33m 490[2mms[22m[39m
[34m@n8n/design-system:test: [0m [32m✓[39m src/components/N8nCommandBar/CommandBar.test.ts [2m([22m[2m16 tests[22m[2m)[22m[32m 286[2mms[22m[39m
[34m@n8n/design-system:test: [0m [32m✓[39m src/components/N8nTree/Tree.test.ts [2m([22m[2m19 tests[22m[2m)[22m[32m 107[2mms[22m[39m
[34m@n8n/design-system:test: [0m [32m✓[39m src/components/N8nMenuItem/MenuItem.test.ts [2m([22m[2m25 tests[22m[2m)[22m[32m 241[2mms[22m[39m
[34m@n8n/design-system:test: [0m [32m✓[39m src/v2/components/Checkbox/Checkbox.test.ts [2m([22m[2m24 tests[22m[2m)[22m[33m 392[2mms[22m[39m
[34m@n8n/design-system:test: [0m [32m✓[39m src/components/N8nUserSelect/UserSelect.test.ts [2m([22m[2m9 tests[22m[2m)[22m[33m 1988[2mms[22m[39m
[34m@n8n/design-system:test: [0m     [33m[2m✓[22m[39m filters users by full name (case-insensitive) [33m 325[2mms[22m[39m
[34m@n8n/design-system:test: [0m     [33m[2m✓[22m[39m filters users by email (case-sensitive for filter term, if full name does not match) [33m 684[2mms[22m[39m
[34m@n8n/design-system:test: [0m [32m✓[39m src/v2/components/TagsInput/TagsInput.test.ts [2m([22m[2m25 tests[22m[2m)[22m[33m 592[2mms[22m[39m
[34m@n8n/design-system:test: [0m [32m✓[39m src/components/N8nSwitch/Switch.test.ts [2m([22m[2m23 tests[22m[2m)[22m[33m 374[2mms[22m[39m
[34m@n8n/design-system:test: [0m [32m✓[39m src/components/N8nSendStopButton/N8nSendStopButton.test.ts [2m([22m[2m12 tests[22m[2m)[22m[32m 62[2mms[22m[39m
[34m@n8n/design-system:test: [0m [32m✓[39m src/components/N8nBreadcrumbs/BreadCrumbs.test.ts [2m([22m[2m10 tests[22m[2m)[22m[33m 1351[2mms[22m[39m
[34m@n8n/design-system:test: [0m     [33m[2m✓[22m[39m renders async hidden items correctly [33m 1020[2mms[22m[39m
[34m@n8n/design-system:test: [0m [32m✓[39m src/components/AskAssistantChat/messages/TextMessage.test.ts [2m([22m[2m15 tests[22m[2m)[22m[32m 177[2mms[22m[39m
[34m@n8n/design-system:test: [0m [32m✓[39m src/components/AskAssistantChat/messages/MessageRating.test.ts [2m([22m[2m10 tests[22m[2m)[22m[32m 145[2mms[22m[39m
[34m@n8n/design-system:test: [0m [32m✓[39m src/components/N8nMarkdownEditor/MarkdownEditor.test.ts [2m([22m[2m16 tests[22m[2m)[22m[33m 1672[2mms[22m[39m
[34m@n8n/design-system:test: [0m     [33m[2m✓[22m[39m renders the toolbar from toggle groups by default [33m 430[2mms[22m[39m
[34m@n8n/design-system:test: [0m [32m✓[39m src/components/N8nSettingsSaveBar/SettingsSaveBar.test.ts [2m([22m[2m22 tests[22m[2m)[22m[33m 415[2mms[22m[39m
[34m@n8n/design-system:test: [0m [32m✓[39m src/components/N8nSuggestedActions/SuggestedActions.test.ts [2m([22m[2m13 tests[22m[2m)[22m[32m 160[2mms[22m[39m
[34m@n8n/design-system:test: [0m [32m✓[39m src/components/AskAssistantChat/messages/RestoreVersionConfirm.test.ts [2m([22m[2m13 tests[22m[2m)[22m[32m 70[2mms[22m[39m
[34m@n8n/design-system:test: [0m [32m✓[39m src/components/N8nMarkdown/Markdown.test.ts [2m([22m[2m11 tests[22m[2m)[22m[33m 357[2mms[22m[39m
[34m@n8n/design-system:test: [0m [32m✓[39m src/components/N8nSelect/Select.exposed.test.ts [2m([22m[2m8 tests[22m[2m)[22m[33m 724[2mms[22m[39m
[34m@n8n/design-system:test: [0m [32m✓[39m src/composables/useAutosizeTextarea.test.ts [2m([22m[2m10 tests[22m[2m)[22m[32m 120[2mms[22m[39m
[34m@n8n/design-system:test: [0m [32m✓[39m src/utils/colorUtils.test.ts [2m([22m[2m39 tests[22m[2m)[22m[32m 13[2mms[22m[39m
[34m@n8n/design-system:test: [0m [32m✓[39m src/v2/components/Loading/Loading.test.ts [2m([22m[2m30 tests[22m[2m)[22m[32m 168[2mms[22m[39m
[34m@n8n/design-system:test: [0m [32m✓[39m src/components/AskAssistantChat/messages/ToolMessage.test.ts [2m([22m[2m13 tests[22m[2m)[22m[32m 196[2mms[22m[39m
[34m@n8n/design-system:test: [0m [32m✓[39m src/v2/components/Tree/Tree.test.ts [2m([22m[2m18 tests[22m[2m)[22m[33m 710[2mms[22m[39m
[34m@n8n/design-system:test: [0m [32m✓[39m src/components/N8nToggle/Toggle.test.ts [2m([22m[2m19 tests[22m[2m)[22m[33m 413[2mms[22m[39m
[34m@n8n/design-system:test: [0m [32m✓[39m src/directives/n8n-smart-decimal.test.ts [2m([22m[2m11 tests[22m[2m)[22m[32m 63[2mms[22m[39m
[34m@n8n/design-system:test: [0m [32m✓[39m src/components/N8nSettingsPageHeader/SettingsPageHeader.test.ts [2m([22m[2m9 tests[22m[2m)[22m[32m 200[2mms[22m[39m
[34m@n8n/design-system:test: [0m [32m✓[39m src/components/N8nNodeIcon/NodeIcon.test.ts [2m([22m[2m13 tests[22m[2m)[22m[32m 160[2mms[22m[39m
[34m@n8n/design-system:test: [0m [32m✓[39m src/components/N8nPopover/Popover.test.ts [2m([22m[2m7 tests[22m[2m)[22m[33m 590[2mms[22m[39m
[34m@n8n/design-system:test: [0m [32m✓[39m src/components/N8nHoverCard/HoverCard.test.ts [2m([22m[2m7 tests[22m[2m)[22m[32m 249[2mms[22m[39m
[34m@n8n/design-system:test: [0m [32m✓[39m src/components/N8nDataTableServer/N8nDataTableServer.test.ts [2m([22m[2m9 tests[22m[2m)[22m[33m 2806[2mms[22m[39m
[34m@n8n/design-system:test: [0m     [33m[2m✓[22m[39m should render a table [33m 482[2mms[22m[39m
[34m@n8n/design-system:test: [0m     [33m[2m✓[22m[39m should emit options for sorting / pagination [33m 578[2mms[22m[39m
[34m@n8n/design-system:test: [0m     [33m[2m✓[22m[39m should emit options for sorting with initial sort [33m 719[2mms[22m[39m
[34m@n8n/design-system:test: [0m     [33m[2m✓[22m[39m should adjust page to highest available when page size changes and current page exceeds maximum [33m 451[2mms[22m[39m
[34m@n8n/design-system:test: [0m [32m✓[39m src/components/N8nCallout/Callout.test.ts [2m([22m[2m9 tests[22m[2m)[22m[32m 58[2mms[22m[39m
[34m@n8n/design-system:test: [0m [32m✓[39m src/components/N8nScrollArea/N8nScrollArea.test.ts [2m([22m[2m10 tests[22m[2m)[22m[32m 105[2mms[22m[39m
[34m@n8n/design-system:test: [0m [32m✓[39m src/components/N8nInlineTextEdit/InlineTextEdit.test.ts [2m([22m[2m8 tests[22m[2m)[22m[33m 395[2mms[22m[39m
[34m@n8n/design-system:test: [0m [32m✓[39m src/components/N8nSticky/Sticky.test.ts [2m([22m[2m13 tests[22m[2m)[22m[32m 141[2mms[22m[39m
[34m@n8n/design-system:test: [0m [32m✓[39m src/components/N8nActionDropdown/ActionDropdown.test.ts [2m([22m[2m7 tests[22m[2m)[22m[32m 294[2mms[22m[39m
[34m@n8n/design-system:test: [0m [32m✓[39m src/components/AskAssistantChat/messages/ThinkingMessage.test.ts [2m([22m[2m7 tests[22m[2m)[22m[32m 200[2mms[22m[39m
[34m@n8n/design-system:test: [0m [32m✓[39m src/components/N8nNavigationDropdown/NavigationDropdown.test.ts [2m([22m[2m7 tests[22m[2m)[22m[33m 1831[2mms[22m[39m
[34m@n8n/design-system:test: [0m     [33m[2m✓[22m[39m default slot should trigger first level [33m 333[2mms[22m[39m
[34m@n8n/design-system:test: [0m     [33m[2m✓[22m[39m should toggle nested level on mouseenter / mouseleave [33m 864[2mms[22m[39m
[34m@n8n/design-system:test: [0m [32m✓[39m src/components/N8nSettingsLayout/SettingsLayout.test.ts [2m([22m[2m9 tests[22m[2m)[22m[32m 103[2mms[22m[39m
[34m@n8n/design-system:test: [0m [32m✓[39m src/components/N8nEmptyState/EmptyState.test.ts [2m([22m[2m5 tests[22m[2m)[22m[32m 51[2mms[22m[39m
[34m@n8n/design-system:test: [0m [32m✓[39m src/components/N8nExternalLink/ExternalLink.test.ts [2m([22m[2m11 tests[22m[2m)[22m[32m 203[2mms[22m[39m
[34m@n8n/design-system:test: [0m [32m✓[39m src/components/N8nSelectableList/SelectableList.test.ts [2m([22m[2m4 tests[22m[2m)[22m[32m 83[2mms[22m[39m
[34m@n8n/design-system:test: [0m [32m✓[39m src/components/CodeDiff/CodeDiff.test.ts [2m([22m[2m4 tests[22m[2m)[22m[32m 44[2mms[22m[39m
[34m@n8n/design-system:test: [0m [32m✓[39m src/components/N8nChatMessage/ChatMessage.test.ts [2m([22m[2m5 tests[22m[2m)[22m[32m 60[2mms[22m[39m
[34m@n8n/design-system:test: [0m [32m✓[39m src/components/N8nMarkdown/youtube.test.ts [2m([22m[2m5 tests[22m[2m)[22m[32m 11[2mms[22m[39m
[34m@n8n/design-system:test: [0m [32m✓[39m src/components/N8nDropdownMenu/DropdownMenuSearch.test.ts [2m([22m[2m8 tests[22m[2m)[22m[32m 159[2mms[22m[39m
[34m@n8n/design-system:test: [0m [32m✓[39m src/components/ConditionalRouterLink/ConditionalRouterLink.test.ts [2m([22m[2m4 tests[22m[2m)[22m[32m 95[2mms[22m[39m
[34m@n8n/design-system:test: [0m [32m✓[39m src/components/N8nPromptInputSuggestions/N8nPromptInputSuggestions.test.ts [2m([22m[2m8 tests[22m[2m)[22m[32m 99[2mms[22m[39m
[34m@n8n/design-system:test: [0m [32m✓[39m src/components/N8nAiModelSelectorDropdown/AiModelSelectorDropdown.test.ts [2m([22m[2m5 tests[22m[2m)[22m[33m 397[2mms[22m[39m
[34m@n8n/design-system:test: [0m [32m✓[39m src/components/N8nFormInput/validators.test.ts [2m([22m[2m8 tests[22m[2m)[22m[32m 8[2mms[22m[39m
[34m@n8n/design-system:test: [0m [32m✓[39m src/components/N8nIcon/Icon.test.ts [2m([22m[2m9 tests[22m[2m)[22m[32m 98[2mms[22m[39m
[34m@n8n/design-system:test: [0m [32m✓[39m src/components/N8nRecycleScroller/RecycleScroller.test.ts [2m([22m[2m3 tests[22m[2m)[22m[33m 353[2mms[22m[39m
[34m@n8n/design-system:test: [0m [32m✓[39m src/components/N8nAiActivityStep/AiActivityStep.test.ts [2m([22m[2m8 tests[22m[2m)[22m[32m 118[2mms[22m[39m
[34m@n8n/design-system:test: [0m [32m✓[39m src/components/N8nActionPill/ActionPill.test.ts [2m([22m[2m11 tests[22m[2m)[22m[32m 167[2mms[22m[39m
[34m@n8n/design-system:test: [0m [32m✓[39m src/components/N8nCollapsiblePanel/CollapsiblePanel.test.ts [2m([22m[2m7 tests[22m[2m)[22m[32m 249[2mms[22m[39m
[34m@n8n/design-system:test: [0m [32m✓[39m src/components/DateRangePicker/DateRangePicker.test.ts [2m([22m[2m7 tests[22m[2m)[22m[33m 1585[2mms[22m[39m
[34m@n8n/design-system:test: [0m     [33m[2m✓[22m[39m should show the date range picker when trigger is clicked [33m 355[2mms[22m[39m
[34m@n8n/design-system:test: [0m [32m✓[39m src/components/N8nIconPicker/useIconPickerVirtualRows.test.ts [2m([22m[2m3 tests[22m[2m)[22m[32m 5[2mms[22m[39m
[34m@n8n/design-system:test: [0m [32m✓[39m src/icons/lucide/index.test.ts [2m([22m[2m4 tests[22m[2m)[22m[32m 6[2mms[22m[39m
[34m@n8n/design-system:test: [0m [32m✓[39m src/components/N8nInputLabel/InputLabel.test.ts [2m([22m[2m5 tests[22m[2m)[22m[32m 53[2mms[22m[39m
[34m@n8n/design-system:test: [0m [32m✓[39m src/components/N8nLink/Link.test.ts [2m([22m[2m7 tests[22m[2m)[22m[32m 122[2mms[22m[39m
[34m@n8n/design-system:test: [0m [32m✓[39m src/components/IconTextButton/IconTextButton.test.ts [2m([22m[2m6 tests[22m[2m)[22m[32m 82[2mms[22m[39m
[34m@n8n/design-system:test: [0m [32m✓[39m src/components/N8nCopyInput/CopyInput.test.ts [2m([22m[2m4 tests[22m[2m)[22m[32m 112[2mms[22m[39m
[34m@n8n/design-system:test: [0m [32m✓[39m src/composables/useMessage.test.ts [2m([22m[2m6 tests[22m[2m)[22m[32m 13[2mms[22m[39m
[34m@n8n/design-system:test: [0m [32m✓[39m src/directives/n8n-truncate.test.ts [2m([22m[2m4 tests[22m[2m)[22m[32m 116[2mms[22m[39m
[34m@n8n/design-system:test: [0m [32m✓[39m src/components/N8nDatatable/Datatable.test.ts [2m([22m[2m4 tests[22m[2m)[22m[33m 580[2mms[22m[39m
[34m@n8n/design-system:test: [0m [32m✓[39m src/utils/markdown.test.ts [2m([22m[2m8 tests[22m[2m)[22m[32m 4[2mms[22m[39m
[34m@n8n/design-system:test: [0m [32m✓[39m src/components/N8nCodeBlock/CodeBlock.test.ts [2m([22m[2m5 tests[22m[2m)[22m[33m 356[2mms[22m[39m
[34m@n8n/design-system:test: [0m [32m✓[39m src/components/N8nStepper/Stepper.test.ts [2m([22m[2m5 tests[22m[2m)[22m[32m 149[2mms[22m[39m
[34m@n8n/design-system:test: [0m [32m✓[39m src/css/globalSelectorPlacement.test.ts [2m([22m[2m2 tests[22m[2m)[22m[32m 57[2mms[22m[39m
[34m@n8n/design-system:test: [0m [32m✓[39m src/components/N8nNotice/Notice.test.ts [2m([22m[2m4 tests[22m[2m)[22m[32m 58[2mms[22m[39m
[34m@n8n/design-system:test: [0m [32m✓[39m src/components/N8nSectionHeader/SectionHeader.test.ts [2m([22m[2m5 tests[22m[2m)[22m[32m 63[2mms[22m[39m
[34m@n8n/design-system:test: [0m [32m✓[39m src/components/N8nRoute/Route.test.ts [2m([22m[2m5 tests[22m[2m)[22m[32m 164[2mms[22m[39m
[34m@n8n/design-system:test: [0m [32m✓[39m src/components/N8nSettingsSection/SettingsSection.test.ts [2m([22m[2m4 tests[22m[2m)[22m[32m 131[2mms[22m[39m
[34m@n8n/design-system:test: [0m [32m✓[39m src/utils/labelUtil.test.ts [2m([22m[2m19 tests[22m[2m)[22m[32m 36[2mms[22m[39m
[34m@n8n/design-system:test: [0m [32m✓[39m src/components/N8nFormInput/FormInput.test.ts [2m([22m[2m3 tests[22m[2m)[22m[32m 120[2mms[22m[39m
[34m@n8n/design-system:test: [0m [32m✓[39m src/components/N8nSettingsRowGroup/SettingsRowGroup.test.ts [2m([22m[2m4 tests[22m[2m)[22m[32m 111[2mms[22m[39m
[34m@n8n/design-system:test: [0m [32m✓[39m src/components/N8nTabs/Tabs.test.ts [2m([22m[2m3 tests[22m[2m)[22m[32m 173[2mms[22m[39m
[34m@n8n/design-system:test: [0m [32m✓[39m src/components/N8nSelect/Select.test.ts [2m([22m[2m2 tests[22m[2m)[22m[33m 413[2mms[22m[39m
[34m@n8n/design-system:test: [0m [32m✓[39m src/components/N8nBadge/Badge.test.ts [2m([22m[2m3 tests[22m[2m)[22m[32m 46[2mms[22m[39m
[34m@n8n/design-system:test: [0m [32m✓[39m src/components/AskAssistantIcon/AssistantIcon.test.ts [2m([22m[2m6 tests[22m[2m)[22m[32m 36[2mms[22m[39m
[34m@n8n/design-system:test: [0m [32m✓[39m src/components/N8nSettingsRowConfigure/SettingsRowConfigure.test.ts [2m([22m[2m3 tests[22m[2m)[22m[32m 33[2mms[22m[39m
[34m@n8n/design-system:test: [0m [32m✓[39m src/components/N8nStatusDot/StatusDot.test.ts [2m([22m[2m6 tests[22m[2m)[22m[32m 79[2mms[22m[39m
[34m@n8n/design-system:test: [0m [32m✓[39m src/directives/n8n-html.test.ts [2m([22m[2m2 tests[22m[2m)[22m[32m 37[2mms[22m[39m
[34m@n8n/design-system:test: [0m [32m✓[39m src/components/N8nUserStack/UserStack.test.ts [2m([22m[2m2 tests[22m[2m)[22m[32m 51[2mms[22m[39m
[34m@n8n/design-system:test: [0m [32m✓[39m src/components/N8nAlert/Alert.test.ts [2m([22m[2m2 tests[22m[2m)[22m[32m 95[2mms[22m[39m
[34m@n8n/design-system:test: [0m [32m✓[39m src/components/N8nButtonList/ButtonList.test.ts [2m([22m[2m3 tests[22m[2m)[22m[32m 31[2mms[22m[39m
[34m@n8n/design-system:test: [0m [32m✓[39m src/utils/valueByPath.test.ts [2m([22m[2m5 tests[22m[2m)[22m[32m 6[2mms[22m[39m
[34m@n8n/design-system:test: [0m [32m✓[39m src/components/N8nIconPicker/iconPickerBlocklist.test.ts [2m([22m[2m4 tests[22m[2m)[22m[32m 8[2mms[22m[39m
[34m@n8n/design-system:test: [0m [32m✓[39m src/components/N8nFormBox/FormBox.test.ts [2m([22m[2m1 test[22m[2m)[22m[32m 84[2mms[22m[39m
[34m@n8n/design-system:test: [0m [32m✓[39m src/components/TableBase/TableBase.test.ts [2m([22m[2m3 tests[22m[2m)[22m[32m 76[2mms[22m[39m
[34m@n8n/design-system:test: [0m [32m✓[39m src/components/AskAssistantText/AssistantText.test.ts [2m([22m[2m4 tests[22m[2m)[22m[32m 48[2mms[22m[39m
[34m@n8n/design-system:test: [0m [32m✓[39m src/icons/lucide/bucket.test.ts [2m([22m[2m2 tests[22m[2m)[22m[32m 5[2mms[22m[39m
[34m@n8n/design-system:test: [0m [32m✓[39m src/components/N8nLogo/Logo.test.ts [2m([22m[2m3 tests[22m[2m)[22m[32m 38[2mms[22m[39m
[34m@n8n/design-system:test: [0m [32m✓[39m src/components/N8nIcon/iconColor.test.ts [2m([22m[2m3 tests[22m[2m)[22m[32m 6[2mms[22m[39m
[34m@n8n/design-system:test: [0m [32m✓[39m src/components/N8nAvatar/Avatar.test.ts [2m([22m[2m5 tests[22m[2m)[22m[32m 218[2mms[22m[39m
[34m@n8n/design-system:test: [0m [32m✓[39m src/components/N8nUserInfo/UserInfo.test.ts [2m([22m[2m1 test[22m[2m)[22m[32m 129[2mms[22m[39m
[34m@n8n/design-system:test: [0m [32m✓[39m src/components/N8nTag/Tag.test.ts [2m([22m[2m3 tests[22m[2m)[22m[32m 33[2mms[22m[39m
[34m@n8n/design-system:test: [0m [32m✓[39m src/components/N8nNodeCreatorNode/NodeCreatorNode.test.ts [2m([22m[2m3 tests[22m[2m)[22m[32m 47[2mms[22m[39m
[34m@n8n/design-system:test: [0m [32m✓[39m src/components/N8nCard/Card.test.ts [2m([22m[2m2 tests[22m[2m)[22m[32m 29[2mms[22m[39m
[34m@n8n/design-system:test: [0m [32m✓[39m src/components/N8nInfoTip/InfoTip.test.ts [2m([22m[2m3 tests[22m[2m)[22m[32m 46[2mms[22m[39m
[34m@n8n/design-system:test: [0m [32m✓[39m src/components/PreviewTag/PreviewTag.test.ts [2m([22m[2m3 tests[22m[2m)[22m[32m 21[2mms[22m[39m
[34m@n8n/design-system:test: [0m [32m✓[39m src/components/AskAssistantAvatar/AskAssistantAvatar.test.ts [2m([22m[2m2 tests[22m[2m)[22m[32m 27[2mms[22m[39m
[34m@n8n/design-system:test: [0m [32m✓[39m src/components/N8nActionToggle/ActionToggle.test.ts [2m([22m[2m1 test[22m[2m)[22m[32m 120[2mms[22m[39m
[34m@n8n/design-system:test: [0m [32m✓[39m src/components/AskAssistantButton/AskAssistantButton.test.ts [2m([22m[2m2 tests[22m[2m)[22m[32m 30[2mms[22m[39m
[34m@n8n/design-system:test: [0m [32m✓[39m src/components/BlinkingCursor/BlinkingCursor.test.ts [2m([22m[2m1 test[22m[2m)[22m[32m 11[2mms[22m[39m
[34m@n8n/design-system:test: [0m [32m✓[39m src/components/N8nBlockUi/BlockUi.test.ts [2m([22m[2m2 tests[22m[2m)[22m[32m 43[2mms[22m[39m
[34m@n8n/design-system:test: [0m [32m✓[39m src/components/N8nCircleLoader/CircleLoader.test.ts [2m([22m[2m1 test[22m[2m)[22m[32m 16[2mms[22m[39m
[34m@n8n/design-system:test: [0m [32m✓[39m src/components/CanvasThinkingPill/CanvasThinkingPill.test.ts [2m([22m[2m1 test[22m[2m)[22m[32m 15[2mms[22m[39m
[34m@n8n/design-system:test: [0m [32m✓[39m src/components/N8nColorPicker/ColorPicker.test.ts [2m([22m[2m2 tests[22m[2m)[22m[32m 67[2mms[22m[39m
[34m@n8n/design-system:test: [0m
[34m@n8n/design-system:test: [0m[2m Test Files [22m [1m[32m127 passed[39m[22m[90m (127)[39m
[34m@n8n/design-system:test: [0m[2m      Tests [22m [1m[32m1521 passed[39m[22m[90m (1521)[39m
[34m@n8n/design-system:test: [0m[2m   Start at [22m 13:24:50
[34m@n8n/design-system:test: [0m[2m   Duration [22m 27.80s[2m (transform 26.73s, setup 62.69s, import 114.09s, tests 46.59s, environment 60.03s)[22m
[34m@n8n/design-system:test: [0m
[36m@n8n/stores:test: [0mcache hit, replaying logs [2mcb7acf147c0c678e[0m
[36m@n8n/stores:test: [0m
[36m@n8n/stores:test: [0m> @n8n/stores@2.36.0 test /Users/romeobalta/work/n8n/worktrees/nudge-manual-builders-to-aia/packages/frontend/@n8n/stores
[36m@n8n/stores:test: [0m> vitest run
[36m@n8n/stores:test: [0m
[36m@n8n/stores:test: [0m
[36m@n8n/stores:test: [0m[1m[30m[46m RUN [49m[39m[22m [36mv4.1.9 [39m[90m/Users/romeobalta/work/n8n/worktrees/nudge-manual-builders-to-aia/packages/frontend/@n8n/stores[39m
[36m@n8n/stores:test: [0m
[36m@n8n/stores:test: [0m [32m✓[39m src/invitation.api.test.ts [2m([22m[2m2 tests[22m[2m)[22m[32m 3[2mms[22m[39m
[36m@n8n/stores:test: [0m [32m✓[39m src/notifications.store.test.ts [2m([22m[2m4 tests[22m[2m)[22m[32m 3[2mms[22m[39m
[36m@n8n/stores:test: [0m [32m✓[39m src/useAgentRequestStore.test.ts [2m([22m[2m11 tests[22m[2m)[22m[32m 14[2mms[22m[39m
[36m@n8n/stores:test: [0m [32m✓[39m src/__tests__/metaTagConfig.test.ts [2m([22m[2m19 tests[22m[2m)[22m[32m 37[2mms[22m[39m
[36m@n8n/stores:test: [0m [32m✓[39m src/rbac.store.test.ts [2m([22m[2m10 tests[22m[2m)[22m[32m 8[2mms[22m[39m
[36m@n8n/stores:test: [0m [32m✓[39m src/cloudPlan.store.test.ts [2m([22m[2m36 tests[22m[2m)[22m[32m 38[2mms[22m[39m
[36m@n8n/stores:test: [0m [32m✓[39m src/settings.store.test.ts [2m([22m[2m31 tests[22m[2m)[22m[32m 62[2mms[22m[39m
[36m@n8n/stores:test: [0m [32m✓[39m src/roles.store.test.ts [2m([22m[2m5 tests[22m[2m)[22m[32m 18[2mms[22m[39m
[36m@n8n/stores:test: [0m [32m✓[39m src/versions.store.test.ts [2m([22m[2m32 tests[22m[2m)[22m[32m 34[2mms[22m[39m
[36m@n8n/stores:test: [0m [32m✓[39m src/composables/useBasePageRedirectionHelper.test.ts [2m([22m[2m16 tests[22m[2m)[22m[32m 31[2mms[22m[39m
[36m@n8n/stores:test: [0m [32m✓[39m src/users.store.test.ts [2m([22m[2m23 tests[22m[2m)[22m[32m 21[2mms[22m[39m
[36m@n8n/stores:test: [0m
[36m@n8n/stores:test: [0m[2m Test Files [22m [1m[32m11 passed[39m[22m[90m (11)[39m
[36m@n8n/stores:test: [0m[2m      Tests [22m [1m[32m189 passed[39m[22m[90m (189)[39m
[36m@n8n/stores:test: [0m[2m   Start at [22m 13:24:46
[36m@n8n/stores:test: [0m[2m   Duration [22m 2.09s[2m (transform 3.50s, setup 4.28s, import 6.15s, tests 268ms, environment 5.20s)[22m
[36m@n8n/stores:test: [0m
[35m@n8n/client-oauth2:build: [0mcache hit, replaying logs [2m613902c704601422[0m
[35m@n8n/client-oauth2:build: [0m
[35m@n8n/client-oauth2:build: [0m> @n8n/client-oauth2@1.18.0 build /Users/romeobalta/work/n8n/worktrees/nudge-manual-builders-to-aia/packages/@n8n/client-oauth2
[35m@n8n/client-oauth2:build: [0m> tsc -p tsconfig.build.json
[35m@n8n/client-oauth2:build: [0m
[32m@n8n/blob-storage:build: [0mcache hit, replaying logs [2m28bba8abce5e0ef3[0m
[32m@n8n/blob-storage:build: [0m
[32m@n8n/blob-storage:build: [0m> @n8n/blob-storage@1.4.0 build /Users/romeobalta/work/n8n/worktrees/nudge-manual-builders-to-aia/packages/@n8n/blob-storage
[32m@n8n/blob-storage:build: [0m> tsc -p tsconfig.build.json
[32m@n8n/blob-storage:build: [0m
[33m@n8n/ai-utilities:build: [0mcache hit, replaying logs [2m61f0c5e850383ba2[0m
[33m@n8n/ai-utilities:build: [0m
[33m@n8n/ai-utilities:build: [0m> @n8n/ai-utilities@0.29.0 build /Users/romeobalta/work/n8n/worktrees/nudge-manual-builders-to-aia/packages/@n8n/ai-utilities
[33m@n8n/ai-utilities:build: [0m> tsc --build tsconfig.build.esm.json tsconfig.build.cjs.json && tsc-alias -p tsconfig.build.esm.json && tsc-alias -p tsconfig.build.cjs.json && pnpm copy-tokenizer-json dist/cjs && pnpm copy-tokenizer-json dist/esm
[33m@n8n/ai-utilities:build: [0m
[33m@n8n/ai-utilities:build: [0m../../..                                 | [43m[30m WARN [39m[49m Unsupported engine: wanted: {"node":">=24.0.0"} (current: {"node":"v22.22.3","pnpm":"10.32.1"})
[33m@n8n/ai-utilities:build: [0m../agents                                | [43m[30m WARN [39m[49m Unsupported engine: wanted: {"node":">=24.0.0"} (current: {"node":"v22.22.3","pnpm":"10.32.1"})
[33m@n8n/ai-utilities:build: [0m../benchmark                             | [43m[30m WARN [39m[49m Unsupported engine: wanted: {"node":">=24.0.0"} (current: {"node":"v22.22.3","pnpm":"10.32.1"})
[33m@n8n/ai-utilities:build: [0m../../cli                                | [43m[30m WARN [39m[49m Unsupported engine: wanted: {"node":">=24.0.0"} (current: {"node":"v22.22.3","pnpm":"10.32.1"})
[33m@n8n/ai-utilities:build: [0m
[33m@n8n/ai-utilities:build: [0m> @n8n/ai-utilities@0.29.0 copy-tokenizer-json /Users/romeobalta/work/n8n/worktrees/nudge-manual-builders-to-aia/packages/@n8n/ai-utilities
[33m@n8n/ai-utilities:build: [0m> node scripts/copy-tokenizer-json.js . dist/cjs
[33m@n8n/ai-utilities:build: [0m
[33m@n8n/ai-utilities:build: [0mCopied: src/utils/tokenizer/cl100k_base.json -> /Users/romeobalta/work/n8n/worktrees/nudge-manual-builders-to-aia/packages/@n8n/ai-utilities/dist/cjs/utils/tokenizer/cl100k_basejson
[33m@n8n/ai-utilities:build: [0mCopied: src/utils/tokenizer/o200k_base.json -> /Users/romeobalta/work/n8n/worktrees/nudge-manual-builders-to-aia/packages/@n8n/ai-utilities/dist/cjs/utils/tokenizer/o200k_basejson
[33m@n8n/ai-utilities:build: [0m../../..                                 | [43m[30m WARN [39m[49m Unsupported engine: wanted: {"node":">=24.0.0"} (current: {"node":"v22.22.3","pnpm":"10.32.1"})
[33m@n8n/ai-utilities:build: [0m../agents                                | [43m[30m WARN [39m[49m Unsupported engine: wanted: {"node":">=24.0.0"} (current: {"node":"v22.22.3","pnpm":"10.32.1"})
[33m@n8n/ai-utilities:build: [0m../benchmark                             | [43m[30m WARN [39m[49m Unsupported engine: wanted: {"node":">=24.0.0"} (current: {"node":"v22.22.3","pnpm":"10.32.1"})
[33m@n8n/ai-utilities:build: [0m../../cli                                | [43m[30m WARN [39m[49m Unsupported engine: wanted: {"node":">=24.0.0"} (current: {"node":"v22.22.3","pnpm":"10.32.1"})
[33m@n8n/ai-utilities:build: [0m
[33m@n8n/ai-utilities:build: [0m> @n8n/ai-utilities@0.29.0 copy-tokenizer-json /Users/romeobalta/work/n8n/worktrees/nudge-manual-builders-to-aia/packages/@n8n/ai-utilities
[33m@n8n/ai-utilities:build: [0m> node scripts/copy-tokenizer-json.js . dist/esm
[33m@n8n/ai-utilities:build: [0m
[33m@n8n/ai-utilities:build: [0mCopied: src/utils/tokenizer/cl100k_base.json -> /Users/romeobalta/work/n8n/worktrees/nudge-manual-builders-to-aia/packages/@n8n/ai-utilities/dist/esm/utils/tokenizer/cl100k_basejson
[33m@n8n/ai-utilities:build: [0mCopied: src/utils/tokenizer/o200k_base.json -> /Users/romeobalta/work/n8n/worktrees/nudge-manual-builders-to-aia/packages/@n8n/ai-utilities/dist/esm/utils/tokenizer/o200k_basejson
[34m@n8n/backend-network:test: [0mcache hit, replaying logs [2mb0f2ec2ab7a04462[0m
[34m@n8n/backend-network:test: [0m
[34m@n8n/backend-network:test: [0m> @n8n/backend-network@1.10.0 test /Users/romeobalta/work/n8n/worktrees/nudge-manual-builders-to-aia/packages/@n8n/backend-network
[34m@n8n/backend-network:test: [0m> vitest run
[34m@n8n/backend-network:test: [0m
[34m@n8n/backend-network:test: [0m
[34m@n8n/backend-network:test: [0m[1m[30m[46m RUN [49m[39m[22m [36mv4.1.9 [39m[90m/Users/romeobalta/work/n8n/worktrees/nudge-manual-builders-to-aia/packages/@n8n/backend-network[39m
[34m@n8n/backend-network:test: [0m
[34m@n8n/backend-network:test: [0m [32m✓[39m src/http/axios/__tests__/utils.test.ts [2m([22m[2m100 tests[22m[2m)[22m[32m 21[2mms[22m[39m
[34m@n8n/backend-network:test: [0m [32m✓[39m src/http/__tests__/http-proxy.test.ts [2m([22m[2m20 tests[22m[2m)[22m[32m 111[2mms[22m[39m
[34m@n8n/backend-network:test: [0m [32m✓[39m src/http/__tests__/parse-incoming-message.test.ts [2m([22m[2m30 tests[22m[2m)[22m[32m 5[2mms[22m[39m
[34m@n8n/backend-network:test: [0m [32m✓[39m src/http/__tests__/node-agents.test.ts [2m([22m[2m30 tests[22m[2m)[22m[32m 43[2mms[22m[39m
[34m@n8n/backend-network:test: [0m [32m✓[39m src/ssrf/__tests__/ssrf-protection.service.test.ts [2m([22m[2m92 tests[22m[2m)[22m[32m 84[2mms[22m[39m
[34m@n8n/backend-network:test: [0m [32m✓[39m src/http/__tests__/client-request-error.test.ts [2m([22m[2m34 tests[22m[2m)[22m[32m 6[2mms[22m[39m
[34m@n8n/backend-network:test: [0m [32m✓[39m src/http/axios/__tests__/legacy.test.ts [2m([22m[2m29 tests[22m[2m)[22m[32m 11[2mms[22m[39m
[34m@n8n/backend-network:test: [0m [32m✓[39m src/proxy/__tests__/no-proxy-patch.test.ts [2m([22m[2m13 tests[22m[2m)[22m[32m 10[2mms[22m[39m
[34m@n8n/backend-network:test: [0m [32m✓[39m src/http/__tests__/outbound-http.authorization.test.ts [2m([22m[2m7 tests[22m[2m)[22m[32m 44[2mms[22m[39m
[34m@n8n/backend-network:test: [0m [32m✓[39m src/http/__tests__/retryability.test.ts [2m([22m[2m52 tests[22m[2m)[22m[32m 53[2mms[22m[39m
[34m@n8n/backend-network:test: [0m [32m✓[39m src/http/axios/__tests__/ssrf-redirect.test.ts [2m([22m[2m20 tests[22m[2m)[22m[32m 230[2mms[22m[39m
[34m@n8n/backend-network:test: [0m [32m✓[39m src/http/__tests__/outbound-http.ssrf.test.ts [2m([22m[2m20 tests[22m[2m)[22m[32m 144[2mms[22m[39m
[34m@n8n/backend-network:test: [0m [32m✓[39m src/proxy/__tests__/proxied-agents.test.ts [2m([22m[2m7 tests[22m[2m)[22m[32m 6[2mms[22m[39m
[34m@n8n/backend-network:test: [0m [32m✓[39m src/http/axios/__tests__/request.test.ts [2m([22m[2m65 tests[22m[2m)[22m[33m 330[2mms[22m[39m
[34m@n8n/backend-network:test: [0m [32m✓[39m src/http/__tests__/transport-subpath-purity.test.ts [2m([22m[2m3 tests[22m[2m)[22m[32m 7[2mms[22m[39m
[34m@n8n/backend-network:test: [0m [32m✓[39m src/dns/__tests__/dns-resolver.test.ts [2m([22m[2m13 tests[22m[2m)[22m[32m 7[2mms[22m[39m
[34m@n8n/backend-network:test: [0m [32m✓[39m src/proxy/__tests__/proxy-subpath-purity.test.ts [2m([22m[2m3 tests[22m[2m)[22m[32m 4[2mms[22m[39m
[34m@n8n/backend-network:test: [0m [32m✓[39m src/http/__tests__/env-proxy-router.test.ts [2m([22m[2m14 tests[22m[2m)[22m[32m 11[2mms[22m[39m
[34m@n8n/backend-network:test: [0m [32m✓[39m src/http/__tests__/env-proxy-https-agent.test.ts [2m([22m[2m5 tests[22m[2m)[22m[32m 5[2mms[22m[39m
[34m@n8n/backend-network:test: [0m [32m✓[39m src/ssrf/__tests__/ip-range-builder.test.ts [2m([22m[2m9 tests[22m[2m)[22m[32m 9[2mms[22m[39m
[34m@n8n/backend-network:test: [0m [32m✓[39m src/http/__tests__/env-proxy-http-agent.test.ts [2m([22m[2m5 tests[22m[2m)[22m[32m 4[2mms[22m[39m
[34m@n8n/backend-network:test: [0m [32m✓[39m src/dns/__tests__/in-memory-dns-cache.service.test.ts [2m([22m[2m13 tests[22m[2m)[22m[32m 10[2mms[22m[39m
[34m@n8n/backend-network:test: [0m [32m✓[39m src/http/__tests__/transport-integration.test.ts [2m([22m[2m9 tests[22m[2m)[22m[32m 62[2mms[22m[39m
[34m@n8n/backend-network:test: [0m [32m✓[39m src/ssrf/__tests__/hostname-matcher.test.ts [2m([22m[2m12 tests[22m[2m)[22m[32m 4[2mms[22m[39m
[34m@n8n/backend-network:test: [0m [32m✓[39m src/http/__tests__/outbound-http.node-agent.test.ts [2m([22m[2m8 tests[22m[2m)[22m[32m 5[2mms[22m[39m
[34m@n8n/backend-network:test: [0m [32m✓[39m src/http/__tests__/outbound-http.requests.test.ts [2m([22m[2m12 tests[22m[2m)[22m[32m 8[2mms[22m[39m
[34m@n8n/backend-network:test: [0m [32m✓[39m src/http/__tests__/binary-string.test.ts [2m([22m[2m26 tests[22m[2m)[22m[32m 27[2mms[22m[39m
[34m@n8n/backend-network:test: [0m [32m✓[39m src/http/__tests__/connection-guards.test.ts [2m([22m[2m8 tests[22m[2m)[22m[32m 6[2mms[22m[39m
[34m@n8n/backend-network:test: [0m [32m✓[39m src/proxy/__tests__/proxy-resolution.test.ts [2m([22m[2m6 tests[22m[2m)[22m[32m 11[2mms[22m[39m
[34m@n8n/backend-network:test: [0m [32m✓[39m src/http/__tests__/binary-buffer.test.ts [2m([22m[2m10 tests[22m[2m)[22m[33m 571[2mms[22m[39m
[34m@n8n/backend-network:test: [0m [32m✓[39m src/http/__tests__/outbound-http.test.ts [2m([22m[2m6 tests[22m[2m)[22m[32m 11[2mms[22m[39m
[34m@n8n/backend-network:test: [0m [32m✓[39m src/http/axios/__tests__/user-agent.test.ts [2m([22m[2m6 tests[22m[2m)[22m[32m 20[2mms[22m[39m
[34m@n8n/backend-network:test: [0m [32m✓[39m src/http/axios/__tests__/invoke.test.ts [2m([22m[2m6 tests[22m[2m)[22m[32m 49[2mms[22m[39m
[34m@n8n/backend-network:test: [0m [32m✓[39m src/http/axios/__tests__/config.test.ts [2m([22m[2m3 tests[22m[2m)[22m[32m 2[2mms[22m[39m
[34m@n8n/backend-network:test: [0m [32m✓[39m src/http/__tests__/outbound-http.dispatcher.test.ts [2m([22m[2m5 tests[22m[2m)[22m[32m 3[2mms[22m[39m
[34m@n8n/backend-network:test: [0m [32m✓[39m src/http/__tests__/outbound-http.error-tagging.test.ts [2m([22m[2m2 tests[22m[2m)[22m[32m 17[2mms[22m[39m
[34m@n8n/backend-network:test: [0m [32m✓[39m src/http/__tests__/legacy-request.test.ts [2m([22m[2m29 tests[22m[2m)[22m[33m 1871[2mms[22m[39m
[34m@n8n/backend-network:test: [0m       [33m[2m✓[22m[39m rejects instead of hanging when the error-response body never terminates [33m 508[2mms[22m[39m
[34m@n8n/backend-network:test: [0m       [33m[2m✓[22m[39m bounds the error-body read by responseBodyReadTimeout even with a larger per-request timeout [33m 504[2mms[22m[39m
[34m@n8n/backend-network:test: [0m       [33m[2m✓[22m[39m guards a stalled success-response (2xx) body that the caller drains [33m 504[2mms[22m[39m
[34m@n8n/backend-network:test: [0m [32m✓[39m src/http/__tests__/transport-timeouts.test.ts [2m([22m[2m3 tests[22m[2m)[22m[33m 2020[2mms[22m[39m
[34m@n8n/backend-network:test: [0m     [33m[2m✓[22m[39m applies headersTimeout to the dispatcher so a slow response aborts [33m 1008[2mms[22m[39m
[34m@n8n/backend-network:test: [0m     [33m[2m✓[22m[39m keeps undici defaults when no timeout is set so the slow response succeeds [33m 1006[2mms[22m[39m
[34m@n8n/backend-network:test: [0m
[34m@n8n/backend-network:test: [0m[2m Test Files [22m [1m[32m38 passed[39m[22m[90m (38)[39m
[34m@n8n/backend-network:test: [0m[2m      Tests [22m [1m[32m735 passed[39m[22m[90m (735)[39m
[34m@n8n/backend-network:test: [0m[2m   Start at [22m 13:25:19
[34m@n8n/backend-network:test: [0m[2m   Duration [22m 5.55s[2m (transform 2.90s, setup 0ms, import 23.80s, tests 5.84s, environment 2ms)[22m
[34m@n8n/backend-network:test: [0m
[36m@n8n/frontend-module-sdk:test: [0mcache hit, replaying logs [2m827e18511f7e07a6[0m
[36m@n8n/frontend-module-sdk:test: [0m
[36m@n8n/frontend-module-sdk:test: [0m> @n8n/frontend-module-sdk@0.6.0 test /Users/romeobalta/work/n8n/worktrees/nudge-manual-builders-to-aia/packages/frontend/@n8n/frontend-module-sdk
[36m@n8n/frontend-module-sdk:test: [0m> vitest run
[36m@n8n/frontend-module-sdk:test: [0m
[36m@n8n/frontend-module-sdk:test: [0m
[36m@n8n/frontend-module-sdk:test: [0m[1m[30m[46m RUN [49m[39m[22m [36mv4.1.9 [39m[90m/Users/romeobalta/work/n8n/worktrees/nudge-manual-builders-to-aia/packages/frontend/@n8n/frontend-module-sdk[39m
[36m@n8n/frontend-module-sdk:test: [0m
[36m@n8n/frontend-module-sdk:test: [0m [32m✓[39m src/types/descriptor.test.ts [2m([22m[2m2 tests[22m[2m)[22m[32m 2[2mms[22m[39m
[36m@n8n/frontend-module-sdk:test: [0m [32m✓[39m src/registries/pushHandlerRegistry.test.ts [2m([22m[2m6 tests[22m[2m)[22m[32m 3[2mms[22m[39m
[36m@n8n/frontend-module-sdk:test: [0m [32m✓[39m src/registries/resourceRegistry.test.ts [2m([22m[2m9 tests[22m[2m)[22m[32m 12[2mms[22m[39m
[36m@n8n/frontend-module-sdk:test: [0m [32m✓[39m src/registries/commandRegistry.test.ts [2m([22m[2m5 tests[22m[2m)[22m[32m 4[2mms[22m[39m
[36m@n8n/frontend-module-sdk:test: [0m [32m✓[39m src/routeNames.test.ts [2m([22m[2m10 tests[22m[2m)[22m[32m 8[2mms[22m[39m
[36m@n8n/frontend-module-sdk:test: [0m [32m✓[39m src/registries/modalRegistry.test.ts [2m([22m[2m35 tests[22m[2m)[22m[32m 9[2mms[22m[39m
[36m@n8n/frontend-module-sdk:test: [0m
[36m@n8n/frontend-module-sdk:test: [0m[2m Test Files [22m [1m[32m6 passed[39m[22m[90m (6)[39m
[36m@n8n/frontend-module-sdk:test: [0m[2m      Tests [22m [1m[32m67 passed[39m[22m[90m (67)[39m
[36m@n8n/frontend-module-sdk:test: [0m[2m   Start at [22m 13:25:28
[36m@n8n/frontend-module-sdk:test: [0m[2m   Duration [22m 628ms[2m (transform 222ms, setup 1.41s, import 157ms, tests 38ms, environment 1.60s)[22m
[36m@n8n/frontend-module-sdk:test: [0m
[35m@n8n/mcp-browser-extension:test: [0mcache hit, replaying logs [2m14b74e63bc8f95b0[0m
[35m@n8n/mcp-browser-extension:test: [0m
[35m@n8n/mcp-browser-extension:test: [0m> @n8n/mcp-browser-extension@0.0.7 test /Users/romeobalta/work/n8n/worktrees/nudge-manual-builders-to-aia/packages/@n8n/mcp-browser-extension
[35m@n8n/mcp-browser-extension:test: [0m> vitest run
[35m@n8n/mcp-browser-extension:test: [0m
[35m@n8n/mcp-browser-extension:test: [0m
[35m@n8n/mcp-browser-extension:test: [0m[1m[30m[46m RUN [49m[39m[22m [36mv4.1.9 [39m[90m/Users/romeobalta/work/n8n/worktrees/nudge-manual-builders-to-aia/packages/@n8n/mcp-browser-extension[39m
[35m@n8n/mcp-browser-extension:test: [0m
[35m@n8n/mcp-browser-extension:test: [0m [32m✓[39m src/documentPreparation.test.ts [2m([22m[2m8 tests[22m[2m)[22m[32m 6[2mms[22m[39m
[35m@n8n/mcp-browser-extension:test: [0m [32m✓[39m src/relayAllowlist.test.ts [2m([22m[2m16 tests[22m[2m)[22m[32m 3[2mms[22m[39m
[35m@n8n/mcp-browser-extension:test: [0m [32m✓[39m src/approvedHosts.test.ts [2m([22m[2m13 tests[22m[2m)[22m[32m 6[2mms[22m[39m
[35m@n8n/mcp-browser-extension:test: [0m [32m✓[39m src/foreignFrames.test.ts [2m([22m[2m22 tests[22m[2m)[22m[32m 7[2mms[22m[39m
[35m@n8n/mcp-browser-extension:test: [0m [32m✓[39m src/background.test.ts [2m([22m[2m19 tests[22m[2m)[22m[32m 94[2mms[22m[39m
[35m@n8n/mcp-browser-extension:test: [0m [32m✓[39m src/background.silentConnect.test.ts [2m([22m[2m8 tests[22m[2m)[22m[32m 121[2mms[22m[39m
[35m@n8n/mcp-browser-extension:test: [0m [32m✓[39m src/ui/composables/useConnection.test.ts [2m([22m[2m41 tests[22m[2m)[22m[32m 126[2mms[22m[39m
[35m@n8n/mcp-browser-extension:test: [0m [32m✓[39m src/documentPreparation.script.test.ts [2m([22m[2m14 tests[22m[2m)[22m[32m 236[2mms[22m[39m
[35m@n8n/mcp-browser-extension:test: [0m [32m✓[39m src/relayConnection.test.ts [2m([22m[2m51 tests[22m[2m)[22m[33m 478[2mms[22m[39m
[35m@n8n/mcp-browser-extension:test: [0mError: Not implemented: HTMLCanvasElement.prototype.getContext (without installing the canvas npm package)
[35m@n8n/mcp-browser-extension:test: [0m    at module.exports (/Users/romeobalta/work/n8n/worktrees/nudge-manual-builders-to-aia/node_modules/.pnpm/jsdom@23.0.1_bufferutil@4.0.9_utf-8-validate@5.0.10/node_modules/jsdom/lib/jsdom/browser/not-implemented.js:9:17)
[35m@n8n/mcp-browser-extension:test: [0m    at HTMLCanvasElementImpl.getContext (/Users/romeobalta/work/n8n/worktrees/nudge-manual-builders-to-aia/node_modules/.pnpm/jsdom@23.0.1_bufferutil@4.0.9_utf-8-validate@5.0.10/node_modules/jsdom/lib/jsdom/living/nodes/HTMLCanvasElement-impl.js:42:5)
[35m@n8n/mcp-browser-extension:test: [0m    at HTMLCanvasElement.getContext (/Users/romeobalta/work/n8n/worktrees/nudge-manual-builders-to-aia/node_modules/.pnpm/jsdom@23.0.1_bufferutil@4.0.9_utf-8-validate@5.0.10/node_modules/jsdom/lib/jsdom/living/generated/HTMLCanvasElement.js:131:58)
[35m@n8n/mcp-browser-extension:test: [0m    at /Users/romeobalta/work/n8n/worktrees/nudge-manual-builders-to-aia/node_modules/.pnpm/is-emoji-supported@0.0.5/node_modules/is-emoji-supported/dist/cjs/is-emoji-supported.js:38:48
[35m@n8n/mcp-browser-extension:test: [0m    at Object.<anonymous> (/Users/romeobalta/work/n8n/worktrees/nudge-manual-builders-to-aia/node_modules/.pnpm/is-emoji-supported@0.0.5/node_modules/is-emoji-supported/dist/cjs/is-emoji-supported.js:87:3)
[35m@n8n/mcp-browser-extension:test: [0m    at Module._compile (node:internal/modules/cjs/loader:1781:14)
[35m@n8n/mcp-browser-extension:test: [0m    at Object..js (node:internal/modules/cjs/loader:1913:10)
[35m@n8n/mcp-browser-extension:test: [0m    at Module.load (node:internal/modules/cjs/loader:1505:32)
[35m@n8n/mcp-browser-extension:test: [0m    at Function._load (node:internal/modules/cjs/loader:1309:12)
[35m@n8n/mcp-browser-extension:test: [0m    at wrapModuleLoad (node:internal/modules/cjs/loader:254:19) [90mundefined[39m
[35m@n8n/mcp-browser-extension:test: [0mError: Not implemented: HTMLCanvasElement.prototype.getContext (without installing the canvas npm package)
[35m@n8n/mcp-browser-extension:test: [0m    at module.exports (/Users/romeobalta/work/n8n/worktrees/nudge-manual-builders-to-aia/node_modules/.pnpm/jsdom@23.0.1_bufferutil@4.0.9_utf-8-validate@5.0.10/node_modules/jsdom/lib/jsdom/browser/not-implemented.js:9:17)
[35m@n8n/mcp-browser-extension:test: [0m    at HTMLCanvasElementImpl.getContext (/Users/romeobalta/work/n8n/worktrees/nudge-manual-builders-to-aia/node_modules/.pnpm/jsdom@23.0.1_bufferutil@4.0.9_utf-8-validate@5.0.10/node_modules/jsdom/lib/jsdom/living/nodes/HTMLCanvasElement-impl.js:42:5)
[35m@n8n/mcp-browser-extension:test: [0m    at HTMLCanvasElement.getContext (/Users/romeobalta/work/n8n/worktrees/nudge-manual-builders-to-aia/node_modules/.pnpm/jsdom@23.0.1_bufferutil@4.0.9_utf-8-validate@5.0.10/node_modules/jsdom/lib/jsdom/living/generated/HTMLCanvasElement.js:131:58)
[35m@n8n/mcp-browser-extension:test: [0m    at /Users/romeobalta/work/n8n/worktrees/nudge-manual-builders-to-aia/node_modules/.pnpm/is-emoji-supported@0.0.5/node_modules/is-emoji-supported/dist/cjs/is-emoji-supported.js:38:48
[35m@n8n/mcp-browser-extension:test: [0m    at Object.<anonymous> (/Users/romeobalta/work/n8n/worktrees/nudge-manual-builders-to-aia/node_modules/.pnpm/is-emoji-supported@0.0.5/node_modules/is-emoji-supported/dist/cjs/is-emoji-supported.js:87:3)
[35m@n8n/mcp-browser-extension:test: [0m    at Module._compile (node:internal/modules/cjs/loader:1781:14)
[35m@n8n/mcp-browser-extension:test: [0m    at Object..js (node:internal/modules/cjs/loader:1913:10)
[35m@n8n/mcp-browser-extension:test: [0m    at Module.load (node:internal/modules/cjs/loader:1505:32)
[35m@n8n/mcp-browser-extension:test: [0m    at Function._load (node:internal/modules/cjs/loader:1309:12)
[35m@n8n/mcp-browser-extension:test: [0m    at wrapModuleLoad (node:internal/modules/cjs/loader:254:19) [90mundefined[39m
[35m@n8n/mcp-browser-extension:test: [0m [32m✓[39m src/ui/components/rememberedHosts.test.ts [2m([22m[2m4 tests[22m[2m)[22m[32m 21[2mms[22m[39m
[35m@n8n/mcp-browser-extension:test: [0m [32m✓[39m src/ui/app.test.ts [2m([22m[2m4 tests[22m[2m)[22m[32m 52[2mms[22m[39m
[35m@n8n/mcp-browser-extension:test: [0m
[35m@n8n/mcp-browser-extension:test: [0m[2m Test Files [22m [1m[32m11 passed[39m[22m[90m (11)[39m
[35m@n8n/mcp-browser-extension:test: [0m[2m      Tests [22m [1m[32m200 passed[39m[22m[90m (200)[39m
[35m@n8n/mcp-browser-extension:test: [0m[2m   Start at [22m 13:25:25
[35m@n8n/mcp-browser-extension:test: [0m[2m   Duration [22m 2.06s[2m (transform 1.79s, setup 0ms, import 3.43s, tests 1.15s, environment 5.55s)[22m
[35m@n8n/mcp-browser-extension:test: [0m
[32m@n8n/mcp-apps:test: [0mcache hit, replaying logs [2m627c43b85a6c7263[0m
[32m@n8n/mcp-apps:test: [0m
[32m@n8n/mcp-apps:test: [0m> @n8n/mcp-apps@0.13.0 test /Users/romeobalta/work/n8n/worktrees/nudge-manual-builders-to-aia/packages/@n8n/mcp-apps
[32m@n8n/mcp-apps:test: [0m> vitest run
[32m@n8n/mcp-apps:test: [0m
[32m@n8n/mcp-apps:test: [0m
[32m@n8n/mcp-apps:test: [0m[1m[30m[46m RUN [49m[39m[22m [36mv4.1.9 [39m[90m/Users/romeobalta/work/n8n/worktrees/nudge-manual-builders-to-aia/packages/@n8n/mcp-apps[39m
[32m@n8n/mcp-apps:test: [0m
[32m@n8n/mcp-apps:test: [0m [32m✓[39m src/telemetry/sanitize.test.ts [2m([22m[2m4 tests[22m[2m)[22m[32m 8[2mms[22m[39m
[32m@n8n/mcp-apps:test: [0m [32m✓[39m src/server/telemetry-config.test.ts [2m([22m[2m4 tests[22m[2m)[22m[32m 4[2mms[22m[39m
[32m@n8n/mcp-apps:test: [0m [32m✓[39m src/telemetry/index.test.ts [2m([22m[2m7 tests[22m[2m)[22m[32m 10[2mms[22m[39m
[32m@n8n/mcp-apps:test: [0m [32m✓[39m src/apps/workflow-preview/utils/url.test.ts [2m([22m[2m43 tests[22m[2m)[22m[32m 4[2mms[22m[39m
[32m@n8n/mcp-apps:test: [0m [32m✓[39m src/server/sdk-version.test.ts [2m([22m[2m3 tests[22m[2m)[22m[32m 3[2mms[22m[39m
[32m@n8n/mcp-apps:test: [0m [32m✓[39m src/server/register-mcp-app-tool.test.ts [2m([22m[2m4 tests[22m[2m)[22m[32m 2[2mms[22m[39m
[32m@n8n/mcp-apps:test: [0m [32m✓[39m src/server/apps/workflow-preview.test.ts [2m([22m[2m7 tests[22m[2m)[22m[32m 6[2mms[22m[39m
[32m@n8n/mcp-apps:test: [0m [32m✓[39m src/composables/use-mcp-app-telemetry.test.ts [2m([22m[2m3 tests[22m[2m)[22m[32m 4[2mms[22m[39m
[32m@n8n/mcp-apps:test: [0m [32m✓[39m src/composables/use-mcp-app-crash-telemetry.test.ts [2m([22m[2m2 tests[22m[2m)[22m[32m 9[2mms[22m[39m
[32m@n8n/mcp-apps:test: [0m [32m✓[39m src/apps/workflow-preview/composables/use-workflow-preview.test.ts [2m([22m[2m10 tests[22m[2m)[22m[32m 11[2mms[22m[39m
[32m@n8n/mcp-apps:test: [0m [32m✓[39m src/i18n/index.test.ts [2m([22m[2m11 tests[22m[2m)[22m[32m 4[2mms[22m[39m
[32m@n8n/mcp-apps:test: [0m [32m✓[39m src/server/resource-loader.test.ts [2m([22m[2m3 tests[22m[2m)[22m[32m 2[2mms[22m[39m
[32m@n8n/mcp-apps:test: [0m [32m✓[39m src/telemetry/client-info.test.ts [2m([22m[2m2 tests[22m[2m)[22m[32m 2[2mms[22m[39m
[32m@n8n/mcp-apps:test: [0m
[32m@n8n/mcp-apps:test: [0m[2m Test Files [22m [1m[32m13 passed[39m[22m[90m (13)[39m
[32m@n8n/mcp-apps:test: [0m[2m      Tests [22m [1m[32m103 passed[39m[22m[90m (103)[39m
[32m@n8n/mcp-apps:test: [0m[2m   Start at [22m 13:25:29
[32m@n8n/mcp-apps:test: [0m[2m   Duration [22m 976ms[2m (transform 549ms, setup 0ms, import 1.02s, tests 68ms, environment 5.73s)[22m
[32m@n8n/mcp-apps:test: [0m
[33m@n8n/chat:test: [0mcache hit, replaying logs [2mbc31a45a873082b4[0m
[33m@n8n/chat:test: [0m
[33m@n8n/chat:test: [0m> @n8n/chat@1.35.0 test /Users/romeobalta/work/n8n/worktrees/nudge-manual-builders-to-aia/packages/frontend/@n8n/chat
[33m@n8n/chat:test: [0m> vitest run
[33m@n8n/chat:test: [0m
[33m@n8n/chat:test: [0m
[33m@n8n/chat:test: [0m[1m[30m[46m RUN [49m[39m[22m [36mv4.1.9 [39m[90m/Users/romeobalta/work/n8n/worktrees/nudge-manual-builders-to-aia/packages/frontend/@n8n/chat[39m
[33m@n8n/chat:test: [0m
[33m@n8n/chat:test: [0m [32m✓[39m src/__tests__/api/generic.spec.ts [2m([22m[2m4 tests[22m[2m)[22m[32m 5[2mms[22m[39m
[33m@n8n/chat:test: [0m [32m✓[39m src/__tests__/utils/streaming.spec.ts [2m([22m[2m11 tests[22m[2m)[22m[32m 23[2mms[22m[39m
[33m@n8n/chat:test: [0m [32m✓[39m src/__tests__/api/message.spec.ts [2m([22m[2m15 tests[22m[2m)[22m[32m 38[2mms[22m[39m
[33m@n8n/chat:test: [0m [32m✓[39m src/__tests__/MessageActions.spec.ts [2m([22m[2m6 tests[22m[2m)[22m[32m 42[2mms[22m[39m
[33m@n8n/chat:test: [0m [32m✓[39m src/__tests__/MessageWithButtons.spec.ts [2m([22m[2m5 tests[22m[2m)[22m[32m 23[2mms[22m[39m
[33m@n8n/chat:test: [0m [32m✓[39m src/__tests__/Chat.spec.ts [2m([22m[2m10 tests[22m[2m)[22m[32m 40[2mms[22m[39m
[33m@n8n/chat:test: [0m [32m✓[39m src/__tests__/utils/utils.spec.ts [2m([22m[2m7 tests[22m[2m)[22m[32m 3[2mms[22m[39m
[33m@n8n/chat:test: [0m [32m✓[39m src/__tests__/utils/streamingHandlers.spec.ts [2m([22m[2m16 tests[22m[2m)[22m[32m 11[2mms[22m[39m
[33m@n8n/chat:test: [0m [32m✓[39m src/__tests__/plugins/chat.spec.ts [2m([22m[2m32 tests[22m[2m)[22m[32m 16[2mms[22m[39m
[33m@n8n/chat:test: [0m [32m✓[39m src/__tests__/Input.spec.ts [2m([22m[2m17 tests[22m[2m)[22m[32m 41[2mms[22m[39m
[33m@n8n/chat:test: [0m [32m✓[39m src/__tests__/plugins/chat.test.ts [2m([22m[2m2 tests[22m[2m)[22m[32m 3[2mms[22m[39m
[33m@n8n/chat:test: [0m [32m✓[39m src/__tests__/index.spec.ts [2m([22m[2m13 tests[22m[2m)[22m[32m 155[2mms[22m[39m
[33m@n8n/chat:test: [0m
[33m@n8n/chat:test: [0m[2m Test Files [22m [1m[32m12 passed[39m[22m[90m (12)[39m
[33m@n8n/chat:test: [0m[2m      Tests [22m [1m[32m138 passed[39m[22m[90m (138)[39m
[33m@n8n/chat:test: [0m[2m   Start at [22m 13:25:31
[33m@n8n/chat:test: [0m[2m   Duration [22m 2.39s[2m (transform 2.68s, setup 4.71s, import 4.60s, tests 402ms, environment 5.19s)[22m
[33m@n8n/chat:test: [0m
[34m@n8n/client-oauth2:test: [0mcache hit, replaying logs [2m92c4edb657deb374[0m
[34m@n8n/client-oauth2:test: [0m
[34m@n8n/client-oauth2:test: [0m> @n8n/client-oauth2@1.18.0 test /Users/romeobalta/work/n8n/worktrees/nudge-manual-builders-to-aia/packages/@n8n/client-oauth2
[34m@n8n/client-oauth2:test: [0m> vitest run
[34m@n8n/client-oauth2:test: [0m
[34m@n8n/client-oauth2:test: [0m
[34m@n8n/client-oauth2:test: [0m[1m[30m[46m RUN [49m[39m[22m [36mv4.1.9 [39m[90m/Users/romeobalta/work/n8n/worktrees/nudge-manual-builders-to-aia/packages/@n8n/client-oauth2[39m
[34m@n8n/client-oauth2:test: [0m
[34m@n8n/client-oauth2:test: [0m [32m✓[39m test/credential-options.test.ts [2m([22m[2m3 tests[22m[2m)[22m[32m 2[2mms[22m[39m
[34m@n8n/client-oauth2:test: [0m [32m✓[39m test/pkce-flow.test.ts [2m([22m[2m5 tests[22m[2m)[22m[32m 32[2mms[22m[39m
[34m@n8n/client-oauth2:test: [0m [32m✓[39m test/code-flow.test.ts [2m([22m[2m19 tests[22m[2m)[22m[32m 46[2mms[22m[39m
[34m@n8n/client-oauth2:test: [0m [32m✓[39m test/credentials-flow.test.ts [2m([22m[2m12 tests[22m[2m)[22m[32m 70[2mms[22m[39m
[34m@n8n/client-oauth2:test: [0m [32m✓[39m test/client-oauth2.test.ts [2m([22m[2m33 tests[22m[2m)[22m[32m 119[2mms[22m[39m
[34m@n8n/client-oauth2:test: [0m
[34m@n8n/client-oauth2:test: [0m[2m Test Files [22m [1m[32m5 passed[39m[22m[90m (5)[39m
[34m@n8n/client-oauth2:test: [0m[2m      Tests [22m [1m[32m72 passed[39m[22m[90m (72)[39m
[34m@n8n/client-oauth2:test: [0m[2m   Start at [22m 13:25:34
[34m@n8n/client-oauth2:test: [0m[2m   Duration [22m 350ms[2m (transform 290ms, setup 0ms, import 626ms, tests 269ms, environment 0ms)[22m
[34m@n8n/client-oauth2:test: [0m
[36m@n8n/blob-storage:test: [0mcache hit, replaying logs [2m131a7d38a5968890[0m
[36m@n8n/blob-storage:test: [0m
[36m@n8n/blob-storage:test: [0m> @n8n/blob-storage@1.4.0 test /Users/romeobalta/work/n8n/worktrees/nudge-manual-builders-to-aia/packages/@n8n/blob-storage
[36m@n8n/blob-storage:test: [0m> vitest run
[36m@n8n/blob-storage:test: [0m
[36m@n8n/blob-storage:test: [0m
[36m@n8n/blob-storage:test: [0m[1m[30m[46m RUN [49m[39m[22m [36mv4.1.9 [39m[90m/Users/romeobalta/work/n8n/worktrees/nudge-manual-builders-to-aia/packages/@n8n/blob-storage[39m
[36m@n8n/blob-storage:test: [0m
[36m@n8n/blob-storage:test: [0m [32m✓[39m src/__tests__/stream-utils.test.ts [2m([22m[2m8 tests[22m[2m)[22m[32m 6[2mms[22m[39m
[36m@n8n/blob-storage:test: [0m [32m✓[39m src/__tests__/json-store.test.ts [2m([22m[2m14 tests[22m[2m)[22m[32m 6[2mms[22m[39m
[36m@n8n/blob-storage:test: [0m [32m✓[39m src/azure-blob/__tests__/azure-blob.service.ee.test.ts [2m([22m[2m8 tests[22m[2m)[22m[32m 5[2mms[22m[39m
[36m@n8n/blob-storage:test: [0m [32m✓[39m src/__tests__/fs-byte-store.integration.test.ts [2m([22m[2m26 tests[22m[2m)[22m[32m 63[2mms[22m[39m
[36m@n8n/blob-storage:test: [0m [32m✓[39m src/__tests__/s3-byte-store.test.ts [2m([22m[2m19 tests[22m[2m)[22m[32m 7[2mms[22m[39m
[36m@n8n/blob-storage:test: [0m [32m✓[39m src/__tests__/azure-byte-store.test.ts [2m([22m[2m18 tests[22m[2m)[22m[32m 8[2mms[22m[39m
[36m@n8n/blob-storage:test: [0m [32m✓[39m src/object-store/__tests__/object-store.service.test.ts [2m([22m[2m37 tests[22m[2m)[22m[32m 18[2mms[22m[39m
[36m@n8n/blob-storage:test: [0m
[36m@n8n/blob-storage:test: [0m[2m Test Files [22m [1m[32m7 passed[39m[22m[90m (7)[39m
[36m@n8n/blob-storage:test: [0m[2m      Tests [22m [1m[32m130 passed[39m[22m[90m (130)[39m
[36m@n8n/blob-storage:test: [0m[2m   Start at [22m 13:25:40
[36m@n8n/blob-storage:test: [0m[2m   Duration [22m 754ms[2m (transform 746ms, setup 0ms, import 3.29s, tests 111ms, environment 0ms)[22m
[36m@n8n/blob-storage:test: [0m
[35mn8n-core:build: [0mcache hit, replaying logs [2m1bb8deb1f2e125f3[0m
[35mn8n-core:build: [0m
[35mn8n-core:build: [0m> n8n-core@2.36.0 build /Users/romeobalta/work/n8n/worktrees/nudge-manual-builders-to-aia/packages/core
[35mn8n-core:build: [0m> tsc -p tsconfig.build.json && tsc-alias -p tsconfig.build.json
[35mn8n-core:build: [0m
[32m@n8n/ai-utilities:test: [0mcache hit, replaying logs [2mea731deba172874f[0m
[32m@n8n/ai-utilities:test: [0m
[32m@n8n/ai-utilities:test: [0m> @n8n/ai-utilities@0.29.0 test /Users/romeobalta/work/n8n/worktrees/nudge-manual-builders-to-aia/packages/@n8n/ai-utilities
[32m@n8n/ai-utilities:test: [0m> vitest run
[32m@n8n/ai-utilities:test: [0m
[32m@n8n/ai-utilities:test: [0m
[32m@n8n/ai-utilities:test: [0m[1m[30m[46m RUN [49m[39m[22m [36mv4.1.9 [39m[90m/Users/romeobalta/work/n8n/worktrees/nudge-manual-builders-to-aia/packages/@n8n/ai-utilities[39m
[32m@n8n/ai-utilities:test: [0m
[32m@n8n/ai-utilities:test: [0m [32m✓[39m src/node-catalog/__tests__/search-engine.host-shape.test.ts [2m([22m[2m44 tests[22m[2m)[22m[32m 10[2mms[22m[39m
[32m@n8n/ai-utilities:test: [0m [32m✓[39m src/__tests__/utils/http-proxy-agent.test.ts [2m([22m[2m37 tests[22m[2m)[22m[32m 15[2mms[22m[39m
[32m@n8n/ai-utilities:test: [0m [32m✓[39m src/node-catalog/__tests__/resource-operation-extractor.test.ts [2m([22m[2m21 tests[22m[2m)[22m[32m 6[2mms[22m[39m
[32m@n8n/ai-utilities:test: [0m [32m✓[39m src/__tests__/converters/message-roundtrip.test.ts [2m([22m[2m29 tests[22m[2m)[22m[32m 7[2mms[22m[39m
[32m@n8n/ai-utilities:test: [0m [32m✓[39m src/node-catalog/__tests__/discriminator-utils.test.ts [2m([22m[2m15 tests[22m[2m)[22m[32m 6[2mms[22m[39m
[32m@n8n/ai-utilities:test: [0m [32m✓[39m src/__tests__/utils/n8n-binary-loader.test.ts [2m([22m[2m20 tests[22m[2m)[22m[32m 16[2mms[22m[39m
[32m@n8n/ai-utilities:test: [0m [32m✓[39m src/utils/vector-store/createVectorStoreNode/operations/__tests__/retrieveAsToolExecuteOperation.test.ts [2m([22m[2m19 tests[22m[2m)[22m[32m 12[2mms[22m[39m
[32m@n8n/ai-utilities:test: [0m [32m✓[39m src/node-catalog/__tests__/search-engine.test.ts [2m([22m[2m69 tests[22m[2m)[22m[32m 20[2mms[22m[39m
[32m@n8n/ai-utilities:test: [0m [32m✓[39m src/utils/vector-store/createVectorStoreNode/operations/__tests__/retrieveAsToolOperation.test.ts [2m([22m[2m13 tests[22m[2m)[22m[32m 13[2mms[22m[39m
[32m@n8n/ai-utilities:test: [0m [32m✓[39m src/__tests__/utils/n8n-llm-tracing.test.ts [2m([22m[2m35 tests[22m[2m)[22m[32m 21[2mms[22m[39m
[32m@n8n/ai-utilities:test: [0m [32m✓[39m src/utils/vector-store/MemoryManager/test/StoreCleanupService.test.ts [2m([22m[2m9 tests[22m[2m)[22m[32m 9[2mms[22m[39m
[32m@n8n/ai-utilities:test: [0m [32m✓[39m src/model-discovery/__tests__/model-discovery.test.ts [2m([22m[2m26 tests[22m[2m)[22m[32m 14[2mms[22m[39m
[32m@n8n/ai-utilities:test: [0m [32m✓[39m src/__tests__/utils/sse.test.ts [2m([22m[2m23 tests[22m[2m)[22m[32m 9[2mms[22m[39m
[32m@n8n/ai-utilities:test: [0m [32m✓[39m src/json-schema/draft-2020-12.test.ts [2m([22m[2m27 tests[22m[2m)[22m[32m 11[2mms[22m[39m
[32m@n8n/ai-utilities:test: [0m [32m✓[39m src/utils/vector-store/MemoryManager/test/MemoryVectorStoreManager.test.ts [2m([22m[2m12 tests[22m[2m)[22m[32m 11[2mms[22m[39m
[32m@n8n/ai-utilities:test: [0m [32m✓[39m src/utils/vector-store/createVectorStoreNode/createVectorStoreNode.test.ts [2m([22m[2m15 tests[22m[2m)[22m[32m 14[2mms[22m[39m
[32m@n8n/ai-utilities:test: [0m [32m✓[39m src/__tests__/suppliers/supplyModel.test.ts [2m([22m[2m9 tests[22m[2m)[22m[32m 6[2mms[22m[39m
[32m@n8n/ai-utilities:test: [0m [32m✓[39m src/utils/vector-store/createVectorStoreNode/operations/__tests__/loadOperation.test.ts [2m([22m[2m13 tests[22m[2m)[22m[32m 7[2mms[22m[39m
[32m@n8n/ai-utilities:test: [0m [32m✓[39m src/utils/vector-store/createVectorStoreNode/operations/__tests__/insertOperation.test.ts [2m([22m[2m7 tests[22m[2m)[22m[32m 12[2mms[22m[39m
[32m@n8n/ai-utilities:test: [0m [32m✓[39m src/__tests__/utils/n8n-json-loader.test.ts [2m([22m[2m17 tests[22m[2m)[22m[32m 21[2mms[22m[39m
[32m@n8n/ai-utilities:test: [0m [32m✓[39m src/__tests__/utils/tokenizer/tiktoken.test.ts [2m([22m[2m10 tests[22m[2m)[22m[32m 6[2mms[22m[39m
[32m@n8n/ai-utilities:test: [0m [32m✓[39m src/__tests__/adapters/langchain-chat-model.test.ts [2m([22m[2m10 tests[22m[2m)[22m[32m 12[2mms[22m[39m
[32m@n8n/ai-utilities:test: [0m [32m✓[39m src/__tests__/utils/text-editor.test.ts [2m([22m[2m16 tests[22m[2m)[22m[32m 5[2mms[22m[39m
[32m@n8n/ai-utilities:test: [0m [32m✓[39m src/__tests__/utils/tokenizer/token-estimator.test.ts [2m([22m[2m32 tests[22m[2m)[22m[33m 855[2mms[22m[39m
[32m@n8n/ai-utilities:test: [0m [32m✓[39m src/__tests__/utils/follow-redirects.test.ts [2m([22m[2m17 tests[22m[2m)[22m[32m 14[2mms[22m[39m
[32m@n8n/ai-utilities:test: [0m [32m✓[39m src/__tests__/utils/loaders/n8n-pdf-loader.test.ts [2m([22m[2m12 tests[22m[2m)[22m[32m 9[2mms[22m[39m
[32m@n8n/ai-utilities:test: [0m [32m✓[39m src/web-search/__tests__/searxng-search.test.ts [2m([22m[2m11 tests[22m[2m)[22m[32m 5[2mms[22m[39m
[32m@n8n/ai-utilities:test: [0m [32m✓[39m src/node-catalog/__tests__/dynamic-node-parameters.test.ts [2m([22m[2m9 tests[22m[2m)[22m[32m 26[2mms[22m[39m
[32m@n8n/ai-utilities:test: [0m [32m✓[39m src/utils/vector-store/MemoryManager/test/MemoryCalculator.test.ts [2m([22m[2m10 tests[22m[2m)[22m[32m 7[2mms[22m[39m
[32m@n8n/ai-utilities:test: [0m [32m✓[39m src/node-catalog/__tests__/get-node-type-definition.test.ts [2m([22m[2m7 tests[22m[2m)[22m[32m 12[2mms[22m[39m
[32m@n8n/ai-utilities:test: [0m [32m✓[39m src/web-search/__tests__/brave-search.test.ts [2m([22m[2m15 tests[22m[2m)[22m[33m 1013[2mms[22m[39m
[32m@n8n/ai-utilities:test: [0m     [33m[2m✓[22m[39m gives up after the retry budget and throws the last status [33m 753[2mms[22m[39m
[32m@n8n/ai-utilities:test: [0m [32m✓[39m src/utils/vector-store/createVectorStoreNode/__tests__/utils.test.ts [2m([22m[2m9 tests[22m[2m)[22m[32m 5[2mms[22m[39m
[32m@n8n/ai-utilities:test: [0m [32m✓[39m src/agent-config/__tests__/config-normalization.test.ts [2m([22m[2m19 tests[22m[2m)[22m[32m 5[2mms[22m[39m
[32m@n8n/ai-utilities:test: [0m [32m✓[39m src/__tests__/memory/windowed-chat-memory.test.ts [2m([22m[2m7 tests[22m[2m)[22m[32m 4[2mms[22m[39m
[32m@n8n/ai-utilities:test: [0m [32m✓[39m src/utils/vector-store/createVectorStoreNode/operations/__tests__/updateOperation.test.ts [2m([22m[2m4 tests[22m[2m)[22m[32m 7[2mms[22m[39m
[32m@n8n/ai-utilities:test: [0m [32m✓[39m src/__tests__/converters/tool.test.ts [2m([22m[2m9 tests[22m[2m)[22m[32m 6[2mms[22m[39m
[32m@n8n/ai-utilities:test: [0m [32m✓[39m src/__tests__/utils/fromai-tool-factory.test.ts [2m([22m[2m12 tests[22m[2m)[22m[32m 7[2mms[22m[39m
[32m@n8n/ai-utilities:test: [0m [32m✓[39m src/__tests__/utils/helpers.test.ts [2m([22m[2m20 tests[22m[2m)[22m[32m 6[2mms[22m[39m
[32m@n8n/ai-utilities:test: [0m [32m✓[39m src/utils/vector-store/createVectorStoreNode/operations/__tests__/retrieveOperation.test.ts [2m([22m[2m5 tests[22m[2m)[22m[32m 5[2mms[22m[39m
[32m@n8n/ai-utilities:test: [0m [32m✓[39m src/json-schema/index.test.ts [2m([22m[2m11 tests[22m[2m)[22m[32m 4[2mms[22m[39m
[32m@n8n/ai-utilities:test: [0m [32m✓[39m src/__tests__/adapters/langchain-history-adapter.test.ts [2m([22m[2m11 tests[22m[2m)[22m[32m 10[2mms[22m[39m
[32m@n8n/ai-utilities:test: [0m [32m✓[39m src/utils/vector-store/MemoryManager/test/config.test.ts [2m([22m[2m7 tests[22m[2m)[22m[32m 3[2mms[22m[39m
[32m@n8n/ai-utilities:test: [0m [32m✓[39m src/__tests__/utils/failed-attempt-handler/n8nDefaultFailedAttemptHandler.test.ts [2m([22m[2m7 tests[22m[2m)[22m[32m 8[2mms[22m[39m
[32m@n8n/ai-utilities:test: [0m [32m✓[39m src/node-catalog/__tests__/node-type-parser.test.ts [2m([22m[2m4 tests[22m[2m)[22m[32m 4[2mms[22m[39m
[32m@n8n/ai-utilities:test: [0m [32m✓[39m src/__tests__/adapters/langchain-memory-adapter.test.ts [2m([22m[2m8 tests[22m[2m)[22m[32m 34[2mms[22m[39m
[32m@n8n/ai-utilities:test: [0m [32m✓[39m src/utils/vector-store/createVectorStoreNode/operations/__tests__/operationHandlers.test.ts [2m([22m[2m6 tests[22m[2m)[22m[32m 10[2mms[22m[39m
[32m@n8n/ai-utilities:test: [0m [32m✓[39m src/agent-config/__tests__/model-id.test.ts [2m([22m[2m7 tests[22m[2m)[22m[32m 4[2mms[22m[39m
[32m@n8n/ai-utilities:test: [0m [32m✓[39m src/__tests__/utils/workflow-text-editor.test.ts [2m([22m[2m4 tests[22m[2m)[22m[32m 3[2mms[22m[39m
[32m@n8n/ai-utilities:test: [0m [32m✓[39m src/__tests__/utils/embeddings-input-validation.test.ts [2m([22m[2m5 tests[22m[2m)[22m[32m 3[2mms[22m[39m
[32m@n8n/ai-utilities:test: [0m [32m✓[39m src/__tests__/utils/log-ai-event.test.ts [2m([22m[2m5 tests[22m[2m)[22m[32m 3[2mms[22m[39m
[32m@n8n/ai-utilities:test: [0m [32m✓[39m src/model-discovery/__tests__/openai.test.ts [2m([22m[2m46 tests[22m[2m)[22m[32m 5[2mms[22m[39m
[32m@n8n/ai-utilities:test: [0m [32m✓[39m src/__tests__/utils/failed-attempt-handler/n8nLlmFailedAttemptHandler.test.ts [2m([22m[2m6 tests[22m[2m)[22m[32m 4[2mms[22m[39m
[32m@n8n/ai-utilities:test: [0m(node:94094) MaxListenersExceededWarning: Possible EventEmitter memory leak detected. 11 connect listeners added to [MockHttpSocket]. MaxListeners is 10. Use emitter.setMaxListeners() to increase limit
[32m@n8n/ai-utilities:test: [0m(Use `node --trace-warnings ...` to show where the warning was created)
[32m@n8n/ai-utilities:test: [0m [32m✓[39m src/__tests__/utils/n8n-binary-loader.real-pdf.test.ts [2m([22m[2m1 test[22m[2m)[22m[32m 45[2mms[22m[39m
[32m@n8n/ai-utilities:test: [0m(node:94094) MaxListenersExceededWarning: Possible EventEmitter memory leak detected. 11 connect listeners added to [MockHttpSocket]. MaxListeners is 10. Use emitter.setMaxListeners() to increase limit
[32m@n8n/ai-utilities:test: [0m [32m✓[39m integration-tests/openai.test.ts [2m([22m[2m2 tests[22m[2m)[22m[33m 1446[2mms[22m[39m
[32m@n8n/ai-utilities:test: [0m     [33m[2m✓[22m[39m should execute agent with streaming through langchain adapter [33m 1393[2mms[22m[39m
[32m@n8n/ai-utilities:test: [0m
[32m@n8n/ai-utilities:test: [0m[2m Test Files [22m [1m[32m54 passed[39m[22m[90m (54)[39m
[32m@n8n/ai-utilities:test: [0m[2m      Tests [22m [1m[32m824 passed[39m[22m[90m (824)[39m
[32m@n8n/ai-utilities:test: [0m[2m   Start at [22m 13:25:35
[32m@n8n/ai-utilities:test: [0m[2m   Duration [22m 4.72s[2m (transform 8.04s, setup 0ms, import 28.84s, tests 3.84s, environment 3ms)[22m
[32m@n8n/ai-utilities:test: [0m
[33m@n8n/agents:build: [0mcache hit, replaying logs [2m0af2192d76f5f9cf[0m
[33m@n8n/agents:build: [0m[43m[30m WARN [39m[49m Unsupported engine: wanted: {"node":">=24.0.0"} (current: {"node":"v22.22.3","pnpm":"10.32.1"})
[33m@n8n/agents:build: [0m
[33m@n8n/agents:build: [0m> @n8n/agents@0.21.0 build /Users/romeobalta/work/n8n/worktrees/nudge-manual-builders-to-aia/packages/@n8n/agents
[33m@n8n/agents:build: [0m> rimraf dist && tsc -p tsconfig.build.json
[33m@n8n/agents:build: [0m
[34m@n8n/ai-node-sdk:build: [0mcache hit, replaying logs [2m0c2389c8c245b65a[0m
[34m@n8n/ai-node-sdk:build: [0m
[34m@n8n/ai-node-sdk:build: [0m> @n8n/ai-node-sdk@0.26.0 build /Users/romeobalta/work/n8n/worktrees/nudge-manual-builders-to-aia/packages/@n8n/ai-node-sdk
[34m@n8n/ai-node-sdk:build: [0m> tsc --build tsconfig.build.esm.json tsconfig.build.cjs.json
[34m@n8n/ai-node-sdk:build: [0m
[36m@n8n/frontend-module-instance-registry:test: [0mcache hit, replaying logs [2m79e750955fe976b1[0m
[36m@n8n/frontend-module-instance-registry:test: [0m
[36m@n8n/frontend-module-instance-registry:test: [0m> @n8n/frontend-module-instance-registry@0.1.0 test /Users/romeobalta/work/n8n/worktrees/nudge-manual-builders-to-aia/packages/modules/instance-registry/frontend
[36m@n8n/frontend-module-instance-registry:test: [0m> vitest run
[36m@n8n/frontend-module-instance-registry:test: [0m
[36m@n8n/frontend-module-instance-registry:test: [0m
[36m@n8n/frontend-module-instance-registry:test: [0m[1m[30m[46m RUN [49m[39m[22m [36mv4.1.9 [39m[90m/Users/romeobalta/work/n8n/worktrees/nudge-manual-builders-to-aia/packages/modules/instance-registry/frontend[39m
[36m@n8n/frontend-module-instance-registry:test: [0m
[36m@n8n/frontend-module-instance-registry:test: [0m [32m✓[39m src/instance-registry.store.test.ts [2m([22m[2m2 tests[22m[2m)[22m[32m 4[2mms[22m[39m
[36m@n8n/frontend-module-instance-registry:test: [0m
[36m@n8n/frontend-module-instance-registry:test: [0m[2m Test Files [22m [1m[32m1 passed[39m[22m[90m (1)[39m
[36m@n8n/frontend-module-instance-registry:test: [0m[2m      Tests [22m [1m[32m2 passed[39m[22m[90m (2)[39m
[36m@n8n/frontend-module-instance-registry:test: [0m[2m   Start at [22m 13:25:42
[36m@n8n/frontend-module-instance-registry:test: [0m[2m   Duration [22m 437ms[2m (transform 30ms, setup 187ms, import 14ms, tests 4ms, environment 157ms)[22m
[36m@n8n/frontend-module-instance-registry:test: [0m
[35mn8n-editor-ui:build: [0mcache miss, executing [2m8efdc42c58c1b629[0m
[35mn8n-editor-ui:build: [0m
[35mn8n-editor-ui:build: [0m> n8n-editor-ui@2.36.0 build /Users/romeobalta/work/n8n/worktrees/nudge-manual-builders-to-aia/packages/frontend/editor-ui
[35mn8n-editor-ui:build: [0m> cross-env VUE_APP_PUBLIC_PATH="/{{BASE_PATH}}/" NODE_OPTIONS="--max-old-space-size=8192" vite build
[35mn8n-editor-ui:build: [0m
[35mn8n-editor-ui:build: [0m[36mvite v8.0.2 [32mbuilding client environment for production...[36m[39m
[35mn8n-editor-ui:build: [0m<script src="/{{BASE_PATH}}/static/base-path.js"> in "/index.html" can't be bundled without type="module" attribute
[35mn8n-editor-ui:build: [0m<script src="/{{BASE_PATH}}/static/posthog.init.js"> in "/index.html" can't be bundled without type="module" attribute
[35mn8n-editor-ui:build: [0m
[35mn8n-editor-ui:build: [0m/{{BASE_PATH}}/static/prefers-color-scheme.css doesn't exist at build time, it will remain unchanged to be resolved at runtime
[35mn8n-editor-ui:build: [0m[33m[plugin rolldown:vite-resolve] Module "path" has been externalized for browser compatibility, imported by "/Users/romeobalta/work/n8n/worktrees/nudge-manual-builders-to-aia/packages/workflow/dist/esm/utils.js". See https://vite.dev/guide/troubleshooting.html#module-externalized-for-browser-compatibility for more details.[39m
[35mn8n-editor-ui:build: [0m[33m[plugin rolldown:vite-resolve] Module "os" has been externalized for browser compatibility, imported by "/Users/romeobalta/work/n8n/worktrees/nudge-manual-builders-to-aia/node_modules/.pnpm/recast@0.22.0/node_modules/recast/lib/util.js". See https://vite.dev/guide/troubleshooting.html#module-externalized-for-browser-compatibility for more details.[39m
[35mn8n-editor-ui:build: [0m[33m[plugin rolldown:vite-resolve] Module "timers" has been externalized for browser compatibility, imported by "/Users/romeobalta/work/n8n/worktrees/nudge-manual-builders-to-aia/node_modules/.pnpm/xml2js@0.6.2/node_modules/xml2js/lib/parser.js". See https://vite.dev/guide/troubleshooting.html#module-externalized-for-browser-compatibility for more details.[39m
[35mn8n-editor-ui:build: [0m[33m[plugin rolldown:vite-resolve] Module "child_process" has been externalized for browser compatibility, imported by "/Users/romeobalta/work/n8n/worktrees/nudge-manual-builders-to-aia/node_modules/.pnpm/cron@4.4.0/node_modules/cron/dist/job.js". See https://vite.dev/guide/troubleshooting.html#module-externalized-for-browser-compatibility for more details.[39m
[35mn8n-editor-ui:build: [0m[33m[plugin rolldown:vite-resolve] Module "path" has been externalized for browser compatibility, imported by "/Users/romeobalta/work/n8n/worktrees/nudge-manual-builders-to-aia/packages/workflow/dist/esm/utils.js". See https://vite.dev/guide/troubleshooting.html#module-externalized-for-browser-compatibility for more details.[39m
[35mn8n-editor-ui:build: [0m[33m[plugin rolldown:vite-resolve] Module "os" has been externalized for browser compatibility, imported by "/Users/romeobalta/work/n8n/worktrees/nudge-manual-builders-to-aia/node_modules/.pnpm/recast@0.22.0/node_modules/recast/lib/util.js". See https://vite.dev/guide/troubleshooting.html#module-externalized-for-browser-compatibility for more details.[39m
[35mn8n-editor-ui:build: [0m[33m[plugin rolldown:vite-resolve] Module "timers" has been externalized for browser compatibility, imported by "/Users/romeobalta/work/n8n/worktrees/nudge-manual-builders-to-aia/node_modules/.pnpm/xml2js@0.6.2/node_modules/xml2js/lib/parser.js". See https://vite.dev/guide/troubleshooting.html#module-externalized-for-browser-compatibility for more details.[39m
[35mn8n-editor-ui:build: [0m[33m[plugin rolldown:vite-resolve] Module "path" has been externalized for browser compatibility, imported by "/Users/romeobalta/work/n8n/worktrees/nudge-manual-builders-to-aia/packages/workflow/dist/esm/utils.js". See https://vite.dev/guide/troubleshooting.html#module-externalized-for-browser-compatibility for more details.[39m
[35mn8n-editor-ui:build: [0m[33m[plugin rolldown:vite-resolve] Module "timers" has been externalized for browser compatibility, imported by "/Users/romeobalta/work/n8n/worktrees/nudge-manual-builders-to-aia/node_modules/.pnpm/xml2js@0.6.2/node_modules/xml2js/lib/parser.js". See https://vite.dev/guide/troubleshooting.html#module-externalized-for-browser-compatibility for more details.[39m
[35mn8n-editor-ui:build: [0m[33m[plugin rolldown:vite-resolve] Module "fs" has been externalized for browser compatibility, imported by "/Users/romeobalta/work/n8n/worktrees/nudge-manual-builders-to-aia/node_modules/.pnpm/web-tree-sitter@0.24.3/node_modules/web-tree-sitter/tree-sitter.js". See https://vite.dev/guide/troubleshooting.html#module-externalized-for-browser-compatibility for more details.[39m
[35mn8n-editor-ui:build: [0m[33m[plugin rolldown:vite-resolve] Module "path" has been externalized for browser compatibility, imported by "/Users/romeobalta/work/n8n/worktrees/nudge-manual-builders-to-aia/node_modules/.pnpm/web-tree-sitter@0.24.3/node_modules/web-tree-sitter/tree-sitter.js". See https://vite.dev/guide/troubleshooting.html#module-externalized-for-browser-compatibility for more details.[39m
[35mn8n-editor-ui:build: [0m[33m[plugin rolldown:vite-resolve] Module "os" has been externalized for browser compatibility, imported by "/Users/romeobalta/work/n8n/worktrees/nudge-manual-builders-to-aia/node_modules/.pnpm/recast@0.22.0/node_modules/recast/lib/util.js". See https://vite.dev/guide/troubleshooting.html#module-externalized-for-browser-compatibility for more details.[39m
[35mn8n-editor-ui:build: [0m[33m[1mDeprecation Warning[0m [[34mglobal-builtin[0m]: Global built-in functions are deprecated and will be removed in Dart Sass 3.0.0.
[35mn8n-editor-ui:build: [0mUse color.mix instead.
[35mn8n-editor-ui:build: [0m
[35mn8n-editor-ui:build: [0mMore info and automated migrator: https://sass-lang.com/d/import
[35mn8n-editor-ui:build: [0m
[35mn8n-editor-ui:build: [0m[34m   ╷[0m
[35mn8n-editor-ui:build: [0m[34m63 │[0m [31m┌[0m           [31mmix([0m
[35mn8n-editor-ui:build: [0m[34m64 │[0m [31m│[0m [31m            $mix-color,[0m
[35mn8n-editor-ui:build: [0m[34m65 │[0m [31m│[0m [31m            map.get($colors, $type, 'base'),[0m
[35mn8n-editor-ui:build: [0m[34m66 │[0m [31m│[0m [31m            math.percentage(math.div($number, 10))[0m
[35mn8n-editor-ui:build: [0m[34m67 │[0m [31m│[0m [31m          )[0m,
[35mn8n-editor-ui:build: [0m[34m   │[0m [31m└[0m[31m───────────^[0m
[35mn8n-editor-ui:build: [0m[34m   ╵[0m
[35mn8n-editor-ui:build: [0m    ../../../../../element-plus@2.4.3_patch_hash=fbab57fe3750e430abd5d5e7c04cbf1b6a8f9f1c9676b14c73b77d3e0_ad2671a9dc4701bd91b53b83324d31e0/node_modules/element-plus/theme-chalk/src/common/var.scss 63:11   set-color-mix-level()
[35mn8n-editor-ui:build: [0m    ../../../../../element-plus@2.4.3_patch_hash=fbab57fe3750e430abd5d5e7c04cbf1b6a8f9f1c9676b14c73b77d3e0_ad2671a9dc4701bd91b53b83324d31e0/node_modules/element-plus/theme-chalk/src/common/var.scss 87:5    @use
[35mn8n-editor-ui:build: [0m    ../../../../../element-plus@2.4.3_patch_hash=fbab57fe3750e430abd5d5e7c04cbf1b6a8f9f1c9676b14c73b77d3e0_ad2671a9dc4701bd91b53b83324d31e0/node_modules/element-plus/theme-chalk/src/mixins/mixins.scss 2:1  @use
[35mn8n-editor-ui:build: [0m    ../../../../../element-plus@2.4.3_patch_hash=fbab57fe3750e430abd5d5e7c04cbf1b6a8f9f1c9676b14c73b77d3e0_ad2671a9dc4701bd91b53b83324d31e0/node_modules/element-plus/theme-chalk/src/slider.scss 3:1         @use
[35mn8n-editor-ui:build: [0m    ../../../../../../../packages/frontend/@n8n/design-system/src/css/slider.scss 7:1                                                                                                                         @use
[35mn8n-editor-ui:build: [0m    ../../../../../../../packages/frontend/@n8n/design-system/src/css/index.scss 17:1                                                                                                                         root stylesheet
[35mn8n-editor-ui:build: [0m
[35mn8n-editor-ui:build: [0m[33m[1mDeprecation Warning[0m [[34mglobal-builtin[0m]: Global built-in functions are deprecated and will be removed in Dart Sass 3.0.0.
[35mn8n-editor-ui:build: [0mUse meta.inspect instead.
[35mn8n-editor-ui:build: [0m
[35mn8n-editor-ui:build: [0mMore info and automated migrator: https://sass-lang.com/d/import
[35mn8n-editor-ui:build: [0m
[35mn8n-editor-ui:build: [0m[34m  ╷[0m
[35mn8n-editor-ui:build: [0m[34m5 │[0m   $selector: [31minspect($selector)[0m;
[35mn8n-editor-ui:build: [0m[34m  │[0m [31m             ^^^^^^^^^^^^^^^^^^[0m
[35mn8n-editor-ui:build: [0m[34m  ╵[0m
[35mn8n-editor-ui:build: [0m    ../../../../../element-plus@2.4.3_patch_hash=fbab57fe3750e430abd5d5e7c04cbf1b6a8f9f1c9676b14c73b77d3e0_ad2671a9dc4701bd91b53b83324d31e0/node_modules/element-plus/theme-chalk/src/mixins/function.scss 5:14   selectorToString()
[35mn8n-editor-ui:build: [0m    ../../../../../element-plus@2.4.3_patch_hash=fbab57fe3750e430abd5d5e7c04cbf1b6a8f9f1c9676b14c73b77d3e0_ad2671a9dc4701bd91b53b83324d31e0/node_modules/element-plus/theme-chalk/src/mixins/function.scss 11:14  containsModifier()
[35mn8n-editor-ui:build: [0m    ../../../../../element-plus@2.4.3_patch_hash=fbab57fe3750e430abd5d5e7c04cbf1b6a8f9f1c9676b14c73b77d3e0_ad2671a9dc4701bd91b53b83324d31e0/node_modules/element-plus/theme-chalk/src/mixins/function.scss 41:11  hitAllSpecialNestRule()
[35mn8n-editor-ui:build: [0m    ../../../../../element-plus@2.4.3_patch_hash=fbab57fe3750e430abd5d5e7c04cbf1b6a8f9f1c9676b14c73b77d3e0_ad2671a9dc4701bd91b53b83324d31e0/node_modules/element-plus/theme-chalk/src/mixins/mixins.scss 77:7     e()
[35mn8n-editor-ui:build: [0m    ../../../../../element-plus@2.4.3_patch_hash=fbab57fe3750e430abd5d5e7c04cbf1b6a8f9f1c9676b14c73b77d3e0_ad2671a9dc4701bd91b53b83324d31e0/node_modules/element-plus/theme-chalk/src/slider.scss 28:3            @content
[35mn8n-editor-ui:build: [0m    ../../../../../element-plus@2.4.3_patch_hash=fbab57fe3750e430abd5d5e7c04cbf1b6a8f9f1c9676b14c73b77d3e0_ad2671a9dc4701bd91b53b83324d31e0/node_modules/element-plus/theme-chalk/src/mixins/mixins.scss 60:5     b()
[35mn8n-editor-ui:build: [0m    ../../../../../element-plus@2.4.3_patch_hash=fbab57fe3750e430abd5d5e7c04cbf1b6a8f9f1c9676b14c73b77d3e0_ad2671a9dc4701bd91b53b83324d31e0/node_modules/element-plus/theme-chalk/src/slider.scss 22:1            @use
[35mn8n-editor-ui:build: [0m    ../../../../../../../packages/frontend/@n8n/design-system/src/css/slider.scss 7:1                                                                                                                             @use
[35mn8n-editor-ui:build: [0m    ../../../../../../../packages/frontend/@n8n/design-system/src/css/index.scss 17:1                                                                                                                             root stylesheet
[35mn8n-editor-ui:build: [0m
[35mn8n-editor-ui:build: [0m[33m[1mDeprecation Warning[0m [[34mglobal-builtin[0m]: Global built-in functions are deprecated and will be removed in Dart Sass 3.0.0.
[35mn8n-editor-ui:build: [0mUse string.slice instead.
[35mn8n-editor-ui:build: [0m
[35mn8n-editor-ui:build: [0mMore info and automated migrator: https://sass-lang.com/d/import
[35mn8n-editor-ui:build: [0m
[35mn8n-editor-ui:build: [0m[34m  ╷[0m
[35mn8n-editor-ui:build: [0m[34m6 │[0m   $selector: [31mstr-slice($selector, 2, -2)[0m;
[35mn8n-editor-ui:build: [0m[34m  │[0m [31m             ^^^^^^^^^^^^^^^^^^^^^^^^^^^[0m
[35mn8n-editor-ui:build: [0m[34m  ╵[0m
[35mn8n-editor-ui:build: [0m    ../../../../../element-plus@2.4.3_patch_hash=fbab57fe3750e430abd5d5e7c04cbf1b6a8f9f1c9676b14c73b77d3e0_ad2671a9dc4701bd91b53b83324d31e0/node_modules/element-plus/theme-chalk/src/mixins/function.scss 6:14   selectorToString()
[35mn8n-editor-ui:build: [0m    ../../../../../element-plus@2.4.3_patch_hash=fbab57fe3750e430abd5d5e7c04cbf1b6a8f9f1c9676b14c73b77d3e0_ad2671a9dc4701bd91b53b83324d31e0/node_modules/element-plus/theme-chalk/src/mixins/function.scss 11:14  containsModifier()
[35mn8n-editor-ui:build: [0m    ../../../../../element-plus@2.4.3_patch_hash=fbab57fe3750e430abd5d5e7c04cbf1b6a8f9f1c9676b14c73b77d3e0_ad2671a9dc4701bd91b53b83324d31e0/node_modules/element-plus/theme-chalk/src/mixins/function.scss 41:11  hitAllSpecialNestRule()
[35mn8n-editor-ui:build: [0m    ../../../../../element-plus@2.4.3_patch_hash=fbab57fe3750e430abd5d5e7c04cbf1b6a8f9f1c9676b14c73b77d3e0_ad2671a9dc4701bd91b53b83324d31e0/node_modules/element-plus/theme-chalk/src/mixins/mixins.scss 77:7     e()
[35mn8n-editor-ui:build: [0m    ../../../../../element-plus@2.4.3_patch_hash=fbab57fe3750e430abd5d5e7c04cbf1b6a8f9f1c9676b14c73b77d3e0_ad2671a9dc4701bd91b53b83324d31e0/node_modules/element-plus/theme-chalk/src/slider.scss 28:3            @content
[35mn8n-editor-ui:build: [0m    ../../../../../element-plus@2.4.3_patch_hash=fbab57fe3750e430abd5d5e7c04cbf1b6a8f9f1c9676b14c73b77d3e0_ad2671a9dc4701bd91b53b83324d31e0/node_modules/element-plus/theme-chalk/src/mixins/mixins.scss 60:5     b()
[35mn8n-editor-ui:build: [0m    ../../../../../element-plus@2.4.3_patch_hash=fbab57fe3750e430abd5d5e7c04cbf1b6a8f9f1c9676b14c73b77d3e0_ad2671a9dc4701bd91b53b83324d31e0/node_modules/element-plus/theme-chalk/src/slider.scss 22:1            @use
[35mn8n-editor-ui:build: [0m    ../../../../../../../packages/frontend/@n8n/design-system/src/css/slider.scss 7:1                                                                                                                             @use
[35mn8n-editor-ui:build: [0m    ../../../../../../../packages/frontend/@n8n/design-system/src/css/index.scss 17:1                                                                                                                             root stylesheet
[35mn8n-editor-ui:build: [0m
[35mn8n-editor-ui:build: [0m[33m[1mDeprecation Warning[0m [[34mglobal-builtin[0m]: Global built-in functions are deprecated and will be removed in Dart Sass 3.0.0.
[35mn8n-editor-ui:build: [0mUse string.index instead.
[35mn8n-editor-ui:build: [0m
[35mn8n-editor-ui:build: [0mMore info and automated migrator: https://sass-lang.com/d/import
[35mn8n-editor-ui:build: [0m
[35mn8n-editor-ui:build: [0m[34m   ╷[0m
[35mn8n-editor-ui:build: [0m[34m13 │[0m   @if [31mstr-index($selector, config.$modifier-separator)[0m {
[35mn8n-editor-ui:build: [0m[34m   │[0m [31m      ^^^^^^^^^^^^^^^^^^^^^^^^^^^^^^^^^^^^^^^^^^^^^^^^[0m
[35mn8n-editor-ui:build: [0m[34m   ╵[0m
[35mn8n-editor-ui:build: [0m    ../../../../../element-plus@2.4.3_patch_hash=fbab57fe3750e430abd5d5e7c04cbf1b6a8f9f1c9676b14c73b77d3e0_ad2671a9dc4701bd91b53b83324d31e0/node_modules/element-plus/theme-chalk/src/mixins/function.scss 13:7   containsModifier()
[35mn8n-editor-ui:build: [0m    ../../../../../element-plus@2.4.3_patch_hash=fbab57fe3750e430abd5d5e7c04cbf1b6a8f9f1c9676b14c73b77d3e0_ad2671a9dc4701bd91b53b83324d31e0/node_modules/element-plus/theme-chalk/src/mixins/function.scss 41:11  hitAllSpecialNestRule()
[35mn8n-editor-ui:build: [0m    ../../../../../element-plus@2.4.3_patch_hash=fbab57fe3750e430abd5d5e7c04cbf1b6a8f9f1c9676b14c73b77d3e0_ad2671a9dc4701bd91b53b83324d31e0/node_modules/element-plus/theme-chalk/src/mixins/mixins.scss 77:7     e()
[35mn8n-editor-ui:build: [0m    ../../../../../element-plus@2.4.3_patch_hash=fbab57fe3750e430abd5d5e7c04cbf1b6a8f9f1c9676b14c73b77d3e0_ad2671a9dc4701bd91b53b83324d31e0/node_modules/element-plus/theme-chalk/src/slider.scss 28:3            @content
[35mn8n-editor-ui:build: [0m    ../../../../../element-plus@2.4.3_patch_hash=fbab57fe3750e430abd5d5e7c04cbf1b6a8f9f1c9676b14c73b77d3e0_ad2671a9dc4701bd91b53b83324d31e0/node_modules/element-plus/theme-chalk/src/mixins/mixins.scss 60:5     b()
[35mn8n-editor-ui:build: [0m    ../../../../../element-plus@2.4.3_patch_hash=fbab57fe3750e430abd5d5e7c04cbf1b6a8f9f1c9676b14c73b77d3e0_ad2671a9dc4701bd91b53b83324d31e0/node_modules/element-plus/theme-chalk/src/slider.scss 22:1            @use
[35mn8n-editor-ui:build: [0m    ../../../../../../../packages/frontend/@n8n/design-system/src/css/slider.scss 7:1                                                                                                                             @use
[35mn8n-editor-ui:build: [0m    ../../../../../../../packages/frontend/@n8n/design-system/src/css/index.scss 17:1                                                                                                                             root stylesheet
[35mn8n-editor-ui:build: [0m
[35mn8n-editor-ui:build: [0m[33m[1mDeprecation Warning[0m [[34mglobal-builtin[0m]: Global built-in functions are deprecated and will be removed in Dart Sass 3.0.0.
[35mn8n-editor-ui:build: [0mUse string.index instead.
[35mn8n-editor-ui:build: [0m
[35mn8n-editor-ui:build: [0mMore info and automated migrator: https://sass-lang.com/d/import
[35mn8n-editor-ui:build: [0m
[35mn8n-editor-ui:build: [0m[34m   ╷[0m
[35mn8n-editor-ui:build: [0m[34m23 │[0m   @if [31mstr-index($selector, '.' + config.$state-prefix)[0m {
[35mn8n-editor-ui:build: [0m[34m   │[0m [31m      ^^^^^^^^^^^^^^^^^^^^^^^^^^^^^^^^^^^^^^^^^^^^^^^^[0m
[35mn8n-editor-ui:build: [0m[34m   ╵[0m
[35mn8n-editor-ui:build: [0m    ../../../../../element-plus@2.4.3_patch_hash=fbab57fe3750e430abd5d5e7c04cbf1b6a8f9f1c9676b14c73b77d3e0_ad2671a9dc4701bd91b53b83324d31e0/node_modules/element-plus/theme-chalk/src/mixins/function.scss 23:7   containWhenFlag()
[35mn8n-editor-ui:build: [0m    ../../../../../element-plus@2.4.3_patch_hash=fbab57fe3750e430abd5d5e7c04cbf1b6a8f9f1c9676b14c73b77d3e0_ad2671a9dc4701bd91b53b83324d31e0/node_modules/element-plus/theme-chalk/src/mixins/function.scss 41:42  hitAllSpecialNestRule()
[35mn8n-editor-ui:build: [0m    ../../../../../element-plus@2.4.3_patch_hash=fbab57fe3750e430abd5d5e7c04cbf1b6a8f9f1c9676b14c73b77d3e0_ad2671a9dc4701bd91b53b83324d31e0/node_modules/element-plus/theme-chalk/src/mixins/mixins.scss 77:7     e()
[35mn8n-editor-ui:build: [0m    ../../../../../element-plus@2.4.3_patch_hash=fbab57fe3750e430abd5d5e7c04cbf1b6a8f9f1c9676b14c73b77d3e0_ad2671a9dc4701bd91b53b83324d31e0/node_modules/element-plus/theme-chalk/src/slider.scss 28:3            @content
[35mn8n-editor-ui:build: [0m    ../../../../../element-plus@2.4.3_patch_hash=fbab57fe3750e430abd5d5e7c04cbf1b6a8f9f1c9676b14c73b77d3e0_ad2671a9dc4701bd91b53b83324d31e0/node_modules/element-plus/theme-chalk/src/mixins/mixins.scss 60:5     b()
[35mn8n-editor-ui:build: [0m    ../../../../../element-plus@2.4.3_patch_hash=fbab57fe3750e430abd5d5e7c04cbf1b6a8f9f1c9676b14c73b77d3e0_ad2671a9dc4701bd91b53b83324d31e0/node_modules/element-plus/theme-chalk/src/slider.scss 22:1            @use
[35mn8n-editor-ui:build: [0m    ../../../../../../../packages/frontend/@n8n/design-system/src/css/slider.scss 7:1                                                                                                                             @use
[35mn8n-editor-ui:build: [0m    ../../../../../../../packages/frontend/@n8n/design-system/src/css/index.scss 17:1                                                                                                                             root stylesheet
[35mn8n-editor-ui:build: [0m
[35mn8n-editor-ui:build: [0m[33m[1mWarning[0m: 1 repetitive deprecation warnings omitted.
[35mn8n-editor-ui:build: [0mRun in verbose mode to see all warnings.
[35mn8n-editor-ui:build: [0m
[35mn8n-editor-ui:build: [0m[2K[35mn8n-editor-ui:build: [0mtransforming...[32m✓[39m 9411 modules transformed.
[35mn8n-editor-ui:build: [0mrendering chunks...
[35mn8n-editor-ui:build: [0m[36m[vite-plugin-static-copy][39m [32mCopied 4 items.[39m
[35mn8n-editor-ui:build: [0mcomputing gzip size...
[35mn8n-editor-ui:build: [0m[2mdist/[0m[2massets/[0m[32msafeRegex.worker-CUgnGUYO.js                            [39m[2m[1m     0.90 kB[0m[0m
[35mn8n-editor-ui:build: [0m[2mdist/[0m[2massets/[0m[32mKaTeX_Size3-Regular-CTq5MqoE.woff                       [39m[2m[1m     4.42 kB[0m[0m
[35mn8n-editor-ui:build: [0m[2mdist/[0m[2massets/[0m[32mKaTeX_Size4-Regular-Dl5lxZxV.woff2                      [39m[2m[1m     4.92 kB[0m[0m
[35mn8n-editor-ui:build: [0m[2mdist/[0m[2massets/[0m[32mKaTeX_Size2-Regular-Dy4dx90m.woff2                      [39m[2m[1m     5.20 kB[0m[0m
[35mn8n-editor-ui:build: [0m[2mdist/[0m[2massets/[0m[32mKaTeX_Size1-Regular-mCD8mA8B.woff2                      [39m[2m[1m     5.46 kB[0m[0m
[35mn8n-editor-ui:build: [0m[2mdist/[0m[2massets/[0m[32mKaTeX_Size4-Regular-BF-4gkZK.woff                       [39m[2m[1m     5.98 kB[0m[0m
[35mn8n-editor-ui:build: [0m[2mdist/[0m[2massets/[0m[32mKaTeX_Size2-Regular-oD1tc_U0.woff                       [39m[2m[1m     6.18 kB[0m[0m
[35mn8n-editor-ui:build: [0m[2mdist/[0m[2massets/[0m[32mKaTeX_Size1-Regular-C195tn64.woff                       [39m[2m[1m     6.49 kB[0m[0m
[35mn8n-editor-ui:build: [0m[2mdist/[0m[2massets/[0m[32mKaTeX_Caligraphic-Regular-Di6jR-x-.woff2                [39m[2m[1m     6.90 kB[0m[0m
[35mn8n-editor-ui:build: [0m[2mdist/[0m[2massets/[0m[32mKaTeX_Caligraphic-Bold-Dq_IR9rO.woff2                   [39m[2m[1m     6.91 kB[0m[0m
[35mn8n-editor-ui:build: [0m[2mdist/[0m[2massets/[0m[32mKaTeX_Size3-Regular-DgpXs0kz.ttf                        [39m[2m[1m     7.58 kB[0m[0m
[35mn8n-editor-ui:build: [0m[2mdist/[0m[2massets/[0m[32mKaTeX_Caligraphic-Regular-CTRA-rTL.woff                 [39m[2m[1m     7.65 kB[0m[0m
[35mn8n-editor-ui:build: [0m[2mdist/[0m[2massets/[0m[32mKaTeX_Caligraphic-Bold-BEiXGLvX.woff                    [39m[2m[1m     7.71 kB[0m[0m
[35mn8n-editor-ui:build: [0m[2mdist/[0m[2massets/[0m[32mKaTeX_Script-Regular-D3wIWfF6.woff2                     [39m[2m[1m     9.64 kB[0m[0m
[35mn8n-editor-ui:build: [0m[2mdist/[0m[2massets/[0m[32mKaTeX_SansSerif-Regular-DDBCnlJ7.woff2                  [39m[2m[1m    10.34 kB[0m[0m
[35mn8n-editor-ui:build: [0m[2mdist/[0m[2massets/[0m[32mKaTeX_Size4-Regular-DWFBv043.ttf                        [39m[2m[1m    10.36 kB[0m[0m
[35mn8n-editor-ui:build: [0m[2mdist/[0m[2massets/[0m[32mKaTeX_Script-Regular-D5yQViql.woff                      [39m[2m[1m    10.58 kB[0m[0m
[35mn8n-editor-ui:build: [0m[2mdist/[0m[2massets/[0m[32mKaTeX_Fraktur-Regular-CTYiF6lA.woff2                    [39m[2m[1m    11.31 kB[0m[0m
[35mn8n-editor-ui:build: [0m[2mdist/[0m[2massets/[0m[32mKaTeX_Fraktur-Bold-CL6g_b3V.woff2                       [39m[2m[1m    11.34 kB[0m[0m
[35mn8n-editor-ui:build: [0m[2mdist/[0m[2massets/[0m[32mKaTeX_Size2-Regular-B7gKUWhC.ttf                        [39m[2m[1m    11.50 kB[0m[0m
[35mn8n-editor-ui:build: [0m[2mdist/[0m[2massets/[0m[32mKaTeX_SansSerif-Italic-C3H0VqGB.woff2                   [39m[2m[1m    12.02 kB[0m[0m
[35mn8n-editor-ui:build: [0m[2mdist/[0m[2massets/[0m[32mKaTeX_SansSerif-Bold-D1sUS0GD.woff2                     [39m[2m[1m    12.21 kB[0m[0m
[35mn8n-editor-ui:build: [0m[2mdist/[0m[2massets/[0m[32mKaTeX_Size1-Regular-Dbsnue_I.ttf                        [39m[2m[1m    12.22 kB[0m[0m
[35mn8n-editor-ui:build: [0m[2mdist/[0m[2massets/[0m[32mKaTeX_SansSerif-Regular-CS6fqUqJ.woff                   [39m[2m[1m    12.31 kB[0m[0m
[35mn8n-editor-ui:build: [0m[2mdist/[0m[2massets/[0m[32mKaTeX_Caligraphic-Regular-wX97UBjC.ttf                  [39m[2m[1m    12.34 kB[0m[0m
[35mn8n-editor-ui:build: [0m[2mdist/[0m[2massets/[0m[32mKaTeX_Caligraphic-Bold-ATXxdsX0.ttf                     [39m[2m[1m    12.36 kB[0m[0m
[35mn8n-editor-ui:build: [0m[2mdist/[0m[2massets/[0m[32mKaTeX_Fraktur-Regular-Dxdc4cR9.woff                     [39m[2m[1m    13.20 kB[0m[0m
[35mn8n-editor-ui:build: [0m[2mdist/[0m[2massets/[0m[32mKaTeX_Fraktur-Bold-BsDP51OF.woff                        [39m[2m[1m    13.29 kB[0m[0m
[35mn8n-editor-ui:build: [0m[2mdist/[0m[2massets/[0m[32mKaTeX_Typewriter-Regular-CO6r4hn1.woff2                 [39m[2m[1m    13.56 kB[0m[0m
[35mn8n-editor-ui:build: [0m[2mdist/[0m[2massets/[0m[32mKaTeX_SansSerif-Italic-DN2j7dab.woff                    [39m[2m[1m    14.11 kB[0m[0m
[35mn8n-editor-ui:build: [0m[2mdist/[0m[2massets/[0m[32mKaTeX_SansSerif-Bold-DbIhKOiC.woff                      [39m[2m[1m    14.40 kB[0m[0m
[35mn8n-editor-ui:build: [0m[2mdist/[0m[2massets/[0m[32mKaTeX_Typewriter-Regular-C0xS9mPB.woff                  [39m[2m[1m    16.02 kB[0m[0m
[35mn8n-editor-ui:build: [0m[2mdist/[0m[2massets/[0m[32mKaTeX_Math-BoldItalic-CZnvNsCZ.woff2                    [39m[2m[1m    16.40 kB[0m[0m
[35mn8n-editor-ui:build: [0m[2mdist/[0m[2massets/[0m[32mKaTeX_Math-Italic-t53AETM-.woff2                        [39m[2m[1m    16.44 kB[0m[0m
[35mn8n-editor-ui:build: [0m[2mdist/[0m[2massets/[0m[32mKaTeX_Script-Regular-C5JkGWo-.ttf                       [39m[2m[1m    16.64 kB[0m[0m
[35mn8n-editor-ui:build: [0m[2mdist/[0m[2massets/[0m[32mKaTeX_Main-BoldItalic-DxDJ3AOS.woff2                    [39m[2m[1m    16.78 kB[0m[0m
[35mn8n-editor-ui:build: [0m[2mdist/[0m[2massets/[0m[32mKaTeX_Main-Italic-NWA7e6Wa.woff2                        [39m[2m[1m    16.98 kB[0m[0m
[35mn8n-editor-ui:build: [0m[2mdist/[0m[2massets/[0m[32mworker-BAe5BeIp.js                                      [39m[2m[1m    18.43 kB[0m[0m
[35mn8n-editor-ui:build: [0m[2mdist/[0m[2massets/[0m[32mKaTeX_Math-BoldItalic-iY-2wyZ7.woff                     [39m[2m[1m    18.66 kB[0m[0m
[35mn8n-editor-ui:build: [0m[2mdist/[0m[2massets/[0m[32mKaTeX_Math-Italic-DA0__PXp.woff                         [39m[2m[1m    18.74 kB[0m[0m
[35mn8n-editor-ui:build: [0m[2mdist/[0m[2massets/[0m[32mKaTeX_Main-BoldItalic-SpSLRI95.woff                     [39m[2m[1m    19.41 kB[0m[0m
[35mn8n-editor-ui:build: [0m[2mdist/[0m[2massets/[0m[32mKaTeX_SansSerif-Regular-BNo7hRIc.ttf                    [39m[2m[1m    19.43 kB[0m[0m
[35mn8n-editor-ui:build: [0m[2mdist/[0m[2massets/[0m[32mKaTeX_Fraktur-Regular-CB_wures.ttf                      [39m[2m[1m    19.57 kB[0m[0m
[35mn8n-editor-ui:build: [0m[2mdist/[0m[2massets/[0m[32mKaTeX_Fraktur-Bold-BdnERNNW.ttf                         [39m[2m[1m    19.58 kB[0m[0m
[35mn8n-editor-ui:build: [0m[2mdist/[0m[2massets/[0m[32mKaTeX_Main-Italic-BMLOBm91.woff                         [39m[2m[1m    19.67 kB[0m[0m
[35mn8n-editor-ui:build: [0m[2mdist/[0m[2massets/[0m[32mKaTeX_SansSerif-Italic-YYjJ1zSn.ttf                     [39m[2m[1m    22.36 kB[0m[0m
[35mn8n-editor-ui:build: [0m[2mdist/[0m[2massets/[0m[32mKaTeX_SansSerif-Bold-CFMepnvq.ttf                       [39m[2m[1m    24.50 kB[0m[0m
[35mn8n-editor-ui:build: [0m[2mdist/[0m[2massets/[0m[32mKaTeX_Main-Bold-Cx986IdX.woff2                          [39m[2m[1m    25.32 kB[0m[0m
[35mn8n-editor-ui:build: [0m[2mdist/[0m[2massets/[0m[32mKaTeX_Main-Regular-B22Nviop.woff2                       [39m[2m[1m    26.27 kB[0m[0m
[35mn8n-editor-ui:build: [0m[2mdist/[0m[2massets/[0m[32mKaTeX_Typewriter-Regular-D3Ib7_Hf.ttf                   [39m[2m[1m    27.55 kB[0m[0m
[35mn8n-editor-ui:build: [0m[2mdist/[0m[2massets/[0m[32mKaTeX_AMS-Regular-BQhdFMY1.woff2                        [39m[2m[1m    28.07 kB[0m[0m
[35mn8n-editor-ui:build: [0m[2mdist/[0m[2massets/[0m[32melement-icons-B-tDfklg.woff                             [39m[2m[1m    28.20 kB[0m[0m
[35mn8n-editor-ui:build: [0m[2mdist/[0m[2massets/[0m[32mKaTeX_Main-Bold-Jm3AIy58.woff                           [39m[2m[1m    29.91 kB[0m[0m
[35mn8n-editor-ui:build: [0m[2mdist/[0m[2massets/[0m[32mKaTeX_Main-Regular-Dr94JaBh.woff                        [39m[2m[1m    30.77 kB[0m[0m
[35mn8n-editor-ui:build: [0m[2mdist/[0m[2massets/[0m[32mKaTeX_Math-BoldItalic-B3XSjfu4.ttf                      [39m[2m[1m    31.19 kB[0m[0m
[35mn8n-editor-ui:build: [0m[2mdist/[0m[2massets/[0m[32mKaTeX_Math-Italic-flOr_0UB.ttf                          [39m[2m[1m    31.30 kB[0m[0m
[35mn8n-editor-ui:build: [0m[2mdist/[0m[2massets/[0m[32mKaTeX_Main-BoldItalic-DzxPMmG6.ttf                      [39m[2m[1m    32.96 kB[0m[0m
[35mn8n-editor-ui:build: [0m[2mdist/[0m[2massets/[0m[32mKaTeX_AMS-Regular-DMm9YOAa.woff                         [39m[2m[1m    33.51 kB[0m[0m
[35mn8n-editor-ui:build: [0m[2mdist/[0m[2massets/[0m[32mKaTeX_Main-Italic-3WenGoN9.ttf                          [39m[2m[1m    33.58 kB[0m[0m
[35mn8n-editor-ui:build: [0m[2mdist/[0m[32mindex.html                                                     [39m[2m[1m    42.65 kB[0m[0m[2m │ gzip:   6.74 kB[0m
[35mn8n-editor-ui:build: [0m[2mdist/[0m[2massets/[0m[32mKaTeX_Main-Bold-waoOVXN0.ttf                            [39m[2m[1m    51.33 kB[0m[0m
[35mn8n-editor-ui:build: [0m[2mdist/[0m[2massets/[0m[32mKaTeX_Main-Regular-ypZvNtVU.ttf                         [39m[2m[1m    53.58 kB[0m[0m
[35mn8n-editor-ui:build: [0m[2mdist/[0m[2massets/[0m[32melement-icons-_lZGOqcG.ttf                              [39m[2m[1m    55.95 kB[0m[0m
[35mn8n-editor-ui:build: [0m[2mdist/[0m[2massets/[0m[32mKaTeX_AMS-Regular-DRggAlZN.ttf                          [39m[2m[1m    63.63 kB[0m[0m
[35mn8n-editor-ui:build: [0m[2mdist/[0m[2massets/[0m[32mCommitMonoVariable-ytizKI8U.woff2                       [39m[2m[1m    86.76 kB[0m[0m
[35mn8n-editor-ui:build: [0m[2mdist/[0m[2massets/[0m[32mdoppler-B__k0MeW.webp                                   [39m[2m[1m   315.06 kB[0m[0m
[35mn8n-editor-ui:build: [0m[2mdist/[0m[2massets/[0m[32mInterVariable-DiVDrmQJ.woff2                            [39m[2m[1m   352.24 kB[0m[0m
[35mn8n-editor-ui:build: [0m[2mdist/[0m[2massets/[0m[32mInterVariable-Italic-FCBEiFp6.woff2                     [39m[2m[1m   387.97 kB[0m[0m
[35mn8n-editor-ui:build: [0m[2mdist/[0m[2massets/[0m[32mwa-sqlite-DDTbX34h.wasm                                 [39m[2m[1m   596.88 kB[0m[0m[2m │ gzip: 295.39 kB[0m
[35mn8n-editor-ui:build: [0m[2mdist/[0m[2massets/[0m[32mworker-BcK4oOlL.js                                      [39m[2m[1m 3,214.73 kB[0m[0m
[35mn8n-editor-ui:build: [0m[2mdist/[0m[2massets/[0m[32mtypescript.worker-C--GG-KE.js                           [39m[2m[1m10,883.88 kB[0m[0m
[35mn8n-editor-ui:build: [0m[2mdist/[0m[2massets/[0m[35mConnectionTracker-c7uDDNb0.css                          [39m[2m[1m     0.18 kB[0m[0m[2m │ gzip:   0.13 kB[0m
[35mn8n-editor-ui:build: [0m[2mdist/[0m[2massets/[0m[35mEntityNotFound-DA5wD1RS.css                             [39m[2m[1m     0.19 kB[0m[0m[2m │ gzip:   0.15 kB[0m
[35mn8n-editor-ui:build: [0m[2mdist/[0m[2massets/[0m[35mEntityUnAuthorised-D3XTbU6Y.css                         [39m[2m[1m     0.19 kB[0m[0m[2m │ gzip:   0.16 kB[0m
[35mn8n-editor-ui:build: [0m[2mdist/[0m[2massets/[0m[35mDialogFooter-BNJ_h6f2.css                               [39m[2m[1m     0.25 kB[0m[0m[2m │ gzip:   0.16 kB[0m
[35mn8n-editor-ui:build: [0m[2mdist/[0m[2massets/[0m[35mSeverityTag-C0hCvHeU.css                                [39m[2m[1m     0.27 kB[0m[0m[2m │ gzip:   0.15 kB[0m
[35mn8n-editor-ui:build: [0m[2mdist/[0m[2massets/[0m[35mAnimatedSpinner-CoP6Lyme.css                            [39m[2m[1m     0.57 kB[0m[0m[2m │ gzip:   0.19 kB[0m
[35mn8n-editor-ui:build: [0m[2mdist/[0m[2massets/[0m[35museRoleEditorForm-CL88lqWh.css                          [39m[2m[1m     0.57 kB[0m[0m[2m │ gzip:   0.31 kB[0m
[35mn8n-editor-ui:build: [0m[2mdist/[0m[2massets/[0m[35mNDVEmptyState-C0V2112A.css                              [39m[2m[1m     0.58 kB[0m[0m[2m │ gzip:   0.30 kB[0m
[35mn8n-editor-ui:build: [0m[2mdist/[0m[2massets/[0m[35mMigrationRuleDetail-CNqoOkMh.css                        [39m[2m[1m     0.63 kB[0m[0m[2m │ gzip:   0.39 kB[0m
[35mn8n-editor-ui:build: [0m[2mdist/[0m[2massets/[0m[35mMigrationRules-CnoXUHIO.css                             [39m[2m[1m     0.68 kB[0m[0m[2m │ gzip:   0.33 kB[0m
[35mn8n-editor-ui:build: [0m[2mdist/[0m[2massets/[0m[35mAgentView-DZtLv_vB.css                                  [39m[2m[1m     1.07 kB[0m[0m[2m │ gzip:   0.45 kB[0m
[35mn8n-editor-ui:build: [0m[2mdist/[0m[2massets/[0m[35mAgentTaskModal-Le66LoNW.css                             [39m[2m[1m     1.22 kB[0m[0m[2m │ gzip:   0.47 kB[0m
[35mn8n-editor-ui:build: [0m[2mdist/[0m[2massets/[0m[35mCheckbox-CsWkpTVy.css                                   [39m[2m[1m     1.82 kB[0m[0m[2m │ gzip:   0.62 kB[0m
[35mn8n-editor-ui:build: [0m[2mdist/[0m[2massets/[0m[35mProjectRoleView-CfBMdDOX.css                            [39m[2m[1m     1.85 kB[0m[0m[2m │ gzip:   0.68 kB[0m
[35mn8n-editor-ui:build: [0m[2mdist/[0m[2massets/[0m[35mSettingsSecretsProviders-CRebq6fq.css                   [39m[2m[1m     2.48 kB[0m[0m[2m │ gzip:   0.85 kB[0m
[35mn8n-editor-ui:build: [0m[2mdist/[0m[2massets/[0m[35mRolesView-B3k3qsut.css                                  [39m[2m[1m     2.62 kB[0m[0m[2m │ gzip:   0.79 kB[0m
[35mn8n-editor-ui:build: [0m[2mdist/[0m[2massets/[0m[35mSecuritySettings-CRZjppji.css                           [39m[2m[1m     2.86 kB[0m[0m[2m │ gzip:   0.46 kB[0m
[35mn8n-editor-ui:build: [0m[2mdist/[0m[2massets/[0m[35mSwitch-VVCsxUqF.css                                     [39m[2m[1m     4.22 kB[0m[0m[2m │ gzip:   1.15 kB[0m
[35mn8n-editor-ui:build: [0m[2mdist/[0m[2massets/[0m[35mSelect-BFME-47l.css                                     [39m[2m[1m     4.63 kB[0m[0m[2m │ gzip:   1.26 kB[0m
[35mn8n-editor-ui:build: [0m[2mdist/[0m[2massets/[0m[35mDateRangePicker-DzddKEHd.css                            [39m[2m[1m     7.69 kB[0m[0m[2m │ gzip:   1.53 kB[0m
[35mn8n-editor-ui:build: [0m[2mdist/[0m[2massets/[0m[35mRunDataHtml-D54zvnKa.css                                [39m[2m[1m     8.13 kB[0m[0m[2m │ gzip:   1.44 kB[0m
[35mn8n-editor-ui:build: [0m[2mdist/[0m[2massets/[0m[35mBrowserUseSetupModal-BOW31swk.css                       [39m[2m[1m     8.24 kB[0m[0m[2m │ gzip:   1.47 kB[0m
[35mn8n-editor-ui:build: [0m[2mdist/[0m[2massets/[0m[35mComputerUseSetupModal-CRvGKzEB.css                      [39m[2m[1m     8.24 kB[0m[0m[2m │ gzip:   1.47 kB[0m
[35mn8n-editor-ui:build: [0m[2mdist/[0m[2massets/[0m[35mConfirmPasswordModal-CgZPE0yK.css                       [39m[2m[1m     8.39 kB[0m[0m[2m │ gzip:   1.45 kB[0m
[35mn8n-editor-ui:build: [0m[2mdist/[0m[2massets/[0m[35mPromptMfaCodeModal-DqXIRlbs.css                         [39m[2m[1m     8.39 kB[0m[0m[2m │ gzip:   1.46 kB[0m
[35mn8n-editor-ui:build: [0m[2mdist/[0m[2massets/[0m[35mCredentialIcon-C4grmwxF.css                             [39m[2m[1m     8.40 kB[0m[0m[2m │ gzip:   1.45 kB[0m
[35mn8n-editor-ui:build: [0m[2mdist/[0m[2massets/[0m[35mPrivateCredentialIcon-Djt1dVnh.css                      [39m[2m[1m     8.42 kB[0m[0m[2m │ gzip:   1.47 kB[0m
[35mn8n-editor-ui:build: [0m[2mdist/[0m[2massets/[0m[35mExposeAllWorkflowsToMcpModal-BMVnl-2M.css               [39m[2m[1m     8.42 kB[0m[0m[2m │ gzip:   1.47 kB[0m
[35mn8n-editor-ui:build: [0m[2mdist/[0m[2massets/[0m[35mCopyButton-Df0vp-zk.css                                 [39m[2m[1m     8.43 kB[0m[0m[2m │ gzip:   1.47 kB[0m
[35mn8n-editor-ui:build: [0m[2mdist/[0m[2massets/[0m[35mNodeIcon-C9lIHc2o.css                                   [39m[2m[1m     8.46 kB[0m[0m[2m │ gzip:   1.49 kB[0m
[35mn8n-editor-ui:build: [0m[2mdist/[0m[2massets/[0m[35mTextWithHighlights-BcOufOs5.css                         [39m[2m[1m     8.47 kB[0m[0m[2m │ gzip:   1.49 kB[0m
[35mn8n-editor-ui:build: [0m[2mdist/[0m[2massets/[0m[35mRunDataJsonActions-CBGHqJ85.css                         [39m[2m[1m     8.49 kB[0m[0m[2m │ gzip:   1.50 kB[0m
[35mn8n-editor-ui:build: [0m[2mdist/[0m[2massets/[0m[35mChatLayout-CyGWY9Ae.css                                 [39m[2m[1m     8.50 kB[0m[0m[2m │ gzip:   1.51 kB[0m
[35mn8n-editor-ui:build: [0m[2mdist/[0m[2massets/[0m[35museLatestFetch-BmmyujEQ.css                             [39m[2m[1m     8.51 kB[0m[0m[2m │ gzip:   1.51 kB[0m
[35mn8n-editor-ui:build: [0m[2mdist/[0m[2massets/[0m[35museWorkflowsEmptyState-DVpY2Uht.css                     [39m[2m[1m     8.52 kB[0m[0m[2m │ gzip:   1.52 kB[0m
[35mn8n-editor-ui:build: [0m[2mdist/[0m[2massets/[0m[35mInsightsPaywall-CFdfkVhR.css                            [39m[2m[1m     8.55 kB[0m[0m[2m │ gzip:   1.54 kB[0m
[35mn8n-editor-ui:build: [0m[2mdist/[0m[2massets/[0m[35mContactAdministratorToInstall-DVoed5n3.css              [39m[2m[1m     8.56 kB[0m[0m[2m │ gzip:   1.53 kB[0m
[35mn8n-editor-ui:build: [0m[2mdist/[0m[2massets/[0m[35mDraggable-WeIHOLmR.css                                  [39m[2m[1m     8.56 kB[0m[0m[2m │ gzip:   1.53 kB[0m
[35mn8n-editor-ui:build: [0m[2mdist/[0m[2massets/[0m[35mDemoDiffView-Cf61kfri.css                               [39m[2m[1m     8.57 kB[0m[0m[2m │ gzip:   1.53 kB[0m
[35mn8n-editor-ui:build: [0m[2mdist/[0m[2massets/[0m[35museCredentialResolvers-DEViw1w8.css                     [39m[2m[1m     8.58 kB[0m[0m[2m │ gzip:   1.53 kB[0m
[35mn8n-editor-ui:build: [0m[2mdist/[0m[2massets/[0m[35mExternalSecretsProviderConnectionSwitch-DxhaIVu5.css    [39m[2m[1m     8.59 kB[0m[0m[2m │ gzip:   1.53 kB[0m
[35mn8n-editor-ui:build: [0m[2mdist/[0m[2massets/[0m[35mCredentialPicker-DFSCPErG.css                           [39m[2m[1m     8.60 kB[0m[0m[2m │ gzip:   1.54 kB[0m
[35mn8n-editor-ui:build: [0m[2mdist/[0m[2massets/[0m[35mDeleteInstanceRoleModal-Y_4y8bD0.css                    [39m[2m[1m     8.61 kB[0m[0m[2m │ gzip:   1.51 kB[0m
[35mn8n-editor-ui:build: [0m[2mdist/[0m[2massets/[0m[35mWorkflowPreviewHost-CrFhvTMf.css                        [39m[2m[1m     8.61 kB[0m[0m[2m │ gzip:   1.54 kB[0m
[35mn8n-editor-ui:build: [0m[2mdist/[0m[2massets/[0m[35mAgentJsonImportModal-618OGw94.css                       [39m[2m[1m     8.61 kB[0m[0m[2m │ gzip:   1.51 kB[0m
[35mn8n-editor-ui:build: [0m[2mdist/[0m[2massets/[0m[35mAgentConfirmationModal-t-UhxgKr.css                     [39m[2m[1m     8.63 kB[0m[0m[2m │ gzip:   1.54 kB[0m
[35mn8n-editor-ui:build: [0m[2mdist/[0m[2massets/[0m[35mKeyboardShortcutTooltip-B_DTewwj.css                    [39m[2m[1m     8.65 kB[0m[0m[2m │ gzip:   1.56 kB[0m
[35mn8n-editor-ui:build: [0m[2mdist/[0m[2massets/[0m[35mLoadingView-CETj9_dx.css                                [39m[2m[1m     8.68 kB[0m[0m[2m │ gzip:   1.57 kB[0m
[35mn8n-editor-ui:build: [0m[2mdist/[0m[2massets/[0m[35mModelByIdSelectorModal-D8Z38JT4.css                     [39m[2m[1m     8.71 kB[0m[0m[2m │ gzip:   1.58 kB[0m
[35mn8n-editor-ui:build: [0m[2mdist/[0m[2massets/[0m[35mErrorView-C7nPW4zj.css                                  [39m[2m[1m     8.77 kB[0m[0m[2m │ gzip:   1.58 kB[0m
[35mn8n-editor-ui:build: [0m[2mdist/[0m[2massets/[0m[35mNodeToolSettingsContent-Dopnxwg3.css                    [39m[2m[1m     8.79 kB[0m[0m[2m │ gzip:   1.59 kB[0m
[35mn8n-editor-ui:build: [0m[2mdist/[0m[2massets/[0m[35mSettingsExternalSecrets-CQkc1VdO.css                    [39m[2m[1m     8.80 kB[0m[0m[2m │ gzip:   1.58 kB[0m
[35mn8n-editor-ui:build: [0m[2mdist/[0m[2massets/[0m[35mSelectedItemsInfo-NHB7qtjF.css                          [39m[2m[1m     8.81 kB[0m[0m[2m │ gzip:   1.60 kB[0m
[35mn8n-editor-ui:build: [0m[2mdist/[0m[2massets/[0m[35mWorkflowExecutionsLandingPage-DBXhh5u8.css              [39m[2m[1m     8.82 kB[0m[0m[2m │ gzip:   1.58 kB[0m
[35mn8n-editor-ui:build: [0m[2mdist/[0m[2massets/[0m[35mPageViewLayout-C5qhBPk_.css                             [39m[2m[1m     8.83 kB[0m[0m[2m │ gzip:   1.62 kB[0m
[35mn8n-editor-ui:build: [0m[2mdist/[0m[2massets/[0m[35mSetupWorkflowFromTemplateView-DFRH6_o7.css              [39m[2m[1m     8.94 kB[0m[0m[2m │ gzip:   1.65 kB[0m
[35mn8n-editor-ui:build: [0m[2mdist/[0m[2massets/[0m[35mResourceFiltersDropdown-Bads2QBn.css                    [39m[2m[1m     9.01 kB[0m[0m[2m │ gzip:   1.70 kB[0m
[35mn8n-editor-ui:build: [0m[2mdist/[0m[2massets/[0m[35mSigninView-CfcpGub3.css                                 [39m[2m[1m     9.01 kB[0m[0m[2m │ gzip:   1.68 kB[0m
[35mn8n-editor-ui:build: [0m[2mdist/[0m[2massets/[0m[35mCredentialSelectorModal-B1Jg9n3b.css                    [39m[2m[1m     9.03 kB[0m[0m[2m │ gzip:   1.65 kB[0m
[35mn8n-editor-ui:build: [0m[2mdist/[0m[2massets/[0m[35mToolSettingsModal-BO6D6tVE.css                          [39m[2m[1m     9.06 kB[0m[0m[2m │ gzip:   1.70 kB[0m
[35mn8n-editor-ui:build: [0m[2mdist/[0m[2massets/[0m[35mChatPersonalAgentsView-D3bwovIW.css                     [39m[2m[1m     9.07 kB[0m[0m[2m │ gzip:   1.66 kB[0m
[35mn8n-editor-ui:build: [0m[2mdist/[0m[2massets/[0m[35mProviderSettingsModal-BwH1F-LU.css                      [39m[2m[1m     9.11 kB[0m[0m[2m │ gzip:   1.63 kB[0m
[35mn8n-editor-ui:build: [0m[2mdist/[0m[2massets/[0m[35mRunDataSearch-CY-tiPCr.css                              [39m[2m[1m     9.12 kB[0m[0m[2m │ gzip:   1.63 kB[0m
[35mn8n-editor-ui:build: [0m[2mdist/[0m[2massets/[0m[35mWorkflowExecutionsInfoAccordion-C_qgYcOa.css            [39m[2m[1m     9.16 kB[0m[0m[2m │ gzip:   1.70 kB[0m
[35mn8n-editor-ui:build: [0m[2mdist/[0m[2massets/[0m[35mWorkflowLocation-C4cINJP7.css                           [39m[2m[1m     9.17 kB[0m[0m[2m │ gzip:   1.69 kB[0m
[35mn8n-editor-ui:build: [0m[2mdist/[0m[2massets/[0m[35mSettingsLdapView-DkixKZyb.css                           [39m[2m[1m     9.20 kB[0m[0m[2m │ gzip:   1.70 kB[0m
[35mn8n-editor-ui:build: [0m[2mdist/[0m[2massets/[0m[35mInsightsTableWorkflows-DIki8ucg.css                     [39m[2m[1m     9.22 kB[0m[0m[2m │ gzip:   1.71 kB[0m
[35mn8n-editor-ui:build: [0m[2mdist/[0m[2massets/[0m[35museTelemetryContext-CeLl1-lo.css                        [39m[2m[1m     9.22 kB[0m[0m[2m │ gzip:   1.69 kB[0m
[35mn8n-editor-ui:build: [0m[2mdist/[0m[2massets/[0m[35mProjectBreadcrumb-BsOr10Zl.css                          [39m[2m[1m     9.24 kB[0m[0m[2m │ gzip:   1.71 kB[0m
[35mn8n-editor-ui:build: [0m[2mdist/[0m[2massets/[0m[35mChatWorkflowAgentsView-aI-t1dtR.css                     [39m[2m[1m     9.25 kB[0m[0m[2m │ gzip:   1.72 kB[0m
[35mn8n-editor-ui:build: [0m[2mdist/[0m[2massets/[0m[35mChatAgentAvatar-BGMF9uPV.css                            [39m[2m[1m     9.27 kB[0m[0m[2m │ gzip:   1.69 kB[0m
[35mn8n-editor-ui:build: [0m[2mdist/[0m[2massets/[0m[35mSettingsAIView-DdN2xQ81.css                             [39m[2m[1m     9.30 kB[0m[0m[2m │ gzip:   1.67 kB[0m
[35mn8n-editor-ui:build: [0m[2mdist/[0m[2massets/[0m[35mProjectCardBadge-5nhsnHGu.css                           [39m[2m[1m     9.33 kB[0m[0m[2m │ gzip:   1.73 kB[0m
[35mn8n-editor-ui:build: [0m[2mdist/[0m[2massets/[0m[35mProjectIcon-BFiVSA8e.css                                [39m[2m[1m     9.34 kB[0m[0m[2m │ gzip:   1.68 kB[0m
[35mn8n-editor-ui:build: [0m[2mdist/[0m[2massets/[0m[35mSettingsPersonalView-CTiQO_eL.css                       [39m[2m[1m     9.35 kB[0m[0m[2m │ gzip:   1.80 kB[0m
[35mn8n-editor-ui:build: [0m[2mdist/[0m[2massets/[0m[35mCredentialsDropdown-pzL47MO8.css                        [39m[2m[1m     9.35 kB[0m[0m[2m │ gzip:   1.77 kB[0m
[35mn8n-editor-ui:build: [0m[2mdist/[0m[2massets/[0m[35museLogsTreeExpand-CHxTblkB.css                          [39m[2m[1m     9.37 kB[0m[0m[2m │ gzip:   1.70 kB[0m
[35mn8n-editor-ui:build: [0m[2mdist/[0m[2massets/[0m[35mInstanceRoleView-0mDW5PQk.css                           [39m[2m[1m     9.40 kB[0m[0m[2m │ gzip:   1.88 kB[0m
[35mn8n-editor-ui:build: [0m[2mdist/[0m[2massets/[0m[35mAgentCredentialSelect-Z9BVvV__.css                      [39m[2m[1m     9.41 kB[0m[0m[2m │ gzip:   1.60 kB[0m
[35mn8n-editor-ui:build: [0m[2mdist/[0m[2massets/[0m[35mDataTableView-cJ6tGuPK.css                              [39m[2m[1m     9.43 kB[0m[0m[2m │ gzip:   1.82 kB[0m
[35mn8n-editor-ui:build: [0m[2mdist/[0m[2massets/[0m[35mChatFile-DBl9-zwe.css                                   [39m[2m[1m     9.52 kB[0m[0m[2m │ gzip:   1.81 kB[0m
[35mn8n-editor-ui:build: [0m[2mdist/[0m[2massets/[0m[35mBaseLayout-BPTvqVuL.css                                 [39m[2m[1m     9.57 kB[0m[0m[2m │ gzip:   1.82 kB[0m
[35mn8n-editor-ui:build: [0m[2mdist/[0m[2massets/[0m[35mAgentPersonalisationIcon-BOOARh8n.css                   [39m[2m[1m     9.62 kB[0m[0m[2m │ gzip:   1.85 kB[0m
[35mn8n-editor-ui:build: [0m[2mdist/[0m[2massets/[0m[35mInstanceAiToolsConnectionModalWrapper-Bhm9cAfv.css      [39m[2m[1m     9.63 kB[0m[0m[2m │ gzip:   1.88 kB[0m
[35mn8n-editor-ui:build: [0m[2mdist/[0m[2massets/[0m[35mAgentVectorStoresModal-DLgxhPhA.css                     [39m[2m[1m     9.65 kB[0m[0m[2m │ gzip:   1.81 kB[0m
[35mn8n-editor-ui:build: [0m[2mdist/[0m[2massets/[0m[35mCopyInput-C_IQpNkh.css                                  [39m[2m[1m     9.68 kB[0m[0m[2m │ gzip:   1.87 kB[0m
[35mn8n-editor-ui:build: [0m[2mdist/[0m[2massets/[0m[35mRunDataParsedAiContent-DtSYPOwE.css                     [39m[2m[1m     9.79 kB[0m[0m[2m │ gzip:   1.73 kB[0m
[35mn8n-editor-ui:build: [0m[2mdist/[0m[2massets/[0m[35mAgentSubAgentsModal-DnTweX4v.css                        [39m[2m[1m     9.84 kB[0m[0m[2m │ gzip:   1.86 kB[0m
[35mn8n-editor-ui:build: [0m[2mdist/[0m[2massets/[0m[35mSettingsAiGatewayView-Co3yw7da.css                      [39m[2m[1m     9.88 kB[0m[0m[2m │ gzip:   1.88 kB[0m
[35mn8n-editor-ui:build: [0m[2mdist/[0m[2massets/[0m[35mAgentsListView-CgvgU0ee.css                             [39m[2m[1m    10.10 kB[0m[0m[2m │ gzip:   1.91 kB[0m
[35mn8n-editor-ui:build: [0m[2mdist/[0m[2massets/[0m[35mMfaSetupModal-DigywPG-.css                              [39m[2m[1m    10.21 kB[0m[0m[2m │ gzip:   1.95 kB[0m
[35mn8n-editor-ui:build: [0m[2mdist/[0m[2massets/[0m[35mSettingsEncryptionKeys-DTaq-tQb.css                     [39m[2m[1m    10.22 kB[0m[0m[2m │ gzip:   1.97 kB[0m
[35mn8n-editor-ui:build: [0m[2mdist/[0m[2massets/[0m[35mTagsDropdown-Bq96NYXI.css                               [39m[2m[1m    10.55 kB[0m[0m[2m │ gzip:   2.06 kB[0m
[35mn8n-editor-ui:build: [0m[2mdist/[0m[2massets/[0m[35mInsightsDashboard-DiXzswy0.css                          [39m[2m[1m    11.31 kB[0m[0m[2m │ gzip:   2.36 kB[0m
[35mn8n-editor-ui:build: [0m[2mdist/[0m[2massets/[0m[35magentSkill-Cds_vfVD.css                                 [39m[2m[1m    11.40 kB[0m[0m[2m │ gzip:   2.19 kB[0m
[35mn8n-editor-ui:build: [0m[2mdist/[0m[2massets/[0m[35mInsightsSummary-C6u_PCLt.css                            [39m[2m[1m    12.00 kB[0m[0m[2m │ gzip:   2.29 kB[0m
[35mn8n-editor-ui:build: [0m[2mdist/[0m[2massets/[0m[35mComputerUseSetupContent-ORpzCcGj.css                    [39m[2m[1m    12.23 kB[0m[0m[2m │ gzip:   2.30 kB[0m
[35mn8n-editor-ui:build: [0m[2mdist/[0m[2massets/[0m[35mScopesSelector-Bc1boN4H.css                             [39m[2m[1m    12.31 kB[0m[0m[2m │ gzip:   2.49 kB[0m
[35mn8n-editor-ui:build: [0m[2mdist/[0m[2massets/[0m[35mAddDataTableModal-CHAp3oHO.css                          [39m[2m[1m    12.72 kB[0m[0m[2m │ gzip:   2.40 kB[0m
[35mn8n-editor-ui:build: [0m[2mdist/[0m[2massets/[0m[35mTrialIntroModal-d5ItKsKG.css                            [39m[2m[1m    13.50 kB[0m[0m[2m │ gzip:   2.55 kB[0m
[35mn8n-editor-ui:build: [0m[2mdist/[0m[2massets/[0m[35mOAuthConsentView-Iydwb9E8.css                           [39m[2m[1m    14.31 kB[0m[0m[2m │ gzip:   3.28 kB[0m
[35mn8n-editor-ui:build: [0m[2mdist/[0m[2massets/[0m[35mRedactedDataState-DDcJhuA_.css                          [39m[2m[1m    16.78 kB[0m[0m[2m │ gzip:   1.82 kB[0m
[35mn8n-editor-ui:build: [0m[2mdist/[0m[2massets/[0m[35mVirtualSchema-BELM1LB-.css                              [39m[2m[1m    16.78 kB[0m[0m[2m │ gzip:   3.31 kB[0m
[35mn8n-editor-ui:build: [0m[2mdist/[0m[2massets/[0m[35mWorkflowVersionForm-S9zmT17P.css                        [39m[2m[1m    16.90 kB[0m[0m[2m │ gzip:   1.78 kB[0m
[35mn8n-editor-ui:build: [0m[2mdist/[0m[2massets/[0m[35mbanners-p7kZcXY4.css                                    [39m[2m[1m    17.13 kB[0m[0m[2m │ gzip:   1.83 kB[0m
[35mn8n-editor-ui:build: [0m[2mdist/[0m[2massets/[0m[35mDependencyPill-Dtf39nQh.css                             [39m[2m[1m    17.19 kB[0m[0m[2m │ gzip:   1.93 kB[0m
[35mn8n-editor-ui:build: [0m[2mdist/[0m[2massets/[0m[35mCommunityNodeUpdateInfo-DdBa2r22.css                    [39m[2m[1m    17.27 kB[0m[0m[2m │ gzip:   1.89 kB[0m
[35mn8n-editor-ui:build: [0m[2mdist/[0m[2massets/[0m[35mMCPConnectWorkflowsModal-DckUVg1E.css                   [39m[2m[1m    17.36 kB[0m[0m[2m │ gzip:   1.91 kB[0m
[35mn8n-editor-ui:build: [0m[2mdist/[0m[2massets/[0m[35mModal-Brky8jHZ.css                                      [39m[2m[1m    17.43 kB[0m[0m[2m │ gzip:   2.07 kB[0m
[35mn8n-editor-ui:build: [0m[2mdist/[0m[2massets/[0m[35mMCPConnectAgentsModal-C9ZqJck1.css                      [39m[2m[1m    17.66 kB[0m[0m[2m │ gzip:   2.01 kB[0m
[35mn8n-editor-ui:build: [0m[2mdist/[0m[2massets/[0m[35mSettingsLayout-3w-6JeAd.css                             [39m[2m[1m    17.66 kB[0m[0m[2m │ gzip:   1.98 kB[0m
[35mn8n-editor-ui:build: [0m[2mdist/[0m[2massets/[0m[35mNodeCreation-puCaVms-.css                               [39m[2m[1m    17.69 kB[0m[0m[2m │ gzip:   2.11 kB[0m
[35mn8n-editor-ui:build: [0m[2mdist/[0m[2massets/[0m[35mTemplatesView-Btpc1BK4.css                              [39m[2m[1m    17.69 kB[0m[0m[2m │ gzip:   1.99 kB[0m
[35mn8n-editor-ui:build: [0m[2mdist/[0m[2massets/[0m[35mSettingsLogStreamingView-B-JQTlsl.css                   [39m[2m[1m    17.71 kB[0m[0m[2m │ gzip:   2.05 kB[0m
[35mn8n-editor-ui:build: [0m[2mdist/[0m[2massets/[0m[35mSettingsInstanceAiView-Cj3lDy-w.css                     [39m[2m[1m    17.79 kB[0m[0m[2m │ gzip:   2.02 kB[0m
[35mn8n-editor-ui:build: [0m[2mdist/[0m[2massets/[0m[35mToolsSelector-mIYuwXpJ.css                              [39m[2m[1m    17.79 kB[0m[0m[2m │ gzip:   2.14 kB[0m
[35mn8n-editor-ui:build: [0m[2mdist/[0m[2massets/[0m[35mBrowserUseSetupContent-H0G_uV5A.css                     [39m[2m[1m    17.86 kB[0m[0m[2m │ gzip:   2.03 kB[0m
[35mn8n-editor-ui:build: [0m[2mdist/[0m[2massets/[0m[35mCredentialsView-DULbmiSz.css                            [39m[2m[1m    17.91 kB[0m[0m[2m │ gzip:   2.09 kB[0m
[35mn8n-editor-ui:build: [0m[2mdist/[0m[2massets/[0m[35mProjectSharing-kfEVR9hm.css                             [39m[2m[1m    17.97 kB[0m[0m[2m │ gzip:   2.05 kB[0m
[35mn8n-editor-ui:build: [0m[2mdist/[0m[2massets/[0m[35mDataTableActions-Dz9qe7Oz.css                           [39m[2m[1m    18.01 kB[0m[0m[2m │ gzip:   2.05 kB[0m
[35mn8n-editor-ui:build: [0m[2mdist/[0m[2massets/[0m[35mDataTableDetailsView-DvUDzFlW.css                       [39m[2m[1m    18.02 kB[0m[0m[2m │ gzip:   2.05 kB[0m
[35mn8n-editor-ui:build: [0m[2mdist/[0m[2massets/[0m[35mSettingsCommunityNodesView-pjMY5Xb1.css                 [39m[2m[1m    18.18 kB[0m[0m[2m │ gzip:   2.12 kB[0m
[35mn8n-editor-ui:build: [0m[2mdist/[0m[2massets/[0m[35mSettingsMCPAgentsView-BRyXjq4S.css                      [39m[2m[1m    18.24 kB[0m[0m[2m │ gzip:   2.22 kB[0m
[35mn8n-editor-ui:build: [0m[2mdist/[0m[2massets/[0m[35mProjectHeader-Bp1_bg6s.css                              [39m[2m[1m    18.38 kB[0m[0m[2m │ gzip:   2.22 kB[0m
[35mn8n-editor-ui:build: [0m[2mdist/[0m[2massets/[0m[35mAttachmentPreview-DPNwr9MR.css                          [39m[2m[1m    18.69 kB[0m[0m[2m │ gzip:   2.35 kB[0m
[35mn8n-editor-ui:build: [0m[2mdist/[0m[2massets/[0m[35mRunDataJson-DNJpMHtT.css                                [39m[2m[1m    18.71 kB[0m[0m[2m │ gzip:   2.25 kB[0m
[35mn8n-editor-ui:build: [0m[2mdist/[0m[2massets/[0m[35mSettingsMCPWorkflowsView-DW56y379.css                   [39m[2m[1m    18.78 kB[0m[0m[2m │ gzip:   2.38 kB[0m
[35mn8n-editor-ui:build: [0m[2mdist/[0m[2massets/[0m[35mMcpEmptyStateCard-DbDBVuxP.css                          [39m[2m[1m    18.88 kB[0m[0m[2m │ gzip:   2.35 kB[0m
[35mn8n-editor-ui:build: [0m[2mdist/[0m[2massets/[0m[35mToolsManagerModal-BpAgz8RE.css                          [39m[2m[1m    19.27 kB[0m[0m[2m │ gzip:   2.30 kB[0m
[35mn8n-editor-ui:build: [0m[2mdist/[0m[2massets/[0m[35mToolIcon-D2wKWUey.css                                   [39m[2m[1m    19.53 kB[0m[0m[2m │ gzip:   2.35 kB[0m
[35mn8n-editor-ui:build: [0m[2mdist/[0m[2massets/[0m[35mTemplatesWorkflowView-6WvuVSX1.css                      [39m[2m[1m    20.41 kB[0m[0m[2m │ gzip:   2.59 kB[0m
[35mn8n-editor-ui:build: [0m[2mdist/[0m[2massets/[0m[35mN8nRecycleScroller-DZUEsUcn.css                         [39m[2m[1m    20.89 kB[0m[0m[2m │ gzip:   1.87 kB[0m
[35mn8n-editor-ui:build: [0m[2mdist/[0m[2massets/[0m[35mLogsOverviewRow-C7Fhgkov.css                            [39m[2m[1m    21.01 kB[0m[0m[2m │ gzip:   2.81 kB[0m
[35mn8n-editor-ui:build: [0m[2mdist/[0m[2massets/[0m[35mN8nInputNumber-BVck83RP.css                             [39m[2m[1m    21.07 kB[0m[0m[2m │ gzip:   1.81 kB[0m
[35mn8n-editor-ui:build: [0m[2mdist/[0m[2massets/[0m[35mN8nFormInputs-DWno4xsX.css                              [39m[2m[1m    21.12 kB[0m[0m[2m │ gzip:   1.83 kB[0m
[35mn8n-editor-ui:build: [0m[2mdist/[0m[2massets/[0m[35mInstanceAiOnboardingWizard-ykkfnmpV.css                 [39m[2m[1m    21.19 kB[0m[0m[2m │ gzip:   2.82 kB[0m
[35mn8n-editor-ui:build: [0m[2mdist/[0m[2massets/[0m[35mAgentSkillModal-CPhfXy-P.css                            [39m[2m[1m    21.20 kB[0m[0m[2m │ gzip:   2.70 kB[0m
[35mn8n-editor-ui:build: [0m[2mdist/[0m[2massets/[0m[35mN8nUserSelect-DJRJZOTJ.css                              [39m[2m[1m    21.22 kB[0m[0m[2m │ gzip:   1.88 kB[0m
[35mn8n-editor-ui:build: [0m[2mdist/[0m[2massets/[0m[35mN8nFormInput-Byju8pDH.css                               [39m[2m[1m    21.34 kB[0m[0m[2m │ gzip:   1.92 kB[0m
[35mn8n-editor-ui:build: [0m[2mdist/[0m[2massets/[0m[35mPreviewTag-aJ4UkZFC.css                                 [39m[2m[1m    21.36 kB[0m[0m[2m │ gzip:   1.90 kB[0m
[35mn8n-editor-ui:build: [0m[2mdist/[0m[2massets/[0m[35mSettingsRowConfigure-BXML4r0e.css                       [39m[2m[1m    21.42 kB[0m[0m[2m │ gzip:   1.94 kB[0m
[35mn8n-editor-ui:build: [0m[2mdist/[0m[2massets/[0m[35mIcon-BEE-aWKa.css                                       [39m[2m[1m    21.46 kB[0m[0m[2m │ gzip:   1.92 kB[0m
[35mn8n-editor-ui:build: [0m[2mdist/[0m[2massets/[0m[35mN8nActionToggle-BG5kjqyo.css                            [39m[2m[1m    21.48 kB[0m[0m[2m │ gzip:   1.94 kB[0m
[35mn8n-editor-ui:build: [0m[2mdist/[0m[2massets/[0m[35mN8nDatatable-C5ygc5qZ.css                               [39m[2m[1m    21.53 kB[0m[0m[2m │ gzip:   1.97 kB[0m
[35mn8n-editor-ui:build: [0m[2mdist/[0m[2massets/[0m[35mN8nTags-B-EaOfTr.css                                    [39m[2m[1m    21.54 kB[0m[0m[2m │ gzip:   1.98 kB[0m
[35mn8n-editor-ui:build: [0m[2mdist/[0m[2massets/[0m[35museNodeCreatorShortcutCoachmark-NksBH5vj.css            [39m[2m[1m    21.60 kB[0m[0m[2m │ gzip:   1.92 kB[0m
[35mn8n-editor-ui:build: [0m[2mdist/[0m[2massets/[0m[35mN8nSpinner-XlFFSTyb.css                                 [39m[2m[1m    21.69 kB[0m[0m[2m │ gzip:   1.98 kB[0m
[35mn8n-editor-ui:build: [0m[2mdist/[0m[2massets/[0m[35mN8nKeyboardShortcut-Ck__9eKX.css                        [39m[2m[1m    21.76 kB[0m[0m[2m │ gzip:   1.98 kB[0m
[35mn8n-editor-ui:build: [0m[2mdist/[0m[2massets/[0m[35mN8nLink-BreKnas2.css                                    [39m[2m[1m    21.77 kB[0m[0m[2m │ gzip:   1.91 kB[0m
[35mn8n-editor-ui:build: [0m[2mdist/[0m[2massets/[0m[35mN8nInfoTip-Bwqc0cK5.css                                 [39m[2m[1m    21.83 kB[0m[0m[2m │ gzip:   1.98 kB[0m
[35mn8n-editor-ui:build: [0m[2mdist/[0m[2massets/[0m[35mN8nLogo-BjoRurou.css                                    [39m[2m[1m    21.96 kB[0m[0m[2m │ gzip:   2.02 kB[0m
[35mn8n-editor-ui:build: [0m[2mdist/[0m[2massets/[0m[35mN8nAvatar-ChNRaOk9.css                                  [39m[2m[1m    21.99 kB[0m[0m[2m │ gzip:   2.10 kB[0m
[35mn8n-editor-ui:build: [0m[2mdist/[0m[2massets/[0m[35mN8nSelect-CZkDTweF.css                                  [39m[2m[1m    22.00 kB[0m[0m[2m │ gzip:   2.09 kB[0m
[35mn8n-editor-ui:build: [0m[2mdist/[0m[2massets/[0m[35mN8nInfoAccordion-M-xQfDhp.css                           [39m[2m[1m    22.20 kB[0m[0m[2m │ gzip:   2.07 kB[0m
[35mn8n-editor-ui:build: [0m[2mdist/[0m[2massets/[0m[35mN8nUserInfo-DG3fiPhp.css                                [39m[2m[1m    22.30 kB[0m[0m[2m │ gzip:   2.03 kB[0m
[35mn8n-editor-ui:build: [0m[2mdist/[0m[2massets/[0m[35mN8nBadge-B7awsgtv.css                                   [39m[2m[1m    22.34 kB[0m[0m[2m │ gzip:   2.06 kB[0m
[35mn8n-editor-ui:build: [0m[2mdist/[0m[2massets/[0m[35mN8nNotice-DasbBvua.css                                  [39m[2m[1m    22.35 kB[0m[0m[2m │ gzip:   2.12 kB[0m
[35mn8n-editor-ui:build: [0m[2mdist/[0m[2massets/[0m[35mTag-D4laVm4C.css                                        [39m[2m[1m    22.36 kB[0m[0m[2m │ gzip:   2.09 kB[0m
[35mn8n-editor-ui:build: [0m[2mdist/[0m[2massets/[0m[35mSettingsSection-Hxy5gDKA.css                            [39m[2m[1m    22.39 kB[0m[0m[2m │ gzip:   2.24 kB[0m
[35mn8n-editor-ui:build: [0m[2mdist/[0m[2massets/[0m[35mTableBase-B4ZT4dLO.css                                  [39m[2m[1m    22.41 kB[0m[0m[2m │ gzip:   2.11 kB[0m
[35mn8n-editor-ui:build: [0m[2mdist/[0m[2massets/[0m[35mN8nInlineTextEdit-CLY77g3L.css                          [39m[2m[1m    22.51 kB[0m[0m[2m │ gzip:   2.18 kB[0m
[35mn8n-editor-ui:build: [0m[2mdist/[0m[2massets/[0m[35mTooltip-DmN76yqY.css                                    [39m[2m[1m    22.54 kB[0m[0m[2m │ gzip:   2.21 kB[0m
[35mn8n-editor-ui:build: [0m[2mdist/[0m[2massets/[0m[35mSettingsPageHeader-M7RGiMZJ.css                         [39m[2m[1m    22.75 kB[0m[0m[2m │ gzip:   2.49 kB[0m
[35mn8n-editor-ui:build: [0m[2mdist/[0m[2massets/[0m[35mActionPill-CEteejEx.css                                 [39m[2m[1m    22.94 kB[0m[0m[2m │ gzip:   2.26 kB[0m
[35mn8n-editor-ui:build: [0m[2mdist/[0m[2massets/[0m[35mN8nActionDropdown-BGrweoUU.css                          [39m[2m[1m    23.05 kB[0m[0m[2m │ gzip:   2.44 kB[0m
[35mn8n-editor-ui:build: [0m[2mdist/[0m[2massets/[0m[35mN8nScrollArea-o2zvGpO7.css                              [39m[2m[1m    23.06 kB[0m[0m[2m │ gzip:   2.21 kB[0m
[35mn8n-editor-ui:build: [0m[2mdist/[0m[2massets/[0m[35mSettingsLayout-B7J8cvGz.css                             [39m[2m[1m    23.20 kB[0m[0m[2m │ gzip:   2.58 kB[0m
[35mn8n-editor-ui:build: [0m[2mdist/[0m[2massets/[0m[35mN8nHeading-_8k1-vBy.css                                 [39m[2m[1m    23.41 kB[0m[0m[2m │ gzip:   2.16 kB[0m
[35mn8n-editor-ui:build: [0m[2mdist/[0m[2massets/[0m[35mN8nCopyInput-DYXHI14-.css                               [39m[2m[1m    23.63 kB[0m[0m[2m │ gzip:   2.60 kB[0m
[35mn8n-editor-ui:build: [0m[2mdist/[0m[2massets/[0m[35mAnimatedCollapsibleContent-Cv9MEKe2.css                 [39m[2m[1m    23.65 kB[0m[0m[2m │ gzip:   2.15 kB[0m
[35mn8n-editor-ui:build: [0m[2mdist/[0m[2massets/[0m[35mN8nCard-C9ma-x0j.css                                    [39m[2m[1m    23.66 kB[0m[0m[2m │ gzip:   2.27 kB[0m
[35mn8n-editor-ui:build: [0m[2mdist/[0m[2massets/[0m[35mN8nText-CZXTgWG6.css                                    [39m[2m[1m    23.79 kB[0m[0m[2m │ gzip:   2.24 kB[0m
[35mn8n-editor-ui:build: [0m[2mdist/[0m[2massets/[0m[35mtemplatedAuth-DPMnXWmN.css                              [39m[2m[1m    23.88 kB[0m[0m[2m │ gzip:   2.24 kB[0m
[35mn8n-editor-ui:build: [0m[2mdist/[0m[2massets/[0m[35mN8nCallout-DeY4Rksd.css                                 [39m[2m[1m    23.94 kB[0m[0m[2m │ gzip:   2.34 kB[0m
[35mn8n-editor-ui:build: [0m[2mdist/[0m[2massets/[0m[35mN8nPopover-Jai9F8o6.css                                 [39m[2m[1m    24.04 kB[0m[0m[2m │ gzip:   2.22 kB[0m
[35mn8n-editor-ui:build: [0m[2mdist/[0m[2massets/[0m[35mN8nMenuItem-HI2ZdioD.css                                [39m[2m[1m    24.11 kB[0m[0m[2m │ gzip:   2.45 kB[0m
[35mn8n-editor-ui:build: [0m[2mdist/[0m[2massets/[0m[35mN8nHoverCard-D26jdsR4.css                               [39m[2m[1m    24.15 kB[0m[0m[2m │ gzip:   2.23 kB[0m
[35mn8n-editor-ui:build: [0m[2mdist/[0m[2massets/[0m[35mRadioGroup-CLFg6A4l.css                                 [39m[2m[1m    24.24 kB[0m[0m[2m │ gzip:   2.49 kB[0m
[35mn8n-editor-ui:build: [0m[2mdist/[0m[2massets/[0m[35mN8nChatInput-CtSE3jeM.css                               [39m[2m[1m    24.80 kB[0m[0m[2m │ gzip:   2.53 kB[0m
[35mn8n-editor-ui:build: [0m[2mdist/[0m[2massets/[0m[35mN8nMarkdown-D05eEz7Y.css                                [39m[2m[1m    24.82 kB[0m[0m[2m │ gzip:   2.50 kB[0m
[35mn8n-editor-ui:build: [0m[2mdist/[0m[2massets/[0m[35mAiModelSelectorDropdown-MwG1IbGF.css                    [39m[2m[1m    24.89 kB[0m[0m[2m │ gzip:   2.55 kB[0m
[35mn8n-editor-ui:build: [0m[2mdist/[0m[2massets/[0m[35mN8nInputLabel-BXKqOLV3.css                              [39m[2m[1m    25.42 kB[0m[0m[2m │ gzip:   2.73 kB[0m
[35mn8n-editor-ui:build: [0m[2mdist/[0m[2massets/[0m[35mN8nBreadcrumbs-KHV1Emfa.css                             [39m[2m[1m    25.67 kB[0m[0m[2m │ gzip:   2.62 kB[0m
[35mn8n-editor-ui:build: [0m[2mdist/[0m[2massets/[0m[35mAlert-5CDsUu_Y.css                                      [39m[2m[1m    25.75 kB[0m[0m[2m │ gzip:   2.39 kB[0m
[35mn8n-editor-ui:build: [0m[2mdist/[0m[2massets/[0m[35mSetupTemplateFormStep-tlz1oWUH.css                      [39m[2m[1m    25.78 kB[0m[0m[2m │ gzip:   2.25 kB[0m
[35mn8n-editor-ui:build: [0m[2mdist/[0m[2massets/[0m[35mTemplatesCollectionView-BYqFMQiU.css                    [39m[2m[1m    26.00 kB[0m[0m[2m │ gzip:   2.19 kB[0m
[35mn8n-editor-ui:build: [0m[2mdist/[0m[2massets/[0m[35mN8nPagination-DVQZJa9v.css                              [39m[2m[1m    26.05 kB[0m[0m[2m │ gzip:   2.66 kB[0m
[35mn8n-editor-ui:build: [0m[2mdist/[0m[2massets/[0m[35mN8nDataTableServer-n1qheADi.css                         [39m[2m[1m    26.08 kB[0m[0m[2m │ gzip:   2.73 kB[0m
[35mn8n-editor-ui:build: [0m[2mdist/[0m[2massets/[0m[35mN8nTabs-Cuu69yLs.css                                    [39m[2m[1m    26.19 kB[0m[0m[2m │ gzip:   2.96 kB[0m
[35mn8n-editor-ui:build: [0m[2mdist/[0m[2massets/[0m[35mExecutionsView-C6D7LYRt.css                             [39m[2m[1m    26.41 kB[0m[0m[2m │ gzip:   2.42 kB[0m
[35mn8n-editor-ui:build: [0m[2mdist/[0m[2massets/[0m[35mProjectVariables-C_rSo9IW.css                           [39m[2m[1m    26.44 kB[0m[0m[2m │ gzip:   2.47 kB[0m
[35mn8n-editor-ui:build: [0m[2mdist/[0m[2massets/[0m[35mN8nCollapsiblePanel-DH4NzAWb.css                        [39m[2m[1m    26.50 kB[0m[0m[2m │ gzip:   2.68 kB[0m
[35mn8n-editor-ui:build: [0m[2mdist/[0m[2massets/[0m[35mGroupedMetricChart-DMDwQPYn.css                         [39m[2m[1m    26.77 kB[0m[0m[2m │ gzip:   2.37 kB[0m
[35mn8n-editor-ui:build: [0m[2mdist/[0m[2massets/[0m[35mSettingsChatHubView-CUi9mJIn.css                        [39m[2m[1m    27.08 kB[0m[0m[2m │ gzip:   2.46 kB[0m
[35mn8n-editor-ui:build: [0m[2mdist/[0m[2massets/[0m[35museCanvasOperations-C4Iy_m6r.css                        [39m[2m[1m    27.17 kB[0m[0m[2m │ gzip:   2.40 kB[0m
[35mn8n-editor-ui:build: [0m[2mdist/[0m[2massets/[0m[35mSettingsUsageAndPlan-BEkI6W0X.css                       [39m[2m[1m    27.52 kB[0m[0m[2m │ gzip:   2.65 kB[0m
[35mn8n-editor-ui:build: [0m[2mdist/[0m[2massets/[0m[35mTemplateList-Cs2zcI2r.css                               [39m[2m[1m    27.56 kB[0m[0m[2m │ gzip:   2.54 kB[0m
[35mn8n-editor-ui:build: [0m[2mdist/[0m[2massets/[0m[35mResourcesListLayout-Cf-ueohQ.css                        [39m[2m[1m    27.60 kB[0m[0m[2m │ gzip:   2.65 kB[0m
[35mn8n-editor-ui:build: [0m[2mdist/[0m[2massets/[0m[35mSkeletonAgentCard-DEGqHA6X.css                          [39m[2m[1m    27.69 kB[0m[0m[2m │ gzip:   2.49 kB[0m
[35mn8n-editor-ui:build: [0m[2mdist/[0m[2massets/[0m[35mCreditWarningBanner-CFrgEl8E.css                        [39m[2m[1m    28.12 kB[0m[0m[2m │ gzip:   2.81 kB[0m
[35mn8n-editor-ui:build: [0m[2mdist/[0m[2massets/[0m[35magents-CU9TnuAV.css                                     [39m[2m[1m    28.30 kB[0m[0m[2m │ gzip:   2.91 kB[0m
[35mn8n-editor-ui:build: [0m[2mdist/[0m[2massets/[0m[35mAppSidebar-DemRfFSn.css                                 [39m[2m[1m    30.23 kB[0m[0m[2m │ gzip:   3.15 kB[0m
[35mn8n-editor-ui:build: [0m[2mdist/[0m[2massets/[0m[35mInput-D9Tj_fqF.css                                      [39m[2m[1m    30.54 kB[0m[0m[2m │ gzip:   3.29 kB[0m
[35mn8n-editor-ui:build: [0m[2mdist/[0m[2massets/[0m[35mAgentSessionsListView-D6qfce1M.css                      [39m[2m[1m    30.57 kB[0m[0m[2m │ gzip:   3.21 kB[0m
[35mn8n-editor-ui:build: [0m[2mdist/[0m[2massets/[0m[35mExecutionsTime-D2_FAA08.css                             [39m[2m[1m    36.05 kB[0m[0m[2m │ gzip:   2.95 kB[0m
[35mn8n-editor-ui:build: [0m[2mdist/[0m[2massets/[0m[35mCanvasRunWorkflowButton-CAu_KsnT.css                    [39m[2m[1m    36.35 kB[0m[0m[2m │ gzip:   2.90 kB[0m
[35mn8n-editor-ui:build: [0m[2mdist/[0m[2massets/[0m[35mAgentEditorModal-BzQLL2pi.css                           [39m[2m[1m    36.69 kB[0m[0m[2m │ gzip:   3.19 kB[0m
[35mn8n-editor-ui:build: [0m[2mdist/[0m[2massets/[0m[35mSettingsMCPClientsView-DaH-Y1HM.css                     [39m[2m[1m    37.63 kB[0m[0m[2m │ gzip:   3.36 kB[0m
[35mn8n-editor-ui:build: [0m[2mdist/[0m[2massets/[0m[35mFixedCollectionParameter-jnLyP9-l.css                   [39m[2m[1m    39.15 kB[0m[0m[2m │ gzip:   3.18 kB[0m
[35mn8n-editor-ui:build: [0m[2mdist/[0m[2massets/[0m[35mAuthView-Bs0PHEjY.css                                   [39m[2m[1m    39.71 kB[0m[0m[2m │ gzip:   2.88 kB[0m
[35mn8n-editor-ui:build: [0m[2mdist/[0m[2massets/[0m[35mWorkflowExecutionsView-D9z0meqy.css                     [39m[2m[1m    40.03 kB[0m[0m[2m │ gzip:   3.44 kB[0m
[35mn8n-editor-ui:build: [0m[2mdist/[0m[2massets/[0m[35mResourceCenterView-DFTX0gR8.css                         [39m[2m[1m    40.64 kB[0m[0m[2m │ gzip:   4.79 kB[0m
[35mn8n-editor-ui:build: [0m[2mdist/[0m[2massets/[0m[35mN8nLoading-Bi_gQVvt.css                                 [39m[2m[1m    41.64 kB[0m[0m[2m │ gzip:   2.27 kB[0m
[35mn8n-editor-ui:build: [0m[2mdist/[0m[2massets/[0m[35mMainSidebarHeader-CWPNv9Pm.css                          [39m[2m[1m    41.87 kB[0m[0m[2m │ gzip:   3.45 kB[0m
[35mn8n-editor-ui:build: [0m[2mdist/[0m[2massets/[0m[35mN8nNodeIcon-Czz5Fyp2.css                                [39m[2m[1m    43.25 kB[0m[0m[2m │ gzip:   2.61 kB[0m
[35mn8n-editor-ui:build: [0m[2mdist/[0m[2massets/[0m[35mN8nResizeWrapper-DfUvKISp.css                           [39m[2m[1m    43.38 kB[0m[0m[2m │ gzip:   2.54 kB[0m
[35mn8n-editor-ui:build: [0m[2mdist/[0m[2massets/[0m[35mSettingsUsersView-QqaMJZOo.css                          [39m[2m[1m    43.88 kB[0m[0m[2m │ gzip:   3.03 kB[0m
[35mn8n-editor-ui:build: [0m[2mdist/[0m[2massets/[0m[35mResolversView-DQ3n8yHa.css                              [39m[2m[1m    44.01 kB[0m[0m[2m │ gzip:   2.95 kB[0m
[35mn8n-editor-ui:build: [0m[2mdist/[0m[2massets/[0m[35mRoleSelectDropdown-CAhyafgZ.css                         [39m[2m[1m    44.66 kB[0m[0m[2m │ gzip:   3.37 kB[0m
[35mn8n-editor-ui:build: [0m[2mdist/[0m[2massets/[0m[35mRunDataTable-GBU6nPR4.css                               [39m[2m[1m    44.83 kB[0m[0m[2m │ gzip:   3.95 kB[0m
[35mn8n-editor-ui:build: [0m[2mdist/[0m[2massets/[0m[35mEvaluationsRootView-CI_WCIM0.css                        [39m[2m[1m    45.44 kB[0m[0m[2m │ gzip:   3.27 kB[0m
[35mn8n-editor-ui:build: [0m[2mdist/[0m[2massets/[0m[35mN8nEmptyState-DLBLSYqA.css                              [39m[2m[1m    45.64 kB[0m[0m[2m │ gzip:   2.85 kB[0m
[35mn8n-editor-ui:build: [0m[2mdist/[0m[2massets/[0m[35mChatLayout-BJCu8A3f.css                                 [39m[2m[1m    45.95 kB[0m[0m[2m │ gzip:   3.40 kB[0m
[35mn8n-editor-ui:build: [0m[2mdist/[0m[2massets/[0m[35mProjectSettings-qE6Frnjm.css                            [39m[2m[1m    46.48 kB[0m[0m[2m │ gzip:   3.52 kB[0m
[35mn8n-editor-ui:build: [0m[2mdist/[0m[2massets/[0m[35mexpressions-C_jljxll.css                                [39m[2m[1m    46.64 kB[0m[0m[2m │ gzip:   3.07 kB[0m
[35mn8n-editor-ui:build: [0m[2mdist/[0m[2massets/[0m[35mInstanceAiView--4jceNO5.css                             [39m[2m[1m    47.28 kB[0m[0m[2m │ gzip:   3.71 kB[0m
[35mn8n-editor-ui:build: [0m[2mdist/[0m[2massets/[0m[35mWorkflowExecutionsPreview-CqUywUNY.css                  [39m[2m[1m    47.98 kB[0m[0m[2m │ gzip:   3.91 kB[0m
[35mn8n-editor-ui:build: [0m[2mdist/[0m[2massets/[0m[35mSettingsRowGroup-BWt98Hcs.css                           [39m[2m[1m    51.95 kB[0m[0m[2m │ gzip:   4.40 kB[0m
[35mn8n-editor-ui:build: [0m[2mdist/[0m[2massets/[0m[35mN8nToggleGroup-YPfnsqK7.css                             [39m[2m[1m    52.08 kB[0m[0m[2m │ gzip:   3.43 kB[0m
[35mn8n-editor-ui:build: [0m[2mdist/[0m[2massets/[0m[35mSettingsSourceControl-D3SVOVrV.css                      [39m[2m[1m    52.49 kB[0m[0m[2m │ gzip:   3.44 kB[0m
[35mn8n-editor-ui:build: [0m[2mdist/[0m[2massets/[0m[35mTemplatesSearchView-Bag5cesN.css                        [39m[2m[1m    54.08 kB[0m[0m[2m │ gzip:   3.90 kB[0m
[35mn8n-editor-ui:build: [0m[2mdist/[0m[2massets/[0m[35mAgentToolConfigModal-CE__84oP.css                       [39m[2m[1m    54.46 kB[0m[0m[2m │ gzip:   3.70 kB[0m
[35mn8n-editor-ui:build: [0m[2mdist/[0m[2massets/[0m[35mN8nButton-eAEmv00f.css                                  [39m[2m[1m    56.30 kB[0m[0m[2m │ gzip:   4.56 kB[0m
[35mn8n-editor-ui:build: [0m[2mdist/[0m[2massets/[0m[35mChatView--Hs5rwai.css                                   [39m[2m[1m    58.07 kB[0m[0m[2m │ gzip:   4.38 kB[0m
[35mn8n-editor-ui:build: [0m[2mdist/[0m[2massets/[0m[35mEvalCollectionsListView-OfjcXBLQ.css                    [39m[2m[1m    58.17 kB[0m[0m[2m │ gzip:   4.25 kB[0m
[35mn8n-editor-ui:build: [0m[2mdist/[0m[2massets/[0m[35mWorkflowBuilderUnavailableNotice-DAZ2UoNp.css           [39m[2m[1m    58.20 kB[0m[0m[2m │ gzip:   4.51 kB[0m
[35mn8n-editor-ui:build: [0m[2mdist/[0m[2massets/[0m[35mToolsConnectionModal-Bp346czv.css                       [39m[2m[1m    58.85 kB[0m[0m[2m │ gzip:   4.23 kB[0m
[35mn8n-editor-ui:build: [0m[2mdist/[0m[2massets/[0m[35mWorkflowDiffView-p7FfIqn-.css                           [39m[2m[1m    59.75 kB[0m[0m[2m │ gzip:   4.80 kB[0m
[35mn8n-editor-ui:build: [0m[2mdist/[0m[2massets/[0m[35mEvaluationsListSwitcher-B6WaU8Xx.css                    [39m[2m[1m    65.07 kB[0m[0m[2m │ gzip:   4.52 kB[0m
[35mn8n-editor-ui:build: [0m[2mdist/[0m[2massets/[0m[35mSettingsApiView-ZJQPI9sp.css                            [39m[2m[1m    66.14 kB[0m[0m[2m │ gzip:   4.88 kB[0m
[35mn8n-editor-ui:build: [0m[2mdist/[0m[2massets/[0m[35mDataTableTable-Dp7QnIdt.css                             [39m[2m[1m    66.46 kB[0m[0m[2m │ gzip:   4.75 kB[0m
[35mn8n-editor-ui:build: [0m[2mdist/[0m[2massets/[0m[35mSettingsOpenTelemetryView-DJiXWmNY.css                  [39m[2m[1m    68.04 kB[0m[0m[2m │ gzip:   6.73 kB[0m
[35mn8n-editor-ui:build: [0m[2mdist/[0m[2massets/[0m[35mWorkerView-vTs7T4ol.css                                 [39m[2m[1m    69.60 kB[0m[0m[2m │ gzip:   3.88 kB[0m
[35mn8n-editor-ui:build: [0m[2mdist/[0m[2massets/[0m[35mMCPOnboardingModal-gaYMiPYB.css                         [39m[2m[1m    70.68 kB[0m[0m[2m │ gzip:   5.37 kB[0m
[35mn8n-editor-ui:build: [0m[2mdist/[0m[2massets/[0m[35mN8nIconPicker-UAa7xU1V.css                              [39m[2m[1m    71.43 kB[0m[0m[2m │ gzip:   4.50 kB[0m
[35mn8n-editor-ui:build: [0m[2mdist/[0m[2massets/[0m[35mSettingsMCPView-COVSgaQa.css                            [39m[2m[1m    73.06 kB[0m[0m[2m │ gzip:   4.92 kB[0m
[35mn8n-editor-ui:build: [0m[2mdist/[0m[2massets/[0m[35mChatGreetings-_okVH7Mg.css                              [39m[2m[1m    73.25 kB[0m[0m[2m │ gzip:   4.81 kB[0m
[35mn8n-editor-ui:build: [0m[2mdist/[0m[2massets/[0m[35mChatMarkdownChunk-CJFot_lF.css                          [39m[2m[1m    73.82 kB[0m[0m[2m │ gzip:  13.75 kB[0m
[35mn8n-editor-ui:build: [0m[2mdist/[0m[2massets/[0m[35mTestRunDetailView-CWGHxzGn.css                          [39m[2m[1m    74.56 kB[0m[0m[2m │ gzip:   4.92 kB[0m
[35mn8n-editor-ui:build: [0m[2mdist/[0m[2massets/[0m[35mMarkdownEditor-BKlhw7tK.css                             [39m[2m[1m    87.91 kB[0m[0m[2m │ gzip:   8.42 kB[0m
[35mn8n-editor-ui:build: [0m[2mdist/[0m[2massets/[0m[35mDialogTitle-CxO-VSbc.css                                [39m[2m[1m    91.11 kB[0m[0m[2m │ gzip:   4.85 kB[0m
[35mn8n-editor-ui:build: [0m[2mdist/[0m[2massets/[0m[35mWorkflowHistory-Bq6fDwHF.css                            [39m[2m[1m    94.42 kB[0m[0m[2m │ gzip:   6.08 kB[0m
[35mn8n-editor-ui:build: [0m[2mdist/[0m[2massets/[0m[35mCompareCollectionView-9sJGCgX_.css                      [39m[2m[1m    94.55 kB[0m[0m[2m │ gzip:   5.79 kB[0m
[35mn8n-editor-ui:build: [0m[2mdist/[0m[2massets/[0m[35mDropdownMenu-XPaA-LC4.css                               [39m[2m[1m    97.27 kB[0m[0m[2m │ gzip:   5.51 kB[0m
[35mn8n-editor-ui:build: [0m[2mdist/[0m[2massets/[0m[35mNodeDetailsView-zSrOSHox.css                            [39m[2m[1m   108.57 kB[0m[0m[2m │ gzip:   6.91 kB[0m
[35mn8n-editor-ui:build: [0m[2mdist/[0m[2massets/[0m[35mSettingsSso-BcfIQPXx.css                                [39m[2m[1m   113.01 kB[0m[0m[2m │ gzip:   6.79 kB[0m
[35mn8n-editor-ui:build: [0m[2mdist/[0m[2massets/[0m[35mWorkflowLayout-DLc0CGI_.css                             [39m[2m[1m   117.05 kB[0m[0m[2m │ gzip:   6.80 kB[0m
[35mn8n-editor-ui:build: [0m[2mdist/[0m[2massets/[0m[35mNodeSettings-D_5EG2td.css                               [39m[2m[1m   123.01 kB[0m[0m[2m │ gzip:   7.92 kB[0m
[35mn8n-editor-ui:build: [0m[2mdist/[0m[2massets/[0m[35mWorkflowReviewRequestsView-vHzWhQ6S.css                 [39m[2m[1m   140.67 kB[0m[0m[2m │ gzip:  10.30 kB[0m
[35mn8n-editor-ui:build: [0m[2mdist/[0m[2massets/[0m[35mAgentSessionTimelineView-74eZM7_H.css                   [39m[2m[1m   152.52 kB[0m[0m[2m │ gzip:  11.00 kB[0m
[35mn8n-editor-ui:build: [0m[2mdist/[0m[2massets/[0m[35mMainHeader-CMIofguc.css                                 [39m[2m[1m   153.15 kB[0m[0m[2m │ gzip:   8.35 kB[0m
[35mn8n-editor-ui:build: [0m[2mdist/[0m[2massets/[0m[35mWorkflowsView-6duj7t5H.css                              [39m[2m[1m   169.48 kB[0m[0m[2m │ gzip:   9.76 kB[0m
[35mn8n-editor-ui:build: [0m[2mdist/[0m[2massets/[0m[35museExecutionDebugging-BAXXTqZW.css                      [39m[2m[1m   181.72 kB[0m[0m[2m │ gzip:  11.04 kB[0m
[35mn8n-editor-ui:build: [0m[2mdist/[0m[2massets/[0m[35mRunData-BnWjCg9w.css                                    [39m[2m[1m   221.93 kB[0m[0m[2m │ gzip:  12.29 kB[0m
[35mn8n-editor-ui:build: [0m[2mdist/[0m[2massets/[0m[35mAgentPreviewDock-DpDoFDuK.css                           [39m[2m[1m   241.04 kB[0m[0m[2m │ gzip:  14.22 kB[0m
[35mn8n-editor-ui:build: [0m[2mdist/[0m[2massets/[0m[35mNodeCreator-CTV741TB.css                                [39m[2m[1m   280.48 kB[0m[0m[2m │ gzip:  14.03 kB[0m
[35mn8n-editor-ui:build: [0m[2mdist/[0m[2massets/[0m[35mNodeView-CBCFluPF.css                                   [39m[2m[1m   290.58 kB[0m[0m[2m │ gzip:  14.49 kB[0m
[35mn8n-editor-ui:build: [0m[2mdist/[0m[2massets/[0m[35mInstanceAiEmptyView-DsnT8_dj.css                        [39m[2m[1m   291.06 kB[0m[0m[2m │ gzip:  19.84 kB[0m
[35mn8n-editor-ui:build: [0m[2mdist/[0m[2massets/[0m[35museWorkflowDocumentRenderData-DVCBP9n7.css              [39m[2m[1m   397.96 kB[0m[0m[2m │ gzip:  22.12 kB[0m
[35mn8n-editor-ui:build: [0m[2mdist/[0m[2massets/[0m[35mAgentBuilderView-lUPpk_en.css                           [39m[2m[1m   444.39 kB[0m[0m[2m │ gzip:  24.24 kB[0m
[35mn8n-editor-ui:build: [0m[2mdist/[0m[2massets/[0m[35mInstanceAiThreadView-BBQpQr0l.css                       [39m[2m[1m   533.85 kB[0m[0m[2m │ gzip:  29.70 kB[0m
[35mn8n-editor-ui:build: [0m[2mdist/[0m[2massets/[0m[35mParameterInputList-DBBN-lxD.css                         [39m[2m[1m   613.68 kB[0m[0m[2m │ gzip:  34.19 kB[0m
[35mn8n-editor-ui:build: [0m[2mdist/[0m[2massets/[0m[35mindex-DEh4v3IH.css                                      [39m[2m[1m 1,950.82 kB[0m[0m[2m │ gzip: 130.58 kB[0m
[35mn8n-editor-ui:build: [0m[2mdist/[0m[2massets/[0m[36musePushConnection-CCNbpERQ.js                           [39m[2m[1m     0.04 kB[0m[0m[2m │ gzip:   0.06 kB[0m
[35mn8n-editor-ui:build: [0m[2mdist/[0m[2massets/[0m[36men-BL1_k0tU.js                                          [39m[2m[1m     0.08 kB[0m[0m[2m │ gzip:   0.08 kB[0m
[35mn8n-editor-ui:build: [0m[2mdist/[0m[2massets/[0m[36mNodeView-BTzy0yfp.js                                    [39m[2m[1m     0.10 kB[0m[0m[2m │ gzip:   0.09 kB[0m
[35mn8n-editor-ui:build: [0m[2mdist/[0m[2massets/[0m[36mRunDataHtml-CsletEQG.js                                 [39m[2m[1m     0.11 kB[0m[0m[2m │ gzip:   0.09 kB[0m
[35mn8n-editor-ui:build: [0m[2mdist/[0m[2massets/[0m[36mpushConnection.store-BRIiAkDf.js                        [39m[2m[1m     0.11 kB[0m[0m[2m │ gzip:   0.09 kB[0m
[35mn8n-editor-ui:build: [0m[2mdist/[0m[2massets/[0m[36mVirtualSchema-BB3d4XL0.js                               [39m[2m[1m     0.11 kB[0m[0m[2m │ gzip:   0.09 kB[0m
[35mn8n-editor-ui:build: [0m[2mdist/[0m[2massets/[0m[36mAgentBuilderView-BSpAnauD.js                            [39m[2m[1m     0.12 kB[0m[0m[2m │ gzip:   0.09 kB[0m
[35mn8n-editor-ui:build: [0m[2mdist/[0m[2massets/[0m[36mCollectionParameter-DzC69j1I.js                         [39m[2m[1m     0.13 kB[0m[0m[2m │ gzip:   0.11 kB[0m
[35mn8n-editor-ui:build: [0m[2mdist/[0m[2massets/[0m[36mAgentSessionsListView-DXKYBcGi.js                       [39m[2m[1m     0.14 kB[0m[0m[2m │ gzip:   0.10 kB[0m
[35mn8n-editor-ui:build: [0m[2mdist/[0m[2massets/[0m[36mRunDataParsedAiContent-DxHIsHpS.js                      [39m[2m[1m     0.14 kB[0m[0m[2m │ gzip:   0.10 kB[0m
[35mn8n-editor-ui:build: [0m[2mdist/[0m[2massets/[0m[36mexpression-runtime-stub-BOIoYyR2.js                     [39m[2m[1m     0.15 kB[0m[0m[2m │ gzip:   0.12 kB[0m
[35mn8n-editor-ui:build: [0m[2mdist/[0m[2massets/[0m[36musers-CZp_IfxF.js                                       [39m[2m[1m     0.15 kB[0m[0m[2m │ gzip:   0.14 kB[0m
[35mn8n-editor-ui:build: [0m[2mdist/[0m[2massets/[0m[36mconstants-D_VTf2Xo.js                                   [39m[2m[1m     0.18 kB[0m[0m[2m │ gzip:   0.16 kB[0m
[35mn8n-editor-ui:build: [0m[2mdist/[0m[2massets/[0m[36mis-record-prOZdIPq.js                                   [39m[2m[1m     0.19 kB[0m[0m[2m │ gzip:   0.16 kB[0m
[35mn8n-editor-ui:build: [0m[2mdist/[0m[2massets/[0m[36mN8nTag-BOt_Vn3b.js                                      [39m[2m[1m     0.19 kB[0m[0m[2m │ gzip:   0.16 kB[0m
[35mn8n-editor-ui:build: [0m[2mdist/[0m[2massets/[0m[36mN8nIcon-CuSvq0RX.js                                     [39m[2m[1m     0.20 kB[0m[0m[2m │ gzip:   0.15 kB[0m
[35mn8n-editor-ui:build: [0m[2mdist/[0m[2massets/[0m[36mconstants-D87SFn6O.js                                   [39m[2m[1m     0.20 kB[0m[0m[2m │ gzip:   0.15 kB[0m
[35mn8n-editor-ui:build: [0m[2mdist/[0m[2massets/[0m[36mN8nSwitch-B0sTLFRo.js                                   [39m[2m[1m     0.21 kB[0m[0m[2m │ gzip:   0.16 kB[0m
[35mn8n-editor-ui:build: [0m[2mdist/[0m[2massets/[0m[36museI18n-B6I8WRBF.js                                     [39m[2m[1m     0.21 kB[0m[0m[2m │ gzip:   0.17 kB[0m
[35mn8n-editor-ui:build: [0m[2mdist/[0m[2massets/[0m[36massert-BgZvUjbv.js                                      [39m[2m[1m     0.21 kB[0m[0m[2m │ gzip:   0.16 kB[0m
[35mn8n-editor-ui:build: [0m[2mdist/[0m[2massets/[0m[36mN8nTooltip-cpTcGYTt.js                                  [39m[2m[1m     0.22 kB[0m[0m[2m │ gzip:   0.16 kB[0m
[35mn8n-editor-ui:build: [0m[2mdist/[0m[2massets/[0m[36mcore-D8l50o8u.js                                        [39m[2m[1m     0.22 kB[0m[0m[2m │ gzip:   0.17 kB[0m
[35mn8n-editor-ui:build: [0m[2mdist/[0m[2massets/[0m[36msourceControl.eventBus-Bauy10pr.js                      [39m[2m[1m     0.24 kB[0m[0m[2m │ gzip:   0.16 kB[0m
[35mn8n-editor-ui:build: [0m[2mdist/[0m[2massets/[0m[36mN8nScrollArea-EbE2ruUr.js                               [39m[2m[1m     0.25 kB[0m[0m[2m │ gzip:   0.16 kB[0m
[35mn8n-editor-ui:build: [0m[2mdist/[0m[2massets/[0m[36mAskAssistantIcon-DUpdD8BA.js                            [39m[2m[1m     0.25 kB[0m[0m[2m │ gzip:   0.16 kB[0m
[35mn8n-editor-ui:build: [0m[2mdist/[0m[2massets/[0m[36m_plugin-vue_export-helper-D-F0WtqU.js                   [39m[2m[1m     0.26 kB[0m[0m[2m │ gzip:   0.18 kB[0m
[35mn8n-editor-ui:build: [0m[2mdist/[0m[2massets/[0m[36mconstants-C_6LWjz4.js                                   [39m[2m[1m     0.27 kB[0m[0m[2m │ gzip:   0.22 kB[0m
[35mn8n-editor-ui:build: [0m[2mdist/[0m[2massets/[0m[36m__vite-browser-external-CTj19RIp.js                     [39m[2m[1m     0.27 kB[0m[0m[2m │ gzip:   0.20 kB[0m
[35mn8n-editor-ui:build: [0m[2mdist/[0m[2massets/[0m[36museInjectWorkflowId-EN656JkQ.js                         [39m[2m[1m     0.30 kB[0m[0m[2m │ gzip:   0.20 kB[0m
[35mn8n-editor-ui:build: [0m[2mdist/[0m[2massets/[0m[36mnullish-DsACEi3N.js                                     [39m[2m[1m     0.31 kB[0m[0m[2m │ gzip:   0.24 kB[0m
[35mn8n-editor-ui:build: [0m[2mdist/[0m[2massets/[0m[36mtypes-BozgK3KO.js                                       [39m[2m[1m     0.32 kB[0m[0m[2m │ gzip:   0.22 kB[0m
[35mn8n-editor-ui:build: [0m[2mdist/[0m[2massets/[0m[36msort-by-property-3fE3q7OE.js                            [39m[2m[1m     0.35 kB[0m[0m[2m │ gzip:   0.24 kB[0m
[35mn8n-editor-ui:build: [0m[2mdist/[0m[2massets/[0m[36msmart-decimal-DrPf7l5p.js                               [39m[2m[1m     0.36 kB[0m[0m[2m │ gzip:   0.24 kB[0m
[35mn8n-editor-ui:build: [0m[2mdist/[0m[2massets/[0m[36minjectionKeys-DCtELIvT.js                               [39m[2m[1m     0.37 kB[0m[0m[2m │ gzip:   0.26 kB[0m
[35mn8n-editor-ui:build: [0m[2mdist/[0m[2massets/[0m[36mauth.constants-B_zvFZ4f.js                              [39m[2m[1m     0.38 kB[0m[0m[2m │ gzip:   0.22 kB[0m
[35mn8n-editor-ui:build: [0m[2mdist/[0m[2massets/[0m[36mlib-CcMDH-kD.js                                         [39m[2m[1m     0.39 kB[0m[0m[2m │ gzip:   0.28 kB[0m
[35mn8n-editor-ui:build: [0m[2mdist/[0m[2massets/[0m[36mevent-BWR2J8pj.js                                       [39m[2m[1m     0.39 kB[0m[0m[2m │ gzip:   0.28 kB[0m
[35mn8n-editor-ui:build: [0m[2mdist/[0m[2massets/[0m[36mbytes-Bp1UJTyx.js                                       [39m[2m[1m     0.40 kB[0m[0m[2m │ gzip:   0.24 kB[0m
[35mn8n-editor-ui:build: [0m[2mdist/[0m[2massets/[0m[36mauth.eventBus-BEsivfvi.js                               [39m[2m[1m     0.41 kB[0m[0m[2m │ gzip:   0.24 kB[0m
[35mn8n-editor-ui:build: [0m[2mdist/[0m[2massets/[0m[36minstanceAiLayout-Bh2z1Mjs.js                            [39m[2m[1m     0.42 kB[0m[0m[2m │ gzip:   0.27 kB[0m
[35mn8n-editor-ui:build: [0m[2mdist/[0m[2massets/[0m[36museInstanceAiEditorCapability-DaQmyP1G.js               [39m[2m[1m     0.42 kB[0m[0m[2m │ gzip:   0.24 kB[0m
[35mn8n-editor-ui:build: [0m[2mdist/[0m[2massets/[0m[36museStyles-BreHshnR.js                                   [39m[2m[1m     0.47 kB[0m[0m[2m │ gzip:   0.32 kB[0m
[35mn8n-editor-ui:build: [0m[2mdist/[0m[2massets/[0m[36magentReturnContext.store-CnJCElIj.js                    [39m[2m[1m     0.48 kB[0m[0m[2m │ gzip:   0.28 kB[0m
[35mn8n-editor-ui:build: [0m[2mdist/[0m[2massets/[0m[36misUndefined-CTsagQCT.js                                 [39m[2m[1m     0.50 kB[0m[0m[2m │ gzip:   0.30 kB[0m
[35mn8n-editor-ui:build: [0m[2mdist/[0m[2massets/[0m[36mrefs-k1RcPJAc.js                                        [39m[2m[1m     0.52 kB[0m[0m[2m │ gzip:   0.36 kB[0m
[35mn8n-editor-ui:build: [0m[2mdist/[0m[2massets/[0m[36museLocale-NoxszNkz.js                                   [39m[2m[1m     0.58 kB[0m[0m[2m │ gzip:   0.40 kB[0m
[35mn8n-editor-ui:build: [0m[2mdist/[0m[2massets/[0m[36minstanceAiComputerUse.telemetry-DNIWSzZn.js             [39m[2m[1m     0.65 kB[0m[0m[2m │ gzip:   0.36 kB[0m
[35mn8n-editor-ui:build: [0m[2mdist/[0m[2massets/[0m[36mcreateAgentRoute-DDto_8Bw.js                            [39m[2m[1m     0.68 kB[0m[0m[2m │ gzip:   0.40 kB[0m
[35mn8n-editor-ui:build: [0m[2mdist/[0m[2massets/[0m[36mAuthLayout-C-bzp4h9.js                                  [39m[2m[1m     0.69 kB[0m[0m[2m │ gzip:   0.38 kB[0m
[35mn8n-editor-ui:build: [0m[2mdist/[0m[2massets/[0m[36museEvaluationsLicense-D6AdwxHa.js                       [39m[2m[1m     0.75 kB[0m[0m[2m │ gzip:   0.38 kB[0m
[35mn8n-editor-ui:build: [0m[2mdist/[0m[2massets/[0m[36mvalidator-_yiJ_ICt.js                                   [39m[2m[1m     0.77 kB[0m[0m[2m │ gzip:   0.37 kB[0m
[35mn8n-editor-ui:build: [0m[2mdist/[0m[2massets/[0m[36mverified-2XEOG7gk.js                                    [39m[2m[1m     0.78 kB[0m[0m[2m │ gzip:   0.50 kB[0m
[35mn8n-editor-ui:build: [0m[2mdist/[0m[2massets/[0m[36mpostMessageUtils-Bu74y40i.js                            [39m[2m[1m     0.78 kB[0m[0m[2m │ gzip:   0.45 kB[0m
[35mn8n-editor-ui:build: [0m[2mdist/[0m[2massets/[0m[36museWorkflowReviewsFeature-ChBwWS6B.js                   [39m[2m[1m     0.79 kB[0m[0m[2m │ gzip:   0.37 kB[0m
[35mn8n-editor-ui:build: [0m[2mdist/[0m[2massets/[0m[36musePrivateCredentials-D5opXqYl.js                       [39m[2m[1m     0.80 kB[0m[0m[2m │ gzip:   0.45 kB[0m
[35mn8n-editor-ui:build: [0m[2mdist/[0m[2massets/[0m[36minvite-link.utils-DGeyge-M.js                           [39m[2m[1m     0.80 kB[0m[0m[2m │ gzip:   0.48 kB[0m
[35mn8n-editor-ui:build: [0m[2mdist/[0m[2massets/[0m[36museExecutionData-DoFantKT.js                            [39m[2m[1m     0.81 kB[0m[0m[2m │ gzip:   0.36 kB[0m
[35mn8n-editor-ui:build: [0m[2mdist/[0m[2massets/[0m[36mexpression-runtime-stub-DHA3RX1a.js                     [39m[2m[1m     0.82 kB[0m[0m[2m │ gzip:   0.38 kB[0m
[35mn8n-editor-ui:build: [0m[2mdist/[0m[2massets/[0m[36museAgentConfirmationModal-BXe2pLuA.js                   [39m[2m[1m     0.83 kB[0m[0m[2m │ gzip:   0.40 kB[0m
[35mn8n-editor-ui:build: [0m[2mdist/[0m[2massets/[0m[36mshield-alt-DipIJTNj.js                                  [39m[2m[1m     0.83 kB[0m[0m[2m │ gzip:   0.55 kB[0m
[35mn8n-editor-ui:build: [0m[2mdist/[0m[2massets/[0m[36mDefaultLayout-DW76IJEs.js                               [39m[2m[1m     0.84 kB[0m[0m[2m │ gzip:   0.42 kB[0m
[35mn8n-editor-ui:build: [0m[2mdist/[0m[2massets/[0m[36mevent-bus-a2R-CWx4.js                                   [39m[2m[1m     0.85 kB[0m[0m[2m │ gzip:   0.27 kB[0m
[35mn8n-editor-ui:build: [0m[2mdist/[0m[2massets/[0m[36mnotifications.store-DJgthUs5.js                         [39m[2m[1m     0.85 kB[0m[0m[2m │ gzip:   0.40 kB[0m
[35mn8n-editor-ui:build: [0m[2mdist/[0m[2massets/[0m[36museActivationError-Dj5WHwzJ.js                          [39m[2m[1m     0.86 kB[0m[0m[2m │ gzip:   0.47 kB[0m
[35mn8n-editor-ui:build: [0m[2mdist/[0m[2massets/[0m[36museKbd-CNop2v9G.js                                      [39m[2m[1m     0.87 kB[0m[0m[2m │ gzip:   0.51 kB[0m
[35mn8n-editor-ui:build: [0m[2mdist/[0m[2massets/[0m[36mbreaking-changes-fy4Lj9GC.js                            [39m[2m[1m     0.92 kB[0m[0m[2m │ gzip:   0.38 kB[0m
[35mn8n-editor-ui:build: [0m[2mdist/[0m[2massets/[0m[36mEnterpriseEdition.ee-DJ1tELsN.js                        [39m[2m[1m     0.94 kB[0m[0m[2m │ gzip:   0.50 kB[0m
[35mn8n-editor-ui:build: [0m[2mdist/[0m[2massets/[0m[36mComputerUseSetupModal-BcIl9EPJ.js                       [39m[2m[1m     0.96 kB[0m[0m[2m │ gzip:   0.49 kB[0m
[35mn8n-editor-ui:build: [0m[2mdist/[0m[2massets/[0m[36mz-indexes-6L1EZzrF.js                                   [39m[2m[1m     0.98 kB[0m[0m[2m │ gzip:   0.61 kB[0m
[35mn8n-editor-ui:build: [0m[2mdist/[0m[2massets/[0m[36mevent-bus-D6BxR6-6.js                                   [39m[2m[1m     0.99 kB[0m[0m[2m │ gzip:   0.45 kB[0m
[35mn8n-editor-ui:build: [0m[2mdist/[0m[2massets/[0m[36mVueMarkdown-DYMRCo7d.js                                 [39m[2m[1m     1.00 kB[0m[0m[2m │ gzip:   0.54 kB[0m
[35mn8n-editor-ui:build: [0m[2mdist/[0m[2massets/[0m[36mjson-BTFwBmHt.js                                        [39m[2m[1m     1.00 kB[0m[0m[2m │ gzip:   0.58 kB[0m
[35mn8n-editor-ui:build: [0m[2mdist/[0m[2massets/[0m[36mDialogFooter-AKzGUZKF.js                                [39m[2m[1m     1.06 kB[0m[0m[2m │ gzip:   0.52 kB[0m
[35mn8n-editor-ui:build: [0m[2mdist/[0m[2massets/[0m[36minstanceAiComputerUse-HpsTvTyX.js                       [39m[2m[1m     1.06 kB[0m[0m[2m │ gzip:   0.40 kB[0m
[35mn8n-editor-ui:build: [0m[2mdist/[0m[2massets/[0m[36msamples-ORgmwVXj.js                                     [39m[2m[1m     1.08 kB[0m[0m[2m │ gzip:   0.54 kB[0m
[35mn8n-editor-ui:build: [0m[2mdist/[0m[2massets/[0m[36museDocumentVisibility-oMVAC2C1.js                       [39m[2m[1m     1.10 kB[0m[0m[2m │ gzip:   0.42 kB[0m
[35mn8n-editor-ui:build: [0m[2mdist/[0m[2massets/[0m[36misSymbol-DAI9oII0.js                                    [39m[2m[1m     1.11 kB[0m[0m[2m │ gzip:   0.62 kB[0m
[35mn8n-editor-ui:build: [0m[2mdist/[0m[2massets/[0m[36mrepeat-click-BBWrkIio.js                                [39m[2m[1m     1.11 kB[0m[0m[2m │ gzip:   0.59 kB[0m
[35mn8n-editor-ui:build: [0m[2mdist/[0m[2massets/[0m[36msortBy-BXfxyrJ_.js                                      [39m[2m[1m     1.13 kB[0m[0m[2m │ gzip:   0.52 kB[0m
[35mn8n-editor-ui:build: [0m[2mdist/[0m[2massets/[0m[36muse-size-8oGTaPnQ.js                                    [39m[2m[1m     1.13 kB[0m[0m[2m │ gzip:   0.57 kB[0m
[35mn8n-editor-ui:build: [0m[2mdist/[0m[2massets/[0m[36museDirection-UW3tNAWY.js                                [39m[2m[1m     1.14 kB[0m[0m[2m │ gzip:   0.50 kB[0m
[35mn8n-editor-ui:build: [0m[2mdist/[0m[2massets/[0m[36mInstanceAiLayout-Bc_nXYl2.js                            [39m[2m[1m     1.16 kB[0m[0m[2m │ gzip:   0.52 kB[0m
[35mn8n-editor-ui:build: [0m[2mdist/[0m[2massets/[0m[36mLabel-b4FnckK8.js                                       [39m[2m[1m     1.16 kB[0m[0m[2m │ gzip:   0.68 kB[0m
[35mn8n-editor-ui:build: [0m[2mdist/[0m[2massets/[0m[36museSidebarLayout-umJS7JDg.js                            [39m[2m[1m     1.17 kB[0m[0m[2m │ gzip:   0.50 kB[0m
[35mn8n-editor-ui:build: [0m[2mdist/[0m[2massets/[0m[36mmcp.constants-CtGlan57.js                               [39m[2m[1m     1.19 kB[0m[0m[2m │ gzip:   0.49 kB[0m
[35mn8n-editor-ui:build: [0m[2mdist/[0m[2massets/[0m[36mBrowserUseSetupModal-CcE5iSab.js                        [39m[2m[1m     1.23 kB[0m[0m[2m │ gzip:   0.60 kB[0m
[35mn8n-editor-ui:build: [0m[2mdist/[0m[2massets/[0m[36mN8nIconButton-qH5a_UB2.js                               [39m[2m[1m     1.23 kB[0m[0m[2m │ gzip:   0.58 kB[0m
[35mn8n-editor-ui:build: [0m[2mdist/[0m[2massets/[0m[36misValueEqualOrExist-BiFXY21j.js                         [39m[2m[1m     1.25 kB[0m[0m[2m │ gzip:   0.62 kB[0m
[35mn8n-editor-ui:build: [0m[2mdist/[0m[2massets/[0m[36mfileUtils-Dcvs0rqd.js                                   [39m[2m[1m     1.28 kB[0m[0m[2m │ gzip:   0.66 kB[0m
[35mn8n-editor-ui:build: [0m[2mdist/[0m[2massets/[0m[36museIntersectionObserver-BrBo9Wj2.js                     [39m[2m[1m     1.29 kB[0m[0m[2m │ gzip:   0.59 kB[0m
[35mn8n-editor-ui:build: [0m[2mdist/[0m[2massets/[0m[36mN8nSpinner-GyTkMdCC.js                                  [39m[2m[1m     1.30 kB[0m[0m[2m │ gzip:   0.59 kB[0m
[35mn8n-editor-ui:build: [0m[2mdist/[0m[2massets/[0m[36minstanceAiBrowserUse-WYCePPJR.js                        [39m[2m[1m     1.31 kB[0m[0m[2m │ gzip:   0.61 kB[0m
[35mn8n-editor-ui:build: [0m[2mdist/[0m[2massets/[0m[36museTagPermissions-CduHJV6D.js                           [39m[2m[1m     1.32 kB[0m[0m[2m │ gzip:   0.38 kB[0m
[35mn8n-editor-ui:build: [0m[2mdist/[0m[2massets/[0m[36museAgentPermissions-BuOOCGjU.js                         [39m[2m[1m     1.32 kB[0m[0m[2m │ gzip:   0.57 kB[0m
[35mn8n-editor-ui:build: [0m[2mdist/[0m[2massets/[0m[36motel.constants-95VbOe3o.js                              [39m[2m[1m     1.32 kB[0m[0m[2m │ gzip:   0.73 kB[0m
[35mn8n-editor-ui:build: [0m[2mdist/[0m[2massets/[0m[36museEvalCollectionsFlag-PxQYVJ1h.js                      [39m[2m[1m     1.34 kB[0m[0m[2m │ gzip:   0.72 kB[0m
[35mn8n-editor-ui:build: [0m[2mdist/[0m[2massets/[0m[36mdurations-xVQWCRRO.js                                   [39m[2m[1m     1.35 kB[0m[0m[2m │ gzip:   0.72 kB[0m
[35mn8n-editor-ui:build: [0m[2mdist/[0m[2massets/[0m[36mSignoutView-BPKh8GZF.js                                 [39m[2m[1m     1.35 kB[0m[0m[2m │ gzip:   0.67 kB[0m
[35mn8n-editor-ui:build: [0m[2mdist/[0m[2massets/[0m[36msetupPanel.store-DrQXNqsU.js                            [39m[2m[1m     1.36 kB[0m[0m[2m │ gzip:   0.60 kB[0m
[35mn8n-editor-ui:build: [0m[2mdist/[0m[2massets/[0m[36muserRoleProvisioning.store-CF2Qp3z6.js                  [39m[2m[1m     1.37 kB[0m[0m[2m │ gzip:   0.50 kB[0m
[35mn8n-editor-ui:build: [0m[2mdist/[0m[2massets/[0m[36museInstanceAiAvailability-CQfJop1Q.js                   [39m[2m[1m     1.41 kB[0m[0m[2m │ gzip:   0.61 kB[0m
[35mn8n-editor-ui:build: [0m[2mdist/[0m[2massets/[0m[36mconstants-DMU0Fj8d.js                                   [39m[2m[1m     1.42 kB[0m[0m[2m │ gzip:   0.78 kB[0m
[35mn8n-editor-ui:build: [0m[2mdist/[0m[2massets/[0m[36mretry-BpzRKeah.js                                       [39m[2m[1m     1.43 kB[0m[0m[2m │ gzip:   0.65 kB[0m
[35mn8n-editor-ui:build: [0m[2mdist/[0m[2massets/[0m[36muniqBy-51RolGPF.js                                      [39m[2m[1m     1.43 kB[0m[0m[2m │ gzip:   0.79 kB[0m
[35mn8n-editor-ui:build: [0m[2mdist/[0m[2massets/[0m[36msrc-CQueprMZ.js                                         [39m[2m[1m     1.44 kB[0m[0m[2m │ gzip:   0.71 kB[0m
[35mn8n-editor-ui:build: [0m[2mdist/[0m[2massets/[0m[36museFocusGuards-D2NKhJRJ.js                              [39m[2m[1m     1.44 kB[0m[0m[2m │ gzip:   0.76 kB[0m
[35mn8n-editor-ui:build: [0m[2mdist/[0m[2massets/[0m[36mpickBy-DKHuf-yk.js                                      [39m[2m[1m     1.48 kB[0m[0m[2m │ gzip:   0.75 kB[0m
[35mn8n-editor-ui:build: [0m[2mdist/[0m[2massets/[0m[36museExternalHooks-ItRXpQL3.js                            [39m[2m[1m     1.51 kB[0m[0m[2m │ gzip:   0.73 kB[0m
[35mn8n-editor-ui:build: [0m[2mdist/[0m[2massets/[0m[36mtruncate-B0m9bkui.js                                    [39m[2m[1m     1.54 kB[0m[0m[2m │ gzip:   0.66 kB[0m
[35mn8n-editor-ui:build: [0m[2mdist/[0m[2massets/[0m[36mSeverityTag-BspHhc-R.js                                 [39m[2m[1m     1.58 kB[0m[0m[2m │ gzip:   0.73 kB[0m
[35mn8n-editor-ui:build: [0m[2mdist/[0m[2massets/[0m[36mdist-Ck202Mxy.js                                        [39m[2m[1m     1.59 kB[0m[0m[2m │ gzip:   0.74 kB[0m
[35mn8n-editor-ui:build: [0m[2mdist/[0m[2massets/[0m[36mexposeAllWorkflowsToMcp.store-ycAZSR1t.js               [39m[2m[1m     1.60 kB[0m[0m[2m │ gzip:   0.59 kB[0m
[35mn8n-editor-ui:build: [0m[2mdist/[0m[2massets/[0m[36mEmptySharedSectionActionBox-C8Z6miyp.js                 [39m[2m[1m     1.63 kB[0m[0m[2m │ gzip:   0.80 kB[0m
[35mn8n-editor-ui:build: [0m[2mdist/[0m[2massets/[0m[36mRunDataHtml-CNrwA_go.js                                 [39m[2m[1m     1.65 kB[0m[0m[2m │ gzip:   0.78 kB[0m
[35mn8n-editor-ui:build: [0m[2mdist/[0m[2massets/[0m[36mgenerate-nano-id-aFpenCcN.js                            [39m[2m[1m     1.65 kB[0m[0m[2m │ gzip:   0.85 kB[0m
[35mn8n-editor-ui:build: [0m[2mdist/[0m[2massets/[0m[36museDeviceSupport-CZosAKtc.js                            [39m[2m[1m     1.70 kB[0m[0m[2m │ gzip:   0.72 kB[0m
[35mn8n-editor-ui:build: [0m[2mdist/[0m[2massets/[0m[36mAnimatedSpinner-BZb5ncjv.js                             [39m[2m[1m     1.75 kB[0m[0m[2m │ gzip:   0.66 kB[0m
[35mn8n-editor-ui:build: [0m[2mdist/[0m[2massets/[0m[36mmarkdown-it-link-attributes-BC3Hu7Xj.js                 [39m[2m[1m     1.76 kB[0m[0m[2m │ gzip:   0.72 kB[0m
[35mn8n-editor-ui:build: [0m[2mdist/[0m[2massets/[0m[36museMcp-TTt-dAcC.js                                      [39m[2m[1m     1.77 kB[0m[0m[2m │ gzip:   0.65 kB[0m
[35mn8n-editor-ui:build: [0m[2mdist/[0m[2massets/[0m[36museAiGatewayTopUp-D6irKO42.js                           [39m[2m[1m     1.78 kB[0m[0m[2m │ gzip:   0.76 kB[0m
[35mn8n-editor-ui:build: [0m[2mdist/[0m[2massets/[0m[36museInstanceAiCredentialHelp-B09Sc0Uj.js                 [39m[2m[1m     1.79 kB[0m[0m[2m │ gzip:   0.77 kB[0m
[35mn8n-editor-ui:build: [0m[2mdist/[0m[2massets/[0m[36mSecretsProviderImage.ee-CCRR8agO.js                     [39m[2m[1m     1.80 kB[0m[0m[2m │ gzip:   0.72 kB[0m
[35mn8n-editor-ui:build: [0m[2mdist/[0m[2massets/[0m[36mscopes.utils-C47xeVUq.js                                [39m[2m[1m     1.82 kB[0m[0m[2m │ gzip:   0.67 kB[0m
[35mn8n-editor-ui:build: [0m[2mdist/[0m[2massets/[0m[36mscroll-CUg7IegU.js                                      [39m[2m[1m     1.84 kB[0m[0m[2m │ gzip:   0.81 kB[0m
[35mn8n-editor-ui:build: [0m[2mdist/[0m[2massets/[0m[36museAgentConfig-bssEW6A-.js                              [39m[2m[1m     1.84 kB[0m[0m[2m │ gzip:   0.78 kB[0m
[35mn8n-editor-ui:build: [0m[2mdist/[0m[2massets/[0m[36museDocumentTitle-Db-tRS_w.js                            [39m[2m[1m     1.84 kB[0m[0m[2m │ gzip:   0.78 kB[0m
[35mn8n-editor-ui:build: [0m[2mdist/[0m[2massets/[0m[36mInsightsChartFailed-DfTxT-ps.js                         [39m[2m[1m     1.84 kB[0m[0m[2m │ gzip:   0.87 kB[0m
[35mn8n-editor-ui:build: [0m[2mdist/[0m[2massets/[0m[36mprojectRoleScopes-oQc04T8m.js                           [39m[2m[1m     1.84 kB[0m[0m[2m │ gzip:   0.89 kB[0m
[35mn8n-editor-ui:build: [0m[2mdist/[0m[2massets/[0m[36mconstants-zeVT1Ciq.js                                   [39m[2m[1m     1.88 kB[0m[0m[2m │ gzip:   0.81 kB[0m
[35mn8n-editor-ui:build: [0m[2mdist/[0m[2massets/[0m[36mchatHubPanel.store-Bc2NTFrj.js                          [39m[2m[1m     1.96 kB[0m[0m[2m │ gzip:   0.82 kB[0m
[35mn8n-editor-ui:build: [0m[2mdist/[0m[2massets/[0m[36mInsightsChartTotal-BgqYZ1fO.js                          [39m[2m[1m     1.97 kB[0m[0m[2m │ gzip:   0.88 kB[0m
[35mn8n-editor-ui:build: [0m[2mdist/[0m[2massets/[0m[36museClipboard-FfSvbxpY.js                                [39m[2m[1m     2.00 kB[0m[0m[2m │ gzip:   0.90 kB[0m
[35mn8n-editor-ui:build: [0m[2mdist/[0m[2massets/[0m[36mEvaluationsPaywall-kxmUtXCA.js                          [39m[2m[1m     2.03 kB[0m[0m[2m │ gzip:   0.89 kB[0m
[35mn8n-editor-ui:build: [0m[2mdist/[0m[2massets/[0m[36mdateFormatter-BAvK5_B4.js                               [39m[2m[1m     2.03 kB[0m[0m[2m │ gzip:   0.72 kB[0m
[35mn8n-editor-ui:build: [0m[2mdist/[0m[2massets/[0m[36morderBy-C2Mi0OhW.js                                     [39m[2m[1m     2.05 kB[0m[0m[2m │ gzip:   0.97 kB[0m
[35mn8n-editor-ui:build: [0m[2mdist/[0m[2massets/[0m[36mutils-DWsV5_mh.js                                       [39m[2m[1m     2.06 kB[0m[0m[2m │ gzip:   0.87 kB[0m
[35mn8n-editor-ui:build: [0m[2mdist/[0m[2massets/[0m[36minsights.constants-S45O2d3B.js                          [39m[2m[1m     2.06 kB[0m[0m[2m │ gzip:   0.77 kB[0m
[35mn8n-editor-ui:build: [0m[2mdist/[0m[2massets/[0m[36mInsightsChartFailureRate-BOcG7yYI.js                    [39m[2m[1m     2.08 kB[0m[0m[2m │ gzip:   0.95 kB[0m
[35mn8n-editor-ui:build: [0m[2mdist/[0m[2massets/[0m[36mutils-DMYm6cvX.js                                       [39m[2m[1m     2.08 kB[0m[0m[2m │ gzip:   0.95 kB[0m
[35mn8n-editor-ui:build: [0m[2mdist/[0m[2massets/[0m[36museExternalHooks-8L2FA7u2.js                            [39m[2m[1m     2.10 kB[0m[0m[2m │ gzip:   0.84 kB[0m
[35mn8n-editor-ui:build: [0m[2mdist/[0m[2massets/[0m[36museTelemetry-2P8aHE7m.js                                [39m[2m[1m     2.12 kB[0m[0m[2m │ gzip:   0.96 kB[0m
[35mn8n-editor-ui:build: [0m[2mdist/[0m[2massets/[0m[36mpreload-helper-CMc80dNB.js                              [39m[2m[1m     2.13 kB[0m[0m[2m │ gzip:   1.00 kB[0m
[35mn8n-editor-ui:build: [0m[2mdist/[0m[2massets/[0m[36mchunk-CC9Q-vWm.js                                       [39m[2m[1m     2.17 kB[0m[0m[2m │ gzip:   0.98 kB[0m
[35mn8n-editor-ui:build: [0m[2mdist/[0m[2massets/[0m[36mflatten-Bm8cAP2a.js                                     [39m[2m[1m     2.24 kB[0m[0m[2m │ gzip:   0.93 kB[0m
[35mn8n-editor-ui:build: [0m[2mdist/[0m[2massets/[0m[36mSamlOnboarding-CZSf4eYI.js                              [39m[2m[1m     2.25 kB[0m[0m[2m │ gzip:   0.96 kB[0m
[35mn8n-editor-ui:build: [0m[2mdist/[0m[2massets/[0m[36museAiGateway-B9lFh9u4.js                                [39m[2m[1m     2.25 kB[0m[0m[2m │ gzip:   0.72 kB[0m
[35mn8n-editor-ui:build: [0m[2mdist/[0m[2massets/[0m[36mInsightsChartAverageRuntime-CAjTHj5t.js                 [39m[2m[1m     2.29 kB[0m[0m[2m │ gzip:   1.04 kB[0m
[35mn8n-editor-ui:build: [0m[2mdist/[0m[2massets/[0m[36museAgentTelemetry-CUsWd_Xq.js                           [39m[2m[1m     2.29 kB[0m[0m[2m │ gzip:   0.73 kB[0m
[35mn8n-editor-ui:build: [0m[2mdist/[0m[2massets/[0m[36museCredentialTestInBackground-_wg5tv_u.js               [39m[2m[1m     2.31 kB[0m[0m[2m │ gzip:   0.82 kB[0m
[35mn8n-editor-ui:build: [0m[2mdist/[0m[2massets/[0m[36mInsightsChartTimeSaved-Bpaal_8w.js                      [39m[2m[1m     2.34 kB[0m[0m[2m │ gzip:   1.07 kB[0m
[35mn8n-editor-ui:build: [0m[2mdist/[0m[2massets/[0m[36momit-DVSRjRAw.js                                        [39m[2m[1m     2.36 kB[0m[0m[2m │ gzip:   0.97 kB[0m
[35mn8n-editor-ui:build: [0m[2mdist/[0m[2massets/[0m[36mWorkflowOnboardingView-BQrAOENF.js                      [39m[2m[1m     2.38 kB[0m[0m[2m │ gzip:   0.91 kB[0m
[35mn8n-editor-ui:build: [0m[2mdist/[0m[2massets/[0m[36museProjectAgentsList-Bl5pPuIO.js                        [39m[2m[1m     2.40 kB[0m[0m[2m │ gzip:   0.92 kB[0m
[35mn8n-editor-ui:build: [0m[2mdist/[0m[2massets/[0m[36mindex.es-Bd6Zrgml.js                                    [39m[2m[1m     2.43 kB[0m[0m[2m │ gzip:   1.04 kB[0m
[35mn8n-editor-ui:build: [0m[2mdist/[0m[2massets/[0m[36mutils-C-aniw00.js                                       [39m[2m[1m     2.49 kB[0m[0m[2m │ gzip:   1.07 kB[0m
[35mn8n-editor-ui:build: [0m[2mdist/[0m[2massets/[0m[36mlocale-BlcHbNbm.js                                      [39m[2m[1m     2.64 kB[0m[0m[2m │ gzip:   1.22 kB[0m
[35mn8n-editor-ui:build: [0m[2mdist/[0m[2massets/[0m[36museSecretsProvidersList.ee-v8-TYoc5.js                  [39m[2m[1m     2.66 kB[0m[0m[2m │ gzip:   0.84 kB[0m
[35mn8n-editor-ui:build: [0m[2mdist/[0m[2massets/[0m[36mAnnotationTagsDropdown.ee-nALF-TP8.js                   [39m[2m[1m     2.69 kB[0m[0m[2m │ gzip:   1.03 kB[0m
[35mn8n-editor-ui:build: [0m[2mdist/[0m[2massets/[0m[36museFreeAiCredits-DbkP8Zu8.js                            [39m[2m[1m     2.77 kB[0m[0m[2m │ gzip:   0.97 kB[0m
[35mn8n-editor-ui:build: [0m[2mdist/[0m[2massets/[0m[36mrbac.store-BpCq5_iM.js                                  [39m[2m[1m     2.90 kB[0m[0m[2m │ gzip:   0.96 kB[0m
[35mn8n-editor-ui:build: [0m[2mdist/[0m[2massets/[0m[36mConnectionTracker-Dr9HMYEP.js                           [39m[2m[1m     2.92 kB[0m[0m[2m │ gzip:   1.11 kB[0m
[35mn8n-editor-ui:build: [0m[2mdist/[0m[2massets/[0m[36mEntityUnAuthorised-B7dIzaE7.js                          [39m[2m[1m     2.94 kB[0m[0m[2m │ gzip:   1.19 kB[0m
[35mn8n-editor-ui:build: [0m[2mdist/[0m[2massets/[0m[36mLoadingView-CmRfG_Sa.js                                 [39m[2m[1m     2.95 kB[0m[0m[2m │ gzip:   0.98 kB[0m
[35mn8n-editor-ui:build: [0m[2mdist/[0m[2massets/[0m[36mcommunityNodes.store-C67yPqWX.js                        [39m[2m[1m     2.95 kB[0m[0m[2m │ gzip:   0.93 kB[0m
[35mn8n-editor-ui:build: [0m[2mdist/[0m[2massets/[0m[36museTypeahead-Bhd2Ygic.js                                [39m[2m[1m     3.00 kB[0m[0m[2m │ gzip:   1.35 kB[0m
[35mn8n-editor-ui:build: [0m[2mdist/[0m[2massets/[0m[36museWorkflowEvaluationState-CHIjVqaA.js                  [39m[2m[1m     3.01 kB[0m[0m[2m │ gzip:   1.04 kB[0m
[35mn8n-editor-ui:build: [0m[2mdist/[0m[2massets/[0m[36mForgotMyPasswordView-C6AKMpeo.js                        [39m[2m[1m     3.03 kB[0m[0m[2m │ gzip:   1.19 kB[0m
[35mn8n-editor-ui:build: [0m[2mdist/[0m[2massets/[0m[36mPreviewTag-CNFXQpdk.js                                  [39m[2m[1m     3.04 kB[0m[0m[2m │ gzip:   1.04 kB[0m
[35mn8n-editor-ui:build: [0m[2mdist/[0m[2massets/[0m[36mPageViewLayout-BI1QPgLE.js                              [39m[2m[1m     3.07 kB[0m[0m[2m │ gzip:   1.03 kB[0m
[35mn8n-editor-ui:build: [0m[2mdist/[0m[2massets/[0m[36mpermissions-BdLxBGHQ.js                                 [39m[2m[1m     3.11 kB[0m[0m[2m │ gzip:   0.96 kB[0m
[35mn8n-editor-ui:build: [0m[2mdist/[0m[2massets/[0m[36museInstallNode-2Ak5H2Xd.js                              [39m[2m[1m     3.16 kB[0m[0m[2m │ gzip:   1.13 kB[0m
[35mn8n-editor-ui:build: [0m[2mdist/[0m[2massets/[0m[36mworkflowReviews.utils-BfSfOH2S.js                       [39m[2m[1m     3.16 kB[0m[0m[2m │ gzip:   0.80 kB[0m
[35mn8n-editor-ui:build: [0m[2mdist/[0m[2massets/[0m[36mEntityNotFound-8hQx19zY.js                              [39m[2m[1m     3.16 kB[0m[0m[2m │ gzip:   1.10 kB[0m
[35mn8n-editor-ui:build: [0m[2mdist/[0m[2massets/[0m[36mAlertDialog-CAGSggKq.js                                 [39m[2m[1m     3.19 kB[0m[0m[2m │ gzip:   1.08 kB[0m
[35mn8n-editor-ui:build: [0m[2mdist/[0m[2massets/[0m[36mTag-CUeMVIZD.js                                         [39m[2m[1m     3.19 kB[0m[0m[2m │ gzip:   1.13 kB[0m
[35mn8n-editor-ui:build: [0m[2mdist/[0m[2massets/[0m[36mcollapse-transition-CTDntJnD.js                         [39m[2m[1m     3.20 kB[0m[0m[2m │ gzip:   1.01 kB[0m
[35mn8n-editor-ui:build: [0m[2mdist/[0m[2massets/[0m[36museResizablePanel-BaCLbe-U.js                           [39m[2m[1m     3.23 kB[0m[0m[2m │ gzip:   1.04 kB[0m
[35mn8n-editor-ui:build: [0m[2mdist/[0m[2massets/[0m[36mdist-dUcNVZjh.js                                        [39m[2m[1m     3.23 kB[0m[0m[2m │ gzip:   1.14 kB[0m
[35mn8n-editor-ui:build: [0m[2mdist/[0m[2massets/[0m[36mSetupView-Cw4As646.js                                   [39m[2m[1m     3.31 kB[0m[0m[2m │ gzip:   1.21 kB[0m
[35mn8n-editor-ui:build: [0m[2mdist/[0m[2massets/[0m[36museSecretsProviderConnection.ee-BAIqDmSy.js             [39m[2m[1m     3.32 kB[0m[0m[2m │ gzip:   0.91 kB[0m
[35mn8n-editor-ui:build: [0m[2mdist/[0m[2massets/[0m[36mtoolDisplayName-BKnTfk-z.js                             [39m[2m[1m     3.34 kB[0m[0m[2m │ gzip:   0.97 kB[0m
[35mn8n-editor-ui:build: [0m[2mdist/[0m[2massets/[0m[36museExecutionHelpers-C9tuta7b.js                         [39m[2m[1m     3.34 kB[0m[0m[2m │ gzip:   1.11 kB[0m
[35mn8n-editor-ui:build: [0m[2mdist/[0m[2massets/[0m[36mNewAgentView-DgJh6w9E.js                                [39m[2m[1m     3.36 kB[0m[0m[2m │ gzip:   1.34 kB[0m
[35mn8n-editor-ui:build: [0m[2mdist/[0m[2massets/[0m[36mAnimatedCollapsibleContent-KleUVoWJ.js                  [39m[2m[1m     3.40 kB[0m[0m[2m │ gzip:   1.16 kB[0m
[35mn8n-editor-ui:build: [0m[2mdist/[0m[2massets/[0m[36muse-global-config-C4SRRir5.js                           [39m[2m[1m     3.40 kB[0m[0m[2m │ gzip:   1.21 kB[0m
[35mn8n-editor-ui:build: [0m[2mdist/[0m[2massets/[0m[36minsights.store-tPxa6GS4.js                              [39m[2m[1m     3.46 kB[0m[0m[2m │ gzip:   1.04 kB[0m
[35mn8n-editor-ui:build: [0m[2mdist/[0m[2massets/[0m[36mmenuItemId-C0J1cDgc.js                                  [39m[2m[1m     3.51 kB[0m[0m[2m │ gzip:   1.25 kB[0m
[35mn8n-editor-ui:build: [0m[2mdist/[0m[2massets/[0m[36museCalloutHelpers-gjR7nf2J.js                           [39m[2m[1m     3.52 kB[0m[0m[2m │ gzip:   1.23 kB[0m
[35mn8n-editor-ui:build: [0m[2mdist/[0m[2massets/[0m[36mN8nInputNumber-CTPC4op1.js                              [39m[2m[1m     3.54 kB[0m[0m[2m │ gzip:   1.18 kB[0m
[35mn8n-editor-ui:build: [0m[2mdist/[0m[2massets/[0m[36mResourcesListEmptyState-DPmdV12-.js                     [39m[2m[1m     3.54 kB[0m[0m[2m │ gzip:   1.14 kB[0m
[35mn8n-editor-ui:build: [0m[2mdist/[0m[2massets/[0m[36mDialog-5HIIQdtt.js                                      [39m[2m[1m     3.58 kB[0m[0m[2m │ gzip:   1.16 kB[0m
[35mn8n-editor-ui:build: [0m[2mdist/[0m[2massets/[0m[36museAgentPublish-BhIVzQpH.js                             [39m[2m[1m     3.61 kB[0m[0m[2m │ gzip:   0.98 kB[0m
[35mn8n-editor-ui:build: [0m[2mdist/[0m[2massets/[0m[36mroles.store-IBkplXdY.js                                 [39m[2m[1m     3.62 kB[0m[0m[2m │ gzip:   1.10 kB[0m
[35mn8n-editor-ui:build: [0m[2mdist/[0m[2massets/[0m[36mSettingsRowConfigure-02zrnJfp.js                        [39m[2m[1m     3.63 kB[0m[0m[2m │ gzip:   1.18 kB[0m
[35mn8n-editor-ui:build: [0m[2mdist/[0m[2massets/[0m[36mFileSaver.min-EXdbaoeR.js                               [39m[2m[1m     3.67 kB[0m[0m[2m │ gzip:   1.56 kB[0m
[35mn8n-editor-ui:build: [0m[2mdist/[0m[2massets/[0m[36mhtmlUtils-CZzL9YQk.js                                   [39m[2m[1m     3.68 kB[0m[0m[2m │ gzip:   1.67 kB[0m
[35mn8n-editor-ui:build: [0m[2mdist/[0m[2massets/[0m[36museTelemetryContext-DeAMcbw4.js                         [39m[2m[1m     3.70 kB[0m[0m[2m │ gzip:   1.31 kB[0m
[35mn8n-editor-ui:build: [0m[2mdist/[0m[2massets/[0m[36mconstants-CzphDVGd.js                                   [39m[2m[1m     3.71 kB[0m[0m[2m │ gzip:   1.42 kB[0m
[35mn8n-editor-ui:build: [0m[2mdist/[0m[2massets/[0m[36mKeyboardShortcutTooltip-pvVblk4B.js                     [39m[2m[1m     3.76 kB[0m[0m[2m │ gzip:   1.23 kB[0m
[35mn8n-editor-ui:build: [0m[2mdist/[0m[2massets/[0m[36mtemplateActions-DHDcIeD9.js                             [39m[2m[1m     3.79 kB[0m[0m[2m │ gzip:   1.28 kB[0m
[35mn8n-editor-ui:build: [0m[2mdist/[0m[2massets/[0m[36mTableBase-BhnVYm7H.js                                   [39m[2m[1m     3.80 kB[0m[0m[2m │ gzip:   1.31 kB[0m
[35mn8n-editor-ui:build: [0m[2mdist/[0m[2massets/[0m[36mN8nBadge-BU9PsSq6.js                                    [39m[2m[1m     3.81 kB[0m[0m[2m │ gzip:   1.27 kB[0m
[35mn8n-editor-ui:build: [0m[2mdist/[0m[2massets/[0m[36msurfaceMcpToNewCloudUsers.store-BYPppNno.js             [39m[2m[1m     3.87 kB[0m[0m[2m │ gzip:   1.04 kB[0m
[35mn8n-editor-ui:build: [0m[2mdist/[0m[2massets/[0m[36mN8nKeyboardShortcut-DZFKzw3w.js                         [39m[2m[1m     3.88 kB[0m[0m[2m │ gzip:   1.29 kB[0m
[35mn8n-editor-ui:build: [0m[2mdist/[0m[2massets/[0m[36muse-form-item-CV4_f5CE.js                               [39m[2m[1m     3.92 kB[0m[0m[2m │ gzip:   1.18 kB[0m
[35mn8n-editor-ui:build: [0m[2mdist/[0m[2massets/[0m[36mCopyButton-CT4JwSqh.js                                  [39m[2m[1m     3.95 kB[0m[0m[2m │ gzip:   1.38 kB[0m
[35mn8n-editor-ui:build: [0m[2mdist/[0m[2massets/[0m[36mAgentView-DPp3LZlT.js                                   [39m[2m[1m     3.95 kB[0m[0m[2m │ gzip:   1.40 kB[0m
[35mn8n-editor-ui:build: [0m[2mdist/[0m[2massets/[0m[36mPrivateCredentialIcon-Dh245Bzi.js                       [39m[2m[1m     4.01 kB[0m[0m[2m │ gzip:   1.39 kB[0m
[35mn8n-editor-ui:build: [0m[2mdist/[0m[2massets/[0m[36mtag-BtOB2CGC.js                                         [39m[2m[1m     4.07 kB[0m[0m[2m │ gzip:   1.44 kB[0m
[35mn8n-editor-ui:build: [0m[2mdist/[0m[2massets/[0m[36mAgentPersonalisationIcon-BFffdiRa.js                    [39m[2m[1m     4.11 kB[0m[0m[2m │ gzip:   1.33 kB[0m
[35mn8n-editor-ui:build: [0m[2mdist/[0m[2massets/[0m[36mSignupView-CpAQ8biX.js                                  [39m[2m[1m     4.13 kB[0m[0m[2m │ gzip:   1.49 kB[0m
[35mn8n-editor-ui:build: [0m[2mdist/[0m[2massets/[0m[36mtemplateTransforms-D1Acv3vx.js                          [39m[2m[1m     4.14 kB[0m[0m[2m │ gzip:   1.36 kB[0m
[35mn8n-editor-ui:build: [0m[2mdist/[0m[2massets/[0m[36mInsightsPaywall-DTxQPsPl.js                             [39m[2m[1m     4.15 kB[0m[0m[2m │ gzip:   1.30 kB[0m
[35mn8n-editor-ui:build: [0m[2mdist/[0m[2massets/[0m[36museAutosizeTextarea-DfiUCd-R.js                         [39m[2m[1m     4.20 kB[0m[0m[2m │ gzip:   1.40 kB[0m
[35mn8n-editor-ui:build: [0m[2mdist/[0m[2massets/[0m[36mProjectIcon-DhRq1a3s.js                                 [39m[2m[1m     4.23 kB[0m[0m[2m │ gzip:   1.41 kB[0m
[35mn8n-editor-ui:build: [0m[2mdist/[0m[2massets/[0m[36museNodeCreatorShortcutCoachmark-DfSrOua0.js             [39m[2m[1m     4.25 kB[0m[0m[2m │ gzip:   1.43 kB[0m
[35mn8n-editor-ui:build: [0m[2mdist/[0m[2massets/[0m[36musage.store-jpc5kXSq.js                                 [39m[2m[1m     4.28 kB[0m[0m[2m │ gzip:   1.31 kB[0m
[35mn8n-editor-ui:build: [0m[2mdist/[0m[2massets/[0m[36mchartjs.utils-C9t6cimv.js                               [39m[2m[1m     4.39 kB[0m[0m[2m │ gzip:   1.13 kB[0m
[35mn8n-editor-ui:build: [0m[2mdist/[0m[2massets/[0m[36mSettingsSection-0dD8DyrT.js                             [39m[2m[1m     4.39 kB[0m[0m[2m │ gzip:   1.38 kB[0m
[35mn8n-editor-ui:build: [0m[2mdist/[0m[2massets/[0m[36mworkers-BIEnZcuW.js                                     [39m[2m[1m     4.40 kB[0m[0m[2m │ gzip:   1.43 kB[0m
[35mn8n-editor-ui:build: [0m[2mdist/[0m[2massets/[0m[36mSelectedItemsInfo-BPzsMFOD.js                           [39m[2m[1m     4.42 kB[0m[0m[2m │ gzip:   1.41 kB[0m
[35mn8n-editor-ui:build: [0m[2mdist/[0m[2massets/[0m[36museNonce-DmggRvZ9.js                                    [39m[2m[1m     4.43 kB[0m[0m[2m │ gzip:   1.52 kB[0m
[35mn8n-editor-ui:build: [0m[2mdist/[0m[2massets/[0m[36mAssistantIcon-DtYlzg0_.js                               [39m[2m[1m     4.46 kB[0m[0m[2m │ gzip:   1.94 kB[0m
[35mn8n-editor-ui:build: [0m[2mdist/[0m[2massets/[0m[36mSettingsLayout-CpyPOZFU.js                              [39m[2m[1m     4.47 kB[0m[0m[2m │ gzip:   1.49 kB[0m
[35mn8n-editor-ui:build: [0m[2mdist/[0m[2massets/[0m[36mN8nHeading-DtWWbZpM.js                                  [39m[2m[1m     4.49 kB[0m[0m[2m │ gzip:   1.49 kB[0m
[35mn8n-editor-ui:build: [0m[2mdist/[0m[2massets/[0m[36mErrorView-C3LnGB3f.js                                   [39m[2m[1m     4.52 kB[0m[0m[2m │ gzip:   1.49 kB[0m
[35mn8n-editor-ui:build: [0m[2mdist/[0m[2massets/[0m[36museExtensionDirectConnect-BhjB_0jB.js                   [39m[2m[1m     4.54 kB[0m[0m[2m │ gzip:   1.67 kB[0m
[35mn8n-editor-ui:build: [0m[2mdist/[0m[2massets/[0m[36mSetupWorkflowCredentialsButton-D6qwFYW8.js              [39m[2m[1m     4.60 kB[0m[0m[2m │ gzip:   1.52 kB[0m
[35mn8n-editor-ui:build: [0m[2mdist/[0m[2massets/[0m[36mContactAdministratorToInstall-hJJ2Dpuo.js               [39m[2m[1m     4.60 kB[0m[0m[2m │ gzip:   1.55 kB[0m
[35mn8n-editor-ui:build: [0m[2mdist/[0m[2massets/[0m[36mN8nTags-Bw0YQUjA.js                                     [39m[2m[1m     4.60 kB[0m[0m[2m │ gzip:   1.59 kB[0m
[35mn8n-editor-ui:build: [0m[2mdist/[0m[2massets/[0m[36mN8nCard-W7SwOQs6.js                                     [39m[2m[1m     4.67 kB[0m[0m[2m │ gzip:   1.40 kB[0m
[35mn8n-editor-ui:build: [0m[2mdist/[0m[2massets/[0m[36mBaseLayout-91CqLUrG.js                                  [39m[2m[1m     4.71 kB[0m[0m[2m │ gzip:   1.35 kB[0m
[35mn8n-editor-ui:build: [0m[2mdist/[0m[2massets/[0m[36micon-DEwwsnFu.js                                        [39m[2m[1m     4.71 kB[0m[0m[2m │ gzip:   1.71 kB[0m
[35mn8n-editor-ui:build: [0m[2mdist/[0m[2massets/[0m[36museMcpServerConnect-DuzyhaTW.js                         [39m[2m[1m     4.72 kB[0m[0m[2m │ gzip:   1.70 kB[0m
[35mn8n-editor-ui:build: [0m[2mdist/[0m[2massets/[0m[36mdist-CLrCsDhS.js                                        [39m[2m[1m     4.73 kB[0m[0m[2m │ gzip:   1.60 kB[0m
[35mn8n-editor-ui:build: [0m[2mdist/[0m[2massets/[0m[36mActionPill-2pTxKMMA.js                                  [39m[2m[1m     4.75 kB[0m[0m[2m │ gzip:   1.53 kB[0m
[35mn8n-editor-ui:build: [0m[2mdist/[0m[2massets/[0m[36mresourceCenter.store-DVZOuCsX.js                        [39m[2m[1m     4.79 kB[0m[0m[2m │ gzip:   1.76 kB[0m
[35mn8n-editor-ui:build: [0m[2mdist/[0m[2massets/[0m[36mnodeIcon-Bgm92ljk.js                                    [39m[2m[1m     4.80 kB[0m[0m[2m │ gzip:   1.49 kB[0m
[35mn8n-editor-ui:build: [0m[2mdist/[0m[2massets/[0m[36mChangePasswordView-47QaOFQj.js                          [39m[2m[1m     4.83 kB[0m[0m[2m │ gzip:   1.61 kB[0m
[35mn8n-editor-ui:build: [0m[2mdist/[0m[2massets/[0m[36mviews-C9JmlLsL.js                                       [39m[2m[1m     4.86 kB[0m[0m[2m │ gzip:   1.81 kB[0m
[35mn8n-editor-ui:build: [0m[2mdist/[0m[2massets/[0m[36mN8nText-Cyh6n6lU.js                                     [39m[2m[1m     4.89 kB[0m[0m[2m │ gzip:   1.60 kB[0m
[35mn8n-editor-ui:build: [0m[2mdist/[0m[2massets/[0m[36museKeybindings-BlQlDZAC.js                              [39m[2m[1m     4.94 kB[0m[0m[2m │ gzip:   1.83 kB[0m
[35mn8n-editor-ui:build: [0m[2mdist/[0m[2massets/[0m[36mCopyInput-nGOSDP8O.js                                   [39m[2m[1m     4.98 kB[0m[0m[2m │ gzip:   1.65 kB[0m
[35mn8n-editor-ui:build: [0m[2mdist/[0m[2massets/[0m[36mskeleton-CXSk42nF.js                                    [39m[2m[1m     4.98 kB[0m[0m[2m │ gzip:   1.55 kB[0m
[35mn8n-editor-ui:build: [0m[2mdist/[0m[2massets/[0m[36mTextWithHighlights-ChHTPNl7.js                          [39m[2m[1m     5.08 kB[0m[0m[2m │ gzip:   1.68 kB[0m
[35mn8n-editor-ui:build: [0m[2mdist/[0m[2massets/[0m[36mopenWorkflowInAssistant.store-BQaMNsjL.js               [39m[2m[1m     5.09 kB[0m[0m[2m │ gzip:   1.67 kB[0m
[35mn8n-editor-ui:build: [0m[2mdist/[0m[2massets/[0m[36mChangePasswordModal-BFsFtzXO.js                         [39m[2m[1m     5.12 kB[0m[0m[2m │ gzip:   1.68 kB[0m
[35mn8n-editor-ui:build: [0m[2mdist/[0m[2massets/[0m[36mPromptMfaCodeModal-FzioWAAW.js                          [39m[2m[1m     5.18 kB[0m[0m[2m │ gzip:   1.76 kB[0m
[35mn8n-editor-ui:build: [0m[2mdist/[0m[2massets/[0m[36mN8nLoading-CTQpzw6C.js                                  [39m[2m[1m     5.20 kB[0m[0m[2m │ gzip:   1.47 kB[0m
[35mn8n-editor-ui:build: [0m[2mdist/[0m[2massets/[0m[36mConfirmPasswordModal-oPksHciN.js                        [39m[2m[1m     5.25 kB[0m[0m[2m │ gzip:   1.72 kB[0m
[35mn8n-editor-ui:build: [0m[2mdist/[0m[2massets/[0m[36mNodeIcon-BXMjx-Jl.js                                    [39m[2m[1m     5.27 kB[0m[0m[2m │ gzip:   1.65 kB[0m
[35mn8n-editor-ui:build: [0m[2mdist/[0m[2massets/[0m[36moauthCallback-8ItH-Ci-.js                               [39m[2m[1m     5.30 kB[0m[0m[2m │ gzip:   2.11 kB[0m
[35mn8n-editor-ui:build: [0m[2mdist/[0m[2massets/[0m[36mAgentConfirmationModal-CQa2P4am.js                      [39m[2m[1m     5.31 kB[0m[0m[2m │ gzip:   1.61 kB[0m
[35mn8n-editor-ui:build: [0m[2mdist/[0m[2massets/[0m[36mN8nInfoTip-BvaoUtsh.js                                  [39m[2m[1m     5.32 kB[0m[0m[2m │ gzip:   1.66 kB[0m
[35mn8n-editor-ui:build: [0m[2mdist/[0m[2massets/[0m[36mDemoDiffView-BrfwLOQj.js                                [39m[2m[1m     5.32 kB[0m[0m[2m │ gzip:   1.80 kB[0m
[35mn8n-editor-ui:build: [0m[2mdist/[0m[2massets/[0m[36museAgentToolCatalog-Bm1lQk6m.js                         [39m[2m[1m     5.41 kB[0m[0m[2m │ gzip:   2.16 kB[0m
[35mn8n-editor-ui:build: [0m[2mdist/[0m[2massets/[0m[36mChatFile-DOUKEcW7.js                                    [39m[2m[1m     5.45 kB[0m[0m[2m │ gzip:   1.64 kB[0m
[35mn8n-editor-ui:build: [0m[2mdist/[0m[2massets/[0m[36museToast-Csqi7-nP.js                                    [39m[2m[1m     5.48 kB[0m[0m[2m │ gzip:   2.00 kB[0m
[35mn8n-editor-ui:build: [0m[2mdist/[0m[2massets/[0m[36mN8nCopyInput-DYYuxKCK.js                                [39m[2m[1m     5.53 kB[0m[0m[2m │ gzip:   1.78 kB[0m
[35mn8n-editor-ui:build: [0m[2mdist/[0m[2massets/[0m[36mcol-ryvmp7CX.js                                         [39m[2m[1m     5.57 kB[0m[0m[2m │ gzip:   1.57 kB[0m
[35mn8n-editor-ui:build: [0m[2mdist/[0m[2massets/[0m[36mDemoLayout-B603ww8V.js                                  [39m[2m[1m     5.58 kB[0m[0m[2m │ gzip:   2.01 kB[0m
[35mn8n-editor-ui:build: [0m[2mdist/[0m[2massets/[0m[36mChatAgentAvatar-Bhmvhmku.js                             [39m[2m[1m     5.61 kB[0m[0m[2m │ gzip:   1.86 kB[0m
[35mn8n-editor-ui:build: [0m[2mdist/[0m[2massets/[0m[36mN8nLink-ldFmybi4.js                                     [39m[2m[1m     5.62 kB[0m[0m[2m │ gzip:   1.72 kB[0m
[35mn8n-editor-ui:build: [0m[2mdist/[0m[2massets/[0m[36mCredentialIcon-VWW2sisd.js                              [39m[2m[1m     5.63 kB[0m[0m[2m │ gzip:   1.69 kB[0m
[35mn8n-editor-ui:build: [0m[2mdist/[0m[2massets/[0m[36mtrialIntroModal.store-BMwHnQwn.js                       [39m[2m[1m     5.67 kB[0m[0m[2m │ gzip:   1.82 kB[0m
[35mn8n-editor-ui:build: [0m[2mdist/[0m[2massets/[0m[36mProjectBreadcrumb-BAHryc9c.js                           [39m[2m[1m     5.68 kB[0m[0m[2m │ gzip:   1.78 kB[0m
[35mn8n-editor-ui:build: [0m[2mdist/[0m[2massets/[0m[36mN8nCallout-Dgw5atAr.js                                  [39m[2m[1m     5.75 kB[0m[0m[2m │ gzip:   1.85 kB[0m
[35mn8n-editor-ui:build: [0m[2mdist/[0m[2massets/[0m[36mN8nUserInfo-CeS-_dpV.js                                 [39m[2m[1m     5.81 kB[0m[0m[2m │ gzip:   1.70 kB[0m
[35mn8n-editor-ui:build: [0m[2mdist/[0m[2massets/[0m[36mN8nRecycleScroller-C60eAEpe.js                          [39m[2m[1m     5.82 kB[0m[0m[2m │ gzip:   1.73 kB[0m
[35mn8n-editor-ui:build: [0m[2mdist/[0m[2massets/[0m[36mN8nCollapsiblePanel-D5H_j6Wp.js                         [39m[2m[1m     5.84 kB[0m[0m[2m │ gzip:   1.79 kB[0m
[35mn8n-editor-ui:build: [0m[2mdist/[0m[2massets/[0m[36mN8nDatatable-LztT1Em2.js                                [39m[2m[1m     5.84 kB[0m[0m[2m │ gzip:   1.96 kB[0m
[35mn8n-editor-ui:build: [0m[2mdist/[0m[2massets/[0m[36muse-z-index-DYH4GP29.js                                 [39m[2m[1m     5.85 kB[0m[0m[2m │ gzip:   2.11 kB[0m
[35mn8n-editor-ui:build: [0m[2mdist/[0m[2massets/[0m[36mdateformat-DxkxG_VE.js                                  [39m[2m[1m     5.89 kB[0m[0m[2m │ gzip:   2.29 kB[0m
[35mn8n-editor-ui:build: [0m[2mdist/[0m[2massets/[0m[36msso.store-DTcmhSL0.js                                   [39m[2m[1m     5.90 kB[0m[0m[2m │ gzip:   1.45 kB[0m
[35mn8n-editor-ui:build: [0m[2mdist/[0m[2massets/[0m[36mN8nNotice-7yTs7YRW.js                                   [39m[2m[1m     5.91 kB[0m[0m[2m │ gzip:   2.13 kB[0m
[35mn8n-editor-ui:build: [0m[2mdist/[0m[2massets/[0m[36mAlert-DQFj3jqr.js                                       [39m[2m[1m     5.91 kB[0m[0m[2m │ gzip:   1.77 kB[0m
[35mn8n-editor-ui:build: [0m[2mdist/[0m[2massets/[0m[36mRovingFocusGroup-Dkr_ZXpE.js                            [39m[2m[1m     5.92 kB[0m[0m[2m │ gzip:   2.17 kB[0m
[35mn8n-editor-ui:build: [0m[2mdist/[0m[2massets/[0m[36mWorkflowPreviewHost-CkqXPCVl.js                         [39m[2m[1m     5.92 kB[0m[0m[2m │ gzip:   1.93 kB[0m
[35mn8n-editor-ui:build: [0m[2mdist/[0m[2massets/[0m[36musePageRedirectionHelper-DHNigks2.js                    [39m[2m[1m     6.05 kB[0m[0m[2m │ gzip:   2.12 kB[0m
[35mn8n-editor-ui:build: [0m[2mdist/[0m[2massets/[0m[36mtypesUtils-GgtMMZNS.js                                  [39m[2m[1m     6.07 kB[0m[0m[2m │ gzip:   2.23 kB[0m
[35mn8n-editor-ui:build: [0m[2mdist/[0m[2massets/[0m[36mSettingsPageHeader-C2J-ZIx7.js                          [39m[2m[1m     6.10 kB[0m[0m[2m │ gzip:   1.80 kB[0m
[35mn8n-editor-ui:build: [0m[2mdist/[0m[2massets/[0m[36mToolSettingsModal-CK__-R3w.js                           [39m[2m[1m     6.10 kB[0m[0m[2m │ gzip:   1.87 kB[0m
[35mn8n-editor-ui:build: [0m[2mdist/[0m[2massets/[0m[36minsights.utils-BdvnQDrR.js                              [39m[2m[1m     6.18 kB[0m[0m[2m │ gzip:   1.90 kB[0m
[35mn8n-editor-ui:build: [0m[2mdist/[0m[2massets/[0m[36museBugReporting-DaxXNbvr.js                             [39m[2m[1m     6.20 kB[0m[0m[2m │ gzip:   2.38 kB[0m
[35mn8n-editor-ui:build: [0m[2mdist/[0m[2massets/[0m[36mAgentCredentialSelect-C1sYE7EI.js                       [39m[2m[1m     6.25 kB[0m[0m[2m │ gzip:   2.00 kB[0m
[35mn8n-editor-ui:build: [0m[2mdist/[0m[2massets/[0m[36mtelemetry-WsxWVzze.js                                   [39m[2m[1m     6.27 kB[0m[0m[2m │ gzip:   2.19 kB[0m
[35mn8n-editor-ui:build: [0m[2mdist/[0m[2massets/[0m[36misObject-CUkREaNL.js                                    [39m[2m[1m     6.33 kB[0m[0m[2m │ gzip:   1.55 kB[0m
[35mn8n-editor-ui:build: [0m[2mdist/[0m[2massets/[0m[36mWorkflowExecutionsLandingPage-jymTHe95.js               [39m[2m[1m     6.40 kB[0m[0m[2m │ gzip:   1.90 kB[0m
[35mn8n-editor-ui:build: [0m[2mdist/[0m[2massets/[0m[36mN8nUserSelect-DypL4SNl.js                               [39m[2m[1m     6.46 kB[0m[0m[2m │ gzip:   2.15 kB[0m
[35mn8n-editor-ui:build: [0m[2mdist/[0m[2massets/[0m[36magentSkill-C6SX0DzS.js                                  [39m[2m[1m     6.47 kB[0m[0m[2m │ gzip:   2.03 kB[0m
[35mn8n-editor-ui:build: [0m[2mdist/[0m[2massets/[0m[36mModelByIdSelectorModal-CgR6UHZY.js                      [39m[2m[1m     6.51 kB[0m[0m[2m │ gzip:   2.02 kB[0m
[35mn8n-editor-ui:build: [0m[2mdist/[0m[2massets/[0m[36mTimeAgo-DZdGvyc9.js                                     [39m[2m[1m     6.57 kB[0m[0m[2m │ gzip:   2.32 kB[0m
[35mn8n-editor-ui:build: [0m[2mdist/[0m[2massets/[0m[36mevaluation.constants-CiUHf3Tf.js                        [39m[2m[1m     6.60 kB[0m[0m[2m │ gzip:   1.89 kB[0m
[35mn8n-editor-ui:build: [0m[2mdist/[0m[2massets/[0m[36mAgentJsonImportModal-BnhJGw0M.js                        [39m[2m[1m     6.71 kB[0m[0m[2m │ gzip:   2.07 kB[0m
[35mn8n-editor-ui:build: [0m[2mdist/[0m[2massets/[0m[36museCodeDiff-GxlnlZsb.js                                 [39m[2m[1m     6.73 kB[0m[0m[2m │ gzip:   2.21 kB[0m
[35mn8n-editor-ui:build: [0m[2mdist/[0m[2massets/[0m[36mDraggable-PF97GMeJ.js                                   [39m[2m[1m     6.74 kB[0m[0m[2m │ gzip:   2.07 kB[0m
[35mn8n-editor-ui:build: [0m[2mdist/[0m[2massets/[0m[36museWorkflowActivate-ColXWTDZ.js                         [39m[2m[1m     6.78 kB[0m[0m[2m │ gzip:   1.91 kB[0m
[35mn8n-editor-ui:build: [0m[2mdist/[0m[2massets/[0m[36mlogStreaming.store-DncEVOYn.js                          [39m[2m[1m     6.79 kB[0m[0m[2m │ gzip:   1.75 kB[0m
[35mn8n-editor-ui:build: [0m[2mdist/[0m[2massets/[0m[36mchatPanel.store-L17RPvRC.js                             [39m[2m[1m     6.96 kB[0m[0m[2m │ gzip:   2.03 kB[0m
[35mn8n-editor-ui:build: [0m[2mdist/[0m[2massets/[0m[36m_initCloneObject-C7MF992k.js                            [39m[2m[1m     6.99 kB[0m[0m[2m │ gzip:   2.01 kB[0m
[35mn8n-editor-ui:build: [0m[2mdist/[0m[2massets/[0m[36mN8nInfoAccordion-BpuqOJoU.js                            [39m[2m[1m     7.01 kB[0m[0m[2m │ gzip:   2.08 kB[0m
[35mn8n-editor-ui:build: [0m[2mdist/[0m[2massets/[0m[36mCollection-CV7FjEVf.js                                  [39m[2m[1m     7.04 kB[0m[0m[2m │ gzip:   2.49 kB[0m
[35mn8n-editor-ui:build: [0m[2mdist/[0m[2massets/[0m[36mChatLayout-0XHKseTH.js                                  [39m[2m[1m     7.06 kB[0m[0m[2m │ gzip:   2.41 kB[0m
[35mn8n-editor-ui:build: [0m[2mdist/[0m[2massets/[0m[36museSettingsItems-D8uKKtks.js                            [39m[2m[1m     7.07 kB[0m[0m[2m │ gzip:   1.78 kB[0m
[35mn8n-editor-ui:build: [0m[2mdist/[0m[2massets/[0m[36museWorkflowsEmptyState-XdFQAe7V.js                      [39m[2m[1m     7.08 kB[0m[0m[2m │ gzip:   2.20 kB[0m
[35mn8n-editor-ui:build: [0m[2mdist/[0m[2massets/[0m[36mCollapsibleTrigger-DKE_Sw72.js                          [39m[2m[1m     7.08 kB[0m[0m[2m │ gzip:   1.99 kB[0m
[35mn8n-editor-ui:build: [0m[2mdist/[0m[2massets/[0m[36mTemplatesView-B6GavAuh.js                               [39m[2m[1m     7.18 kB[0m[0m[2m │ gzip:   1.88 kB[0m
[35mn8n-editor-ui:build: [0m[2mdist/[0m[2massets/[0m[36mN8nLogo-Dro1bbAT.js                                     [39m[2m[1m     7.22 kB[0m[0m[2m │ gzip:   2.57 kB[0m
[35mn8n-editor-ui:build: [0m[2mdist/[0m[2massets/[0m[36mposthog.store-EXXKkNQD.js                               [39m[2m[1m     7.30 kB[0m[0m[2m │ gzip:   2.34 kB[0m
[35mn8n-editor-ui:build: [0m[2mdist/[0m[2massets/[0m[36mRunDataSearch-CpFKua3A.js                               [39m[2m[1m     7.34 kB[0m[0m[2m │ gzip:   2.43 kB[0m
[35mn8n-editor-ui:build: [0m[2mdist/[0m[2massets/[0m[36mCredentialsDropdown-Dnvw02bh.js                         [39m[2m[1m     7.34 kB[0m[0m[2m │ gzip:   2.28 kB[0m
[35mn8n-editor-ui:build: [0m[2mdist/[0m[2massets/[0m[36mapiKeys.store-ByU5dpUJ.js                               [39m[2m[1m     7.40 kB[0m[0m[2m │ gzip:   2.31 kB[0m
[35mn8n-editor-ui:build: [0m[2mdist/[0m[2massets/[0m[36mN8nSelect-C9wXZOiK.js                                   [39m[2m[1m     7.41 kB[0m[0m[2m │ gzip:   2.38 kB[0m
[35mn8n-editor-ui:build: [0m[2mdist/[0m[2massets/[0m[36mChatWorkflowAgentsView-Dj9S54Jg.js                      [39m[2m[1m     7.47 kB[0m[0m[2m │ gzip:   2.32 kB[0m
[35mn8n-editor-ui:build: [0m[2mdist/[0m[2massets/[0m[36mExternalSecretsProviderConnectionSwitch.ee-DsFHtJkH.js  [39m[2m[1m     7.68 kB[0m[0m[2m │ gzip:   2.39 kB[0m
[35mn8n-editor-ui:build: [0m[2mdist/[0m[2massets/[0m[36mcloudPlan.store-CZDXlge8.js                             [39m[2m[1m     7.83 kB[0m[0m[2m │ gzip:   2.30 kB[0m
[35mn8n-editor-ui:build: [0m[2mdist/[0m[2massets/[0m[36mexecutions.store-x5lMADVf.js                            [39m[2m[1m     8.01 kB[0m[0m[2m │ gzip:   2.08 kB[0m
[35mn8n-editor-ui:build: [0m[2mdist/[0m[2massets/[0m[36mN8nActionToggle-qP6CuuuW.js                             [39m[2m[1m     8.05 kB[0m[0m[2m │ gzip:   2.53 kB[0m
[35mn8n-editor-ui:build: [0m[2mdist/[0m[2massets/[0m[36m_baseOrderBy-Dsanv1ku.js                                [39m[2m[1m     8.11 kB[0m[0m[2m │ gzip:   2.10 kB[0m
[35mn8n-editor-ui:build: [0m[2mdist/[0m[2massets/[0m[36mVisuallyHiddenInput-BJy-siPx.js                         [39m[2m[1m     8.16 kB[0m[0m[2m │ gzip:   2.33 kB[0m
[35mn8n-editor-ui:build: [0m[2mdist/[0m[2massets/[0m[36mcomlink-DOsuzdet.js                                     [39m[2m[1m     8.18 kB[0m[0m[2m │ gzip:   2.56 kB[0m
[35mn8n-editor-ui:build: [0m[2mdist/[0m[2massets/[0m[36mexternalSecrets.ee.store-C1L6F186.js                    [39m[2m[1m     8.19 kB[0m[0m[2m │ gzip:   2.22 kB[0m
[35mn8n-editor-ui:build: [0m[2mdist/[0m[2massets/[0m[36mN8nButton-C_d_PdZW.js                                   [39m[2m[1m     8.20 kB[0m[0m[2m │ gzip:   2.65 kB[0m
[35mn8n-editor-ui:build: [0m[2mdist/[0m[2massets/[0m[36mCredentialSelectorModal-B3MpTDGu.js                     [39m[2m[1m     8.23 kB[0m[0m[2m │ gzip:   2.28 kB[0m
[35mn8n-editor-ui:build: [0m[2mdist/[0m[2massets/[0m[36mExposeAllWorkflowsToMcpModal-Bk4SfdID.js                [39m[2m[1m     8.25 kB[0m[0m[2m │ gzip:   2.39 kB[0m
[35mn8n-editor-ui:build: [0m[2mdist/[0m[2massets/[0m[36mversions.store-CXK09Lie.js                              [39m[2m[1m     8.26 kB[0m[0m[2m │ gzip:   2.52 kB[0m
[35mn8n-editor-ui:build: [0m[2mdist/[0m[2massets/[0m[36mTagsDropdown-Rf7xp6Zo.js                                [39m[2m[1m     8.34 kB[0m[0m[2m │ gzip:   2.70 kB[0m
[35mn8n-editor-ui:build: [0m[2mdist/[0m[2massets/[0m[36mSwitch-BdrS1cje.js                                      [39m[2m[1m     8.38 kB[0m[0m[2m │ gzip:   2.48 kB[0m
[35mn8n-editor-ui:build: [0m[2mdist/[0m[2massets/[0m[36mN8nMenuItem-Bw9wOECr.js                                 [39m[2m[1m     8.46 kB[0m[0m[2m │ gzip:   2.29 kB[0m
[35mn8n-editor-ui:build: [0m[2mdist/[0m[2massets/[0m[36mN8nHoverCard-fYgLVwjx.js                                [39m[2m[1m     8.52 kB[0m[0m[2m │ gzip:   2.49 kB[0m
[35mn8n-editor-ui:build: [0m[2mdist/[0m[2massets/[0m[36mN8nResizeWrapper-C_gNBgTM.js                            [39m[2m[1m     8.55 kB[0m[0m[2m │ gzip:   2.57 kB[0m
[35mn8n-editor-ui:build: [0m[2mdist/[0m[2massets/[0m[36mSettingsAIView-de2xuxbt.js                              [39m[2m[1m     8.59 kB[0m[0m[2m │ gzip:   2.34 kB[0m
[35mn8n-editor-ui:build: [0m[2mdist/[0m[2massets/[0m[36moverlay-q5iFYDL-.js                                     [39m[2m[1m     8.61 kB[0m[0m[2m │ gzip:   2.64 kB[0m
[35mn8n-editor-ui:build: [0m[2mdist/[0m[2massets/[0m[36museAgentApi-HMxRlv3j.js                                 [39m[2m[1m     8.76 kB[0m[0m[2m │ gzip:   1.69 kB[0m
[35mn8n-editor-ui:build: [0m[2mdist/[0m[2massets/[0m[36mN8nInputLabel-BzM_AEEJ.js                               [39m[2m[1m     8.76 kB[0m[0m[2m │ gzip:   2.47 kB[0m
[35mn8n-editor-ui:build: [0m[2mdist/[0m[2massets/[0m[36minstanceRoleScopes-BMQ8VUMw.js                          [39m[2m[1m     8.98 kB[0m[0m[2m │ gzip:   3.01 kB[0m
[35mn8n-editor-ui:build: [0m[2mdist/[0m[2massets/[0m[36mfolders.store-BO2MsZbo.js                               [39m[2m[1m     8.99 kB[0m[0m[2m │ gzip:   2.53 kB[0m
[35mn8n-editor-ui:build: [0m[2mdist/[0m[2massets/[0m[36mthread-title-DoOAZoKl.js                                [39m[2m[1m     9.04 kB[0m[0m[2m │ gzip:   2.67 kB[0m
[35mn8n-editor-ui:build: [0m[2mdist/[0m[2massets/[0m[36mModal-iYQqIMFb.js                                       [39m[2m[1m     9.05 kB[0m[0m[2m │ gzip:   2.76 kB[0m
[35mn8n-editor-ui:build: [0m[2mdist/[0m[2massets/[0m[36mWorkflowLocation-DF2sNQ-M.js                            [39m[2m[1m     9.09 kB[0m[0m[2m │ gzip:   2.03 kB[0m
[35mn8n-editor-ui:build: [0m[2mdist/[0m[2massets/[0m[36museCredentialResolvers-Bpqlk3tF.js                      [39m[2m[1m     9.10 kB[0m[0m[2m │ gzip:   2.66 kB[0m
[35mn8n-editor-ui:build: [0m[2mdist/[0m[2massets/[0m[36mN8nFormInputs-Bcol4Sz9.js                               [39m[2m[1m     9.25 kB[0m[0m[2m │ gzip:   2.86 kB[0m
[35mn8n-editor-ui:build: [0m[2mdist/[0m[2massets/[0m[36musePinnedData-__Ak2Bxn.js                               [39m[2m[1m     9.31 kB[0m[0m[2m │ gzip:   2.72 kB[0m
[35mn8n-editor-ui:build: [0m[2mdist/[0m[2massets/[0m[36mMcpEmptyStateCard-Dtdy7aHx.js                           [39m[2m[1m     9.34 kB[0m[0m[2m │ gzip:   2.37 kB[0m
[35mn8n-editor-ui:build: [0m[2mdist/[0m[2massets/[0m[36mSettingsLayout-CXod_g-a.js                              [39m[2m[1m     9.36 kB[0m[0m[2m │ gzip:   2.54 kB[0m
[35mn8n-editor-ui:build: [0m[2mdist/[0m[2massets/[0m[36mResourceFiltersDropdown-Ch3iG8q5.js                     [39m[2m[1m     9.39 kB[0m[0m[2m │ gzip:   2.78 kB[0m
[35mn8n-editor-ui:build: [0m[2mdist/[0m[2massets/[0m[36mevaluation.utils-BpaEThG_.js                            [39m[2m[1m     9.40 kB[0m[0m[2m │ gzip:   3.04 kB[0m
[35mn8n-editor-ui:build: [0m[2mdist/[0m[2massets/[0m[36mRunDataParsedAiContent-Dr3HOYjo.js                      [39m[2m[1m     9.65 kB[0m[0m[2m │ gzip:   3.01 kB[0m
[35mn8n-editor-ui:build: [0m[2mdist/[0m[2massets/[0m[36mChatPersonalAgentsView-D0CAbtWn.js                      [39m[2m[1m     9.68 kB[0m[0m[2m │ gzip:   2.79 kB[0m
[35mn8n-editor-ui:build: [0m[2mdist/[0m[2massets/[0m[36mRadioGroup-BtDNIDfv.js                                  [39m[2m[1m     9.71 kB[0m[0m[2m │ gzip:   2.88 kB[0m
[35mn8n-editor-ui:build: [0m[2mdist/[0m[2massets/[0m[36musePostMessageHandler-3yDAfc4c.js                       [39m[2m[1m     9.77 kB[0m[0m[2m │ gzip:   2.83 kB[0m
[35mn8n-editor-ui:build: [0m[2mdist/[0m[2massets/[0m[36museCanvasMapping.groups-CsuS4m_c.js                     [39m[2m[1m     9.96 kB[0m[0m[2m │ gzip:   3.67 kB[0m
[35mn8n-editor-ui:build: [0m[2mdist/[0m[2massets/[0m[36mN8nActionDropdown-Bp49Ne1J.js                           [39m[2m[1m    10.05 kB[0m[0m[2m │ gzip:   3.03 kB[0m
[35mn8n-editor-ui:build: [0m[2mdist/[0m[2massets/[0m[36mpushConnection.store-DcsDy9xT.js                        [39m[2m[1m    10.27 kB[0m[0m[2m │ gzip:   2.84 kB[0m
[35mn8n-editor-ui:build: [0m[2mdist/[0m[2massets/[0m[36mdayjs.min-BGRZUk-D.js                                   [39m[2m[1m    10.31 kB[0m[0m[2m │ gzip:   3.64 kB[0m
[35mn8n-editor-ui:build: [0m[2mdist/[0m[2massets/[0m[36mnotification-Bx4DPRmz.js                                [39m[2m[1m    10.35 kB[0m[0m[2m │ gzip:   3.40 kB[0m
[35mn8n-editor-ui:build: [0m[2mdist/[0m[2massets/[0m[36mRedactedDataState-CTwbYyRH.js                           [39m[2m[1m    10.36 kB[0m[0m[2m │ gzip:   3.00 kB[0m
[35mn8n-editor-ui:build: [0m[2mdist/[0m[2massets/[0m[36mWorkflowExecutionsInfoAccordion-Bps5GNj_.js             [39m[2m[1m    10.40 kB[0m[0m[2m │ gzip:   2.75 kB[0m
[35mn8n-editor-ui:build: [0m[2mdist/[0m[2massets/[0m[36mInsightsSummary-uPrrmO0M.js                             [39m[2m[1m    10.46 kB[0m[0m[2m │ gzip:   3.05 kB[0m
[35mn8n-editor-ui:build: [0m[2mdist/[0m[2massets/[0m[36museLoadingService-CtpnOz3y.js                           [39m[2m[1m    10.52 kB[0m[0m[2m │ gzip:   3.26 kB[0m
[35mn8n-editor-ui:build: [0m[2mdist/[0m[2massets/[0m[36mRadioGroupItem-DX29_in9.js                              [39m[2m[1m    10.55 kB[0m[0m[2m │ gzip:   2.74 kB[0m
[35mn8n-editor-ui:build: [0m[2mdist/[0m[2massets/[0m[36mN8nNodeIcon-Cs6cTxda.js                                 [39m[2m[1m    10.68 kB[0m[0m[2m │ gzip:   2.57 kB[0m
[35mn8n-editor-ui:build: [0m[2mdist/[0m[2massets/[0m[36mclients.utils-B5zUYdHp.js                               [39m[2m[1m    10.73 kB[0m[0m[2m │ gzip:   4.28 kB[0m
[35mn8n-editor-ui:build: [0m[2mdist/[0m[2massets/[0m[36mtoolIcons-CAfRy3MD.js                                   [39m[2m[1m    11.00 kB[0m[0m[2m │ gzip:   2.64 kB[0m
[35mn8n-editor-ui:build: [0m[2mdist/[0m[2massets/[0m[36museDebounce-BffpVo23.js                                 [39m[2m[1m    11.01 kB[0m[0m[2m │ gzip:   3.59 kB[0m
[35mn8n-editor-ui:build: [0m[2mdist/[0m[2massets/[0m[36mInput-D_JmrCx2.js                                       [39m[2m[1m    11.02 kB[0m[0m[2m │ gzip:   2.98 kB[0m
[35mn8n-editor-ui:build: [0m[2mdist/[0m[2massets/[0m[36mProjectCardBadge-C_CSnAej.js                            [39m[2m[1m    11.10 kB[0m[0m[2m │ gzip:   2.81 kB[0m
[35mn8n-editor-ui:build: [0m[2mdist/[0m[2massets/[0m[36mdataTable.store-eWGYw20f.js                             [39m[2m[1m    11.11 kB[0m[0m[2m │ gzip:   2.87 kB[0m
[35mn8n-editor-ui:build: [0m[2mdist/[0m[2massets/[0m[36museActions-QPiGeYo7.js                                  [39m[2m[1m    11.23 kB[0m[0m[2m │ gzip:   3.40 kB[0m
[35mn8n-editor-ui:build: [0m[2mdist/[0m[2massets/[0m[36mCheckbox-B0W2pk3x.js                                    [39m[2m[1m    11.25 kB[0m[0m[2m │ gzip:   3.07 kB[0m
[35mn8n-editor-ui:build: [0m[2mdist/[0m[2massets/[0m[36mAiModelSelectorDropdown-D8HBEG66.js                     [39m[2m[1m    11.31 kB[0m[0m[2m │ gzip:   3.19 kB[0m
[35mn8n-editor-ui:build: [0m[2mdist/[0m[2massets/[0m[36mfocusPanel.store-DS9k95WR.js                            [39m[2m[1m    11.56 kB[0m[0m[2m │ gzip:   3.66 kB[0m
[35mn8n-editor-ui:build: [0m[2mdist/[0m[2massets/[0m[36museLatestFetch-BDuQ7whI.js                              [39m[2m[1m    11.76 kB[0m[0m[2m │ gzip:   3.36 kB[0m
[35mn8n-editor-ui:build: [0m[2mdist/[0m[2massets/[0m[36mradio-BHh-pAFY.js                                       [39m[2m[1m    11.77 kB[0m[0m[2m │ gzip:   2.81 kB[0m
[35mn8n-editor-ui:build: [0m[2mdist/[0m[2massets/[0m[36museAgentScopeProjectId-Xa4p9WIc.js                      [39m[2m[1m    11.87 kB[0m[0m[2m │ gzip:   3.62 kB[0m
[35mn8n-editor-ui:build: [0m[2mdist/[0m[2massets/[0m[36mbanners.store-C3xOFmhj.js                               [39m[2m[1m    11.89 kB[0m[0m[2m │ gzip:   3.29 kB[0m
[35mn8n-editor-ui:build: [0m[2mdist/[0m[2massets/[0m[36mtemplates.store-BdQ2M00D.js                             [39m[2m[1m    11.89 kB[0m[0m[2m │ gzip:   2.72 kB[0m
[35mn8n-editor-ui:build: [0m[2mdist/[0m[2massets/[0m[36mCredentialPicker-DIGG3-PW.js                            [39m[2m[1m    11.89 kB[0m[0m[2m │ gzip:   3.15 kB[0m
[35mn8n-editor-ui:build: [0m[2mdist/[0m[2massets/[0m[36mswitch-VgJfpBOv.js                                      [39m[2m[1m    12.08 kB[0m[0m[2m │ gzip:   3.20 kB[0m
[35mn8n-editor-ui:build: [0m[2mdist/[0m[2massets/[0m[36museRoleEditorForm-BgYuYF1T.js                           [39m[2m[1m    12.09 kB[0m[0m[2m │ gzip:   3.26 kB[0m
[35mn8n-editor-ui:build: [0m[2mdist/[0m[2massets/[0m[36mN8nPopover-C7WJvH2j.js                                  [39m[2m[1m    12.23 kB[0m[0m[2m │ gzip:   3.38 kB[0m
[35mn8n-editor-ui:build: [0m[2mdist/[0m[2massets/[0m[36museMcpServerAdapter-BYE8oBkE.js                         [39m[2m[1m    12.26 kB[0m[0m[2m │ gzip:   3.75 kB[0m
[35mn8n-editor-ui:build: [0m[2mdist/[0m[2massets/[0m[36museCredentialOAuth-D1bxMIsJ.js                          [39m[2m[1m    12.26 kB[0m[0m[2m │ gzip:   3.41 kB[0m
[35mn8n-editor-ui:build: [0m[2mdist/[0m[2massets/[0m[36museInstanceAiHandoff-CJrKafpk.js                        [39m[2m[1m    12.36 kB[0m[0m[2m │ gzip:   3.25 kB[0m
[35mn8n-editor-ui:build: [0m[2mdist/[0m[2massets/[0m[36mN8nBreadcrumbs-CpzVRQ3a.js                              [39m[2m[1m    12.56 kB[0m[0m[2m │ gzip:   3.38 kB[0m
[35mn8n-editor-ui:build: [0m[2mdist/[0m[2massets/[0m[36mone-password-CVcZxf8l.js                                [39m[2m[1m    12.59 kB[0m[0m[2m │ gzip:   6.65 kB[0m
[35mn8n-editor-ui:build: [0m[2mdist/[0m[2massets/[0m[36mSettingsExternalSecrets-Zf8B405c.js                     [39m[2m[1m    12.59 kB[0m[0m[2m │ gzip:   3.39 kB[0m
[35mn8n-editor-ui:build: [0m[2mdist/[0m[2massets/[0m[36men-_6UGVoq3.js                                          [39m[2m[1m    12.60 kB[0m[0m[2m │ gzip:   3.64 kB[0m
[35mn8n-editor-ui:build: [0m[2mdist/[0m[2massets/[0m[36mDependencyPill-BaxOr8Nc.js                              [39m[2m[1m    12.64 kB[0m[0m[2m │ gzip:   3.79 kB[0m
[35mn8n-editor-ui:build: [0m[2mdist/[0m[2massets/[0m[36mN8nTabs-BtaploRm.js                                     [39m[2m[1m    12.67 kB[0m[0m[2m │ gzip:   3.36 kB[0m
[35mn8n-editor-ui:build: [0m[2mdist/[0m[2massets/[0m[36mDeleteInstanceRoleModal-IldX833S.js                     [39m[2m[1m    12.80 kB[0m[0m[2m │ gzip:   3.89 kB[0m
[35mn8n-editor-ui:build: [0m[2mdist/[0m[2massets/[0m[36mcollaboration.store-Ci0XJa7G.js                         [39m[2m[1m    12.82 kB[0m[0m[2m │ gzip:   3.18 kB[0m
[35mn8n-editor-ui:build: [0m[2mdist/[0m[2massets/[0m[36minput-number-CPjLF3x3.js                                [39m[2m[1m    12.82 kB[0m[0m[2m │ gzip:   3.76 kB[0m
[35mn8n-editor-ui:build: [0m[2mdist/[0m[2massets/[0m[36mworkflowsList.store-jmz4t9PE.js                         [39m[2m[1m    12.83 kB[0m[0m[2m │ gzip:   3.04 kB[0m
[35mn8n-editor-ui:build: [0m[2mdist/[0m[2massets/[0m[36museLogsTreeExpand-CNpVrQVc.js                           [39m[2m[1m    12.94 kB[0m[0m[2m │ gzip:   3.96 kB[0m
[35mn8n-editor-ui:build: [0m[2mdist/[0m[2massets/[0m[36mRunDataJson-COF2lNdW.js                                 [39m[2m[1m    12.97 kB[0m[0m[2m │ gzip:   4.30 kB[0m
[35mn8n-editor-ui:build: [0m[2mdist/[0m[2massets/[0m[36mSettingsAiGatewayView-nGCcro9l.js                       [39m[2m[1m    13.30 kB[0m[0m[2m │ gzip:   3.52 kB[0m
[35mn8n-editor-ui:build: [0m[2mdist/[0m[2massets/[0m[36musers.store-CjKqN5-R.js                                 [39m[2m[1m    13.50 kB[0m[0m[2m │ gzip:   3.55 kB[0m
[35mn8n-editor-ui:build: [0m[2mdist/[0m[2massets/[0m[36mWorkflowVersionForm-ByD_IjRq.js                         [39m[2m[1m    13.53 kB[0m[0m[2m │ gzip:   3.42 kB[0m
[35mn8n-editor-ui:build: [0m[2mdist/[0m[2massets/[0m[36mchat.utils-EOBWCRi7.js                                  [39m[2m[1m    13.59 kB[0m[0m[2m │ gzip:   4.03 kB[0m
[35mn8n-editor-ui:build: [0m[2mdist/[0m[2massets/[0m[36mmcp.store-CBiasr_L.js                                   [39m[2m[1m    13.61 kB[0m[0m[2m │ gzip:   3.31 kB[0m
[35mn8n-editor-ui:build: [0m[2mdist/[0m[2massets/[0m[36mHoverCardTrigger-BKxr5yXZ.js                            [39m[2m[1m    13.90 kB[0m[0m[2m │ gzip:   3.10 kB[0m
[35mn8n-editor-ui:build: [0m[2mdist/[0m[2massets/[0m[36mInsightsTableWorkflows-CYeuMq99.js                      [39m[2m[1m    14.18 kB[0m[0m[2m │ gzip:   4.69 kB[0m
[35mn8n-editor-ui:build: [0m[2mdist/[0m[2massets/[0m[36mtemplatedAuth.utils-Ci_teUUA.js                         [39m[2m[1m    14.31 kB[0m[0m[2m │ gzip:   4.72 kB[0m
[35mn8n-editor-ui:build: [0m[2mdist/[0m[2massets/[0m[36mToolsSelector-B59PLSgi.js                               [39m[2m[1m    14.36 kB[0m[0m[2m │ gzip:   4.06 kB[0m
[35mn8n-editor-ui:build: [0m[2mdist/[0m[2massets/[0m[36mfocus-trap-CIpXr-Z6.js                                  [39m[2m[1m    14.39 kB[0m[0m[2m │ gzip:   3.92 kB[0m
[35mn8n-editor-ui:build: [0m[2mdist/[0m[2massets/[0m[36mN8nEmptyState-D6gfj99b.js                               [39m[2m[1m    14.41 kB[0m[0m[2m │ gzip:   3.47 kB[0m
[35mn8n-editor-ui:build: [0m[2mdist/[0m[2massets/[0m[36mMCPConnectWorkflowsModal-Bd-kazQS.js                    [39m[2m[1m    14.47 kB[0m[0m[2m │ gzip:   3.94 kB[0m
[35mn8n-editor-ui:build: [0m[2mdist/[0m[2massets/[0m[36mAgentSubAgentsModal-BaJ7qSEF.js                         [39m[2m[1m    14.49 kB[0m[0m[2m │ gzip:   3.42 kB[0m
[35mn8n-editor-ui:build: [0m[2mdist/[0m[2massets/[0m[36mCommunityNodeUpdateInfo-C6lIwxAo.js                     [39m[2m[1m    14.60 kB[0m[0m[2m │ gzip:   3.80 kB[0m
[35mn8n-editor-ui:build: [0m[2mdist/[0m[2massets/[0m[36mMCPConnectAgentsModal-BovdGXF0.js                       [39m[2m[1m    14.76 kB[0m[0m[2m │ gzip:   3.99 kB[0m
[35mn8n-editor-ui:build: [0m[2mdist/[0m[2massets/[0m[36mSetupWorkflowFromTemplateView-DumpVUsP.js               [39m[2m[1m    14.84 kB[0m[0m[2m │ gzip:   4.05 kB[0m
[35mn8n-editor-ui:build: [0m[2mdist/[0m[2massets/[0m[36mMigrationRules-DnEQ_Plt.js                              [39m[2m[1m    14.86 kB[0m[0m[2m │ gzip:   3.29 kB[0m
[35mn8n-editor-ui:build: [0m[2mdist/[0m[2massets/[0m[36museWorkflowInitialization-Bap_nBdT.js                   [39m[2m[1m    14.91 kB[0m[0m[2m │ gzip:   3.81 kB[0m
[35mn8n-editor-ui:build: [0m[2mdist/[0m[2massets/[0m[36mpersonalizedTemplatesV3.store-DLuZOarS.js               [39m[2m[1m    14.93 kB[0m[0m[2m │ gzip:   4.12 kB[0m
[35mn8n-editor-ui:build: [0m[2mdist/[0m[2massets/[0m[36mAuthView-AUrPyxHZ.js                                    [39m[2m[1m    14.99 kB[0m[0m[2m │ gzip:   3.47 kB[0m
[35mn8n-editor-ui:build: [0m[2mdist/[0m[2massets/[0m[36mSkeletonAgentCard-CN2sTvML.js                           [39m[2m[1m    15.00 kB[0m[0m[2m │ gzip:   3.53 kB[0m
[35mn8n-editor-ui:build: [0m[2mdist/[0m[2massets/[0m[36mstyle-aw1HwLDr.js                                       [39m[2m[1m    15.00 kB[0m[0m[2m │ gzip:   4.51 kB[0m
[35mn8n-editor-ui:build: [0m[2mdist/[0m[2massets/[0m[36mN8nFormInput-CmOGYFFX.js                                [39m[2m[1m    15.01 kB[0m[0m[2m │ gzip:   4.02 kB[0m
[35mn8n-editor-ui:build: [0m[2mdist/[0m[2massets/[0m[36museGlobalEntityCreation-DLd-NFv2.js                     [39m[2m[1m    15.05 kB[0m[0m[2m │ gzip:   3.10 kB[0m
[35mn8n-editor-ui:build: [0m[2mdist/[0m[2massets/[0m[36mMigrationRuleDetail-CfVTvuEB.js                         [39m[2m[1m    15.08 kB[0m[0m[2m │ gzip:   4.31 kB[0m
[35mn8n-editor-ui:build: [0m[2mdist/[0m[2massets/[0m[36mscrollbar-XVVlQ2p1.js                                   [39m[2m[1m    15.15 kB[0m[0m[2m │ gzip:   3.94 kB[0m
[35mn8n-editor-ui:build: [0m[2mdist/[0m[2massets/[0m[36mCreditWarningBanner-DNqQPk3c.js                         [39m[2m[1m    15.31 kB[0m[0m[2m │ gzip:   3.77 kB[0m
[35mn8n-editor-ui:build: [0m[2mdist/[0m[2massets/[0m[36mSettingsRowGroup-lh2WLIYA.js                            [39m[2m[1m    15.48 kB[0m[0m[2m │ gzip:   3.99 kB[0m
[35mn8n-editor-ui:build: [0m[2mdist/[0m[2massets/[0m[36mevaluation.store-Ct9yFbvz.js                            [39m[2m[1m    15.56 kB[0m[0m[2m │ gzip:   3.68 kB[0m
[35mn8n-editor-ui:build: [0m[2mdist/[0m[2massets/[0m[36mdialog-BWWCBb2k.js                                      [39m[2m[1m    15.64 kB[0m[0m[2m │ gzip:   4.38 kB[0m
[35mn8n-editor-ui:build: [0m[2mdist/[0m[2massets/[0m[36mResolversView-DMcNazkE.js                               [39m[2m[1m    16.01 kB[0m[0m[2m │ gzip:   3.94 kB[0m
[35mn8n-editor-ui:build: [0m[2mdist/[0m[2massets/[0m[36mSigninView-X40_pL36.js                                  [39m[2m[1m    16.54 kB[0m[0m[2m │ gzip:   4.51 kB[0m
[35mn8n-editor-ui:build: [0m[2mdist/[0m[2massets/[0m[36museCustomAgent-ue_RT_mu.js                              [39m[2m[1m    16.56 kB[0m[0m[2m │ gzip:   4.80 kB[0m
[35mn8n-editor-ui:build: [0m[2mdist/[0m[2massets/[0m[36mDataTableView-C7Oh7eja.js                               [39m[2m[1m    16.81 kB[0m[0m[2m │ gzip:   4.48 kB[0m
[35mn8n-editor-ui:build: [0m[2mdist/[0m[2massets/[0m[36mSetupTemplateFormStep-B_xYp2N5.js                       [39m[2m[1m    17.04 kB[0m[0m[2m │ gzip:   4.45 kB[0m
[35mn8n-editor-ui:build: [0m[2mdist/[0m[2massets/[0m[36mProviderSettingsModal-B1J8Jmhz.js                       [39m[2m[1m    17.08 kB[0m[0m[2m │ gzip:   3.88 kB[0m
[35mn8n-editor-ui:build: [0m[2mdist/[0m[2massets/[0m[36mToolIcon-CyyFQhkv.js                                    [39m[2m[1m    17.60 kB[0m[0m[2m │ gzip:   4.41 kB[0m
[35mn8n-editor-ui:build: [0m[2mdist/[0m[2massets/[0m[36mN8nChatInput-r2FDTKfg.js                                [39m[2m[1m    17.69 kB[0m[0m[2m │ gzip:   4.67 kB[0m
[35mn8n-editor-ui:build: [0m[2mdist/[0m[2massets/[0m[36mScopesSelector-C7I9OXV5.js                              [39m[2m[1m    17.93 kB[0m[0m[2m │ gzip:   4.49 kB[0m
[35mn8n-editor-ui:build: [0m[2mdist/[0m[2massets/[0m[36mNodeToolSettingsContent-CaGXyvCI.js                     [39m[2m[1m    18.02 kB[0m[0m[2m │ gzip:   4.98 kB[0m
[35mn8n-editor-ui:build: [0m[2mdist/[0m[2massets/[0m[36mPopoverTrigger-Db2gWmZU.js                              [39m[2m[1m    18.03 kB[0m[0m[2m │ gzip:   2.96 kB[0m
[35mn8n-editor-ui:build: [0m[2mdist/[0m[2massets/[0m[36mAttachmentPreview-CKIicDtV.js                           [39m[2m[1m    18.54 kB[0m[0m[2m │ gzip:   4.93 kB[0m
[35mn8n-editor-ui:build: [0m[2mdist/[0m[2massets/[0m[36mProjectSharing-Dn0qGp_Q.js                              [39m[2m[1m    18.56 kB[0m[0m[2m │ gzip:   4.66 kB[0m
[35mn8n-editor-ui:build: [0m[2mdist/[0m[2massets/[0m[36mDataTableDetailsView-C4j4HhSg.js                        [39m[2m[1m    18.60 kB[0m[0m[2m │ gzip:   4.71 kB[0m
[35mn8n-editor-ui:build: [0m[2mdist/[0m[2massets/[0m[36mN8nInlineTextEdit-CPP1fNIO.js                           [39m[2m[1m    18.64 kB[0m[0m[2m │ gzip:   4.48 kB[0m
[35mn8n-editor-ui:build: [0m[2mdist/[0m[2massets/[0m[36mTemplateList-DGPZymZs.js                                [39m[2m[1m    19.53 kB[0m[0m[2m │ gzip:   4.38 kB[0m
[35mn8n-editor-ui:build: [0m[2mdist/[0m[2massets/[0m[36mplugin-vue_export-helper-AbXb0iQc.js                    [39m[2m[1m    19.77 kB[0m[0m[2m │ gzip:   4.44 kB[0m
[35mn8n-editor-ui:build: [0m[2mdist/[0m[2massets/[0m[36mBrowserUseSetupContent-CiKJWYxp.js                      [39m[2m[1m    19.83 kB[0m[0m[2m │ gzip:   4.86 kB[0m
[35mn8n-editor-ui:build: [0m[2mdist/[0m[2massets/[0m[36mTemplatesCollectionView-DFidFTUg.js                     [39m[2m[1m    19.97 kB[0m[0m[2m │ gzip:   4.56 kB[0m
[35mn8n-editor-ui:build: [0m[2mdist/[0m[2massets/[0m[36mFocusScope-DAXHH9RF.js                                  [39m[2m[1m    20.03 kB[0m[0m[2m │ gzip:   5.95 kB[0m
[35mn8n-editor-ui:build: [0m[2mdist/[0m[2massets/[0m[36maiTemplatesStarterCollection.store-CMF34AJB.js          [39m[2m[1m    20.27 kB[0m[0m[2m │ gzip:   5.19 kB[0m
[35mn8n-editor-ui:build: [0m[2mdist/[0m[2massets/[0m[36massistant.store-DP6uXQFs.js                             [39m[2m[1m    20.27 kB[0m[0m[2m │ gzip:   4.63 kB[0m
[35mn8n-editor-ui:build: [0m[2mdist/[0m[2massets/[0m[36mSettingsPersonalView-CmroMG2J.js                        [39m[2m[1m    20.49 kB[0m[0m[2m │ gzip:   4.84 kB[0m
[35mn8n-editor-ui:build: [0m[2mdist/[0m[2massets/[0m[36mRolesView-AH90Xrqt.js                                   [39m[2m[1m    20.55 kB[0m[0m[2m │ gzip:   5.10 kB[0m
[35mn8n-editor-ui:build: [0m[2mdist/[0m[2massets/[0m[36mAgentsListView-JOn7W-Ia.js                              [39m[2m[1m    20.72 kB[0m[0m[2m │ gzip:   5.71 kB[0m
[35mn8n-editor-ui:build: [0m[2mdist/[0m[2massets/[0m[36mNodeCreation-DKw5NZ1T.js                                [39m[2m[1m    20.76 kB[0m[0m[2m │ gzip:   6.54 kB[0m
[35mn8n-editor-ui:build: [0m[2mdist/[0m[2massets/[0m[36mOAuthConsentView-D2Lv0N0z.js                            [39m[2m[1m    21.40 kB[0m[0m[2m │ gzip:   4.74 kB[0m
[35mn8n-editor-ui:build: [0m[2mdist/[0m[2massets/[0m[36mSettingsMCPAgentsView-C1Yhonx9.js                       [39m[2m[1m    21.51 kB[0m[0m[2m │ gzip:   5.23 kB[0m
[35mn8n-editor-ui:build: [0m[2mdist/[0m[2massets/[0m[36mSettingsCommunityNodesView-oJatdjOt.js                  [39m[2m[1m    22.08 kB[0m[0m[2m │ gzip:   5.08 kB[0m
[35mn8n-editor-ui:build: [0m[2mdist/[0m[2massets/[0m[36mSettingsEncryptionKeys-DCFTHeY9.js                      [39m[2m[1m    22.23 kB[0m[0m[2m │ gzip:   5.71 kB[0m
[35mn8n-editor-ui:build: [0m[2mdist/[0m[2massets/[0m[36mComputerUseSetupContent-F7qePQUe.js                     [39m[2m[1m    22.30 kB[0m[0m[2m │ gzip:   7.22 kB[0m
[35mn8n-editor-ui:build: [0m[2mdist/[0m[2massets/[0m[36mSettingsLogStreamingView-CvSsfX7M.js                    [39m[2m[1m    22.37 kB[0m[0m[2m │ gzip:   5.43 kB[0m
[35mn8n-editor-ui:build: [0m[2mdist/[0m[2massets/[0m[36mTemplatesWorkflowView-rNW1fkXz.js                       [39m[2m[1m    22.43 kB[0m[0m[2m │ gzip:   5.58 kB[0m
[35mn8n-editor-ui:build: [0m[2mdist/[0m[2massets/[0m[36mN8nToggleGroup-QmremkRy.js                              [39m[2m[1m    22.64 kB[0m[0m[2m │ gzip:   4.90 kB[0m
[35mn8n-editor-ui:build: [0m[2mdist/[0m[2massets/[0m[36mDataTableActions-CJu22mjI.js                            [39m[2m[1m    22.77 kB[0m[0m[2m │ gzip:   5.01 kB[0m
[35mn8n-editor-ui:build: [0m[2mdist/[0m[2massets/[0m[36mProjectVariables-BjgBzb--.js                            [39m[2m[1m    22.87 kB[0m[0m[2m │ gzip:   5.92 kB[0m
[35mn8n-editor-ui:build: [0m[2mdist/[0m[2massets/[0m[36mAddDataTableModal-D5Z-4ru4.js                           [39m[2m[1m    23.29 kB[0m[0m[2m │ gzip:   5.48 kB[0m
[35mn8n-editor-ui:build: [0m[2mdist/[0m[2massets/[0m[36mAgentToolsConnectionModalWrapper-DdOnuoWj.js            [39m[2m[1m    23.50 kB[0m[0m[2m │ gzip:   6.17 kB[0m
[35mn8n-editor-ui:build: [0m[2mdist/[0m[2massets/[0m[36mSettingsUsageAndPlan-B07IhUtY.js                        [39m[2m[1m    23.64 kB[0m[0m[2m │ gzip:   5.48 kB[0m
[35mn8n-editor-ui:build: [0m[2mdist/[0m[2massets/[0m[36mInstanceRoleView-MOIogFIU.js                            [39m[2m[1m    24.11 kB[0m[0m[2m │ gzip:   6.07 kB[0m
[35mn8n-editor-ui:build: [0m[2mdist/[0m[2massets/[0m[36mInstanceAiToolsConnectionModalWrapper-BNgb5dwA.js       [39m[2m[1m    24.22 kB[0m[0m[2m │ gzip:   6.06 kB[0m
[35mn8n-editor-ui:build: [0m[2mdist/[0m[2massets/[0m[36mSettingsMCPWorkflowsView-W95RtyYH.js                    [39m[2m[1m    24.47 kB[0m[0m[2m │ gzip:   5.82 kB[0m
[35mn8n-editor-ui:build: [0m[2mdist/[0m[2massets/[0m[36mN8nPagination-BE9ZvHH7.js                               [39m[2m[1m    25.38 kB[0m[0m[2m │ gzip:   5.63 kB[0m
[35mn8n-editor-ui:build: [0m[2mdist/[0m[2massets/[0m[36minstanceAiSettings.store-D6zCZdQN.js                    [39m[2m[1m    25.40 kB[0m[0m[2m │ gzip:   5.90 kB[0m
[35mn8n-editor-ui:build: [0m[2mdist/[0m[2massets/[0m[36mreadyToRun.store-BoOiCrmk.js                            [39m[2m[1m    25.99 kB[0m[0m[2m │ gzip:   7.15 kB[0m
[35mn8n-editor-ui:build: [0m[2mdist/[0m[2massets/[0m[36museMessage-LhcHq8oD.js                                  [39m[2m[1m    26.14 kB[0m[0m[2m │ gzip:   6.97 kB[0m
[35mn8n-editor-ui:build: [0m[2mdist/[0m[2massets/[0m[36mlucide-icons-bucket-13-Ce38Rm6L.js                      [39m[2m[1m    26.16 kB[0m[0m[2m │ gzip:   5.41 kB[0m
[35mn8n-editor-ui:build: [0m[2mdist/[0m[2massets/[0m[36mlucide-icons-bucket-14-BcA5GVu4.js                      [39m[2m[1m    26.36 kB[0m[0m[2m │ gzip:   5.28 kB[0m
[35mn8n-editor-ui:build: [0m[2mdist/[0m[2massets/[0m[36mTrialIntroModal-BX0gQnm9.js                             [39m[2m[1m    26.48 kB[0m[0m[2m │ gzip:   5.12 kB[0m
[35mn8n-editor-ui:build: [0m[2mdist/[0m[2massets/[0m[36minput-DcFckfM5.js                                       [39m[2m[1m    26.66 kB[0m[0m[2m │ gzip:   6.71 kB[0m
[35mn8n-editor-ui:build: [0m[2mdist/[0m[2massets/[0m[36mGroupedMetricChart-B0d9JP-0.js                          [39m[2m[1m    27.32 kB[0m[0m[2m │ gzip:   6.07 kB[0m
[35mn8n-editor-ui:build: [0m[2mdist/[0m[2massets/[0m[36mProjectRoleView-Bi0idd6p.js                             [39m[2m[1m    27.93 kB[0m[0m[2m │ gzip:   6.45 kB[0m
[35mn8n-editor-ui:build: [0m[2mdist/[0m[2massets/[0m[36mAgentSessionsListView-BAKMA5ph.js                       [39m[2m[1m    28.27 kB[0m[0m[2m │ gzip:   6.57 kB[0m
[35mn8n-editor-ui:build: [0m[2mdist/[0m[2massets/[0m[36mToolsManagerModal-CXPY9YgJ.js                           [39m[2m[1m    28.75 kB[0m[0m[2m │ gzip:   6.75 kB[0m
[35mn8n-editor-ui:build: [0m[2mdist/[0m[2massets/[0m[36mlucide-icons-bucket-11-B61ye2Jl.js                      [39m[2m[1m    28.86 kB[0m[0m[2m │ gzip:   6.18 kB[0m
[35mn8n-editor-ui:build: [0m[2mdist/[0m[2massets/[0m[36mlucide-icons-bucket-6-Bat1F-CQ.js                       [39m[2m[1m    28.99 kB[0m[0m[2m │ gzip:   5.95 kB[0m
[35mn8n-editor-ui:build: [0m[2mdist/[0m[2massets/[0m[36mSettingsSecretsProviders.ee-BT5GpBTU.js                 [39m[2m[1m    29.43 kB[0m[0m[2m │ gzip:   6.30 kB[0m
[35mn8n-editor-ui:build: [0m[2mdist/[0m[2massets/[0m[36mlucide-icons-bucket-7-PbdFnsC4.js                       [39m[2m[1m    29.48 kB[0m[0m[2m │ gzip:   6.36 kB[0m
[35mn8n-editor-ui:build: [0m[2mdist/[0m[2massets/[0m[36mlucide-icons-bucket-9-DTiVesPm.js                       [39m[2m[1m    29.51 kB[0m[0m[2m │ gzip:   6.58 kB[0m
[35mn8n-editor-ui:build: [0m[2mdist/[0m[2massets/[0m[36museRunWorkflow-D_WinEqv.js                              [39m[2m[1m    30.38 kB[0m[0m[2m │ gzip:   7.99 kB[0m
[35mn8n-editor-ui:build: [0m[2mdist/[0m[2massets/[0m[36mCredentialsView-BnzkVByf.js                             [39m[2m[1m    31.30 kB[0m[0m[2m │ gzip:   7.60 kB[0m
[35mn8n-editor-ui:build: [0m[2mdist/[0m[2massets/[0m[36mRoleSelectDropdown-Bt--lIw2.js                          [39m[2m[1m    32.06 kB[0m[0m[2m │ gzip:   6.76 kB[0m
[35mn8n-editor-ui:build: [0m[2mdist/[0m[2massets/[0m[36mResourcesListLayout-hIY_HLOG.js                         [39m[2m[1m    32.09 kB[0m[0m[2m │ gzip:   7.81 kB[0m
[35mn8n-editor-ui:build: [0m[2mdist/[0m[2massets/[0m[36mSettingsSourceControl-eP396Q_d.js                       [39m[2m[1m    32.14 kB[0m[0m[2m │ gzip:   6.41 kB[0m
[35mn8n-editor-ui:build: [0m[2mdist/[0m[2massets/[0m[36mResourceCenterView-COIPrsOq.js                          [39m[2m[1m    32.33 kB[0m[0m[2m │ gzip:   7.73 kB[0m
[35mn8n-editor-ui:build: [0m[2mdist/[0m[2massets/[0m[36mlucide-icons-bucket-15-C8JhNrSi.js                      [39m[2m[1m    32.42 kB[0m[0m[2m │ gzip:   6.63 kB[0m
[35mn8n-editor-ui:build: [0m[2mdist/[0m[2massets/[0m[36mDialogTitle-Dc8zFEXJ.js                                 [39m[2m[1m    32.61 kB[0m[0m[2m │ gzip:   5.62 kB[0m
[35mn8n-editor-ui:build: [0m[2mdist/[0m[2massets/[0m[36mChatLayout-BKv_AFMX.js                                  [39m[2m[1m    32.84 kB[0m[0m[2m │ gzip:   7.44 kB[0m
[35mn8n-editor-ui:build: [0m[2mdist/[0m[2massets/[0m[36mVisuallyHidden-lv4qVqRn.js                              [39m[2m[1m    32.95 kB[0m[0m[2m │ gzip:   9.34 kB[0m
[35mn8n-editor-ui:build: [0m[2mdist/[0m[2massets/[0m[36mInsightsDashboard-ClCm74fh.js                           [39m[2m[1m    32.97 kB[0m[0m[2m │ gzip:   9.17 kB[0m
[35mn8n-editor-ui:build: [0m[2mdist/[0m[2massets/[0m[36mN8nAvatar-BN7Hde99.js                                   [39m[2m[1m    33.28 kB[0m[0m[2m │ gzip:   6.46 kB[0m
[35mn8n-editor-ui:build: [0m[2mdist/[0m[2massets/[0m[36mlucide-icons-bucket-4-C-SjHPUT.js                       [39m[2m[1m    33.32 kB[0m[0m[2m │ gzip:   6.95 kB[0m
[35mn8n-editor-ui:build: [0m[2mdist/[0m[2massets/[0m[36mProjectHeader-CqjGvmn3.js                               [39m[2m[1m    33.60 kB[0m[0m[2m │ gzip:   7.74 kB[0m
[35mn8n-editor-ui:build: [0m[2mdist/[0m[2massets/[0m[36mTooltip-C22UazQn.js                                     [39m[2m[1m    34.07 kB[0m[0m[2m │ gzip:   7.68 kB[0m
[35mn8n-editor-ui:build: [0m[2mdist/[0m[2massets/[0m[36mAgentVectorStoresModal-rb6nrEz2.js                      [39m[2m[1m    34.52 kB[0m[0m[2m │ gzip:   7.92 kB[0m
[35mn8n-editor-ui:build: [0m[2mdist/[0m[2massets/[0m[36mlucide-icons-bucket-2-6MAsnQ5o.js                       [39m[2m[1m    34.65 kB[0m[0m[2m │ gzip:   7.57 kB[0m
[35mn8n-editor-ui:build: [0m[2mdist/[0m[2massets/[0m[36mlucide-icons-bucket-0-CvmswxLS.js                       [39m[2m[1m    34.71 kB[0m[0m[2m │ gzip:   7.09 kB[0m
[35mn8n-editor-ui:build: [0m[2mdist/[0m[2massets/[0m[36mlucide-icons-bucket-1-CoHmuUIS.js                       [39m[2m[1m    34.86 kB[0m[0m[2m │ gzip:   7.46 kB[0m
[35mn8n-editor-ui:build: [0m[2mdist/[0m[2massets/[0m[36mvue-json-pretty-DKXAJY3l.js                             [39m[2m[1m    35.18 kB[0m[0m[2m │ gzip:  10.03 kB[0m
[35mn8n-editor-ui:build: [0m[2mdist/[0m[2massets/[0m[36mExecutionsTime-B7OEIxFw.js                              [39m[2m[1m    35.40 kB[0m[0m[2m │ gzip:   7.13 kB[0m
[35mn8n-editor-ui:build: [0m[2mdist/[0m[2massets/[0m[36mlucide-icons-bucket-3-DP1ZK_7u.js                       [39m[2m[1m    35.82 kB[0m[0m[2m │ gzip:   7.20 kB[0m
[35mn8n-editor-ui:build: [0m[2mdist/[0m[2massets/[0m[36mlucide-icons-bucket-8-1xjXPPrd.js                       [39m[2m[1m    35.83 kB[0m[0m[2m │ gzip:   7.81 kB[0m
[35mn8n-editor-ui:build: [0m[2mdist/[0m[2massets/[0m[36museNodeHelpers-CEnOEopz.js                              [39m[2m[1m    36.85 kB[0m[0m[2m │ gzip:   8.29 kB[0m
[35mn8n-editor-ui:build: [0m[2mdist/[0m[2massets/[0m[36mlucide-icons-bucket-5-D202m_j_.js                       [39m[2m[1m    36.90 kB[0m[0m[2m │ gzip:   7.59 kB[0m
[35mn8n-editor-ui:build: [0m[2mdist/[0m[2massets/[0m[36mSettingsChatHubView-DSsCvGHW.js                         [39m[2m[1m    36.95 kB[0m[0m[2m │ gzip:   7.01 kB[0m
[35mn8n-editor-ui:build: [0m[2mdist/[0m[2massets/[0m[36mlucide-icons-bucket-12-DnFw0Uh-.js                      [39m[2m[1m    37.02 kB[0m[0m[2m │ gzip:   7.69 kB[0m
[35mn8n-editor-ui:build: [0m[2mdist/[0m[2massets/[0m[36mSecuritySettings-BfSS1V82.js                            [39m[2m[1m    37.22 kB[0m[0m[2m │ gzip:   5.29 kB[0m
[35mn8n-editor-ui:build: [0m[2mdist/[0m[2massets/[0m[36mcolor-picker-BATD1YTp.js                                [39m[2m[1m    37.35 kB[0m[0m[2m │ gzip:   8.87 kB[0m
[35mn8n-editor-ui:build: [0m[2mdist/[0m[2massets/[0m[36mlucide-icons-bucket-10-s0s5I6GX.js                      [39m[2m[1m    37.97 kB[0m[0m[2m │ gzip:   7.78 kB[0m
[35mn8n-editor-ui:build: [0m[2mdist/[0m[2massets/[0m[36mdropdown-D0HKKN-a.js                                    [39m[2m[1m    38.31 kB[0m[0m[2m │ gzip:   8.47 kB[0m
[35mn8n-editor-ui:build: [0m[2mdist/[0m[2massets/[0m[36mxml-AqPLxZQZ.js                                         [39m[2m[1m    39.06 kB[0m[0m[2m │ gzip:   8.16 kB[0m
[35mn8n-editor-ui:build: [0m[2mdist/[0m[2massets/[0m[36mEvaluationsRootView-ClYscDsQ.js                         [39m[2m[1m    39.09 kB[0m[0m[2m │ gzip:   7.28 kB[0m
[35mn8n-editor-ui:build: [0m[2mdist/[0m[2massets/[0m[36musePushConnection-94Ffo0DA.js                           [39m[2m[1m    39.29 kB[0m[0m[2m │ gzip:   8.33 kB[0m
[35mn8n-editor-ui:build: [0m[2mdist/[0m[2massets/[0m[36mbutton-CsoT5HJl.js                                      [39m[2m[1m    40.30 kB[0m[0m[2m │ gzip:  10.63 kB[0m
[35mn8n-editor-ui:build: [0m[2mdist/[0m[2massets/[0m[36mN8nScrollArea-DULHGx9o.js                               [39m[2m[1m    40.54 kB[0m[0m[2m │ gzip:   7.51 kB[0m
[35mn8n-editor-ui:build: [0m[2mdist/[0m[2massets/[0m[36mui.store-7-xRpurA.js                                    [39m[2m[1m    40.55 kB[0m[0m[2m │ gzip:  12.41 kB[0m
[35mn8n-editor-ui:build: [0m[2mdist/[0m[2massets/[0m[36mreadyToRunWorkflows.store-CCiQOWWe.js                   [39m[2m[1m    40.90 kB[0m[0m[2m │ gzip:  10.37 kB[0m
[35mn8n-editor-ui:build: [0m[2mdist/[0m[2massets/[0m[36mWorkflowExecutionsView-CBTnfjyH.js                      [39m[2m[1m    41.03 kB[0m[0m[2m │ gzip:   8.91 kB[0m
[35mn8n-editor-ui:build: [0m[2mdist/[0m[2massets/[0m[36muse-namespace-xWWi2xIE.js                               [39m[2m[1m    41.57 kB[0m[0m[2m │ gzip:   9.22 kB[0m
[35mn8n-editor-ui:build: [0m[2mdist/[0m[2massets/[0m[36mAgentEditorModal-bpULF3PA.js                            [39m[2m[1m    41.69 kB[0m[0m[2m │ gzip:   9.16 kB[0m
[35mn8n-editor-ui:build: [0m[2mdist/[0m[2massets/[0m[36mlib-BC5w3MlX.js                                         [39m[2m[1m    41.83 kB[0m[0m[2m │ gzip:   8.75 kB[0m
[35mn8n-editor-ui:build: [0m[2mdist/[0m[2massets/[0m[36mCalendarDate-BViQJNZ4.js                                [39m[2m[1m    42.02 kB[0m[0m[2m │ gzip:   8.71 kB[0m
[35mn8n-editor-ui:build: [0m[2mdist/[0m[2massets/[0m[36mInstanceAiView-CwQnsqvb.js                              [39m[2m[1m    42.48 kB[0m[0m[2m │ gzip:   9.55 kB[0m
[35mn8n-editor-ui:build: [0m[2mdist/[0m[2massets/[0m[36mRunDataTable-BBi1Iszi.js                                [39m[2m[1m    43.15 kB[0m[0m[2m │ gzip:   9.85 kB[0m
[35mn8n-editor-ui:build: [0m[2mdist/[0m[2massets/[0m[36mAppSidebar-qCvbQL3O.js                                  [39m[2m[1m    44.11 kB[0m[0m[2m │ gzip:   9.83 kB[0m
[35mn8n-editor-ui:build: [0m[2mdist/[0m[2massets/[0m[36mconstants-C4ljSpD7.js                                   [39m[2m[1m    44.52 kB[0m[0m[2m │ gzip:  12.42 kB[0m
[35mn8n-editor-ui:build: [0m[2mdist/[0m[2massets/[0m[36mWorkerView-uCUf7dnT.js                                  [39m[2m[1m    45.00 kB[0m[0m[2m │ gzip:   8.64 kB[0m
[35mn8n-editor-ui:build: [0m[2mdist/[0m[2massets/[0m[36mSettingsMCPClientsView-D5H3JzWw.js                      [39m[2m[1m    45.78 kB[0m[0m[2m │ gzip:   9.41 kB[0m
[35mn8n-editor-ui:build: [0m[2mdist/[0m[2massets/[0m[36mMfaSetupModal-C1saglXQ.js                               [39m[2m[1m    45.88 kB[0m[0m[2m │ gzip:  11.69 kB[0m
[35mn8n-editor-ui:build: [0m[2mdist/[0m[2massets/[0m[36mExecutionsView-ClGFgpPQ.js                              [39m[2m[1m    46.61 kB[0m[0m[2m │ gzip:   9.84 kB[0m
[35mn8n-editor-ui:build: [0m[2mdist/[0m[2massets/[0m[36mSettingsInstanceAiView-CzINMVbv.js                      [39m[2m[1m    46.84 kB[0m[0m[2m │ gzip:   8.93 kB[0m
[35mn8n-editor-ui:build: [0m[2mdist/[0m[2massets/[0m[36mLogsOverviewRow-BVa1GmoB.js                             [39m[2m[1m    46.96 kB[0m[0m[2m │ gzip:  11.98 kB[0m
[35mn8n-editor-ui:build: [0m[2mdist/[0m[2massets/[0m[36mchat.store-CB-Jzr7w.js                                  [39m[2m[1m    50.27 kB[0m[0m[2m │ gzip:  10.90 kB[0m
[35mn8n-editor-ui:build: [0m[2mdist/[0m[2massets/[0m[36mSettingsUsersView-DI6XY8rg.js                           [39m[2m[1m    50.69 kB[0m[0m[2m │ gzip:  10.61 kB[0m
[35mn8n-editor-ui:build: [0m[2mdist/[0m[2massets/[0m[36msemver-5EnF4HBn.js                                      [39m[2m[1m    51.92 kB[0m[0m[2m │ gzip:  10.25 kB[0m
[35mn8n-editor-ui:build: [0m[2mdist/[0m[2massets/[0m[36mupload-Bxv1dcg-.js                                      [39m[2m[1m    52.60 kB[0m[0m[2m │ gzip:  12.12 kB[0m
[35mn8n-editor-ui:build: [0m[2mdist/[0m[2massets/[0m[36msettings.store-BtdpEnH2.js                              [39m[2m[1m    53.85 kB[0m[0m[2m │ gzip:  10.90 kB[0m
[35mn8n-editor-ui:build: [0m[2mdist/[0m[2massets/[0m[36msrc-DGYL2WpK.js                                         [39m[2m[1m    54.61 kB[0m[0m[2m │ gzip:  14.22 kB[0m
[35mn8n-editor-ui:build: [0m[2mdist/[0m[2massets/[0m[36mTemplatesSearchView-C7QdPY2v.js                         [39m[2m[1m    56.00 kB[0m[0m[2m │ gzip:  13.04 kB[0m
[35mn8n-editor-ui:build: [0m[2mdist/[0m[2massets/[0m[36mTestRunDetailView-CdOqda88.js                           [39m[2m[1m    56.74 kB[0m[0m[2m │ gzip:  11.21 kB[0m
[35mn8n-editor-ui:build: [0m[2mdist/[0m[2massets/[0m[36mcore-DettzGq-.js                                        [39m[2m[1m    56.94 kB[0m[0m[2m │ gzip:  16.23 kB[0m
[35mn8n-editor-ui:build: [0m[2mdist/[0m[2massets/[0m[36mSettingsOpenTelemetryView-Dz_Wsu7U.js                   [39m[2m[1m    57.42 kB[0m[0m[2m │ gzip:  11.12 kB[0m
[35mn8n-editor-ui:build: [0m[2mdist/[0m[2massets/[0m[36mN8nIconPicker-ZQaAgccT.js                               [39m[2m[1m    59.62 kB[0m[0m[2m │ gzip:  13.90 kB[0m
[35mn8n-editor-ui:build: [0m[2mdist/[0m[2massets/[0m[36mWorkflowExecutionsPreview-C2bzWZDo.js                   [39m[2m[1m    60.88 kB[0m[0m[2m │ gzip:  13.32 kB[0m
[35mn8n-editor-ui:build: [0m[2mdist/[0m[2massets/[0m[36mRunDataJsonActions-IlFPeovE.js                          [39m[2m[1m    61.33 kB[0m[0m[2m │ gzip:  16.71 kB[0m
[35mn8n-editor-ui:build: [0m[2mdist/[0m[2massets/[0m[36mToolsConnectionModal-GtQaUjza.js                        [39m[2m[1m    61.68 kB[0m[0m[2m │ gzip:  11.39 kB[0m
[35mn8n-editor-ui:build: [0m[2mdist/[0m[2massets/[0m[36mSettingsApiView-Cs3Tw8PD.js                             [39m[2m[1m    62.63 kB[0m[0m[2m │ gzip:  12.81 kB[0m
[35mn8n-editor-ui:build: [0m[2mdist/[0m[2massets/[0m[36mvue-router-DPnGeMd9.js                                  [39m[2m[1m    65.51 kB[0m[0m[2m │ gzip:  18.54 kB[0m
[35mn8n-editor-ui:build: [0m[2mdist/[0m[2massets/[0m[36mWorkflowBuilderUnavailableNotice-DxwvwuMj.js            [39m[2m[1m    65.74 kB[0m[0m[2m │ gzip:  14.44 kB[0m
[35mn8n-editor-ui:build: [0m[2mdist/[0m[2massets/[0m[36mMainSidebarHeader-DTt-s7-p.js                           [39m[2m[1m    66.23 kB[0m[0m[2m │ gzip:  14.76 kB[0m
[35mn8n-editor-ui:build: [0m[2mdist/[0m[2massets/[0m[36mMCPOnboardingModal-pk1cUxWm.js                          [39m[2m[1m    66.33 kB[0m[0m[2m │ gzip:  14.20 kB[0m
[35mn8n-editor-ui:build: [0m[2mdist/[0m[2massets/[0m[36mEvalCollectionsListView-TqRFPcx1.js                     [39m[2m[1m    66.35 kB[0m[0m[2m │ gzip:  12.25 kB[0m
[35mn8n-editor-ui:build: [0m[2mdist/[0m[2massets/[0m[36mSelect-CRQxSvgs.js                                      [39m[2m[1m    67.67 kB[0m[0m[2m │ gzip:  12.88 kB[0m
[35mn8n-editor-ui:build: [0m[2mdist/[0m[2massets/[0m[36mnode-icons-BtHRiNmk.js                                  [39m[2m[1m    70.46 kB[0m[0m[2m │ gzip:  10.01 kB[0m
[35mn8n-editor-ui:build: [0m[2mdist/[0m[2massets/[0m[36mChatView-B3wR5Ocl.js                                    [39m[2m[1m    71.60 kB[0m[0m[2m │ gzip:  15.69 kB[0m
[35mn8n-editor-ui:build: [0m[2mdist/[0m[2massets/[0m[36mtooltip-oYsvce70.js                                     [39m[2m[1m    73.01 kB[0m[0m[2m │ gzip:  18.45 kB[0m
[35mn8n-editor-ui:build: [0m[2mdist/[0m[2massets/[0m[36mInstanceAiOnboardingWizard-BKUGINFD.js                  [39m[2m[1m    74.54 kB[0m[0m[2m │ gzip:  13.15 kB[0m
[35mn8n-editor-ui:build: [0m[2mdist/[0m[2massets/[0m[36mmerge-I1kuvuLK.js                                       [39m[2m[1m    75.26 kB[0m[0m[2m │ gzip:  12.13 kB[0m
[35mn8n-editor-ui:build: [0m[2mdist/[0m[2massets/[0m[36mAgentToolConfigModal-DweL3kkp.js                        [39m[2m[1m    76.24 kB[0m[0m[2m │ gzip:  15.38 kB[0m
[35mn8n-editor-ui:build: [0m[2mdist/[0m[2massets/[0m[36mProjectSettings-sh96OH9E.js                             [39m[2m[1m    77.41 kB[0m[0m[2m │ gzip:  15.29 kB[0m
[35mn8n-editor-ui:build: [0m[2mdist/[0m[2massets/[0m[36mWorkflowLayout-D4hTRBC5.js                              [39m[2m[1m    80.89 kB[0m[0m[2m │ gzip:  17.26 kB[0m
[35mn8n-editor-ui:build: [0m[2mdist/[0m[2massets/[0m[36mChatGreetings-Cq2wHAu7.js                               [39m[2m[1m    82.33 kB[0m[0m[2m │ gzip:  15.51 kB[0m
[35mn8n-editor-ui:build: [0m[2mdist/[0m[2massets/[0m[36mPopperContent-Dajl-5rg.js                               [39m[2m[1m    82.40 kB[0m[0m[2m │ gzip:  19.86 kB[0m
[35mn8n-editor-ui:build: [0m[2mdist/[0m[2massets/[0m[36mdist-BKkqSB6h.js                                        [39m[2m[1m    82.70 kB[0m[0m[2m │ gzip:  20.36 kB[0m
[35mn8n-editor-ui:build: [0m[2mdist/[0m[2massets/[0m[36mSettingsMCPView-BLodUQOv.js                             [39m[2m[1m    82.71 kB[0m[0m[2m │ gzip:  16.06 kB[0m
[35mn8n-editor-ui:build: [0m[2mdist/[0m[2massets/[0m[36mFixedCollectionParameter-CsI87cBP.js                    [39m[2m[1m    82.95 kB[0m[0m[2m │ gzip:  14.92 kB[0m
[35mn8n-editor-ui:build: [0m[2mdist/[0m[2massets/[0m[36minstanceAi.store-CN_LGs-0.js                            [39m[2m[1m    85.24 kB[0m[0m[2m │ gzip:  20.33 kB[0m
[35mn8n-editor-ui:build: [0m[2mdist/[0m[2massets/[0m[36mvuedraggable-DbY2AIiN.js                                [39m[2m[1m    89.12 kB[0m[0m[2m │ gzip:  22.47 kB[0m
[35mn8n-editor-ui:build: [0m[2mdist/[0m[2massets/[0m[36mEvaluationsListSwitcher-By5wvjy9.js                     [39m[2m[1m    89.98 kB[0m[0m[2m │ gzip:  20.50 kB[0m
[35mn8n-editor-ui:build: [0m[2mdist/[0m[2massets/[0m[36mCompareCollectionView-k9RQQAML.js                       [39m[2m[1m    94.93 kB[0m[0m[2m │ gzip:  18.20 kB[0m
[35mn8n-editor-ui:build: [0m[2mdist/[0m[2massets/[0m[36mVirtualSchema-S85OTdef.js                               [39m[2m[1m    95.54 kB[0m[0m[2m │ gzip:  24.90 kB[0m
[35mn8n-editor-ui:build: [0m[2mdist/[0m[2massets/[0m[36mCanvasRunWorkflowButton-B6qjC7Yy.js                     [39m[2m[1m    96.86 kB[0m[0m[2m │ gzip:  24.60 kB[0m
[35mn8n-editor-ui:build: [0m[2mdist/[0m[2massets/[0m[36magents.eventBus-CBGK0z6i.js                             [39m[2m[1m    99.72 kB[0m[0m[2m │ gzip:  21.94 kB[0m
[35mn8n-editor-ui:build: [0m[2mdist/[0m[2massets/[0m[36mWorkflowHistory-tKMyDE66.js                             [39m[2m[1m   106.35 kB[0m[0m[2m │ gzip:  20.57 kB[0m
[35mn8n-editor-ui:build: [0m[2mdist/[0m[2massets/[0m[36mexports-kkeZrzev.js                                     [39m[2m[1m   109.40 kB[0m[0m[2m │ gzip:  26.31 kB[0m
[35mn8n-editor-ui:build: [0m[2mdist/[0m[2massets/[0m[36mbuilder.store-CD5YYqcK.js                               [39m[2m[1m   111.72 kB[0m[0m[2m │ gzip:  27.44 kB[0m
[35mn8n-editor-ui:build: [0m[2mdist/[0m[2massets/[0m[36mDropdownMenu-BkdmE_ea.js                                [39m[2m[1m   116.03 kB[0m[0m[2m │ gzip:  18.93 kB[0m
[35mn8n-editor-ui:build: [0m[2mdist/[0m[2massets/[0m[36mNodeDetailsView-DZgfZV9t.js                             [39m[2m[1m   117.69 kB[0m[0m[2m │ gzip:  24.73 kB[0m
[35mn8n-editor-ui:build: [0m[2mdist/[0m[2massets/[0m[36mN8nDataTableServer-BG-2AlY-.js                          [39m[2m[1m   118.14 kB[0m[0m[2m │ gzip:  24.15 kB[0m
[35mn8n-editor-ui:build: [0m[2mdist/[0m[2massets/[0m[36mcanvas.eventBus-CLX-TTw9.js                             [39m[2m[1m   120.49 kB[0m[0m[2m │ gzip:  23.70 kB[0m
[35mn8n-editor-ui:build: [0m[2mdist/[0m[2massets/[0m[36mselect-BAQ3MG4b.js                                      [39m[2m[1m   121.36 kB[0m[0m[2m │ gzip:  27.05 kB[0m
[35mn8n-editor-ui:build: [0m[2mdist/[0m[2massets/[0m[36mWorkflowReviewRequestsView-CMzgieff.js                  [39m[2m[1m   137.06 kB[0m[0m[2m │ gzip:  26.26 kB[0m
[35mn8n-editor-ui:build: [0m[2mdist/[0m[2massets/[0m[36mNodeSettings-B-XktSrE.js                                [39m[2m[1m   145.36 kB[0m[0m[2m │ gzip:  33.07 kB[0m
[35mn8n-editor-ui:build: [0m[2mdist/[0m[2massets/[0m[36mSettingsSso-BH_e6CxI.js                                 [39m[2m[1m   149.17 kB[0m[0m[2m │ gzip:  27.30 kB[0m
[35mn8n-editor-ui:build: [0m[2mdist/[0m[2massets/[0m[36museCanvasOperations-Dq6ABY97.js                         [39m[2m[1m   149.97 kB[0m[0m[2m │ gzip:  35.24 kB[0m
[35mn8n-editor-ui:build: [0m[2mdist/[0m[2massets/[0m[36mdate-picker-COP7YYI0.js                                 [39m[2m[1m   154.93 kB[0m[0m[2m │ gzip:  29.64 kB[0m
[35mn8n-editor-ui:build: [0m[2mdist/[0m[2massets/[0m[36museExecutionDebugging-BziCRo35.js                       [39m[2m[1m   155.71 kB[0m[0m[2m │ gzip:  34.66 kB[0m
[35mn8n-editor-ui:build: [0m[2mdist/[0m[2massets/[0m[36mAgentSessionTimelineView-DlJYOHXB.js                    [39m[2m[1m   168.82 kB[0m[0m[2m │ gzip:  35.51 kB[0m
[35mn8n-editor-ui:build: [0m[2mdist/[0m[2massets/[0m[36mN8nMarkdown-DgMCruio.js                                 [39m[2m[1m   170.24 kB[0m[0m[2m │ gzip:  50.39 kB[0m
[35mn8n-editor-ui:build: [0m[2mdist/[0m[2massets/[0m[36mDateRangePicker-CEOGjCvu.js                             [39m[2m[1m   177.69 kB[0m[0m[2m │ gzip:  30.52 kB[0m
[35mn8n-editor-ui:build: [0m[2mdist/[0m[2massets/[0m[36mMainHeader-CtsAHwzy.js                                  [39m[2m[1m   179.01 kB[0m[0m[2m │ gzip:  35.97 kB[0m
[35mn8n-editor-ui:build: [0m[2mdist/[0m[2massets/[0m[36mtable-BOvrTTQT.js                                       [39m[2m[1m   179.06 kB[0m[0m[2m │ gzip:  40.74 kB[0m
[35mn8n-editor-ui:build: [0m[2mdist/[0m[2massets/[0m[36mNodeCreator-Ceu-jM-0.js                                 [39m[2m[1m   180.85 kB[0m[0m[2m │ gzip:  34.37 kB[0m
[35mn8n-editor-ui:build: [0m[2mdist/[0m[2massets/[0m[36museRootStore-BKfa5lo_.js                                [39m[2m[1m   186.60 kB[0m[0m[2m │ gzip:  47.76 kB[0m
[35mn8n-editor-ui:build: [0m[2mdist/[0m[2massets/[0m[36mWorkflowDiffView-CKooyxhv.js                            [39m[2m[1m   223.95 kB[0m[0m[2m │ gzip:  56.55 kB[0m
[35mn8n-editor-ui:build: [0m[2mdist/[0m[2massets/[0m[36mAgentPreviewDock-B6mPY7wS.js                            [39m[2m[1m   228.84 kB[0m[0m[2m │ gzip:  48.81 kB[0m
[35mn8n-editor-ui:build: [0m[2mdist/[0m[2massets/[0m[36mIcon-Di9prGzr.js                                        [39m[2m[1m   229.97 kB[0m[0m[2m │ gzip:  36.00 kB[0m
[35mn8n-editor-ui:build: [0m[2mdist/[0m[2massets/[0m[36mSettingsLdapView-DV3AJuTs.js                            [39m[2m[1m   232.40 kB[0m[0m[2m │ gzip:  54.61 kB[0m
[35mn8n-editor-ui:build: [0m[2mdist/[0m[2massets/[0m[36mrouter-C5PEbcNS.js                                      [39m[2m[1m   239.24 kB[0m[0m[2m │ gzip:  53.17 kB[0m
[35mn8n-editor-ui:build: [0m[2mdist/[0m[2massets/[0m[36mAgentSkillModal-DNBRN1YY.js                             [39m[2m[1m   243.33 kB[0m[0m[2m │ gzip:  57.21 kB[0m
[35mn8n-editor-ui:build: [0m[2mdist/[0m[2massets/[0m[36mWorkflowsView-BziulAi9.js                               [39m[2m[1m   244.22 kB[0m[0m[2m │ gzip:  48.14 kB[0m
[35mn8n-editor-ui:build: [0m[2mdist/[0m[2massets/[0m[36mmarkdown-it-CdtM44Tu.js                                 [39m[2m[1m   266.95 kB[0m[0m[2m │ gzip:  69.87 kB[0m
[35mn8n-editor-ui:build: [0m[2mdist/[0m[2massets/[0m[36mvue.runtime.esm-bundler-DYHsQBZB.js                     [39m[2m[1m   282.28 kB[0m[0m[2m │ gzip:  70.90 kB[0m
[35mn8n-editor-ui:build: [0m[2mdist/[0m[2massets/[0m[36mAgentTaskModal-CohLuZJr.js                              [39m[2m[1m   284.25 kB[0m[0m[2m │ gzip:  64.03 kB[0m
[35mn8n-editor-ui:build: [0m[2mdist/[0m[2massets/[0m[36mlucideIconData-B8XUIt9J.js                              [39m[2m[1m   321.72 kB[0m[0m[2m │ gzip:  50.82 kB[0m
[35mn8n-editor-ui:build: [0m[2mdist/[0m[2massets/[0m[36museImportCurlCommand-B32Yqs7A.js                        [39m[2m[1m   324.78 kB[0m[0m[2m │ gzip:  65.08 kB[0m
[35mn8n-editor-ui:build: [0m[2mdist/[0m[2massets/[0m[36memojiData-BsDmWGv4.js                                   [39m[2m[1m   335.31 kB[0m[0m[2m │ gzip:  56.52 kB[0m
[35mn8n-editor-ui:build: [0m[2mdist/[0m[2massets/[0m[36mlanguageModules-BcJcYUse.js                             [39m[2m[1m   337.59 kB[0m[0m[2m │ gzip:  92.08 kB[0m
[35mn8n-editor-ui:build: [0m[2mdist/[0m[2massets/[0m[36mNodeView-BV0wRukW.js                                    [39m[2m[1m   353.00 kB[0m[0m[2m │ gzip:  73.33 kB[0m
[35mn8n-editor-ui:build: [0m[2mdist/[0m[2massets/[0m[36mchart-BQpGz93x.js                                       [39m[2m[1m   359.05 kB[0m[0m[2m │ gzip:  89.95 kB[0m
[35mn8n-editor-ui:build: [0m[2mdist/[0m[2massets/[0m[36mRunData-xu8ijz6u.js                                     [39m[2m[1m   389.02 kB[0m[0m[2m │ gzip:  83.84 kB[0m
[35mn8n-editor-ui:build: [0m[2mdist/[0m[2massets/[0m[36msanitize-html-HcOJCXUs.js                               [39m[2m[1m   407.28 kB[0m[0m[2m │ gzip: 116.22 kB[0m
[35mn8n-editor-ui:build: [0m[2mdist/[0m[2massets/[0m[36mInstanceAiEmptyView-Btrv2ThO.js                         [39m[2m[1m   466.49 kB[0m[0m[2m │ gzip: 116.28 kB[0m
[35mn8n-editor-ui:build: [0m[2mdist/[0m[2massets/[0m[36mInstanceAiThreadView-CVu5drGT.js                        [39m[33m[1m   602.74 kB[0m[39m[2m │ gzip: 118.01 kB[0m
[35mn8n-editor-ui:build: [0m[2mdist/[0m[2massets/[0m[36mChatMarkdownChunk-DV9-ejTo.js                           [39m[33m[1m   622.62 kB[0m[39m[2m │ gzip: 123.00 kB[0m
[35mn8n-editor-ui:build: [0m[2mdist/[0m[2massets/[0m[36museWorkflowDocumentRenderData-CxcpXvpY.js               [39m[33m[1m   682.86 kB[0m[39m[2m │ gzip: 150.54 kB[0m
[35mn8n-editor-ui:build: [0m[2mdist/[0m[2massets/[0m[36mNDVEmptyState-Cw5hh6fu.js                               [39m[33m[1m   737.05 kB[0m[39m[2m │ gzip: 185.34 kB[0m
[35mn8n-editor-ui:build: [0m[2mdist/[0m[2massets/[0m[36mAgentBuilderView-Br--NlSK.js                            [39m[33m[1m   784.38 kB[0m[39m[2m │ gzip: 177.22 kB[0m
[35mn8n-editor-ui:build: [0m[2mdist/[0m[2massets/[0m[36msrc-BQKw1Bsm.js                                         [39m[33m[1m   794.61 kB[0m[39m[2m │ gzip: 174.66 kB[0m
[35mn8n-editor-ui:build: [0m[2mdist/[0m[2massets/[0m[36mworkflows.store-DN0begCq.js                             [39m[33m[1m   822.80 kB[0m[39m[2m │ gzip: 196.00 kB[0m
[35mn8n-editor-ui:build: [0m[2mdist/[0m[2massets/[0m[36mexpressions-D0CrLSIZ.js                                 [39m[33m[1m   866.49 kB[0m[39m[2m │ gzip: 242.74 kB[0m
[35mn8n-editor-ui:build: [0m[2mdist/[0m[2massets/[0m[36mMarkdownEditor-DoqMDe1r.js                              [39m[33m[1m 1,102.87 kB[0m[39m[2m │ gzip: 270.64 kB[0m
[35mn8n-editor-ui:build: [0m[2mdist/[0m[2massets/[0m[36mes-DrEYCdeL.js                                          [39m[33m[1m 1,266.94 kB[0m[39m[2m │ gzip: 341.48 kB[0m
[35mn8n-editor-ui:build: [0m[2mdist/[0m[2massets/[0m[36mParameterInputList-o1DxDO1j.js                          [39m[33m[1m 1,470.31 kB[0m[39m[2m │ gzip: 358.11 kB[0m
[35mn8n-editor-ui:build: [0m[2mdist/[0m[2massets/[0m[36mDataTableTable-kFRAffwV.js                              [39m[33m[1m 1,610.07 kB[0m[39m[2m │ gzip: 363.74 kB[0m
[35mn8n-editor-ui:build: [0m[2mdist/[0m[2massets/[0m[36mindex-gqIwTNcc.js                                       [39m[33m[1m 1,783.52 kB[0m[39m[2m │ gzip: 349.23 kB[0m
[35mn8n-editor-ui:build: [0m[2mdist/[0m[2massets/[0m[36msrc-DbSNdiqO.js                                         [39m[33m[1m 3,338.98 kB[0m[39m[2m │ gzip: 662.55 kB[0m
[35mn8n-editor-ui:build: [0m
[35mn8n-editor-ui:build: [0m[33m[33m[EVAL] Warning:[0m Use of direct `eval` function is strongly discouraged as it poses security risks and may cause issues with minification.
[35mn8n-editor-ui:build: [0m      [38;5;246m╭[0m[38;5;246m─[0m[38;5;246m[[0m ../../../node_modules/.pnpm/web-tree-sitter@0.24.3/node_modules/web-tree-sitter/tree-sitter.js:1195:37 [38;5;246m][0m
[35mn8n-editor-ui:build: [0m      [38;5;246m│[0m
[35mn8n-editor-ui:build: [0m [38;5;246m1195 │[0m [38;5;249m [0m[38;5;249m [0m[38;5;249m [0m[38;5;249m [0m[38;5;249m [0m[38;5;249m [0m[38;5;249m [0m[38;5;249m [0m[38;5;249m [0m[38;5;249m [0m[38;5;249m [0m[38;5;249m [0m[38;5;249m [0m[38;5;249m [0m[38;5;249m [0m[38;5;249m [0m[38;5;249mA[0m[38;5;249mS[0m[38;5;249mM[0m[38;5;249m_[0m[38;5;249mC[0m[38;5;249mO[0m[38;5;249mN[0m[38;5;249mS[0m[38;5;249mT[0m[38;5;249mS[0m[38;5;249m[[0m[38;5;249ms[0m[38;5;249mt[0m[38;5;249ma[0m[38;5;249mr[0m[38;5;249mt[0m[38;5;249m][0m[38;5;249m [0m[38;5;249m=[0m[38;5;249m [0meval[38;5;249m([0m[38;5;249mf[0m[38;5;249mu[0m[38;5;249mn[0m[38;5;249mc[0m[38;5;249m)[0m[38;5;249m;[0m
[35mn8n-editor-ui:build: [0m [38;5;240m     │[0m                                     ──┬─  
[35mn8n-editor-ui:build: [0m [38;5;240m     │[0m                                       ╰─── Use of direct `eval` here.
[35mn8n-editor-ui:build: [0m [38;5;240m     │[0m 
[35mn8n-editor-ui:build: [0m [38;5;240m     │[0m [38;5;115mHelp[0m: Consider using indirect eval. For more information, check the documentation: https://rolldown.rs/guide/troubleshooting#avoiding-direct-eval
[35mn8n-editor-ui:build: [0m[38;5;246m──────╯[0m
[35mn8n-editor-ui:build: [0m[39m
[35mn8n-editor-ui:build: [0m[33m[33m[EVAL] Warning:[0m Use of direct `eval` function is strongly discouraged as it poses security risks and may cause issues with minification.
[35mn8n-editor-ui:build: [0m      [38;5;246m╭[0m[38;5;246m─[0m[38;5;246m[[0m ../../../node_modules/.pnpm/web-tree-sitter@0.24.3/node_modules/web-tree-sitter/tree-sitter.js:1221:39 [38;5;246m][0m
[35mn8n-editor-ui:build: [0m      [38;5;246m│[0m
[35mn8n-editor-ui:build: [0m [38;5;246m1221 │[0m [38;5;249m [0m[38;5;249m [0m[38;5;249m [0m[38;5;249m [0m[38;5;249m [0m[38;5;249m [0m[38;5;249m [0m[38;5;249m [0m[38;5;249m [0m[38;5;249m [0m[38;5;249m [0m[38;5;249m [0m[38;5;249m [0m[38;5;249m [0m[38;5;249m [0m[38;5;249m [0m[38;5;249mm[0m[38;5;249mo[0m[38;5;249md[0m[38;5;249mu[0m[38;5;249ml[0m[38;5;249me[0m[38;5;249mE[0m[38;5;249mx[0m[38;5;249mp[0m[38;5;249mo[0m[38;5;249mr[0m[38;5;249mt[0m[38;5;249ms[0m[38;5;249m[[0m[38;5;249mn[0m[38;5;249ma[0m[38;5;249mm[0m[38;5;249me[0m[38;5;249m][0m[38;5;249m [0m[38;5;249m=[0m[38;5;249m [0meval[38;5;249m([0m[38;5;249mf[0m[38;5;249mu[0m[38;5;249mn[0m[38;5;249mc[0m[38;5;249m)[0m[38;5;249m;[0m
[35mn8n-editor-ui:build: [0m [38;5;240m     │[0m                                       ──┬─  
[35mn8n-editor-ui:build: [0m [38;5;240m     │[0m                                         ╰─── Use of direct `eval` here.
[35mn8n-editor-ui:build: [0m [38;5;240m     │[0m 
[35mn8n-editor-ui:build: [0m [38;5;240m     │[0m [38;5;115mHelp[0m: Consider using indirect eval. For more information, check the documentation: https://rolldown.rs/guide/troubleshooting#avoiding-direct-eval
[35mn8n-editor-ui:build: [0m[38;5;246m──────╯[0m
[35mn8n-editor-ui:build: [0m[39m
[35mn8n-editor-ui:build: [0m[33m[33m[INEFFECTIVE_DYNAMIC_IMPORT] Warning:[0m src/features/ndv/parameters/components/Collection/CollectionParameter.vue is dynamically imported by src/features/ndv/parameters/components/ParameterInputList.vue?vue&type=script&setup=true&lang.ts but also statically imported by src/features/ndv/parameters/components/MultipleParameter.vue?vue&type=script&setup=true&lang.ts, dynamic import will not move module into another chunk.
[35mn8n-editor-ui:build: [0m[39m
[35mn8n-editor-ui:build: [0m[33m[33m[PLUGIN_TIMINGS] Warning:[0m Your build spent significant time in plugins. Here is a breakdown:
[35mn8n-editor-ui:build: [0m  - unplugin-icons (53%)
[35mn8n-editor-ui:build: [0m  - vite:css (41%)
[35mn8n-editor-ui:build: [0mSee https://rolldown.rs/options/checks#plugintimings for more details.
[35mn8n-editor-ui:build: [0m[39m
[35mn8n-editor-ui:build: [0m[32m✓ built in 13.24s[39m
[32m@n8n/ai-workflow-builder:build: [0mcache hit, replaying logs [2mbf77ddd6912770ba[0m
[32m@n8n/ai-workflow-builder:build: [0m
[32m@n8n/ai-workflow-builder:build: [0m> @n8n/ai-workflow-builder@1.36.0 build /Users/romeobalta/work/n8n/worktrees/nudge-manual-builders-to-aia/packages/@n8n/ai-workflow-builder.ee
[32m@n8n/ai-workflow-builder:build: [0m> tsc -p ./tsconfig.build.json && tsc-alias -p tsconfig.build.json
[32m@n8n/ai-workflow-builder:build: [0m
[33mn8n-core:test: [0mcache hit, replaying logs [2m5fb364348293e951[0m
[33mn8n-core:test: [0m
[33mn8n-core:test: [0m> n8n-core@2.36.0 test /Users/romeobalta/work/n8n/worktrees/nudge-manual-builders-to-aia/packages/core
[33mn8n-core:test: [0m> vitest run
[33mn8n-core:test: [0m
[33mn8n-core:test: [0m
[33mn8n-core:test: [0m[1m[30m[46m RUN [49m[39m[22m [36mv4.1.9 [39m[90m/Users/romeobalta/work/n8n/worktrees/nudge-manual-builders-to-aia/packages/core[39m
[33mn8n-core:test: [0m
[33mn8n-core:test: [0m [32m✓[39m src/execution-engine/__tests__/active-workflow-triggers.test.ts [2m([22m[2m64 tests[22m[2m)[22m[32m 74[2mms[22m[39m
[33mn8n-core:test: [0m [32m✓[39m src/execution-engine/__tests__/execution-context.test.ts [2m([22m[2m38 tests[22m[2m)[22m[32m 27[2mms[22m[39m
[33mn8n-core:test: [0m [32m✓[39m src/execution-engine/__tests__/execution-context.service.test.ts [2m([22m[2m49 tests[22m[2m)[22m[32m 57[2mms[22m[39m
[33mn8n-core:test: [0m [32m✓[39m src/execution-engine/node-execution-context/utils/__tests__/binary-helper-functions.test.ts [2m([22m[2m69 tests[22m[2m)[22m[32m 86[2mms[22m[39m
[33mn8n-core:test: [0m [32m✓[39m src/execution-engine/__tests__/eval-mock-helpers.test.ts [2m([22m[2m50 tests[22m[2m)[22m[32m 93[2mms[22m[39m
[33mn8n-core:test: [0m [32m✓[39m src/execution-engine/node-execution-context/utils/__tests__/file-system-helper-functions.test.ts [2m([22m[2m72 tests[22m[2m)[22m[32m 95[2mms[22m[39m
[33mn8n-core:test: [0m [32m✓[39m src/execution-engine/node-execution-context/utils/request-helpers/__tests__/oauth.test.ts [2m([22m[2m37 tests[22m[2m)[22m[32m 230[2mms[22m[39m
[33mn8n-core:test: [0m [32m✓[39m src/execution-engine/node-execution-context/__tests__/node-execution-context.test.ts [2m([22m[2m49 tests[22m[2m)[22m[32m 11[2mms[22m[39m
[33mn8n-core:test: [0m [32m✓[39m src/nodes-loader/__tests__/directory-loader.test.ts [2m([22m[2m57 tests[22m[2m)[22m[32m 24[2mms[22m[39m
[33mn8n-core:test: [0m [32m✓[39m src/execution-engine/partial-execution-utils/__tests__/find-start-nodes.test.ts [2m([22m[2m19 tests[22m[2m)[22m[32m 8[2mms[22m[39m
[33mn8n-core:test: [0m [32m✓[39m src/execution-engine/node-execution-context/utils/__tests__/get-input-connection-data.test.ts [2m([22m[2m163 tests[22m[2m)[22m[32m 77[2mms[22m[39m
[33mn8n-core:test: [0m [32m✓[39m src/execution-engine/partial-execution-utils/__tests__/recreate-node-execution-stack.test.ts [2m([22m[2m12 tests[22m[2m)[22m[32m 45[2mms[22m[39m
[33mn8n-core:test: [0m [32m✓[39m src/execution-engine/__tests__/workflow-execute-run-node.test.ts [2m([22m[2m44 tests[22m[2m)[22m[32m 19[2mms[22m[39m
[33mn8n-core:test: [0m [32m✓[39m src/execution-engine/__tests__/workflow-execute-process-process-run-execution-data.test.ts [2m([22m[2m19 tests[22m[2m)[22m[32m 59[2mms[22m[39m
[33mn8n-core:test: [0m [32m✓[39m src/execution-engine/partial-execution-utils/__tests__/directed-graph.test.ts [2m([22m[2m18 tests[22m[2m)[22m[32m 26[2mms[22m[39m
[33mn8n-core:test: [0m [32m✓[39m src/execution-engine/node-execution-context/utils/__tests__/create-node-as-tool.test.ts [2m([22m[2m37 tests[22m[2m)[22m[32m 18[2mms[22m[39m
[33mn8n-core:test: [0m [32m✓[39m src/execution-engine/__tests__/workflow-execute.test.ts [2m([22m[2m122 tests[22m[2m)[22m[33m 392[2mms[22m[39m
[33mn8n-core:test: [0m [32m✓[39m src/execution-engine/__tests__/routing-node.test.ts [2m([22m[2m26 tests[22m[2m)[22m[32m 198[2mms[22m[39m
[33mn8n-core:test: [0m [32m✓[39m src/execution-engine/__tests__/execution-context-hook-service.test.ts [2m([22m[2m22 tests[22m[2m)[22m[32m 7[2mms[22m[39m
[33mn8n-core:test: [0m [32m✓[39m src/execution-engine/partial-execution-utils/__tests__/get-source-data-groups.test.ts [2m([22m[2m10 tests[22m[2m)[22m[32m 10[2mms[22m[39m
[33mn8n-core:test: [0m [32m✓[39m src/instance-settings/__tests__/instance-settings.test.ts [2m([22m[2m36 tests[22m[2m)[22m[32m 11[2mms[22m[39m
[33mn8n-core:test: [0m [32m✓[39m src/execution-engine/__tests__/eval-mock-fixtures.test.ts [2m([22m[2m41 tests[22m[2m)[22m[32m 28[2mms[22m[39m
[33mn8n-core:test: [0m [32m✓[39m src/execution-engine/node-execution-context/utils/__tests__/validate-value-against-schema.test.ts [2m([22m[2m23 tests[22m[2m)[22m[32m 7[2mms[22m[39m
[33mn8n-core:test: [0m [32m✓[39m src/execution-engine/node-execution-context/__tests__/execute-context.test.ts [2m([22m[2m69 tests[22m[2m)[22m[32m 52[2mms[22m[39m
[33mn8n-core:test: [0m [32m✓[39m src/encryption/__tests__/cipher.test.ts [2m([22m[2m30 tests[22m[2m)[22m[32m 7[2mms[22m[39m
[33mn8n-core:test: [0m [32m✓[39m src/execution-engine/node-execution-context/__tests__/supply-data-context.test.ts [2m([22m[2m62 tests[22m[2m)[22m[32m 86[2mms[22m[39m
[33mn8n-core:test: [0m [32m✓[39m src/observability/tracing/__tests__/span-sampling.test.ts [2m([22m[2m63 tests[22m[2m)[22m[32m 7[2mms[22m[39m
[33mn8n-core:test: [0m [32m✓[39m src/execution-engine/partial-execution-utils/__tests__/find-subgraph.test.ts [2m([22m[2m10 tests[22m[2m)[22m[32m 10[2mms[22m[39m
[33mn8n-core:test: [0m [32m✓[39m src/execution-engine/__tests__/triggers-and-pollers.test.ts [2m([22m[2m25 tests[22m[2m)[22m[32m 24[2mms[22m[39m
[33mn8n-core:test: [0m [32m✓[39m src/execution-engine/partial-execution-utils/__tests__/find-trigger-for-partial-execution.test.ts [2m([22m[2m18 tests[22m[2m)[22m[32m 5[2mms[22m[39m
[33mn8n-core:test: [0m [32m✓[39m src/errors/__tests__/error-reporter.test.ts [2m([22m[2m45 tests[22m[2m)[22m[32m 19[2mms[22m[39m
[33mn8n-core:test: [0m [32m✓[39m src/execution-engine/__tests__/poll-trigger-executor.test.ts [2m([22m[2m22 tests[22m[2m)[22m[32m 11[2mms[22m[39m
[33mn8n-core:test: [0m [32m✓[39m src/execution-engine/__tests__/requests-response.test.ts [2m([22m[2m10 tests[22m[2m)[22m[32m 22[2mms[22m[39m
[33mn8n-core:test: [0m [32m✓[39m src/execution-engine/__tests__/scheduled-task-manager.test.ts [2m([22m[2m18 tests[22m[2m)[22m[32m 95[2mms[22m[39m
[33mn8n-core:test: [0m [32m✓[39m src/execution-engine/partial-execution-utils/__tests__/rewire-graph.test.ts [2m([22m[2m8 tests[22m[2m)[22m[32m 10[2mms[22m[39m
[33mn8n-core:test: [0m [32m✓[39m src/execution-engine/partial-execution-utils/__tests__/clean-run-data.test.ts [2m([22m[2m7 tests[22m[2m)[22m[32m 54[2mms[22m[39m
[33mn8n-core:test: [0m [32m✓[39m src/utils/__tests__/convert-binary-data.test.ts [2m([22m[2m12 tests[22m[2m)[22m[32m 9[2mms[22m[39m
[33mn8n-core:test: [0m [32m✓[39m src/execution-engine/node-execution-context/utils/__tests__/resolve-source-overwrite.test.ts [2m([22m[2m9 tests[22m[2m)[22m[32m 3[2mms[22m[39m
[33mn8n-core:test: [0m [32m✓[39m src/binary-data/__tests__/blob.manager.fs.integration.test.ts [2m([22m[2m22 tests[22m[2m)[22m[33m 564[2mms[22m[39m
[33mn8n-core:test: [0m [32m✓[39m src/nodes-loader/__tests__/output-schema-resolver.test.ts [2m([22m[2m17 tests[22m[2m)[22m[32m 35[2mms[22m[39m
[33mn8n-core:test: [0m [32m✓[39m src/execution-engine/node-execution-context/utils/request-helpers/__tests__/pagination.test.ts [2m([22m[2m12 tests[22m[2m)[22m[32m 8[2mms[22m[39m
[33mn8n-core:test: [0m [32m✓[39m src/observability/tracing/__tests__/sentry-tracing.test.ts [2m([22m[2m11 tests[22m[2m)[22m[32m 26[2mms[22m[39m
[33mn8n-core:test: [0m [32m✓[39m src/execution-engine/node-execution-context/__tests__/local-load-options-context.test.ts [2m([22m[2m11 tests[22m[2m)[22m[32m 12[2mms[22m[39m
[33mn8n-core:test: [0m [32m✓[39m src/utils/__tests__/deep-merge.test.ts [2m([22m[2m21 tests[22m[2m)[22m[32m 4[2mms[22m[39m
[33mn8n-core:test: [0m [32m✓[39m src/execution-engine/node-execution-context/utils/__tests__/execution-metadata.test.ts [2m([22m[2m16 tests[22m[2m)[22m[32m 6[2mms[22m[39m
[33mn8n-core:test: [0m [32m✓[39m src/execution-engine/__tests__/workflow-execute-node-error-reporting.test.ts [2m([22m[2m16 tests[22m[2m)[22m[32m 49[2mms[22m[39m
[33mn8n-core:test: [0m [32m✓[39m src/execution-engine/node-execution-context/utils/__tests__/get-additional-keys.test.ts [2m([22m[2m17 tests[22m[2m)[22m[32m 11[2mms[22m[39m
[33mn8n-core:test: [0m [32m✓[39m src/execution-engine/node-execution-context/utils/__tests__/ssrf-integration.test.ts [2m([22m[2m13 tests[22m[2m)[22m[32m 141[2mms[22m[39m
[33mn8n-core:test: [0m [32m✓[39m src/observability/tracing/__tests__/tracing.test.ts [2m([22m[2m11 tests[22m[2m)[22m[32m 20[2mms[22m[39m
[33mn8n-core:test: [0m [32m✓[39m src/execution-engine/__tests__/ssh-clients-manager.test.ts [2m([22m[2m19 tests[22m[2m)[22m[32m 16[2mms[22m[39m
[33mn8n-core:test: [0m [32m✓[39m src/execution-engine/node-execution-context/__tests__/webhook-context.test.ts [2m([22m[2m26 tests[22m[2m)[22m[32m 11[2mms[22m[39m
[33mn8n-core:test: [0m [32m✓[39m src/execution-engine/node-execution-context/utils/__tests__/webhook-helper-functions.test.ts [2m([22m[2m9 tests[22m[2m)[22m[32m 4[2mms[22m[39m
[33mn8n-core:test: [0m [32m✓[39m src/execution-engine/partial-execution-utils/__tests__/handle-cycles.test.ts [2m([22m[2m3 tests[22m[2m)[22m[32m 4[2mms[22m[39m
[33mn8n-core:test: [0m [32m✓[39m src/execution-engine/node-execution-context/utils/__tests__/create-oauth2-client.test.ts [2m([22m[2m12 tests[22m[2m)[22m[32m 7[2mms[22m[39m
[33mn8n-core:test: [0m [32m✓[39m src/__tests__/credentials.test.ts [2m([22m[2m13 tests[22m[2m)[22m[32m 25[2mms[22m[39m
[33mn8n-core:test: [0m [32m✓[39m src/__tests__/storage.config.test.ts [2m([22m[2m16 tests[22m[2m)[22m[32m 8[2mms[22m[39m
[33mn8n-core:test: [0m [32m✓[39m src/binary-data/__tests__/binary-data.config.test.ts [2m([22m[2m12 tests[22m[2m)[22m[32m 71[2mms[22m[39m
[33mn8n-core:test: [0m [32m✓[39m src/execution-engine/partial-execution-utils/__tests__/filter-disabled-nodes.test.ts [2m([22m[2m3 tests[22m[2m)[22m[32m 27[2mms[22m[39m
[33mn8n-core:test: [0m [32m✓[39m src/execution-engine/node-execution-context/utils/__tests__/outbound-user-agent.integration.test.ts [2m([22m[2m8 tests[22m[2m)[22m[32m 67[2mms[22m[39m
[33mn8n-core:test: [0m [32m✓[39m src/execution-engine/__tests__/execution-lifecycle-hooks.test.ts [2m([22m[2m11 tests[22m[2m)[22m[32m 7[2mms[22m[39m
[33mn8n-core:test: [0m [32m✓[39m src/execution-engine/node-execution-context/__tests__/poll-context.test.ts [2m([22m[2m13 tests[22m[2m)[22m[32m 6[2mms[22m[39m
[33mn8n-core:test: [0m [32m✓[39m src/execution-engine/node-execution-context/__tests__/execute-single-context.test.ts [2m([22m[2m47 tests[22m[2m)[22m[32m 30[2mms[22m[39m
[33mn8n-core:test: [0m [32m✓[39m src/execution-engine/node-execution-context/utils/__tests__/normalize-items.test.ts [2m([22m[2m13 tests[22m[2m)[22m[32m 9[2mms[22m[39m
[33mn8n-core:test: [0m [32m✓[39m src/binary-data/__tests__/blob.manager.test.ts [2m([22m[2m12 tests[22m[2m)[22m[32m 8[2mms[22m[39m
[33mn8n-core:test: [0m [32m✓[39m src/execution-engine/node-execution-context/__tests__/load-options-context.test.ts [2m([22m[2m7 tests[22m[2m)[22m[32m 6[2mms[22m[39m
[33mn8n-core:test: [0m [32m✓[39m src/nodes-loader/__tests__/scan-directory-for-packages.test.ts [2m([22m[2m4 tests[22m[2m)[22m[32m 6[2mms[22m[39m
[33mn8n-core:test: [0m [32m✓[39m src/utils/__tests__/assertions.test.ts [2m([22m[2m8 tests[22m[2m)[22m[32m 4[2mms[22m[39m
[33mn8n-core:test: [0m [32m✓[39m src/execution-engine/node-execution-context/utils/request-helpers/__tests__/legacy-request-adapter.test.ts [2m([22m[2m9 tests[22m[2m)[22m[32m 5[2mms[22m[39m
[33mn8n-core:test: [0m [32m✓[39m src/utils/__tests__/hitl-callback-reference.test.ts [2m([22m[2m11 tests[22m[2m)[22m[32m 4[2mms[22m[39m
[33mn8n-core:test: [0m [32m✓[39m src/nodes-loader/__tests__/custom-directory-loader.hot-reload.test.ts [2m([22m[2m3 tests[22m[2m)[22m[32m 137[2mms[22m[39m
[33mn8n-core:test: [0m [32m✓[39m src/execution-engine/__tests__/external-secrets-proxy.test.ts [2m([22m[2m10 tests[22m[2m)[22m[32m 6[2mms[22m[39m
[33mn8n-core:test: [0m [32m✓[39m src/observability/tracing/__tests__/noop-tracing.test.ts [2m([22m[2m6 tests[22m[2m)[22m[32m 15[2mms[22m[39m
[33mn8n-core:test: [0m [32m✓[39m src/nodes-loader/__tests__/validate-node-description.test.ts [2m([22m[2m8 tests[22m[2m)[22m[32m 4[2mms[22m[39m
[33mn8n-core:test: [0m [32m✓[39m src/nodes-loader/__tests__/scan-directory-for-packages.fs.test.ts [2m([22m[2m3 tests[22m[2m)[22m[32m 20[2mms[22m[39m
[33mn8n-core:test: [0m [32m✓[39m src/execution-engine/node-execution-context/__tests__/hook-context.test.ts [2m([22m[2m8 tests[22m[2m)[22m[32m 21[2mms[22m[39m
[33mn8n-core:test: [0m [32m✓[39m src/__tests__/html-sandbox.test.ts [2m([22m[2m6 tests[22m[2m)[22m[32m 6[2mms[22m[39m
[33mn8n-core:test: [0m [32m✓[39m src/execution-engine/node-execution-context/utils/__tests__/ensure-type.test.ts [2m([22m[2m11 tests[22m[2m)[22m[32m 6[2mms[22m[39m
[33mn8n-core:test: [0m [32m✓[39m src/execution-engine/partial-execution-utils/__tests__/run-data-utils.test.ts [2m([22m[2m7 tests[22m[2m)[22m[32m 4[2mms[22m[39m
[33mn8n-core:test: [0m [32m✓[39m src/execution-engine/node-execution-context/utils/__tests__/get-secrets-proxy.test.ts [2m([22m[2m5 tests[22m[2m)[22m[32m 4[2mms[22m[39m
[33mn8n-core:test: [0m [32m✓[39m src/errors/__tests__/workflow-has-issues.error.test.ts [2m([22m[2m4 tests[22m[2m)[22m[32m 8[2mms[22m[39m
[33mn8n-core:test: [0m [32m✓[39m src/execution-engine/node-execution-context/utils/__tests__/construct-execution-metadata.test.ts [2m([22m[2m4 tests[22m[2m)[22m[32m 3[2mms[22m[39m
[33mn8n-core:test: [0m [32m✓[39m src/execution-engine/node-execution-context/utils/__tests__/credential-check-helper-functions.test.ts [2m([22m[2m2 tests[22m[2m)[22m[32m 3[2mms[22m[39m
[33mn8n-core:test: [0m [32m✓[39m src/execution-engine/node-execution-context/utils/__tests__/axios-utils.test.ts [2m([22m[2m12 tests[22m[2m)[22m[32m 13[2mms[22m[39m
[33mn8n-core:test: [0m [32m✓[39m src/execution-engine/node-execution-context/utils/request-helpers/__tests__/axios-error-stack.test.ts [2m([22m[2m2 tests[22m[2m)[22m[32m 4[2mms[22m[39m
[33mn8n-core:test: [0m [32m✓[39m src/execution-engine/node-execution-context/utils/__tests__/cleanup-parameter-data.test.ts [2m([22m[2m4 tests[22m[2m)[22m[32m 34[2mms[22m[39m
[33mn8n-core:test: [0m [32m✓[39m src/execution-engine/node-execution-context/__tests__/trigger-context.test.ts [2m([22m[2m7 tests[22m[2m)[22m[32m 12[2mms[22m[39m
[33mn8n-core:test: [0m [32m✓[39m src/execution-engine/node-execution-context/utils/__tests__/return-json-array.test.ts [2m([22m[2m5 tests[22m[2m)[22m[32m 3[2mms[22m[39m
[33mn8n-core:test: [0m [32m✓[39m src/nodes-loader/__tests__/load-class-in-isolation.test.ts [2m([22m[2m3 tests[22m[2m)[22m[32m 4[2mms[22m[39m
[33mn8n-core:test: [0m [32m✓[39m src/execution-engine/node-execution-context/utils/__tests__/scheduling-helper-functions.test.ts [2m([22m[2m3 tests[22m[2m)[22m[32m 9[2mms[22m[39m
[33mn8n-core:test: [0m [32m✓[39m src/execution-engine/node-execution-context/utils/__tests__/deduplication-helper-functions.test.ts [2m([22m[2m1 test[22m[2m)[22m[32m 1[2mms[22m[39m
[33mn8n-core:test: [0m [32m✓[39m src/utils/__tests__/serialized-buffer.test.ts [2m([22m[2m14 tests[22m[2m)[22m[32m 3[2mms[22m[39m
[33mn8n-core:test: [0m [32m✓[39m src/execution-engine/node-execution-context/utils/__tests__/copy-input-items.test.ts [2m([22m[2m6 tests[22m[2m)[22m[32m 4[2mms[22m[39m
[33mn8n-core:test: [0m [32m✓[39m src/binary-data/__tests__/binary-data-service.test.ts [2m([22m[2m6 tests[22m[2m)[22m[32m 6[2mms[22m[39m
[33mn8n-core:test: [0m [32m✓[39m src/execution-engine/partial-execution-utils/__tests__/to-itask-data.test.ts [2m([22m[2m1 test[22m[2m)[22m[32m 2[2mms[22m[39m
[33mn8n-core:test: [0m [32m✓[39m src/execution-engine/node-execution-context/__tests__/credentials-test-context.test.ts [2m([22m[2m3 tests[22m[2m)[22m[32m 3[2mms[22m[39m
[33mn8n-core:test: [0m [32m✓[39m src/execution-engine/node-execution-context/utils/__tests__/ssh-tunnel-helper-functions.test.ts [2m([22m[2m3 tests[22m[2m)[22m[32m 4[2mms[22m[39m
[33mn8n-core:test: [0m [32m✓[39m src/execution-engine/node-execution-context/utils/__tests__/extract-value.test.ts [2m([22m[2m1 test[22m[2m)[22m[32m 2[2mms[22m[39m
[33mn8n-core:test: [0m [32m✓[39m src/execution-engine/partial-execution-utils/__tests__/get-incoming-data.test.ts [2m([22m[2m1 test[22m[2m)[22m[32m 2[2mms[22m[39m
[33mn8n-core:test: [0m [32m✓[39m src/execution-engine/partial-execution-utils/__tests__/to-iconnections.test.ts [2m([22m[2m1 test[22m[2m)[22m[32m 1[2mms[22m[39m
[33mn8n-core:test: [0m
[33mn8n-core:test: [0m[2m Test Files [22m [1m[32m99 passed[39m[22m[90m (99)[39m
[33mn8n-core:test: [0m[2m      Tests [22m [1m[32m2058 passed[39m[22m[90m (2058)[39m
[33mn8n-core:test: [0m[2m   Start at [22m 13:25:51
[33mn8n-core:test: [0m[2m   Duration [22m 7.66s[2m (transform 6.51s, setup 1.23s, import 57.18s, tests 3.56s, environment 9ms)[22m
[33mn8n-core:test: [0m
[34m@n8n/task-runner:build: [0mcache hit, replaying logs [2m7f58fcd58f5d3e04[0m
[34m@n8n/task-runner:build: [0m
[34m@n8n/task-runner:build: [0m> @n8n/task-runner@2.36.0 build /Users/romeobalta/work/n8n/worktrees/nudge-manual-builders-to-aia/packages/@n8n/task-runner
[34m@n8n/task-runner:build: [0m> tsc -p ./tsconfig.build.json && tsc-alias -p tsconfig.build.json
[34m@n8n/task-runner:build: [0m
[36mn8n-node-dev:build: [0mcache hit, replaying logs [2ma675685419c861fa[0m
[36mn8n-node-dev:build: [0m
[36mn8n-node-dev:build: [0m> n8n-node-dev@2.9.0 build /Users/romeobalta/work/n8n/worktrees/nudge-manual-builders-to-aia/packages/node-dev
[36mn8n-node-dev:build: [0m> tsc --noEmit
[36mn8n-node-dev:build: [0m
[35mn8n-nodes-base:build: [0mcache hit, replaying logs [2m78dc5d3799b2fe6b[0m
[35mn8n-nodes-base:build: [0m
[35mn8n-nodes-base:build: [0m> n8n-nodes-base@2.36.0 build /Users/romeobalta/work/n8n/worktrees/nudge-manual-builders-to-aia/packages/nodes-base
[35mn8n-nodes-base:build: [0m> tsc --build tsconfig.build.cjs.json && pnpm copy-nodes-json && tsc-alias -p tsconfig.build.cjs.json && pnpm n8n-copy-static-files && pnpm n8n-generate-translations && pnpm n8n-generate-metadata && pnpm n8n-generate-node-defs
[35mn8n-nodes-base:build: [0m
[35mn8n-nodes-base:build: [0m../..                                    | [43m[30m WARN [39m[49m Unsupported engine: wanted: {"node":">=24.0.0"} (current: {"node":"v22.22.3","pnpm":"10.32.1"})
[35mn8n-nodes-base:build: [0m../@n8n/agents                           | [43m[30m WARN [39m[49m Unsupported engine: wanted: {"node":">=24.0.0"} (current: {"node":"v22.22.3","pnpm":"10.32.1"})
[35mn8n-nodes-base:build: [0m../@n8n/benchmark                        | [43m[30m WARN [39m[49m Unsupported engine: wanted: {"node":">=24.0.0"} (current: {"node":"v22.22.3","pnpm":"10.32.1"})
[35mn8n-nodes-base:build: [0m../cli                                   | [43m[30m WARN [39m[49m Unsupported engine: wanted: {"node":">=24.0.0"} (current: {"node":"v22.22.3","pnpm":"10.32.1"})
[35mn8n-nodes-base:build: [0m
[35mn8n-nodes-base:build: [0m> n8n-nodes-base@2.36.0 copy-nodes-json /Users/romeobalta/work/n8n/worktrees/nudge-manual-builders-to-aia/packages/nodes-base
[35mn8n-nodes-base:build: [0m> node scripts/copy-nodes-json.js .
[35mn8n-nodes-base:build: [0m
[35mn8n-nodes-base:build: [0m../..                                    | [43m[30m WARN [39m[49m Unsupported engine: wanted: {"node":">=24.0.0"} (current: {"node":"v22.22.3","pnpm":"10.32.1"})
[35mn8n-nodes-base:build: [0m../@n8n/agents                           | [43m[30m WARN [39m[49m Unsupported engine: wanted: {"node":">=24.0.0"} (current: {"node":"v22.22.3","pnpm":"10.32.1"})
[35mn8n-nodes-base:build: [0m../@n8n/benchmark                        | [43m[30m WARN [39m[49m Unsupported engine: wanted: {"node":">=24.0.0"} (current: {"node":"v22.22.3","pnpm":"10.32.1"})
[35mn8n-nodes-base:build: [0m../cli                                   | [43m[30m WARN [39m[49m Unsupported engine: wanted: {"node":">=24.0.0"} (current: {"node":"v22.22.3","pnpm":"10.32.1"})
[35mn8n-nodes-base:build: [0m../..                                    | [43m[30m WARN [39m[49m Unsupported engine: wanted: {"node":">=24.0.0"} (current: {"node":"v22.22.3","pnpm":"10.32.1"})
[35mn8n-nodes-base:build: [0m../@n8n/agents                           | [43m[30m WARN [39m[49m Unsupported engine: wanted: {"node":">=24.0.0"} (current: {"node":"v22.22.3","pnpm":"10.32.1"})
[35mn8n-nodes-base:build: [0m../@n8n/benchmark                        | [43m[30m WARN [39m[49m Unsupported engine: wanted: {"node":">=24.0.0"} (current: {"node":"v22.22.3","pnpm":"10.32.1"})
[35mn8n-nodes-base:build: [0m../cli                                   | [43m[30m WARN [39m[49m Unsupported engine: wanted: {"node":">=24.0.0"} (current: {"node":"v22.22.3","pnpm":"10.32.1"})
[35mn8n-nodes-base:build: [0m../..                                    | [43m[30m WARN [39m[49m Unsupported engine: wanted: {"node":">=24.0.0"} (current: {"node":"v22.22.3","pnpm":"10.32.1"})
[35mn8n-nodes-base:build: [0m../@n8n/agents                           | [43m[30m WARN [39m[49m Unsupported engine: wanted: {"node":">=24.0.0"} (current: {"node":"v22.22.3","pnpm":"10.32.1"})
[35mn8n-nodes-base:build: [0m../@n8n/benchmark                        | [43m[30m WARN [39m[49m Unsupported engine: wanted: {"node":">=24.0.0"} (current: {"node":"v22.22.3","pnpm":"10.32.1"})
[35mn8n-nodes-base:build: [0m../cli                                   | [43m[30m WARN [39m[49m Unsupported engine: wanted: {"node":">=24.0.0"} (current: {"node":"v22.22.3","pnpm":"10.32.1"})
[35mn8n-nodes-base:build: [0m../..                                    | [43m[30m WARN [39m[49m Unsupported engine: wanted: {"node":">=24.0.0"} (current: {"node":"v22.22.3","pnpm":"10.32.1"})
[35mn8n-nodes-base:build: [0m../@n8n/agents                           | [43m[30m WARN [39m[49m Unsupported engine: wanted: {"node":">=24.0.0"} (current: {"node":"v22.22.3","pnpm":"10.32.1"})
[35mn8n-nodes-base:build: [0m../@n8n/benchmark                        | [43m[30m WARN [39m[49m Unsupported engine: wanted: {"node":">=24.0.0"} (current: {"node":"v22.22.3","pnpm":"10.32.1"})
[35mn8n-nodes-base:build: [0m../cli                                   | [43m[30m WARN [39m[49m Unsupported engine: wanted: {"node":">=24.0.0"} (current: {"node":"v22.22.3","pnpm":"10.32.1"})
[35mn8n-nodes-base:build: [0mDefault locale set to: [35men[0m
[35mn8n-nodes-base:build: [0mNo translation required - Skipping translations build...
[35mn8n-nodes-base:build: [0m../..                                    | [43m[30m WARN [39m[49m Unsupported engine: wanted: {"node":">=24.0.0"} (current: {"node":"v22.22.3","pnpm":"10.32.1"})
[35mn8n-nodes-base:build: [0m../@n8n/agents                           | [43m[30m WARN [39m[49m Unsupported engine: wanted: {"node":">=24.0.0"} (current: {"node":"v22.22.3","pnpm":"10.32.1"})
[35mn8n-nodes-base:build: [0m../@n8n/benchmark                        | [43m[30m WARN [39m[49m Unsupported engine: wanted: {"node":">=24.0.0"} (current: {"node":"v22.22.3","pnpm":"10.32.1"})
[35mn8n-nodes-base:build: [0m../cli                                   | [43m[30m WARN [39m[49m Unsupported engine: wanted: {"node":">=24.0.0"} (current: {"node":"v22.22.3","pnpm":"10.32.1"})
[35mn8n-nodes-base:build: [0m../..                                    | [43m[30m WARN [39m[49m Unsupported engine: wanted: {"node":">=24.0.0"} (current: {"node":"v22.22.3","pnpm":"10.32.1"})
[35mn8n-nodes-base:build: [0m../@n8n/agents                           | [43m[30m WARN [39m[49m Unsupported engine: wanted: {"node":">=24.0.0"} (current: {"node":"v22.22.3","pnpm":"10.32.1"})
[35mn8n-nodes-base:build: [0m../@n8n/benchmark                        | [43m[30m WARN [39m[49m Unsupported engine: wanted: {"node":">=24.0.0"} (current: {"node":"v22.22.3","pnpm":"10.32.1"})
[35mn8n-nodes-base:build: [0m../cli                                   | [43m[30m WARN [39m[49m Unsupported engine: wanted: {"node":">=24.0.0"} (current: {"node":"v22.22.3","pnpm":"10.32.1"})
[35mn8n-nodes-base:build: [0m../..                                    | [43m[30m WARN [39m[49m Unsupported engine: wanted: {"node":">=24.0.0"} (current: {"node":"v22.22.3","pnpm":"10.32.1"})
[35mn8n-nodes-base:build: [0m../@n8n/agents                           | [43m[30m WARN [39m[49m Unsupported engine: wanted: {"node":">=24.0.0"} (current: {"node":"v22.22.3","pnpm":"10.32.1"})
[35mn8n-nodes-base:build: [0m../@n8n/benchmark                        | [43m[30m WARN [39m[49m Unsupported engine: wanted: {"node":">=24.0.0"} (current: {"node":"v22.22.3","pnpm":"10.32.1"})
[35mn8n-nodes-base:build: [0m../cli                                   | [43m[30m WARN [39m[49m Unsupported engine: wanted: {"node":">=24.0.0"} (current: {"node":"v22.22.3","pnpm":"10.32.1"})
[35mn8n-nodes-base:build: [0m../..                                    | [43m[30m WARN [39m[49m Unsupported engine: wanted: {"node":">=24.0.0"} (current: {"node":"v22.22.3","pnpm":"10.32.1"})
[35mn8n-nodes-base:build: [0m../@n8n/agents                           | [43m[30m WARN [39m[49m Unsupported engine: wanted: {"node":">=24.0.0"} (current: {"node":"v22.22.3","pnpm":"10.32.1"})
[35mn8n-nodes-base:build: [0m../@n8n/benchmark                        | [43m[30m WARN [39m[49m Unsupported engine: wanted: {"node":">=24.0.0"} (current: {"node":"v22.22.3","pnpm":"10.32.1"})
[35mn8n-nodes-base:build: [0m../cli                                   | [43m[30m WARN [39m[49m Unsupported engine: wanted: {"node":">=24.0.0"} (current: {"node":"v22.22.3","pnpm":"10.32.1"})
[35mn8n-nodes-base:build: [0mGenerated node definitions for 421 nodes in /Users/romeobalta/work/n8n/worktrees/nudge-manual-builders-to-aia/packages/nodes-base/dist/node-definitions
[32m@n8n/db:build: [0mcache hit, replaying logs [2m0c17cb3f59b37e0c[0m
[32m@n8n/db:build: [0m
[32m@n8n/db:build: [0m> @n8n/db@1.36.0 build /Users/romeobalta/work/n8n/worktrees/nudge-manual-builders-to-aia/packages/@n8n/db
[32m@n8n/db:build: [0m> pnpm gen:migration-index && tsc -p tsconfig.build.json
[32m@n8n/db:build: [0m
[32m@n8n/db:build: [0m../../..                                 | [43m[30m WARN [39m[49m Unsupported engine: wanted: {"node":">=24.0.0"} (current: {"node":"v22.22.3","pnpm":"10.32.1"})
[32m@n8n/db:build: [0m../agents                                | [43m[30m WARN [39m[49m Unsupported engine: wanted: {"node":">=24.0.0"} (current: {"node":"v22.22.3","pnpm":"10.32.1"})
[32m@n8n/db:build: [0m../benchmark                             | [43m[30m WARN [39m[49m Unsupported engine: wanted: {"node":">=24.0.0"} (current: {"node":"v22.22.3","pnpm":"10.32.1"})
[32m@n8n/db:build: [0m../../cli                                | [43m[30m WARN [39m[49m Unsupported engine: wanted: {"node":">=24.0.0"} (current: {"node":"v22.22.3","pnpm":"10.32.1"})
[32m@n8n/db:build: [0m
[32m@n8n/db:build: [0m> @n8n/db@1.36.0 gen:migration-index /Users/romeobalta/work/n8n/worktrees/nudge-manual-builders-to-aia/packages/@n8n/db
[32m@n8n/db:build: [0m> node scripts/generate-migration-index.mjs
[32m@n8n/db:build: [0m
[32m@n8n/db:build: [0mgenerated src/migrations/{sqlite,postgresdb}/index.ts
[33m@n8n/agents:test: [0mcache hit, replaying logs [2mc37e0e31f40a6ac7[0m
[33m@n8n/agents:test: [0m[43m[30m WARN [39m[49m Unsupported engine: wanted: {"node":">=24.0.0"} (current: {"node":"v22.22.3","pnpm":"10.32.1"})
[33m@n8n/agents:test: [0m
[33m@n8n/agents:test: [0m> @n8n/agents@0.21.0 test /Users/romeobalta/work/n8n/worktrees/nudge-manual-builders-to-aia/packages/@n8n/agents
[33m@n8n/agents:test: [0m> vitest run
[33m@n8n/agents:test: [0m
[33m@n8n/agents:test: [0m
[33m@n8n/agents:test: [0m[1m[30m[46m RUN [49m[39m[22m [36mv4.1.9 [39m[90m/Users/romeobalta/work/n8n/worktrees/nudge-manual-builders-to-aia/packages/@n8n/agents[39m
[33m@n8n/agents:test: [0m
[33m@n8n/agents:test: [0m [32m✓[39m src/runtime/__tests__/agent-runtime-conversion.test.ts [2m([22m[2m22 tests[22m[2m)[22m[32m 8[2mms[22m[39m
[33m@n8n/agents:test: [0m [32m✓[39m src/runtime/__tests__/model-factory.test.ts [2m([22m[2m44 tests[22m[2m)[22m[32m 15[2mms[22m[39m
[33m@n8n/agents:test: [0m [32m✓[39m src/runtime/__tests__/message-list.test.ts [2m([22m[2m27 tests[22m[2m)[22m[32m 12[2mms[22m[39m
[33m@n8n/agents:test: [0m [32m✓[39m src/runtime/__tests__/delegate-sub-agent-tool.test.ts [2m([22m[2m70 tests[22m[2m)[22m[32m 16[2mms[22m[39m
[33m@n8n/agents:test: [0m [32m✓[39m src/__tests__/workspace/sandbox/daytona-sandbox.test.ts [2m([22m[2m56 tests[22m[2m)[22m[32m 116[2mms[22m[39m
[33m@n8n/agents:test: [0m [32m✓[39m src/sdk/__tests__/tool.test.ts [2m([22m[2m22 tests[22m[2m)[22m[32m 8[2mms[22m[39m
[33m@n8n/agents:test: [0m [32m✓[39m src/runtime/__tests__/mcp-connection.test.ts [2m([22m[2m21 tests[22m[2m)[22m[32m 22[2mms[22m[39m
[33m@n8n/agents:test: [0m [32m✓[39m src/utils/__tests__/parse.test.ts [2m([22m[2m33 tests[22m[2m)[22m[32m 155[2mms[22m[39m
[33m@n8n/agents:test: [0m [32m✓[39m src/runtime/__tests__/runtime-telemetry.test.ts [2m([22m[2m31 tests[22m[2m)[22m[33m 588[2mms[22m[39m
[33m@n8n/agents:test: [0m     [33m[2m✓[22m[39m returns storeTypes: ['in_memory'] and storeNames from describe() for InMemoryMemory [33m 574[2mms[22m[39m
[33m@n8n/agents:test: [0m [32m✓[39m src/runtime/__tests__/observation-log-observer.test.ts [2m([22m[2m16 tests[22m[2m)[22m[32m 14[2mms[22m[39m
[33m@n8n/agents:test: [0m [32m✓[39m src/__tests__/workspace/workspace-tools.test.ts [2m([22m[2m25 tests[22m[2m)[22m[32m 22[2mms[22m[39m
[33m@n8n/agents:test: [0m [32m✓[39m src/runtime/__tests__/scoped-memory-task-runner.test.ts [2m([22m[2m12 tests[22m[2m)[22m[32m 25[2mms[22m[39m
[33m@n8n/agents:test: [0m [32m✓[39m src/runtime/model/__tests__/prompt-cache.test.ts [2m([22m[2m33 tests[22m[2m)[22m[32m 8[2mms[22m[39m
[33m@n8n/agents:test: [0m [32m✓[39m src/runtime/__tests__/episodic-memory.test.ts [2m([22m[2m30 tests[22m[2m)[22m[33m 463[2mms[22m[39m
[33m@n8n/agents:test: [0m     [33m[2m✓[22m[39m indexes new active observations and advances the cursor [33m 442[2mms[22m[39m
[33m@n8n/agents:test: [0m [32m✓[39m src/sdk/__tests__/guardrails.test.ts [2m([22m[2m40 tests[22m[2m)[22m[32m 9[2mms[22m[39m
[33m@n8n/agents:test: [0m [32m✓[39m src/runtime/__tests__/memory-orchestrator-persist-input.test.ts [2m([22m[2m17 tests[22m[2m)[22m[32m 18[2mms[22m[39m
[33m@n8n/agents:test: [0m [32m✓[39m src/sdk/__tests__/vector-store.test.ts [2m([22m[2m39 tests[22m[2m)[22m[32m 14[2mms[22m[39m
[33m@n8n/agents:test: [0m [32m✓[39m src/sdk/__tests__/catalog.test.ts [2m([22m[2m12 tests[22m[2m)[22m[32m 7[2mms[22m[39m
[33m@n8n/agents:test: [0m [32m✓[39m src/__tests__/workspace/workspace-integration.test.ts [2m([22m[2m24 tests[22m[2m)[22m[32m 20[2mms[22m[39m
[33m@n8n/agents:test: [0m [32m✓[39m src/sdk/__tests__/telemetry.test.ts [2m([22m[2m20 tests[22m[2m)[22m[32m 137[2mms[22m[39m
[33m@n8n/agents:test: [0m [32m✓[39m src/runtime/__tests__/tool-adapter.test.ts [2m([22m[2m21 tests[22m[2m)[22m[32m 10[2mms[22m[39m
[33m@n8n/agents:test: [0m [32m✓[39m src/__tests__/langsmith-telemetry.test.ts [2m([22m[2m6 tests[22m[2m)[22m[32m 157[2mms[22m[39m
[33m@n8n/agents:test: [0m [32m✓[39m src/skills/__tests__/runtime-skills.test.ts [2m([22m[2m20 tests[22m[2m)[22m[33m 424[2mms[22m[39m
[33m@n8n/agents:test: [0m     [33m[2m✓[22m[39m prepares the runtime skill source before injecting the agent skill catalog [33m 389[2mms[22m[39m
[33m@n8n/agents:test: [0m [32m✓[39m src/sdk/__tests__/inline-sub-agent-tools.test.ts [2m([22m[2m18 tests[22m[2m)[22m[33m 401[2mms[22m[39m
[33m@n8n/agents:test: [0m     [33m[2m✓[22m[39m wires provider-tool resolver through the public Agent delegate tool path [33m 386[2mms[22m[39m
[33m@n8n/agents:test: [0m [32m✓[39m src/__tests__/supabase-filter-translation.test.ts [2m([22m[2m13 tests[22m[2m)[22m[32m 7[2mms[22m[39m
[33m@n8n/agents:test: [0m [32m✓[39m src/__tests__/pinecone-filter-translation.test.ts [2m([22m[2m21 tests[22m[2m)[22m[32m 25[2mms[22m[39m
[33m@n8n/agents:test: [0m [32m✓[39m src/__tests__/workspace/base-sandbox.test.ts [2m([22m[2m26 tests[22m[2m)[22m[32m 12[2mms[22m[39m
[33m@n8n/agents:test: [0m [32m✓[39m src/sdk/__tests__/delegate-sub-agent-routing.test.ts [2m([22m[2m9 tests[22m[2m)[22m[33m 514[2mms[22m[39m
[33m@n8n/agents:test: [0m     [33m[2m✓[22m[39m routes inline delegations through a host runner with runInlineSubAgent helpers [33m 467[2mms[22m[39m
[33m@n8n/agents:test: [0m [32m✓[39m src/__tests__/workspace/workspace.test.ts [2m([22m[2m25 tests[22m[2m)[22m[32m 10[2mms[22m[39m
[33m@n8n/agents:test: [0m [32m✓[39m src/runtime/__tests__/crash-resume.test.ts [2m([22m[2m8 tests[22m[2m)[22m[33m 571[2mms[22m[39m
[33m@n8n/agents:test: [0m     [33m[2m✓[22m[39m persists a running checkpoint at every step boundary and resumes after a crash [33m 486[2mms[22m[39m
[33m@n8n/agents:test: [0m [32m✓[39m src/runtime/__tests__/provider-quirks.test.ts [2m([22m[2m25 tests[22m[2m)[22m[32m 4[2mms[22m[39m
[33m@n8n/agents:test: [0m [32m✓[39m src/__tests__/workspace/base-filesystem.test.ts [2m([22m[2m15 tests[22m[2m)[22m[32m 6[2mms[22m[39m
[33m@n8n/agents:test: [0m [32m✓[39m src/__tests__/workspace/sandbox/n8n-sandbox-sandbox.test.ts [2m([22m[2m16 tests[22m[2m)[22m[32m 104[2mms[22m[39m
[33m@n8n/agents:test: [0m [32m✓[39m src/runtime/__tests__/file-parts.test.ts [2m([22m[2m14 tests[22m[2m)[22m[32m 6[2mms[22m[39m
[33m@n8n/agents:test: [0m [32m✓[39m src/runtime/__tests__/observation-log-reflector.test.ts [2m([22m[2m15 tests[22m[2m)[22m[33m 659[2mms[22m[39m
[33m@n8n/agents:test: [0m     [33m[2m✓[22m[39m does not persist secret values echoed by the reflector into merged observations [33m 642[2mms[22m[39m
[33m@n8n/agents:test: [0m [32m✓[39m src/runtime/__tests__/fix-tool-call.test.ts [2m([22m[2m23 tests[22m[2m)[22m[32m 4[2mms[22m[39m
[33m@n8n/agents:test: [0m [32m✓[39m src/__tests__/workspace/sandbox/daytona-auth-manager.test.ts [2m([22m[2m12 tests[22m[2m)[22m[32m 7[2mms[22m[39m
[33m@n8n/agents:test: [0m [32m✓[39m src/runtime/__tests__/stream.test.ts [2m([22m[2m13 tests[22m[2m)[22m[32m 6[2mms[22m[39m
[33m@n8n/agents:test: [0m [32m✓[39m src/runtime/__tests__/title-generation.test.ts [2m([22m[2m17 tests[22m[2m)[22m[32m 5[2mms[22m[39m
[33m@n8n/agents:test: [0m [32m✓[39m src/__tests__/workspace/sandbox/create-workspace.test.ts [2m([22m[2m12 tests[22m[2m)[22m[32m 5[2mms[22m[39m
[33m@n8n/agents:test: [0m [32m✓[39m src/sdk/__tests__/from-json-config.test.ts [2m([22m[2m10 tests[22m[2m)[22m[32m 5[2mms[22m[39m
[33m@n8n/agents:test: [0m [32m✓[39m src/runtime/__tests__/episodic-memory-defaults.test.ts [2m([22m[2m5 tests[22m[2m)[22m[32m 28[2mms[22m[39m
[33m@n8n/agents:test: [0m [32m✓[39m src/utils/__tests__/json-schema.test.ts [2m([22m[2m11 tests[22m[2m)[22m[32m 7[2mms[22m[39m
[33m@n8n/agents:test: [0m [32m✓[39m src/__tests__/workspace/sandbox/workspace-root.test.ts [2m([22m[2m10 tests[22m[2m)[22m[32m 5[2mms[22m[39m
[33m@n8n/agents:test: [0m [32m✓[39m src/workspace/__tests__/scoped-workspace.test.ts [2m([22m[2m5 tests[22m[2m)[22m[32m 5[2mms[22m[39m
[33m@n8n/agents:test: [0m [32m✓[39m src/runtime/streaming/__tests__/stream-stall.test.ts [2m([22m[2m7 tests[22m[2m)[22m[32m 16[2mms[22m[39m
[33m@n8n/agents:test: [0m [32m✓[39m src/runtime/__tests__/write-todos-tool.test.ts [2m([22m[2m6 tests[22m[2m)[22m[32m 5[2mms[22m[39m
[33m@n8n/agents:test: [0m [32m✓[39m src/runtime/__tests__/strip-orphaned-tool-messages.test.ts [2m([22m[2m5 tests[22m[2m)[22m[32m 7[2mms[22m[39m
[33m@n8n/agents:test: [0m [32m✓[39m src/runtime/__tests__/observation-log-renderer.test.ts [2m([22m[2m5 tests[22m[2m)[22m[32m 11[2mms[22m[39m
[33m@n8n/agents:test: [0m [32m✓[39m src/runtime/__tests__/inmemory-messages.test.ts [2m([22m[2m6 tests[22m[2m)[22m[32m 5[2mms[22m[39m
[33m@n8n/agents:test: [0m [32m✓[39m src/__tests__/workspace/sandbox/n8n-sandbox-filesystem.test.ts [2m([22m[2m5 tests[22m[2m)[22m[32m 5[2mms[22m[39m
[33m@n8n/agents:test: [0m [32m✓[39m src/runtime/__tests__/runtime-telemetry.otel.test.ts [2m([22m[2m2 tests[22m[2m)[22m[32m 7[2mms[22m[39m
[33m@n8n/agents:test: [0m [32m✓[39m src/sdk/__tests__/abort.test.ts [2m([22m[2m11 tests[22m[2m)[22m[32m 5[2mms[22m[39m
[33m@n8n/agents:test: [0m [32m✓[39m src/runtime/__tests__/observation-log-store.test.ts [2m([22m[2m6 tests[22m[2m)[22m[33m 446[2mms[22m[39m
[33m@n8n/agents:test: [0m     [33m[2m✓[22m[39m persists marker-based active observations with default mechanics [33m 441[2mms[22m[39m
[33m@n8n/agents:test: [0m [32m✓[39m src/runtime/__tests__/memory-orchestrator-history.test.ts [2m([22m[2m5 tests[22m[2m)[22m[33m 520[2mms[22m[39m
[33m@n8n/agents:test: [0m     [33m[2m✓[22m[39m honors the cursor (loads only post-cursor messages) when an observation log exists [33m 515[2mms[22m[39m
[33m@n8n/agents:test: [0m [32m✓[39m src/__tests__/workspace/tool-result-storage.test.ts [2m([22m[2m3 tests[22m[2m)[22m[32m 6[2mms[22m[39m
[33m@n8n/agents:test: [0m [32m✓[39m src/sdk/__tests__/memory-builder-observational.test.ts [2m([22m[2m13 tests[22m[2m)[22m[33m 437[2mms[22m[39m
[33m@n8n/agents:test: [0m     [33m[2m✓[22m[39m passes resolved observational memory config into the runtime [33m 432[2mms[22m[39m
[33m@n8n/agents:test: [0m [32m✓[39m src/__tests__/workspace/lifecycle.test.ts [2m([22m[2m8 tests[22m[2m)[22m[32m 4[2mms[22m[39m
[33m@n8n/agents:test: [0m [32m✓[39m src/sdk/__tests__/memory-builder-episodic.test.ts [2m([22m[2m5 tests[22m[2m)[22m[33m 438[2mms[22m[39m
[33m@n8n/agents:test: [0m     [33m[2m✓[22m[39m resolves episodic memory defaults from the agent model [33m 436[2mms[22m[39m
[33m@n8n/agents:test: [0m [32m✓[39m src/runtime/__tests__/runtime-helpers.test.ts [2m([22m[2m10 tests[22m[2m)[22m[32m 4[2mms[22m[39m
[33m@n8n/agents:test: [0m [32m✓[39m src/sdk/__tests__/agent-isolated-runtime.test.ts [2m([22m[2m5 tests[22m[2m)[22m[33m 458[2mms[22m[39m
[33m@n8n/agents:test: [0m     [33m[2m✓[22m[39m keeps result state bound to the runtime that produced it [33m 444[2mms[22m[39m
[33m@n8n/agents:test: [0m [32m✓[39m src/runtime/model/__tests__/raw-usage.test.ts [2m([22m[2m8 tests[22m[2m)[22m[32m 4[2mms[22m[39m
[33m@n8n/agents:test: [0m [32m✓[39m src/runtime/telemetry/__tests__/sub-agent-telemetry.test.ts [2m([22m[2m4 tests[22m[2m)[22m[32m 135[2mms[22m[39m
[33m@n8n/agents:test: [0m [32m✓[39m src/runtime/__tests__/event-bus.test.ts [2m([22m[2m7 tests[22m[2m)[22m[32m 7[2mms[22m[39m
[33m@n8n/agents:test: [0m [32m✓[39m src/runtime/__tests__/background-task-tracker.test.ts [2m([22m[2m6 tests[22m[2m)[22m[32m 15[2mms[22m[39m
[33m@n8n/agents:test: [0m [32m✓[39m src/runtime/__tests__/agent-runtime-memory.otel.test.ts [2m([22m[2m2 tests[22m[2m)[22m[33m 510[2mms[22m[39m
[33m@n8n/agents:test: [0m     [33m[2m✓[22m[39m nests query_memory (history load) and save_memory (eager input persist) under the generate root span [33m 455[2mms[22m[39m
[33m@n8n/agents:test: [0m [32m✓[39m src/sdk/__tests__/message.test.ts [2m([22m[2m7 tests[22m[2m)[22m[32m 2[2mms[22m[39m
[33m@n8n/agents:test: [0m [32m✓[39m src/runtime/__tests__/sub-agent-task-path.test.ts [2m([22m[2m6 tests[22m[2m)[22m[32m 6[2mms[22m[39m
[33m@n8n/agents:test: [0m [32m✓[39m src/__tests__/qdrant-point-id.test.ts [2m([22m[2m8 tests[22m[2m)[22m[32m 4[2mms[22m[39m
[33m@n8n/agents:test: [0m [32m✓[39m src/sdk/__tests__/cancellation.test.ts [2m([22m[2m10 tests[22m[2m)[22m[32m 3[2mms[22m[39m
[33m@n8n/agents:test: [0m [32m✓[39m src/runtime/streaming/__tests__/stream-session.test.ts [2m([22m[2m1 test[22m[2m)[22m[32m 3[2mms[22m[39m
[33m@n8n/agents:test: [0m [32m✓[39m src/runtime/__tests__/run-state.test.ts [2m([22m[2m3 tests[22m[2m)[22m[32m 2[2mms[22m[39m
[33m@n8n/agents:test: [0m [32m✓[39m src/runtime/loop/__tests__/runtime-helpers.test.ts [2m([22m[2m3 tests[22m[2m)[22m[32m 2[2mms[22m[39m
[33m@n8n/agents:test: [0m [32m✓[39m src/runtime/loop/__tests__/runtime-context.test.ts [2m([22m[2m5 tests[22m[2m)[22m[32m 2[2mms[22m[39m
[33m@n8n/agents:test: [0m [32m✓[39m src/sdk/__tests__/agent-mcp-validation.test.ts [2m([22m[2m6 tests[22m[2m)[22m[32m 14[2mms[22m[39m
[33m@n8n/agents:test: [0m [32m✓[39m src/__tests__/workspace/sandbox/provider.test.ts [2m([22m[2m8 tests[22m[2m)[22m[32m 2[2mms[22m[39m
[33m@n8n/agents:test: [0m [32m✓[39m src/sdk/__tests__/mcp-client.test.ts [2m([22m[2m6 tests[22m[2m)[22m[32m 2[2mms[22m[39m
[33m@n8n/agents:test: [0m [32m✓[39m src/__tests__/agent-configuration.test.ts [2m([22m[2m8 tests[22m[2m)[22m[32m 3[2mms[22m[39m
[33m@n8n/agents:test: [0m [32m✓[39m src/sdk/__tests__/tool-name-collisions.test.ts [2m([22m[2m7 tests[22m[2m)[22m[32m 4[2mms[22m[39m
[33m@n8n/agents:test: [0m [32m✓[39m src/runtime/__tests__/planner-todos-tool.test.ts [2m([22m[2m3 tests[22m[2m)[22m[32m 4[2mms[22m[39m
[33m@n8n/agents:test: [0m [32m✓[39m src/sdk/__tests__/agent-reasoning.test.ts [2m([22m[2m1 test[22m[2m)[22m[32m 2[2mms[22m[39m
[33m@n8n/agents:test: [0m [32m✓[39m src/sdk/__tests__/agent-telemetry.test.ts [2m([22m[2m1 test[22m[2m)[22m[32m 233[2mms[22m[39m
[33m@n8n/agents:test: [0m [32m✓[39m src/runtime/__tests__/model-token-counter.test.ts [2m([22m[2m2 tests[22m[2m)[22m[33m 587[2mms[22m[39m
[33m@n8n/agents:test: [0m     [33m[2m✓[22m[39m selects the encoding for the model family [33m 584[2mms[22m[39m
[33m@n8n/agents:test: [0m [32m✓[39m src/runtime/__tests__/agent-runtime.test.ts [2m([22m[2m232 tests[22m[2m | [22m[33m1 skipped[39m[2m)[22m[33m 3902[2mms[22m[39m
[33m@n8n/agents:test: [0m     [33m[2m✓[22m[39m counts one fresh generate turn and token usage [33m 472[2mms[22m[39m
[33m@n8n/agents:test: [0m     [33m[2m✓[22m[39m schedules observation after a persisted stream turn [33m 893[2mms[22m[39m
[33m@n8n/agents:test: [0m       [33m[2m✓[22m[39m completes terminal runs when result cleanup hangs [33m 1001[2mms[22m[39m
[33m@n8n/agents:test: [0m
[33m@n8n/agents:test: [0m[2m Test Files [22m [1m[32m84 passed[39m[22m[90m (84)[39m
[33m@n8n/agents:test: [0m[2m      Tests [22m [1m[32m1409 passed[39m[22m[2m | [22m[33m1 skipped[39m[90m (1410)[39m
[33m@n8n/agents:test: [0m[2m   Start at [22m 13:25:43
[33m@n8n/agents:test: [0m[2m   Duration [22m 5.55s[2m (transform 7.78s, setup 0ms, import 23.58s, tests 12.48s, environment 6ms)[22m
[33m@n8n/agents:test: [0m
[34m@n8n/instance-ai:build: [0mcache hit, replaying logs [2m16f0651ff4c51109[0m
[34m@n8n/instance-ai:build: [0m
[34m@n8n/instance-ai:build: [0m> @n8n/instance-ai@1.21.0 build /Users/romeobalta/work/n8n/worktrees/nudge-manual-builders-to-aia/packages/@n8n/instance-ai
[34m@n8n/instance-ai:build: [0m> tsc -p ./tsconfig.build.json && tsc-alias -p tsconfig.build.json
[34m@n8n/instance-ai:build: [0m
[36m@n8n/ai-node-sdk:test: [0mcache hit, replaying logs [2m9aee54ea8ead4ed3[0m
[36m@n8n/ai-node-sdk:test: [0m
[36m@n8n/ai-node-sdk:test: [0m> @n8n/ai-node-sdk@0.26.0 test /Users/romeobalta/work/n8n/worktrees/nudge-manual-builders-to-aia/packages/@n8n/ai-node-sdk
[36m@n8n/ai-node-sdk:test: [0m> vitest run --passWithNoTests
[36m@n8n/ai-node-sdk:test: [0m
[36m@n8n/ai-node-sdk:test: [0m
[36m@n8n/ai-node-sdk:test: [0m[1m[30m[46m RUN [49m[39m[22m [36mv4.1.9 [39m[90m/Users/romeobalta/work/n8n/worktrees/nudge-manual-builders-to-aia/packages/@n8n/ai-node-sdk[39m
[36m@n8n/ai-node-sdk:test: [0m
[36m@n8n/ai-node-sdk:test: [0mNo test files found, exiting with code 0
[36m@n8n/ai-node-sdk:test: [0m
[36m@n8n/ai-node-sdk:test: [0m[2minclude: [22m[33m**/*.{test,spec}.?(c|m)[jt]s?(x)[39m
[36m@n8n/ai-node-sdk:test: [0m[2mexclude:  [22m[33m**/node_modules/**[2m, [22m**/.git/**[39m
[36m@n8n/ai-node-sdk:test: [0m
[35m@n8n/node-cli:build: [0mcache hit, replaying logs [2m339c0f686ec24016[0m
[35m@n8n/node-cli:build: [0m
[35m@n8n/node-cli:build: [0m> @n8n/node-cli@0.45.0 build /Users/romeobalta/work/n8n/worktrees/nudge-manual-builders-to-aia/packages/@n8n/node-cli
[35m@n8n/node-cli:build: [0m> tsc -p tsconfig.build.json && pnpm copy-templates
[35m@n8n/node-cli:build: [0m
[35m@n8n/node-cli:build: [0m../../..                                 | [43m[30m WARN [39m[49m Unsupported engine: wanted: {"node":">=24.0.0"} (current: {"node":"v22.22.3","pnpm":"10.32.1"})
[35m@n8n/node-cli:build: [0m../agents                                | [43m[30m WARN [39m[49m Unsupported engine: wanted: {"node":">=24.0.0"} (current: {"node":"v22.22.3","pnpm":"10.32.1"})
[35m@n8n/node-cli:build: [0m../benchmark                             | [43m[30m WARN [39m[49m Unsupported engine: wanted: {"node":">=24.0.0"} (current: {"node":"v22.22.3","pnpm":"10.32.1"})
[35m@n8n/node-cli:build: [0m../../cli                                | [43m[30m WARN [39m[49m Unsupported engine: wanted: {"node":">=24.0.0"} (current: {"node":"v22.22.3","pnpm":"10.32.1"})
[35m@n8n/node-cli:build: [0m
[35m@n8n/node-cli:build: [0m> @n8n/node-cli@0.45.0 copy-templates /Users/romeobalta/work/n8n/worktrees/nudge-manual-builders-to-aia/packages/@n8n/node-cli
[35m@n8n/node-cli:build: [0m> node scripts/copy-templates.mjs
[35m@n8n/node-cli:build: [0m
[32mn8n-editor-ui:test: [0mcache miss, executing [2mfe2f0e31ea7a7884[0m
[32mn8n-editor-ui:test: [0m
[32mn8n-editor-ui:test: [0m> n8n-editor-ui@2.36.0 test /Users/romeobalta/work/n8n/worktrees/nudge-manual-builders-to-aia/packages/frontend/editor-ui
[32mn8n-editor-ui:test: [0m> vitest run
[32mn8n-editor-ui:test: [0m
[32mn8n-editor-ui:test: [0m
[32mn8n-editor-ui:test: [0m[1m[30m[46m RUN [49m[39m[22m [36mv4.1.9 [39m[90m/Users/romeobalta/work/n8n/worktrees/nudge-manual-builders-to-aia/packages/frontend/editor-ui[39m
[32mn8n-editor-ui:test: [0m
[32mn8n-editor-ui:test: [0m [32m✓[39m src/features/credentials/components/NodeCredentials.test.ts [2m([22m[2m87 tests[22m[2m)[22m[33m 8735[2mms[22m[39m
[32mn8n-editor-ui:test: [0m [32m✓[39m src/features/ai/assistant/builder.store.test.ts [2m([22m[2m166 tests[22m[2m)[22m[33m 13065[2mms[22m[39m
[32mn8n-editor-ui:test: [0m       [33m[2m✓[22m[39m should not show revertVersion on user message during streaming [33m 526[2mms[22m[39m
[32mn8n-editor-ui:test: [0m       [33m[2m✓[22m[39m should NOT show browser notification when notifications are not enabled [33m 392[2mms[22m[39m
[32mn8n-editor-ui:test: [0m       [33m[2m✓[22m[39m storeGeneratedPinData merges multiple calls [33m 357[2mms[22m[39m
[32mn8n-editor-ui:test: [0m [32m✓[39m src/features/settings/sso/views/SettingsSso.test.ts [2m([22m[2m26 tests[22m[2m)[22m[33m 9997[2mms[22m[39m
[32mn8n-editor-ui:test: [0m       [33m[2m✓[22m[39m allows user to fill Identity Provider's URL [33m 745[2mms[22m[39m
[32mn8n-editor-ui:test: [0m       [33m[2m✓[22m[39m allows user to fill Identity Provider's XML [33m 333[2mms[22m[39m
[32mn8n-editor-ui:test: [0m       [33m[2m✓[22m[39m test button sends metadataUrl when in URL mode without saving [33m 760[2mms[22m[39m
[32mn8n-editor-ui:test: [0m       [33m[2m✓[22m[39m test button sends metadata XML when in XML mode without saving [33m 384[2mms[22m[39m
[32mn8n-editor-ui:test: [0m       [33m[2m✓[22m[39m should ensure the url does not support invalid protocols like mailto [33m 320[2mms[22m[39m
[32mn8n-editor-ui:test: [0m       [33m[2m✓[22m[39m allows user to save OIDC config [33m 646[2mms[22m[39m
[32mn8n-editor-ui:test: [0m       [33m[2m✓[22m[39m includes the RP-initiated logout setting in the saved OIDC config [33m 836[2mms[22m[39m
[32mn8n-editor-ui:test: [0m       [33m[2m✓[22m[39m shows error message to user when OIDC config save fails [33m 552[2mms[22m[39m
[32mn8n-editor-ui:test: [0m       [33m[2m✓[22m[39m should save only rules and not SSO config when SAML is managed by env and mapping method is rules_in_n8n [33m 380[2mms[22m[39m
[32mn8n-editor-ui:test: [0m       [33m[2m✓[22m[39m should save only rules and not SSO config when OIDC is managed by env and mapping method is rules_in_n8n [33m 521[2mms[22m[39m
[32mn8n-editor-ui:test: [0m       [33m[2m✓[22m[39m should show updated banner text when mapping method is rules_in_n8n [33m 449[2mms[22m[39m
[32mn8n-editor-ui:test: [0m       [33m[2m✓[22m[39m should not persist protocol selection to store until save is clicked [33m 382[2mms[22m[39m
[32mn8n-editor-ui:test: [0m       [33m[2m✓[22m[39m should persist SAML protocol selection to store only after successful save [33m 565[2mms[22m[39m
[32mn8n-editor-ui:test: [0m       [33m[2m✓[22m[39m should persist OIDC protocol selection to store only after successful save [33m 625[2mms[22m[39m
[32mn8n-editor-ui:test: [0m       [33m[2m✓[22m[39m should show correct conditional content based on local protocol selection, not store [33m 466[2mms[22m[39m
[32mn8n-editor-ui:test: [0m [32m✓[39m src/features/ai/instanceAi/onboarding/InstanceAiOnboardingWizard.test.ts [2m([22m[2m25 tests[22m[2m)[22m[33m 15683[2mms[22m[39m
[32mn8n-editor-ui:test: [0m     [33m[2m✓[22m[39m verifies and saves a model connection before advancing [33m 1605[2mms[22m[39m
[32mn8n-editor-ui:test: [0m     [33m[2m✓[22m[39m verifies an environment-managed model without sending a connection [33m 1795[2mms[22m[39m
[32mn8n-editor-ui:test: [0m     [33m[2m✓[22m[39m verifies and saves an n8n Sandbox connection [33m 1680[2mms[22m[39m
[32mn8n-editor-ui:test: [0m     [33m[2m✓[22m[39m selects and assigns an existing Daytona credential in settings [33m 340[2mms[22m[39m
[32mn8n-editor-ui:test: [0m     [33m[2m✓[22m[39m confirms an environment-managed sandbox and enables it [33m 1594[2mms[22m[39m
[32mn8n-editor-ui:test: [0m     [33m[2m✓[22m[39m records disabled web search without calling verification [33m 1645[2mms[22m[39m
[32mn8n-editor-ui:test: [0m     [33m[2m✓[22m[39m accepts environment-managed search without sending or saving credentials [33m 1606[2mms[22m[39m
[32mn8n-editor-ui:test: [0m     [33m[2m✓[22m[39m verifies and saves a searxng search connection [33m 1932[2mms[22m[39m
[32mn8n-editor-ui:test: [0m     [33m[2m✓[22m[39m verifies and saves a brave search connection [33m 1579[2mms[22m[39m
[32mn8n-editor-ui:test: [0m [32m✓[39m src/features/roles/project/ProjectRoleView.test.ts [2m([22m[2m39 tests[22m[2m)[22m[33m 20380[2mms[22m[39m
[32mn8n-editor-ui:test: [0m       [33m[2m✓[22m[39m should create new role when form is submitted [33m 821[2mms[22m[39m
[32mn8n-editor-ui:test: [0m       [33m[2m✓[22m[39m should handle creation error [33m 400[2mms[22m[39m
[32mn8n-editor-ui:test: [0m       [33m[2m✓[22m[39m should show a validation error and not call the API when name is shorter than 2 characters [33m 369[2mms[22m[39m
[32mn8n-editor-ui:test: [0m       [33m[2m✓[22m[39m should fetch and display existing role when roleSlug is provided [33m 470[2mms[22m[39m
[32mn8n-editor-ui:test: [0m       [33m[2m✓[22m[39m should handle fetch role error [33m 376[2mms[22m[39m
[32mn8n-editor-ui:test: [0m       [33m[2m✓[22m[39m should update existing role when form is submitted [33m 756[2mms[22m[39m
[32mn8n-editor-ui:test: [0m       [33m[2m✓[22m[39m should handle update error [33m 739[2mms[22m[39m
[32mn8n-editor-ui:test: [0m       [33m[2m✓[22m[39m should render all scope types with checkboxes [33m 403[2mms[22m[39m
[32mn8n-editor-ui:test: [0m       [33m[2m✓[22m[39m should toggle scope when checkbox is clicked [33m 391[2mms[22m[39m
[32mn8n-editor-ui:test: [0m       [33m[2m✓[22m[39m should show validation asterisk for required field [33m 323[2mms[22m[39m
[32mn8n-editor-ui:test: [0m         [33m[2m✓[22m[39m should render discard changes and save buttons when editing existing role [33m 672[2mms[22m[39m
[32mn8n-editor-ui:test: [0m         [33m[2m✓[22m[39m should disable discard changes and save buttons when no unsaved changes [33m 550[2mms[22m[39m
[32mn8n-editor-ui:test: [0m         [33m[2m✓[22m[39m should enable discard changes and save buttons when there are unsaved changes [33m 1141[2mms[22m[39m
[32mn8n-editor-ui:test: [0m         [33m[2m✓[22m[39m should reset form to initial state when discard changes is clicked [33m 793[2mms[22m[39m
[32mn8n-editor-ui:test: [0m         [33m[2m✓[22m[39m should call handleSubmit when save button is clicked [33m 867[2mms[22m[39m
[32mn8n-editor-ui:test: [0m         [33m[2m✓[22m[39m should render only create button when creating new role [33m 379[2mms[22m[39m
[32mn8n-editor-ui:test: [0m         [33m[2m✓[22m[39m should call handleSubmit when create button is clicked [33m 763[2mms[22m[39m
[32mn8n-editor-ui:test: [0m       [33m[2m✓[22m[39m should disable buttons when form matches initial state [33m 323[2mms[22m[39m
[32mn8n-editor-ui:test: [0m       [33m[2m✓[22m[39m should enable buttons when displayName is changed [33m 878[2mms[22m[39m
[32mn8n-editor-ui:test: [0m       [33m[2m✓[22m[39m should enable buttons when description is changed [33m 1146[2mms[22m[39m
[32mn8n-editor-ui:test: [0m       [33m[2m✓[22m[39m should enable buttons when scopes are changed [33m 1084[2mms[22m[39m
[32mn8n-editor-ui:test: [0m       [33m[2m✓[22m[39m should auto-check workflow:read when workflow:execute is checked and workflow:read is unchecked [33m 326[2mms[22m[39m
[32mn8n-editor-ui:test: [0m       [33m[2m✓[22m[39m should auto-uncheck workflow:execute when workflow:read is unchecked [33m 404[2mms[22m[39m
[32mn8n-editor-ui:test: [0m       [33m[2m✓[22m[39m should show secrets checkboxes when roleBasedAccess is on [33m 476[2mms[22m[39m
[32mn8n-editor-ui:test: [0m       [33m[2m✓[22m[39m should handle empty description [33m 737[2mms[22m[39m
[32mn8n-editor-ui:test: [0m       [33m[2m✓[22m[39m should update roles array after successful creation [33m 499[2mms[22m[39m
[32mn8n-editor-ui:test: [0m       [33m[2m✓[22m[39m does not forward non-assignable scopes seeded from the default template on create [33m 556[2mms[22m[39m
[32mn8n-editor-ui:test: [0m       [33m[2m✓[22m[39m does not forward non-assignable scopes when applying an existing role as a preset [33m 990[2mms[22m[39m
[32mn8n-editor-ui:test: [0m [32m✓[39m src/app/composables/useCanvasOperations.test.ts [2m([22m[2m238 tests[22m[2m)[22m[33m 21542[2mms[22m[39m
[32mn8n-editor-ui:test: [0m       [33m[2m✓[22m[39m should include nodeGroups when all group members are copied [33m 423[2mms[22m[39m
[32mn8n-editor-ui:test: [0m       [33m[2m✓[22m[39m should not call removeTestWebhook if executionWaitingForWebhook is false [33m 309[2mms[22m[39m
[32mn8n-editor-ui:test: [0m         [33m[2m✓[22m[39m should replace an existing node and track history [33m 795[2mms[22m[39m
[32mn8n-editor-ui:test: [0m [32m✓[39m src/features/execution/executions/components/ExecutionsFilter.test.ts [2m([22m[2m26 tests[22m[2m)[22m[33m 5942[2mms[22m[39m
[32mn8n-editor-ui:test: [0m     [33m[2m✓[22m[39m telemetry sent only once after component is mounted [33m 597[2mms[22m[39m
[32mn8n-editor-ui:test: [0m     [33m[2m✓[22m[39m renders in development environment on default deployment with advancedExecutionFilters false [33m 412[2mms[22m[39m
[32mn8n-editor-ui:test: [0m     [33m[2m✓[22m[39m state change [33m 376[2mms[22m[39m
[32mn8n-editor-ui:test: [0m       [33m[2m✓[22m[39m should fetch versions only once across multiple popover opens after success [33m 343[2mms[22m[39m
[32mn8n-editor-ui:test: [0m       [33m[2m✓[22m[39m should retry fetching versions after a failed attempt [33m 504[2mms[22m[39m
[32mn8n-editor-ui:test: [0m [32m✓[39m src/features/agents/__tests__/AgentBuilderView.test.ts [2m([22m[2m107 tests[22m[2m)[22m[33m 35237[2mms[22m[39m
[32mn8n-editor-ui:test: [0m     [33m[2m✓[22m[39m renders the manual editor without an agents-page build chat [33m 30271[2mms[22m[39m
[32mn8n-editor-ui:test: [0m     [33m[2m✓[22m[39m persists a route-backed agent only after its first configuration change [33m 590[2mms[22m[39m
[32mn8n-editor-ui:test: [0m       [33m[2m✓[22m[39m creates the pending agent once and refreshes validation after the first save [33m 523[2mms[22m[39m
[32mn8n-editor-ui:test: [0m       [33m[2m✓[22m[39m persists the icon and gradient with the first save, so a new agent keeps them [33m 522[2mms[22m[39m
[32mn8n-editor-ui:test: [0m       [33m[2m✓[22m[39m reports the agent so the host can stop treating the artifact as pending [33m 528[2mms[22m[39m
[32mn8n-editor-ui:test: [0m [32m✓[39m src/features/credentials/components/CredentialEdit/CredentialEdit.test.ts [2m([22m[2m38 tests[22m[2m)[22m[33m 5902[2mms[22m[39m
[32mn8n-editor-ui:test: [0m     [33m[2m✓[22m[39m shows the save button when credentialId is null [33m 311[2mms[22m[39m
[32mn8n-editor-ui:test: [0m     [33m[2m✓[22m[39m should show Sign in with Google for 'valid credential' data [33m 311[2mms[22m[39m
[32mn8n-editor-ui:test: [0m       [33m[2m✓[22m[39m shows Custom Scopes and dependent fields when credential is not managed [33m 473[2mms[22m[39m
[32mn8n-editor-ui:test: [0m       [33m[2m✓[22m[39m keeps the modal open after a successful OAuth callback by default [33m 405[2mms[22m[39m
[32mn8n-editor-ui:test: [0m       [33m[2m✓[22m[39m reveals the connect banner without saving once missing required fields are filled [33m 422[2mms[22m[39m
[32mn8n-editor-ui:test: [0m [32m✓[39m src/features/integrations/secretsProviders.ee/views/SettingsSecretsProviders.test.ts [2m([22m[2m14 tests[22m[2m)[22m[33m 6443[2mms[22m[39m
[32mn8n-editor-ui:test: [0m     [33m[2m✓[22m[39m should render paywall state when there is no license [33m 546[2mms[22m[39m
[32mn8n-editor-ui:test: [0m     [33m[2m✓[22m[39m should render licensed content [33m 459[2mms[22m[39m
[32mn8n-editor-ui:test: [0m     [33m[2m✓[22m[39m should show loading state when fetching data [33m 419[2mms[22m[39m
[32mn8n-editor-ui:test: [0m     [33m[2m✓[22m[39m should show empty state when licensed with no active providers [33m 423[2mms[22m[39m
[32mn8n-editor-ui:test: [0m     [33m[2m✓[22m[39m should render provider cards when there are active providers [33m 437[2mms[22m[39m
[32mn8n-editor-ui:test: [0m     [33m[2m✓[22m[39m should render multiple provider cards [33m 426[2mms[22m[39m
[32mn8n-editor-ui:test: [0m     [33m[2m✓[22m[39m should call fetch methods on mount when enterprise is enabled [33m 414[2mms[22m[39m
[32mn8n-editor-ui:test: [0m     [33m[2m✓[22m[39m should not call fetch methods on mount when enterprise is disabled [33m 435[2mms[22m[39m
[32mn8n-editor-ui:test: [0m     [33m[2m✓[22m[39m should render content within licensed section when enterprise is enabled [33m 429[2mms[22m[39m
[32mn8n-editor-ui:test: [0m       [33m[2m✓[22m[39m should call reloadConnection and fetchConnection on success [33m 548[2mms[22m[39m
[32mn8n-editor-ui:test: [0m       [33m[2m✓[22m[39m should show error toast when reload returns success false [33m 475[2mms[22m[39m
[32mn8n-editor-ui:test: [0m       [33m[2m✓[22m[39m should show error toast when reload fails [33m 479[2mms[22m[39m
[32mn8n-editor-ui:test: [0m       [33m[2m✓[22m[39m should call activateConnection, fetchConnection and show success toast on success [33m 464[2mms[22m[39m
[32mn8n-editor-ui:test: [0m       [33m[2m✓[22m[39m should show error toast and not fetch connection when activation fails [33m 474[2mms[22m[39m
[32mn8n-editor-ui:test: [0m [32m✓[39m src/features/core/auth/views/SettingsPersonalView.test.ts [2m([22m[2m13 tests[22m[2m)[22m[33m 6281[2mms[22m[39m
[32mn8n-editor-ui:test: [0m     [33m[2m✓[22m[39m should enable email and pw change [33m 545[2mms[22m[39m
[32mn8n-editor-ui:test: [0m       [33m[2m✓[22m[39m should disable save button when theme has not been changed [33m 468[2mms[22m[39m
[32mn8n-editor-ui:test: [0m       [33m[2m✓[22m[39m should enable save button when theme is changed [33m 496[2mms[22m[39m
[32mn8n-editor-ui:test: [0m       [33m[2m✓[22m[39m should not update theme after changing the selected theme [33m 471[2mms[22m[39m
[32mn8n-editor-ui:test: [0m       [33m[2m✓[22m[39m should commit the theme change after clicking save [33m 492[2mms[22m[39m
[32mn8n-editor-ui:test: [0m       [33m[2m✓[22m[39m should not be disabled for the instance owner [33m 458[2mms[22m[39m
[32mn8n-editor-ui:test: [0m       [33m[2m✓[22m[39m should be disabled for members [33m 452[2mms[22m[39m
[32mn8n-editor-ui:test: [0m       [33m[2m✓[22m[39m should let a member configure MFA while hiding password change [33m 450[2mms[22m[39m
[32mn8n-editor-ui:test: [0m     [33m[2m✓[22m[39m should show Default user role information with tooltip [33m 485[2mms[22m[39m
[32mn8n-editor-ui:test: [0m     [33m[2m✓[22m[39m should show Member user role information with tooltip [33m 456[2mms[22m[39m
[32mn8n-editor-ui:test: [0m     [33m[2m✓[22m[39m should show Admin user role information with tooltip [33m 454[2mms[22m[39m
[32mn8n-editor-ui:test: [0m     [33m[2m✓[22m[39m should show Owner user role information with tooltip [33m 547[2mms[22m[39m
[32mn8n-editor-ui:test: [0m     [33m[2m✓[22m[39m should show Owner user role information with tooltip [33m 498[2mms[22m[39m
[32mn8n-editor-ui:test: [0m [32m✓[39m src/features/workflows/canvas/components/Canvas.test.ts [2m([22m[2m79 tests[22m[2m)[22m[33m 5885[2mms[22m[39m
[32mn8n-editor-ui:test: [0m [32m✓[39m src/features/workflows/workflowDiff/WorkflowDiffModal.test.ts [2m([22m[2m28 tests[22m[2m)[22m[33m 3365[2mms[22m[39m
[32mn8n-editor-ui:test: [0m [32m✓[39m src/features/integrations/sourceControl.ee/views/SettingsSourceControl.test.ts [2m([22m[2m29 tests[22m[2m)[22m[33m 32235[2mms[22m[39m
[32mn8n-editor-ui:test: [0m     [33m[2m✓[22m[39m should render paywall state when there is no license [33m 479[2mms[22m[39m
[32mn8n-editor-ui:test: [0m     [33m[2m✓[22m[39m should render licensed content [33m 502[2mms[22m[39m
[32mn8n-editor-ui:test: [0m     [33m[2m✓[22m[39m should disable the connection form while preferences are loading [33m 476[2mms[22m[39m
[32mn8n-editor-ui:test: [0m     [33m[2m✓[22m[39m should render user flow happy path [33m 3668[2mms[22m[39m
[32mn8n-editor-ui:test: [0m       [33m[2m✓[22m[39m should show SSH-specific fields when SSH protocol is selected [33m 999[2mms[22m[39m
[32mn8n-editor-ui:test: [0m       [33m[2m✓[22m[39m should show HTTPS-specific fields when HTTPS protocol is selected [33m 1077[2mms[22m[39m
[32mn8n-editor-ui:test: [0m         [33m[2m✓[22m[39m git@github.com:user/repository.git [33m 1098[2mms[22m[39m
[32mn8n-editor-ui:test: [0m         [33m[2m✓[22m[39m git@github.enterprise.com:org-name/repo-name.git [33m 1191[2mms[22m[39m
[32mn8n-editor-ui:test: [0m         [33m[2m✓[22m[39m git@192.168.1.101:2222:user/repo.git [33m 1080[2mms[22m[39m
[32mn8n-editor-ui:test: [0m         [33m[2m✓[22m[39m git@github.com:user/repo.git/path/to/subdir [33m 1166[2mms[22m[39m
[32mn8n-editor-ui:test: [0m         [33m[2m✓[22m[39m git@{[}2001:db8:100:f101:210:a4ff:fee3:9566]:user/repo.git [33m 1319[2mms[22m[39m
[32mn8n-editor-ui:test: [0m         [33m[2m✓[22m[39m git@github.com:org/suborg/repo.git [33m 1007[2mms[22m[39m
[32mn8n-editor-ui:test: [0m         [33m[2m✓[22m[39m git@github.com:user-name/repo-name.git [33m 1093[2mms[22m[39m
[32mn8n-editor-ui:test: [0m         [33m[2m✓[22m[39m git@github.com:user_name/repo_name.git [33m 1042[2mms[22m[39m
[32mn8n-editor-ui:test: [0m         [33m[2m✓[22m[39m git@github.com:user/repository [33m 1080[2mms[22m[39m
[32mn8n-editor-ui:test: [0m         [33m[2m✓[22m[39m git@github.enterprise.com:org-name/repo-name [33m 1412[2mms[22m[39m
[32mn8n-editor-ui:test: [0m         [33m[2m✓[22m[39m git@192.168.1.101:2222:user/repo [33m 1091[2mms[22m[39m
[32mn8n-editor-ui:test: [0m         [33m[2m✓[22m[39m git@ssh.dev.azure.com:v3/User/repo/directory [33m 1016[2mms[22m[39m
[32mn8n-editor-ui:test: [0m         [33m[2m✓[22m[39m ssh://git@mydomain.example:2224/gitolite-admin [33m 1121[2mms[22m[39m
[32mn8n-editor-ui:test: [0m         [33m[2m✓[22m[39m gituser@192.168.1.1:ABC/Repo4.git [33m 1030[2mms[22m[39m
[32mn8n-editor-ui:test: [0m         [33m[2m✓[22m[39m root@192.168.1.1/repo.git [33m 929[2mms[22m[39m
[32mn8n-editor-ui:test: [0m         [33m[2m✓[22m[39m http://github.com/user/repository [33m 963[2mms[22m[39m
[32mn8n-editor-ui:test: [0m         [33m[2m✓[22m[39m https://github.com/user/repository [33m 984[2mms[22m[39m
[32mn8n-editor-ui:test: [0m         [33m[2m✓[22m[39m git@gitlab.com:something.net/n8n.git [33m 1001[2mms[22m[39m
[32mn8n-editor-ui:test: [0m         [33m[2m✓[22m[39m user.name@github.com:user/repository.git [33m 998[2mms[22m[39m
[32mn8n-editor-ui:test: [0m         [33m[2m✓[22m[39m git@github.com:user/repository.git [33m 1018[2mms[22m[39m
[32mn8n-editor-ui:test: [0m         [33m[2m✓[22m[39m git@github.enterprise.com:org-name/repo-name.git [33m 1123[2mms[22m[39m
[32mn8n-editor-ui:test: [0m         [33m[2m✓[22m[39m http://github.com/user/repository [33m 1156[2mms[22m[39m
[32mn8n-editor-ui:test: [0m         [33m[2m✓[22m[39m https://github.com/user/repository.git [33m 1100[2mms[22m[39m
[32mn8n-editor-ui:test: [0m [32m✓[39m src/features/integrations/sourceControl.ee/components/SourceControlPushModal.test.ts [2m([22m[2m25 tests[22m[2m)[22m[33m 5369[2mms[22m[39m
[32mn8n-editor-ui:test: [0m     [33m[2m✓[22m[39m should toggle checkboxes [33m 351[2mms[22m[39m
[32mn8n-editor-ui:test: [0m       [33m[2m✓[22m[39m should filter data tables by name [33m 592[2mms[22m[39m
[32mn8n-editor-ui:test: [0m       [33m[2m✓[22m[39m should filter by name [33m 560[2mms[22m[39m
[32mn8n-editor-ui:test: [0m       [33m[2m✓[22m[39m should build folder filter options in hierarchical sorted order [33m 374[2mms[22m[39m
[32mn8n-editor-ui:test: [0m       [33m[2m✓[22m[39m should filter workflow by project [33m 446[2mms[22m[39m
[32mn8n-editor-ui:test: [0m       [33m[2m✓[22m[39m should reset [33m 547[2mms[22m[39m
[32mn8n-editor-ui:test: [0m [32m✓[39m src/features/execution/insights/components/InsightsDashboard.test.ts [2m([22m[2m29 tests[22m[2m)[22m[33m 5910[2mms[22m[39m
[32mn8n-editor-ui:test: [0m       [33m[2m✓[22m[39m should update the selected time range [33m 305[2mms[22m[39m
[32mn8n-editor-ui:test: [0m       [33m[2m✓[22m[39m should combine project filter with date range changes [33m 629[2mms[22m[39m
[32mn8n-editor-ui:test: [0m       [33m[2m✓[22m[39m should maintain project filter when insight type changes [33m 447[2mms[22m[39m
[32mn8n-editor-ui:test: [0m       [33m[2m✓[22m[39m should show an error and revert to all projects when the selected project is forbidden [33m 317[2mms[22m[39m
[32mn8n-editor-ui:test: [0m [32m✓[39m src/features/collaboration/projects/views/ProjectSettings.test.ts [2m([22m[2m39 tests[22m[2m)[22m[33m 5029[2mms[22m[39m
[32mn8n-editor-ui:test: [0m     [33m[2m✓[22m[39m deletes project with transfer or wipe based on modal selection [33m 490[2mms[22m[39m
[32mn8n-editor-ui:test: [0m       [33m[2m✓[22m[39m marks dirty, cancels reset, and saves via Enter and button [33m 348[2mms[22m[39m
[32mn8n-editor-ui:test: [0m       [33m[2m✓[22m[39m prevents invalid save and shows error on failed save [33m 385[2mms[22m[39m
[32mn8n-editor-ui:test: [0m [32m✓[39m src/features/execution/logs/components/LogsPanel.test.ts [2m([22m[2m27 tests[22m[2m)[22m[33m 5719[2mms[22m[39m
[32mn8n-editor-ui:test: [0m     [33m[2m✓[22m[39m should render only output panel of selected node by default [33m 394[2mms[22m[39m
[32mn8n-editor-ui:test: [0m     [33m[2m✓[22m[39m should render both input and output panel of selected node by default if it is sub node [33m 360[2mms[22m[39m
[32mn8n-editor-ui:test: [0m     [33m[2m✓[22m[39m should open log details panel when a log entry is clicked in the logs overview panel [33m 316[2mms[22m[39m
[32mn8n-editor-ui:test: [0m     [33m[2m✓[22m[39m should show the button to toggle panel in the header of log details panel when it's opened [33m 404[2mms[22m[39m
[32mn8n-editor-ui:test: [0m     [33m[2m✓[22m[39m should reflect changes to execution data in workflow store if execution is in progress [33m 458[2mms[22m[39m
[32mn8n-editor-ui:test: [0m     [33m[2m✓[22m[39m should still show logs for a removed node [33m 332[2mms[22m[39m
[32mn8n-editor-ui:test: [0m       [33m[2m✓[22m[39m should allow to select previous and next row via keyboard shortcut [33m 398[2mms[22m[39m
[32mn8n-editor-ui:test: [0m [32m✓[39m src/app/components/MainHeader/WorkflowHeaderDraftPublishActions.test.ts [2m([22m[2m84 tests[22m[2m)[22m[33m 4457[2mms[22m[39m
[32mn8n-editor-ui:test: [0m       [33m[2m✓[22m[39m hands off from the submit dialog to the update-review dialog on conflict [33m 313[2mms[22m[39m
[32mn8n-editor-ui:test: [0m       [33m[2m✓[22m[39m shows the success toast and confirmation after a review is submitted [33m 363[2mms[22m[39m
[32mn8n-editor-ui:test: [0m [32m✓[39m src/features/ai/instanceAi/__tests__/InstanceAiInput.test.ts [2m([22m[2m42 tests[22m[2m)[22m[33m 4915[2mms[22m[39m
[32mn8n-editor-ui:test: [0m     [33m[2m✓[22m[39m shows a ghost prompt in the placeholder when hovering a prompt suggestion [33m 413[2mms[22m[39m
[32mn8n-editor-ui:test: [0m     [33m[2m✓[22m[39m tracks an inserted suggestion as modified when the inserted prompt is edited before submit [33m 499[2mms[22m[39m
[32mn8n-editor-ui:test: [0m     [33m[2m✓[22m[39m does not track an inserted suggestion as submitted after the inserted prompt is cleared and replaced [33m 473[2mms[22m[39m
[32mn8n-editor-ui:test: [0m     [33m[2m✓[22m[39m submits typed text and attachments from the send button [33m 450[2mms[22m[39m
[32mn8n-editor-ui:test: [0m     [33m[2m✓[22m[39m does not restore a submitted draft over newer composer content [33m 310[2mms[22m[39m
[32mn8n-editor-ui:test: [0m     [33m[2m✓[22m[39m uses plan edit mode for focused plan feedback [33m 434[2mms[22m[39m
[32mn8n-editor-ui:test: [0m     [33m[2m✓[22m[39m clears the ghost prompt when suggestions become hidden [33m 342[2mms[22m[39m
[32mn8n-editor-ui:test: [0m [32m✓[39m src/features/ndv/parameters/components/FixedCollection/FixedCollectionParameterNew.test.ts [2m([22m[2m32 tests[22m[2m)[22m[33m 5017[2mms[22m[39m
[32mn8n-editor-ui:test: [0m       [33m[2m✓[22m[39m keeps revealed optional fields with their own item after a reorder [33m 965[2mms[22m[39m
[32mn8n-editor-ui:test: [0m       [33m[2m✓[22m[39m keeps revealed optional fields with their own item after an earlier item is deleted [33m 885[2mms[22m[39m
[32mn8n-editor-ui:test: [0m       [33m[2m✓[22m[39m emits valueChanged when toggling an optional value on [33m 323[2mms[22m[39m
[32mn8n-editor-ui:test: [0m [32m✓[39m src/features/ndv/parameters/components/ParameterInput.test.ts [2m([22m[2m56 tests[22m[2m)[22m[33m 4526[2mms[22m[39m
[32mn8n-editor-ui:test: [0m     [33m[2m✓[22m[39m should render an options parameter (select) [33m 452[2mms[22m[39m
[32mn8n-editor-ui:test: [0m     [33m[2m✓[22m[39m should show error when workflow selector has archived workflow selected [33m 376[2mms[22m[39m
[32mn8n-editor-ui:test: [0m [32m✓[39m src/features/ai/instanceAi/__tests__/InstanceAiThreadView.test.ts [2m([22m[2m67 tests[22m[2m)[22m[33m 6230[2mms[22m[39m
[32mn8n-editor-ui:test: [0mError: Not implemented: navigation (except hash changes)
[32mn8n-editor-ui:test: [0m    at module.exports (/Users/romeobalta/work/n8n/worktrees/nudge-manual-builders-to-aia/node_modules/.pnpm/jsdom@23.0.1_bufferutil@4.0.9_utf-8-validate@5.0.10/node_modules/jsdom/lib/jsdom/browser/not-implemented.js:9:17)
[32mn8n-editor-ui:test: [0m    at navigateFetch (/Users/romeobalta/work/n8n/worktrees/nudge-manual-builders-to-aia/node_modules/.pnpm/jsdom@23.0.1_bufferutil@4.0.9_utf-8-validate@5.0.10/node_modules/jsdom/lib/jsdom/living/window/navigation.js:77:3)
[32mn8n-editor-ui:test: [0m    at exports.navigate (/Users/romeobalta/work/n8n/worktrees/nudge-manual-builders-to-aia/node_modules/.pnpm/jsdom@23.0.1_bufferutil@4.0.9_utf-8-validate@5.0.10/node_modules/jsdom/lib/jsdom/living/window/navigation.js:55:3)
[32mn8n-editor-ui:test: [0m    at LocationImpl._locationObjectNavigate (/Users/romeobalta/work/n8n/worktrees/nudge-manual-builders-to-aia/node_modules/.pnpm/jsdom@23.0.1_bufferutil@4.0.9_utf-8-validate@5.0.10/node_modules/jsdom/lib/jsdom/living/window/Location-impl.js:31:5)
[32mn8n-editor-ui:test: [0m    at LocationImpl._locationObjectSetterNavigate (/Users/romeobalta/work/n8n/worktrees/nudge-manual-builders-to-aia/node_modules/.pnpm/jsdom@23.0.1_bufferutil@4.0.9_utf-8-validate@5.0.10/node_modules/jsdom/lib/jsdom/living/window/Location-impl.js:25:17)
[32mn8n-editor-ui:test: [0m    at LocationImpl.set href [as href] (/Users/romeobalta/work/n8n/worktrees/nudge-manual-builders-to-aia/node_modules/.pnpm/jsdom@23.0.1_bufferutil@4.0.9_utf-8-validate@5.0.10/node_modules/jsdom/lib/jsdom/living/window/Location-impl.js:47:10)
[32mn8n-editor-ui:test: [0m    at Location.set href [as href] (/Users/romeobalta/work/n8n/worktrees/nudge-manual-builders-to-aia/node_modules/.pnpm/jsdom@23.0.1_bufferutil@4.0.9_utf-8-validate@5.0.10/node_modules/jsdom/lib/jsdom/living/generated/Location.js:125:37)
[32mn8n-editor-ui:test: [0m    at handleSessionExpired (/Users/romeobalta/work/n8n/worktrees/nudge-manual-builders-to-aia/packages/frontend/editor-ui/src/app/utils/handleSessionExpired.ts:56:18) [90mundefined[39m
[32mn8n-editor-ui:test: [0m [32m✓[39m src/features/settings/environments.ee/environments.test.ts [2m([22m[2m8 tests[22m[2m)[22m[33m 4547[2mms[22m[39m
[32mn8n-editor-ui:test: [0m         [33m[2m✓[22m[39m should fetch all variables [33m 437[2mms[22m[39m
[32mn8n-editor-ui:test: [0m         [33m[2m✓[22m[39m should list all variables excluding different project variable [33m 414[2mms[22m[39m
[32mn8n-editor-ui:test: [0m         [33m[2m✓[22m[39m should list all variables with a current project set matching variable [33m 408[2mms[22m[39m
[32mn8n-editor-ui:test: [0m         [33m[2m✓[22m[39m should store a new variable [33m 811[2mms[22m[39m
[32mn8n-editor-ui:test: [0m         [33m[2m✓[22m[39m should update an existing variable [33m 816[2mms[22m[39m
[32mn8n-editor-ui:test: [0m         [33m[2m✓[22m[39m should delete an existing variable [33m 813[2mms[22m[39m
[32mn8n-editor-ui:test: [0m         [33m[2m✓[22m[39m should return variables as a key-value object [33m 408[2mms[22m[39m
[32mn8n-editor-ui:test: [0m     [33m[2m✓[22m[39m should let a project variable override a same-key global regardless of order [33m 413[2mms[22m[39m
[32mn8n-editor-ui:test: [0m [31m❯[39m src/app/router.test.ts [2m([22m[2m50 tests[22m[2m | [22m[31m1 failed[39m[2m)[22m[33m 44391[2mms[22m[39m
[32mn8n-editor-ui:test: [0m[31m     [31m×[31m should resolve / to WorkflowsView[39m[33m 20012[2mms[22m[39m
[32mn8n-editor-ui:test: [0m     [33m[2m✓[22m[39m should resolve /workflows to WorkflowsView [33m 14683[2mms[22m[39m
[32mn8n-editor-ui:test: [0m     [32m✓[39m should resolve /workflow to NodeViewExisting[32m 19[2mms[22m[39m
[32mn8n-editor-ui:test: [0m     [32m✓[39m should resolve /workflow/new to NodeViewExisting[32m 5[2mms[22m[39m
[32mn8n-editor-ui:test: [0m     [32m✓[39m should resolve /workflow/R9JFXwkUCL1jZBuw to NodeViewExisting[32m 11[2mms[22m[39m
[32mn8n-editor-ui:test: [0m     [32m✓[39m should resolve /workflow/R9JFXwkUCL1jZBuw/myNodeId to NodeViewExisting[32m 11[2mms[22m[39m
[32mn8n-editor-ui:test: [0m     [32m✓[39m should resolve /workflow/R9JFXwkUCL1jZBuw/398-1ewq213 to NodeViewExisting[32m 4[2mms[22m[39m
[32mn8n-editor-ui:test: [0m     [33m[2m✓[22m[39m should resolve /workflow/R9JFXwkUCL1jZBuw/executions/29021 to ExecutionPreview [33m 1685[2mms[22m[39m
[32mn8n-editor-ui:test: [0m     [32m✓[39m should resolve /workflows/templates/R9JFXwkUCL1jZBuw to WorkflowTemplate[32m 6[2mms[22m[39m
[32mn8n-editor-ui:test: [0m     [32m✓[39m should resolve /workflows/demo to WorkflowDemo[32m 6[2mms[22m[39m
[32mn8n-editor-ui:test: [0m     [32m✓[39m should redirect /workflow/R9JFXwkUCL1jZBuw/debug/29021 to WorkflowsView if user does not have permissions[32m 10[2mms[22m[39m
[32mn8n-editor-ui:test: [0m     [32m✓[39m should resolve /workflow/R9JFXwkUCL1jZBuw/debug/29021 to ExecutionDebug if user has permissions[32m 12[2mms[22m[39m
[32mn8n-editor-ui:test: [0m     [33m[2m✓[22m[39m should resolve /workflow/8IFYawZ9dKqJu8sT/history to WorkflowHistory (available to all users) [33m 2068[2mms[22m[39m
[32mn8n-editor-ui:test: [0m     [32m✓[39m should resolve /workflow/8IFYawZ9dKqJu8sT/history/6513ed960252b846f3792f0c to WorkflowHistory (available to all users)[32m 5[2mms[22m[39m
[32mn8n-editor-ui:test: [0m     [32m✓[39m should resolve /settings/users to WorkflowsView with  user permissions[32m 4[2mms[22m[39m
[32mn8n-editor-ui:test: [0m     [33m[2m✓[22m[39m should resolve /settings/users to UsersSettings with user:create,user:update user permissions [33m 1210[2mms[22m[39m
[32mn8n-editor-ui:test: [0m     [32m✓[39m should resolve /settings/environments to WorkflowsView with  user permissions[32m 10[2mms[22m[39m
[32mn8n-editor-ui:test: [0m     [32m✓[39m should resolve /settings/environments to SourceControl with sourceControl:manage user permissions[32m 25[2mms[22m[39m
[32mn8n-editor-ui:test: [0m     [32m✓[39m should resolve /settings/external-secrets to WorkflowsView with  user permissions[32m 11[2mms[22m[39m
[32mn8n-editor-ui:test: [0m     [33m[2m✓[22m[39m should resolve /settings/external-secrets to ExternalSecretsSettings with externalSecretsProvider:list,externalSecretsProvider:update user permissions [33m 378[2mms[22m[39m
[32mn8n-editor-ui:test: [0m     [32m✓[39m should resolve /settings/sso to WorkflowsView with  user permissions[32m 3[2mms[22m[39m
[32mn8n-editor-ui:test: [0m     [32m✓[39m should resolve /settings/sso to SSoSettings with saml:manage user permissions[32m 173[2mms[22m[39m
[32mn8n-editor-ui:test: [0m     [32m✓[39m should resolve /settings/log-streaming to WorkflowsView with  user permissions[32m 13[2mms[22m[39m
[32mn8n-editor-ui:test: [0m     [32m✓[39m should resolve /settings/log-streaming to LogStreamingSettingsView with logStreaming:manage user permissions[32m 251[2mms[22m[39m
[32mn8n-editor-ui:test: [0m     [32m✓[39m should resolve /settings/community-nodes to WorkflowsView with  user permissions[32m 3[2mms[22m[39m
[32mn8n-editor-ui:test: [0m     [33m[2m✓[22m[39m should resolve /settings/community-nodes to CommunityNodes with communityPackage:list,communityPackage:update user permissions [33m 345[2mms[22m[39m
[32mn8n-editor-ui:test: [0m     [32m✓[39m should resolve /settings/ldap to WorkflowsView with  user permissions[32m 3[2mms[22m[39m
[32mn8n-editor-ui:test: [0m     [32m✓[39m should resolve /settings/ldap to LdapSettings with ldap:manage user permissions[32m 254[2mms[22m[39m
[32mn8n-editor-ui:test: [0m     [32m✓[39m should resolve /settings/security to WorkflowsView with  user permissions[32m 4[2mms[22m[39m
[32mn8n-editor-ui:test: [0m     [32m✓[39m should resolve /settings/security to SecuritySettings with securitySettings:manage user permissions[32m 114[2mms[22m[39m
[32mn8n-editor-ui:test: [0m     [32m✓[39m should resolve /settings/resolvers to WorkflowsView with  user permissions (resolvers)[32m 4[2mms[22m[39m
[32mn8n-editor-ui:test: [0m     [32m✓[39m should resolve /settings/resolvers to WorkflowsView with credentialResolver:read,credentialResolver:list user permissions (resolvers)[32m 3[2mms[22m[39m
[32mn8n-editor-ui:test: [0m     [32m✓[39m should resolve /settings/resolvers to Resolvers with credentialResolver:read,credentialResolver:list,credentialResolver:create,credentialResolver:update,credentialResolver:delete user permissions (resolvers)[32m 42[2mms[22m[39m
[32mn8n-editor-ui:test: [0m     [32m✓[39m should redirect Settings to PersonalSettings[32m 10[2mms[22m[39m
[32mn8n-editor-ui:test: [0m     [33m[2m✓[22m[39m should redirect Settings to Usage [33m 532[2mms[22m[39m
[32mn8n-editor-ui:test: [0m     [32m✓[39m should block n8n Connect settings for Cloud UBB[32m 4[2mms[22m[39m
[32mn8n-editor-ui:test: [0m       [33m[2m✓[22m[39m allows enrolled users to reach the resource center view [33m 512[2mms[22m[39m
[32mn8n-editor-ui:test: [0m       [32m✓[39m redirects control users away from the resource center view[32m 5[2mms[22m[39m
[32mn8n-editor-ui:test: [0m       [32m✓[39m redirects users with no flag away from the resource center view[32m 5[2mms[22m[39m
[32mn8n-editor-ui:test: [0m       [32m✓[39m waits for delayed flag hydration before allowing enrolled users through[32m 16[2mms[22m[39m
[32mn8n-editor-ui:test: [0m       [32m✓[39m redirects to /instance-ai when module is active, enabled, and user has instanceAi:message[32m 5[2mms[22m[39m
[32mn8n-editor-ui:test: [0m       [32m✓[39m falls back to /home/workflows when admin has disabled the module[32m 4[2mms[22m[39m
[32mn8n-editor-ui:test: [0m       [32m✓[39m falls back to /home/workflows when user lacks instanceAi:message scope[32m 3[2mms[22m[39m
[32mn8n-editor-ui:test: [0m       [32m✓[39m falls back to /home/workflows when the module is not active[32m 4[2mms[22m[39m
[32mn8n-editor-ui:test: [0m       [33m[2m✓[22m[39m redirects /settings/project-roles to the Roles shell (project tab) [33m 327[2mms[22m[39m
[32mn8n-editor-ui:test: [0m       [32m✓[39m redirects /settings/instance-roles to the Roles shell (instance tab)[32m 15[2mms[22m[39m
[32mn8n-editor-ui:test: [0m     [32m✓[39m should set props: true for PROJECT_ROLE_SETTINGS route[32m 3[2mms[22m[39m
[32mn8n-editor-ui:test: [0m       [33m[2m✓[22m[39m reloads to sign-in when a REST call to the app backend comes back 401 [33m 875[2mms[22m[39m
[32mn8n-editor-ui:test: [0m       [33m[2m✓[22m[39m still settles the navigation and runs the normal permission checks, instead of leaving it unresolved [33m 629[2mms[22m[39m
[32mn8n-editor-ui:test: [0m       [32m✓[39m redirects to sign-in instead of authorizing the route the check didn't complete for[32m 15[2mms[22m[39m
[32mn8n-editor-ui:test: [0m [32m✓[39m src/features/ai/instanceAi/__tests__/SettingsInstanceAiView.test.ts [2m([22m[2m36 tests[22m[2m)[22m[33m 4810[2mms[22m[39m
[32mn8n-editor-ui:test: [0m       [33m[2m✓[22m[39m chains missing setup steps while keeping settings-style actions [33m 621[2mms[22m[39m
[32mn8n-editor-ui:test: [0m       [33m[2m✓[22m[39m persists a permission change from an expanded group [33m 317[2mms[22m[39m
[32mn8n-editor-ui:test: [0m [32m✓[39m src/features/settings/otel/SettingsOpenTelemetryView.test.ts [2m([22m[2m33 tests[22m[2m)[22m[33m 4906[2mms[22m[39m
[32mn8n-editor-ui:test: [0m     [33m[2m✓[22m[39m updates exporterHeaders in the store when typing a header key [33m 326[2mms[22m[39m
[32mn8n-editor-ui:test: [0m     [33m[2m✓[22m[39m sends correct payload when user fills in all fields and saves [33m 552[2mms[22m[39m
[32mn8n-editor-ui:test: [0m [32m✓[39m src/app/views/WorkflowsView.test.ts [2m([22m[2m35 tests[22m[2m)[22m[33m 4530[2mms[22m[39m
[32mn8n-editor-ui:test: [0m     [33m[2m✓[22m[39m should show folder actions menu when not in the overview or sharing pages [33m 316[2mms[22m[39m
[32mn8n-editor-ui:test: [0m [32m✓[39m src/features/agents/__tests__/AgentBuilder.readonly.test.ts [2m([22m[2m2 tests[22m[2m)[22m[33m 4272[2mms[22m[39m
[32mn8n-editor-ui:test: [0m     [33m[2m✓[22m[39m Agent tab child panels see disabled=true when canEditAgent is false [33m 4238[2mms[22m[39m
[32mn8n-editor-ui:test: [0m [32m✓[39m src/features/collaboration/projects/views/ProjectVariables.test.ts [2m([22m[2m22 tests[22m[2m)[22m[33m 5808[2mms[22m[39m
[32mn8n-editor-ui:test: [0m     [33m[2m✓[22m[39m should render variable entries [33m 334[2mms[22m[39m
[32mn8n-editor-ui:test: [0m     [33m[2m✓[22m[39m should display all variables when no project filter [33m 331[2mms[22m[39m
[32mn8n-editor-ui:test: [0m       [33m[2m✓[22m[39m should filter by incomplete (missing value) [33m 465[2mms[22m[39m
[32mn8n-editor-ui:test: [0m       [33m[2m✓[22m[39m should handle empty value [33m 369[2mms[22m[39m
[32mn8n-editor-ui:test: [0m       [33m[2m✓[22m[39m should enable edit button when user has global update permission [33m 414[2mms[22m[39m
[32mn8n-editor-ui:test: [0m       [33m[2m✓[22m[39m should enable edit button when user has project update permission [33m 337[2mms[22m[39m
[32mn8n-editor-ui:test: [0m       [33m[2m✓[22m[39m should enable delete button when user has project delete permission [33m 422[2mms[22m[39m
[32mn8n-editor-ui:test: [0m       [33m[2m✓[22m[39m should show scope column when not in project context [33m 330[2mms[22m[39m
[32mn8n-editor-ui:test: [0m [32m✓[39m src/features/ndv/parameters/components/ResourceMapper/ResourceMapper.test.ts [2m([22m[2m26 tests[22m[2m)[22m[33m 8125[2mms[22m[39m
[32mn8n-editor-ui:test: [0m     [33m[2m✓[22m[39m renders default configuration properly [33m 667[2mms[22m[39m
[32mn8n-editor-ui:test: [0m     [33m[2m✓[22m[39m renders an input for url fields [33m 436[2mms[22m[39m
[32mn8n-editor-ui:test: [0m     [33m[2m✓[22m[39m renders field on top of the list when they are selected for matching [33m 412[2mms[22m[39m
[32mn8n-editor-ui:test: [0m     [33m[2m✓[22m[39m renders selected matching columns properly when multiple key matching is enabled [33m 502[2mms[22m[39m
[32mn8n-editor-ui:test: [0m     [33m[2m✓[22m[39m uses field words defined in node definition [33m 441[2mms[22m[39m
[32mn8n-editor-ui:test: [0m     [33m[2m✓[22m[39m should render correct fields based on saved schema [33m 328[2mms[22m[39m
[32mn8n-editor-ui:test: [0m     [33m[2m✓[22m[39m reconciles an incomplete cached schema by default when refreshIncompleteSchemaOnOpen is set [33m 451[2mms[22m[39m
[32mn8n-editor-ui:test: [0m     [33m[2m✓[22m[39m does not reintroduce an incomplete field when reconciling a matching-id schema [33m 416[2mms[22m[39m
[32mn8n-editor-ui:test: [0m     [33m[2m✓[22m[39m reconciles a complete-but-drifted schema when refreshStaleSchemaOnOpen is set [33m 553[2mms[22m[39m
[32mn8n-editor-ui:test: [0m     [33m[2m✓[22m[39m ADO-5197: deletion must not mutate props.node.parameters in place [33m 611[2mms[22m[39m
[32mn8n-editor-ui:test: [0m [32m✓[39m src/features/core/folders/components/MoveToFolderModal.test.ts [2m([22m[2m18 tests[22m[2m)[22m[33m 6516[2mms[22m[39m
[32mn8n-editor-ui:test: [0m     [33m[2m✓[22m[39m should render for folder resource with no workflows or subfolders [33m 303[2mms[22m[39m
[32mn8n-editor-ui:test: [0m     [33m[2m✓[22m[39m should select a project with the picker [33m 386[2mms[22m[39m
[32mn8n-editor-ui:test: [0m     [33m[2m✓[22m[39m should not render credentials sharing checkbox for folder without shareable resources [33m 366[2mms[22m[39m
[32mn8n-editor-ui:test: [0m     [33m[2m✓[22m[39m should render credentials sharing checkbox for folder with shareable resources [33m 379[2mms[22m[39m
[32mn8n-editor-ui:test: [0m     [33m[2m✓[22m[39m should reset to project root when switching projects [33m 375[2mms[22m[39m
[32mn8n-editor-ui:test: [0m     [33m[2m✓[22m[39m should transfer selected folder on submit [33m 521[2mms[22m[39m
[32mn8n-editor-ui:test: [0m     [33m[2m✓[22m[39m should transfer selected folder and used credentials on submit [33m 748[2mms[22m[39m
[32mn8n-editor-ui:test: [0m     [33m[2m✓[22m[39m should transfer selected folder and not pass used credentials if unchecked on submit [33m 760[2mms[22m[39m
[32mn8n-editor-ui:test: [0m     [33m[2m✓[22m[39m should transfer selected folder to personal project on submit [33m 379[2mms[22m[39m
[32mn8n-editor-ui:test: [0m     [33m[2m✓[22m[39m should transfer selected workflow on submit [33m 837[2mms[22m[39m
[32mn8n-editor-ui:test: [0mError: Not implemented: window.open
[32mn8n-editor-ui:test: [0m    at module.exports (/Users/romeobalta/work/n8n/worktrees/nudge-manual-builders-to-aia/node_modules/.pnpm/jsdom@23.0.1_bufferutil@4.0.9_utf-8-validate@5.0.10/node_modules/jsdom/lib/jsdom/browser/not-implemented.js:9:17)
[32mn8n-editor-ui:test: [0m    at /Users/romeobalta/work/n8n/worktrees/nudge-manual-builders-to-aia/node_modules/.pnpm/jsdom@23.0.1_bufferutil@4.0.9_utf-8-validate@5.0.10/node_modules/jsdom/lib/jsdom/browser/Window.js:898:7
[32mn8n-editor-ui:test: [0m    at bound  (file:///Users/romeobalta/work/n8n/worktrees/nudge-manual-builders-to-aia/node_modules/.pnpm/@vitest+spy@4.1.9/node_modules/@vitest/spy/dist/index.js:332:34)
[32mn8n-editor-ui:test: [0m    at openSafeUrl (/Users/romeobalta/work/n8n/worktrees/nudge-manual-builders-to-aia/packages/frontend/@n8n/frontend-utils/src/htmlUtils.ts:73:10)
[32mn8n-editor-ui:test: [0m    at openResource (/Users/romeobalta/work/n8n/worktrees/nudge-manual-builders-to-aia/packages/frontend/editor-ui/src/features/ndv/parameters/components/ResourceLocator/ResourceLocator.vue:677:2)
[32mn8n-editor-ui:test: [0m    at handleAddResourceClick (/Users/romeobalta/work/n8n/worktrees/nudge-manual-builders-to-aia/packages/frontend/editor-ui/src/features/ndv/parameters/components/ResourceLocator/ResourceLocator.vue:454:3)
[32mn8n-editor-ui:test: [0m    at callWithErrorHandling (/Users/romeobalta/work/n8n/worktrees/nudge-manual-builders-to-aia/node_modules/.pnpm/@vue+runtime-core@3.5.26/node_modules/@vue/runtime-core/dist/runtime-core.cjs.js:200:19)
[32mn8n-editor-ui:test: [0m    at callWithAsyncErrorHandling (/Users/romeobalta/work/n8n/worktrees/nudge-manual-builders-to-aia/node_modules/.pnpm/@vue+runtime-core@3.5.26/node_modules/@vue/runtime-core/dist/runtime-core.cjs.js:207:17)
[32mn8n-editor-ui:test: [0m    at emit (/Users/romeobalta/work/n8n/worktrees/nudge-manual-builders-to-aia/node_modules/.pnpm/@vue+runtime-core@3.5.26/node_modules/@vue/runtime-core/dist/runtime-core.cjs.js:4358:5)
[32mn8n-editor-ui:test: [0m    at Proxy.<anonymous> (/Users/romeobalta/work/n8n/worktrees/nudge-manual-builders-to-aia/node_modules/.pnpm/@vue+runtime-core@3.5.26/node_modules/@vue/runtime-core/dist/runtime-core.cjs.js:8165:45) [90mundefined[39m
[32mn8n-editor-ui:test: [0mError: Not implemented: window.open
[32mn8n-editor-ui:test: [0m    at module.exports (/Users/romeobalta/work/n8n/worktrees/nudge-manual-builders-to-aia/node_modules/.pnpm/jsdom@23.0.1_bufferutil@4.0.9_utf-8-validate@5.0.10/node_modules/jsdom/lib/jsdom/browser/not-implemented.js:9:17)
[32mn8n-editor-ui:test: [0m    at /Users/romeobalta/work/n8n/worktrees/nudge-manual-builders-to-aia/node_modules/.pnpm/jsdom@23.0.1_bufferutil@4.0.9_utf-8-validate@5.0.10/node_modules/jsdom/lib/jsdom/browser/Window.js:898:7
[32mn8n-editor-ui:test: [0m    at bound  (file:///Users/romeobalta/work/n8n/worktrees/nudge-manual-builders-to-aia/node_modules/.pnpm/@vitest+spy@4.1.9/node_modules/@vitest/spy/dist/index.js:332:34)
[32mn8n-editor-ui:test: [0m    at openSafeUrl (/Users/romeobalta/work/n8n/worktrees/nudge-manual-builders-to-aia/packages/frontend/@n8n/frontend-utils/src/htmlUtils.ts:73:10)
[32mn8n-editor-ui:test: [0m    at openResource (/Users/romeobalta/work/n8n/worktrees/nudge-manual-builders-to-aia/packages/frontend/editor-ui/src/features/ndv/parameters/components/ResourceLocator/ResourceLocator.vue:677:2)
[32mn8n-editor-ui:test: [0m    at handleAddResourceClick (/Users/romeobalta/work/n8n/worktrees/nudge-manual-builders-to-aia/packages/frontend/editor-ui/src/features/ndv/parameters/components/ResourceLocator/ResourceLocator.vue:454:3)
[32mn8n-editor-ui:test: [0m    at callWithErrorHandling (/Users/romeobalta/work/n8n/worktrees/nudge-manual-builders-to-aia/node_modules/.pnpm/@vue+runtime-core@3.5.26/node_modules/@vue/runtime-core/dist/runtime-core.cjs.js:200:19)
[32mn8n-editor-ui:test: [0m    at callWithAsyncErrorHandling (/Users/romeobalta/work/n8n/worktrees/nudge-manual-builders-to-aia/node_modules/.pnpm/@vue+runtime-core@3.5.26/node_modules/@vue/runtime-core/dist/runtime-core.cjs.js:207:17)
[32mn8n-editor-ui:test: [0m    at emit (/Users/romeobalta/work/n8n/worktrees/nudge-manual-builders-to-aia/node_modules/.pnpm/@vue+runtime-core@3.5.26/node_modules/@vue/runtime-core/dist/runtime-core.cjs.js:4358:5)
[32mn8n-editor-ui:test: [0m    at Proxy.<anonymous> (/Users/romeobalta/work/n8n/worktrees/nudge-manual-builders-to-aia/node_modules/.pnpm/@vue+runtime-core@3.5.26/node_modules/@vue/runtime-core/dist/runtime-core.cjs.js:8165:45) [90mundefined[39m
[32mn8n-editor-ui:test: [0mError: Not implemented: window.open
[32mn8n-editor-ui:test: [0m    at module.exports (/Users/romeobalta/work/n8n/worktrees/nudge-manual-builders-to-aia/node_modules/.pnpm/jsdom@23.0.1_bufferutil@4.0.9_utf-8-validate@5.0.10/node_modules/jsdom/lib/jsdom/browser/not-implemented.js:9:17)
[32mn8n-editor-ui:test: [0m    at /Users/romeobalta/work/n8n/worktrees/nudge-manual-builders-to-aia/node_modules/.pnpm/jsdom@23.0.1_bufferutil@4.0.9_utf-8-validate@5.0.10/node_modules/jsdom/lib/jsdom/browser/Window.js:898:7
[32mn8n-editor-ui:test: [0m    at bound  (file:///Users/romeobalta/work/n8n/worktrees/nudge-manual-builders-to-aia/node_modules/.pnpm/@vitest+spy@4.1.9/node_modules/@vitest/spy/dist/index.js:332:34)
[32mn8n-editor-ui:test: [0m    at openSafeUrl (/Users/romeobalta/work/n8n/worktrees/nudge-manual-builders-to-aia/packages/frontend/@n8n/frontend-utils/src/htmlUtils.ts:73:10)
[32mn8n-editor-ui:test: [0m    at Proxy.openResource (/Users/romeobalta/work/n8n/worktrees/nudge-manual-builders-to-aia/packages/frontend/editor-ui/src/features/ndv/parameters/components/ResourceLocator/ResourceLocator.vue:677:2)
[32mn8n-editor-ui:test: [0m    at /Users/romeobalta/work/n8n/worktrees/nudge-manual-builders-to-aia/packages/frontend/editor-ui/src/features/ndv/parameters/components/ResourceLocator/ResourceLocator.vue:1271:21
[32mn8n-editor-ui:test: [0m    at cache.<computed>.cache.<computed> (/Users/romeobalta/work/n8n/worktrees/nudge-manual-builders-to-aia/node_modules/.pnpm/@vue+runtime-dom@3.5.26/node_modules/@vue/runtime-dom/dist/runtime-dom.cjs.js:1699:12)
[32mn8n-editor-ui:test: [0m    at callWithErrorHandling (/Users/romeobalta/work/n8n/worktrees/nudge-manual-builders-to-aia/node_modules/.pnpm/@vue+runtime-core@3.5.26/node_modules/@vue/runtime-core/dist/runtime-core.cjs.js:200:19)
[32mn8n-editor-ui:test: [0m    at Object.callWithAsyncErrorHandling (/Users/romeobalta/work/n8n/worktrees/nudge-manual-builders-to-aia/node_modules/.pnpm/@vue+runtime-core@3.5.26/node_modules/@vue/runtime-core/dist/runtime-core.cjs.js:207:17)
[32mn8n-editor-ui:test: [0m    at HTMLAnchorElement.invoker (/Users/romeobalta/work/n8n/worktrees/nudge-manual-builders-to-aia/node_modules/.pnpm/@vue+runtime-dom@3.5.26/node_modules/@vue/runtime-dom/dist/runtime-dom.cjs.js:665:17) [90mundefined[39m
[32mn8n-editor-ui:test: [0mError: Not implemented: window.open
[32mn8n-editor-ui:test: [0m    at module.exports (/Users/romeobalta/work/n8n/worktrees/nudge-manual-builders-to-aia/node_modules/.pnpm/jsdom@23.0.1_bufferutil@4.0.9_utf-8-validate@5.0.10/node_modules/jsdom/lib/jsdom/browser/not-implemented.js:9:17)
[32mn8n-editor-ui:test: [0m    at /Users/romeobalta/work/n8n/worktrees/nudge-manual-builders-to-aia/node_modules/.pnpm/jsdom@23.0.1_bufferutil@4.0.9_utf-8-validate@5.0.10/node_modules/jsdom/lib/jsdom/browser/Window.js:898:7
[32mn8n-editor-ui:test: [0m    at openSafeUrl (/Users/romeobalta/work/n8n/worktrees/nudge-manual-builders-to-aia/packages/frontend/@n8n/frontend-utils/src/htmlUtils.ts:73:10)
[32mn8n-editor-ui:test: [0m    at openResource (/Users/romeobalta/work/n8n/worktrees/nudge-manual-builders-to-aia/packages/frontend/editor-ui/src/features/ndv/parameters/components/ResourceLocator/ResourceLocator.vue:677:2)
[32mn8n-editor-ui:test: [0m    at handleAddResourceClick (/Users/romeobalta/work/n8n/worktrees/nudge-manual-builders-to-aia/packages/frontend/editor-ui/src/features/ndv/parameters/components/ResourceLocator/ResourceLocator.vue:454:3)
[32mn8n-editor-ui:test: [0m    at callWithErrorHandling (/Users/romeobalta/work/n8n/worktrees/nudge-manual-builders-to-aia/node_modules/.pnpm/@vue+runtime-core@3.5.26/node_modules/@vue/runtime-core/dist/runtime-core.cjs.js:200:19)
[32mn8n-editor-ui:test: [0m    at callWithAsyncErrorHandling (/Users/romeobalta/work/n8n/worktrees/nudge-manual-builders-to-aia/node_modules/.pnpm/@vue+runtime-core@3.5.26/node_modules/@vue/runtime-core/dist/runtime-core.cjs.js:207:17)
[32mn8n-editor-ui:test: [0m    at emit (/Users/romeobalta/work/n8n/worktrees/nudge-manual-builders-to-aia/node_modules/.pnpm/@vue+runtime-core@3.5.26/node_modules/@vue/runtime-core/dist/runtime-core.cjs.js:4358:5)
[32mn8n-editor-ui:test: [0m    at Proxy.<anonymous> (/Users/romeobalta/work/n8n/worktrees/nudge-manual-builders-to-aia/node_modules/.pnpm/@vue+runtime-core@3.5.26/node_modules/@vue/runtime-core/dist/runtime-core.cjs.js:8165:45)
[32mn8n-editor-ui:test: [0m    at $setup.props.filterRequired.$setup.props.filter.$setup.props.errorView.$setup.props.allowNewResources.label.onClick._cache.<computed>._cache.<computed> (/Users/romeobalta/work/n8n/worktrees/nudge-manual-builders-to-aia/packages/frontend/editor-ui/src/features/ndv/parameters/components/ResourceLocator/ResourceLocatorDropdown.vue:343:20) [90mundefined[39m
[32mn8n-editor-ui:test: [0m [32m✓[39m src/features/workflow-reviews/components/WorkflowSubmitForReviewDialog.test.ts [2m([22m[2m26 tests[22m[2m)[22m[33m 7327[2mms[22m[39m
[32mn8n-editor-ui:test: [0m       [33m[2m✓[22m[39m opens on the version step and advances to the review step [33m 377[2mms[22m[39m
[32mn8n-editor-ui:test: [0m       [33m[2m✓[22m[39m goes back to the version step preserving the entered values [33m 381[2mms[22m[39m
[32mn8n-editor-ui:test: [0m     [33m[2m✓[22m[39m submits the flushed version and resets review required after success [33m 420[2mms[22m[39m
[32mn8n-editor-ui:test: [0m       [33m[2m✓[22m[39m submits the trimmed name and description and mirrors them into the editor [33m 525[2mms[22m[39m
[32mn8n-editor-ui:test: [0m       [33m[2m✓[22m[39m locks the fields while submitting and sends the values validated at click time [33m 340[2mms[22m[39m
[32mn8n-editor-ui:test: [0m       [33m[2m✓[22m[39m sends an empty description only when the user clears it, not when it is untouched [33m 407[2mms[22m[39m
[32mn8n-editor-ui:test: [0m       [33m[2m✓[22m[39m keeps the stored description in the editor when it was left untouched [33m 500[2mms[22m[39m
[32mn8n-editor-ui:test: [0m     [33m[2m✓[22m[39m sends the selected reviewer with the submission [33m 605[2mms[22m[39m
[32mn8n-editor-ui:test: [0m     [33m[2m✓[22m[39m blocks submission until a reviewer is selected [33m 334[2mms[22m[39m
[32mn8n-editor-ui:test: [0m     [33m[2m✓[22m[39m keeps submission blocked when loading the reviewers fails [33m 307[2mms[22m[39m
[32mn8n-editor-ui:test: [0m     [33m[2m✓[22m[39m closes and hands off to the update-review flow when an open review conflicts [33m 625[2mms[22m[39m
[32mn8n-editor-ui:test: [0m     [33m[2m✓[22m[39m shows unexpected API errors and preserves the preference [33m 374[2mms[22m[39m
[32mn8n-editor-ui:test: [0m [32m✓[39m src/features/ndv/parameters/components/ResourceLocator/ResourceLocator.test.ts [2m([22m[2m44 tests[22m[2m)[22m[33m 5088[2mms[22m[39m
[32mn8n-editor-ui:test: [0m     [33m[2m✓[22m[39m renders multi-mode correctly [33m 404[2mms[22m[39m
[32mn8n-editor-ui:test: [0m     [33m[2m✓[22m[39m renders fetched resources correctly [33m 314[2mms[22m[39m
[32mn8n-editor-ui:test: [0m     [33m[2m✓[22m[39m creates new resource passing search filter as name [33m 336[2mms[22m[39m
[32mn8n-editor-ui:test: [0m       [33m[2m✓[22m[39m 'period-separated credential message' [33m 323[2mms[22m[39m
[32mn8n-editor-ui:test: [0m [32m✓[39m src/features/ndv/runData/components/RunData.test.ts [2m([22m[2m56 tests[22m[2m)[22m[33m 5679[2mms[22m[39m
[32mn8n-editor-ui:test: [0m     [33m[2m✓[22m[39m should render pin button in output panel disabled when there's binary data [33m 456[2mms[22m[39m
[32mn8n-editor-ui:test: [0m     [33m[2m✓[22m[39m should render data correctly even when "item.json" has another "json" key [33m 642[2mms[22m[39m
[32mn8n-editor-ui:test: [0m [32m✓[39m src/features/ndv/runData/components/VirtualSchema.test.ts [2m([22m[2m39 tests[22m[2m)[22m[33m 3460[2mms[22m[39m
[32mn8n-editor-ui:test: [0m     [33m[2m✓[22m[39m renders schema for empty data for unexecuted nodes [33m 392[2mms[22m[39m
[32mn8n-editor-ui:test: [0m [32m✓[39m src/features/core/dataTable/components/dataGrid/AddColumnButton.test.ts [2m([22m[2m17 tests[22m[2m)[22m[33m 4419[2mms[22m[39m
[32mn8n-editor-ui:test: [0m     [33m[2m✓[22m[39m should call addColumn with correct payload [33m 391[2mms[22m[39m
[32mn8n-editor-ui:test: [0m     [33m[2m✓[22m[39m should allow valid column names [33m 624[2mms[22m[39m
[32mn8n-editor-ui:test: [0m     [33m[2m✓[22m[39m should clear error when correcting invalid name [33m 384[2mms[22m[39m
[32mn8n-editor-ui:test: [0m     [33m[2m✓[22m[39m should allow selecting different column types [33m 326[2mms[22m[39m
[32mn8n-editor-ui:test: [0m     [33m[2m✓[22m[39m should set value to "date" when selecting "datetime" option [33m 406[2mms[22m[39m
[32mn8n-editor-ui:test: [0m     [33m[2m✓[22m[39m should clear error state when reopening popover after failed submission [33m 344[2mms[22m[39m
[32mn8n-editor-ui:test: [0m [32m✓[39m src/features/ai/instanceAi/__tests__/instanceAi.threadRuntime.test.ts [2m([22m[2m75 tests[22m[2m)[22m[33m 3152[2mms[22m[39m
[32mn8n-editor-ui:test: [0m [32m✓[39m src/features/settings/migrationReport/MigrationRuleDetail.test.ts [2m([22m[2m25 tests[22m[2m)[22m[33m 2914[2mms[22m[39m
[32mn8n-editor-ui:test: [0m       [33m[2m✓[22m[39m should filter workflows by name (case insensitive) [33m 486[2mms[22m[39m
[32mn8n-editor-ui:test: [0m       [33m[2m✓[22m[39m should show all workflows when search is cleared [33m 674[2mms[22m[39m
[32mn8n-editor-ui:test: [0m       [33m[2m✓[22m[39m should show no results when no workflows match search [33m 389[2mms[22m[39m
[32mn8n-editor-ui:test: [0m [32m✓[39m src/features/workflows/components/WorkflowSettings/WorkflowSettings.test.ts [2m([22m[2m87 tests[22m[2m)[22m[33m 61641[2mms[22m[39m
[32mn8n-editor-ui:test: [0m     [33m[2m✓[22m[39m should render correctly [33m 695[2mms[22m[39m
[32mn8n-editor-ui:test: [0m     [33m[2m✓[22m[39m should not render workflow caller policy when sharing is not enabled [33m 347[2mms[22m[39m
[32mn8n-editor-ui:test: [0m     [33m[2m✓[22m[39m should render workflow caller policy when sharing is enabled [33m 751[2mms[22m[39m
[32mn8n-editor-ui:test: [0m     [33m[2m✓[22m[39m should lock caller policy to none when executeWorkflow is excluded [33m 757[2mms[22m[39m
[32mn8n-editor-ui:test: [0m     [33m[2m✓[22m[39m should warn that the `any` caller policy is deprecated [33m 498[2mms[22m[39m
[32mn8n-editor-ui:test: [0m     [33m[2m✓[22m[39m should not warn about deprecation for a supported caller policy [33m 562[2mms[22m[39m
[32mn8n-editor-ui:test: [0m     [33m[2m✓[22m[39m should render the caller policy without sharing when the stored policy is `any` [33m 682[2mms[22m[39m
[32mn8n-editor-ui:test: [0m     [33m[2m✓[22m[39m should keep the caller policy visible after switching away from `any` without sharing [33m 833[2mms[22m[39m
[32mn8n-editor-ui:test: [0m       [33m[2m✓[22m[39m should show custom span attribute settings when OTel custom span attributes are enabled [33m 1005[2mms[22m[39m
[32mn8n-editor-ui:test: [0m       [33m[2m✓[22m[39m should hide custom telemetry tag settings when OTel is disabled [33m 760[2mms[22m[39m
[32mn8n-editor-ui:test: [0m       [33m[2m✓[22m[39m should hide custom span attribute settings when OTel custom span attributes are not licensed [33m 733[2mms[22m[39m
[32mn8n-editor-ui:test: [0m       [33m[2m✓[22m[39m should save workflow settings with custom span attributes emitted by the child [33m 462[2mms[22m[39m
[32mn8n-editor-ui:test: [0m       [33m[2m✓[22m[39m should persist custom span attributes immediately with a partial settings payload [33m 725[2mms[22m[39m
[32mn8n-editor-ui:test: [0m       [33m[2m✓[22m[39m should show an error when immediate custom span attribute persistence fails [33m 372[2mms[22m[39m
[32mn8n-editor-ui:test: [0m       [33m[2m✓[22m[39m should disable workflow settings save when custom span attributes are invalid [33m 815[2mms[22m[39m
[32mn8n-editor-ui:test: [0m     [33m[2m✓[22m[39m should render list of workflows field when policy is set to workflowsFromAList [33m 839[2mms[22m[39m
[32mn8n-editor-ui:test: [0m       [33m[2m✓[22m[39m should fetch all workflows and render them in the error workflows dropdown [33m 657[2mms[22m[39m
[32mn8n-editor-ui:test: [0m       [33m[2m✓[22m[39m should initialize undefined errorWorkflow to DEFAULT [33m 611[2mms[22m[39m
[32mn8n-editor-ui:test: [0m       [33m[2m✓[22m[39m should send DEFAULT value for errorWorkflow to backend when set to "No Workflow" [33m 465[2mms[22m[39m
[32mn8n-editor-ui:test: [0m       [33m[2m✓[22m[39m should save workflow with errorWorkflow when a specific workflow is selected [33m 649[2mms[22m[39m
[32mn8n-editor-ui:test: [0m     [33m[2m✓[22m[39m should not remove valid workflow ID characters including hyphens and underscores [33m 837[2mms[22m[39m
[32mn8n-editor-ui:test: [0m     [33m[2m✓[22m[39m should remove invalid workflow ID characters [33m 872[2mms[22m[39m
[32mn8n-editor-ui:test: [0m     [33m[2m✓[22m[39m should show workflow-settings-save-failed-executions dropdown correct default value as Default - Save [33m 530[2mms[22m[39m
[32mn8n-editor-ui:test: [0m     [33m[2m✓[22m[39m should show workflow-settings-save-failed-executions dropdown correct default value as Default - Do not save [33m 492[2mms[22m[39m
[32mn8n-editor-ui:test: [0m     [33m[2m✓[22m[39m should show workflow-settings-save-success-executions dropdown correct default value as Default - Save [33m 1064[2mms[22m[39m
[32mn8n-editor-ui:test: [0m     [33m[2m✓[22m[39m should show workflow-settings-save-success-executions dropdown correct default value as Default - Do not save [33m 690[2mms[22m[39m
[32mn8n-editor-ui:test: [0m     [33m[2m✓[22m[39m should show workflow-settings-save-manual-executions dropdown correct default value as Default - Save [33m 582[2mms[22m[39m
[32mn8n-editor-ui:test: [0m     [33m[2m✓[22m[39m should show workflow-settings-save-manual-executions dropdown correct default value as Default - Do not save [33m 819[2mms[22m[39m
[32mn8n-editor-ui:test: [0m     [33m[2m✓[22m[39m should show workflow-settings-save-execution-progress dropdown correct default value as Default - Save [33m 365[2mms[22m[39m
[32mn8n-editor-ui:test: [0m     [33m[2m✓[22m[39m should show workflow-settings-save-execution-progress dropdown correct default value as Default - Do not save [33m 456[2mms[22m[39m
[32mn8n-editor-ui:test: [0m     [33m[2m✓[22m[39m should save time saved per execution correctly [33m 474[2mms[22m[39m
[32mn8n-editor-ui:test: [0m     [33m[2m✓[22m[39m should remove time saved per execution setting [33m 650[2mms[22m[39m
[32mn8n-editor-ui:test: [0m     [33m[2m✓[22m[39m should disable save time saved per execution if env is read-only [33m 711[2mms[22m[39m
[32mn8n-editor-ui:test: [0m     [33m[2m✓[22m[39m should disable save time saved per execution if user has no permission to update workflow [33m 319[2mms[22m[39m
[32mn8n-editor-ui:test: [0m       [33m[2m✓[22m[39m should render execution order dropdown with correct options [33m 369[2mms[22m[39m
[32mn8n-editor-ui:test: [0m       [33m[2m✓[22m[39m should set binaryMode to separate when selecting v0 [33m 363[2mms[22m[39m
[32mn8n-editor-ui:test: [0m       [33m[2m✓[22m[39m should set binaryMode to separate when selecting v1 [33m 379[2mms[22m[39m
[32mn8n-editor-ui:test: [0m       [33m[2m✓[22m[39m should show binary mode warning toast when binary mode changes [33m 401[2mms[22m[39m
[32mn8n-editor-ui:test: [0m       [33m[2m✓[22m[39m should not show warning when binary mode does not change [33m 583[2mms[22m[39m
[32mn8n-editor-ui:test: [0m       [33m[2m✓[22m[39m should default to v1 execution order when not set [33m 384[2mms[22m[39m
[32mn8n-editor-ui:test: [0m       [33m[2m✓[22m[39m should disable execution order dropdown when environment is read-only [33m 409[2mms[22m[39m
[32mn8n-editor-ui:test: [0m       [33m[2m✓[22m[39m should disable execution order dropdown when user has no update permission [33m 454[2mms[22m[39m
[32mn8n-editor-ui:test: [0m       [33m[2m✓[22m[39m should render credential resolver dropdown [33m 442[2mms[22m[39m
[32mn8n-editor-ui:test: [0m       [33m[2m✓[22m[39m should load credential resolvers on mount [33m 418[2mms[22m[39m
[32mn8n-editor-ui:test: [0m       [33m[2m✓[22m[39m should show "New" button for creating a new resolver [33m 356[2mms[22m[39m
[32mn8n-editor-ui:test: [0m       [33m[2m✓[22m[39m should not show "Edit" button when the default n8n system resolver is selected [33m 400[2mms[22m[39m
[32mn8n-editor-ui:test: [0m       [33m[2m✓[22m[39m should show "Edit" button when an editable resolver is selected [33m 383[2mms[22m[39m
[32mn8n-editor-ui:test: [0m       [33m[2m✓[22m[39m should not show "Edit" button when a non-editable resolver is selected [33m 395[2mms[22m[39m
[32mn8n-editor-ui:test: [0m       [33m[2m✓[22m[39m should select a resolver from dropdown [33m 488[2mms[22m[39m
[32mn8n-editor-ui:test: [0m       [33m[2m✓[22m[39m should save workflow with selected resolver [33m 564[2mms[22m[39m
[32mn8n-editor-ui:test: [0m       [33m[2m✓[22m[39m should save with empty credentialResolverId when resolver is cleared [33m 530[2mms[22m[39m
[32mn8n-editor-ui:test: [0m       [33m[2m✓[22m[39m should save with empty credentialResolverId when switching back to the system resolver [33m 653[2mms[22m[39m
[32mn8n-editor-ui:test: [0m       [33m[2m✓[22m[39m should disable credential resolver dropdown when environment is read-only [33m 476[2mms[22m[39m
[32mn8n-editor-ui:test: [0m       [33m[2m✓[22m[39m should disable credential resolver dropdown when user has no update permission [33m 381[2mms[22m[39m
[32mn8n-editor-ui:test: [0m       [33m[2m✓[22m[39m should clear stale credentialResolverId when resolver no longer exists [33m 384[2mms[22m[39m
[32mn8n-editor-ui:test: [0m       [33m[2m✓[22m[39m should default to the n8n system resolver when no resolver is selected [33m 367[2mms[22m[39m
[32mn8n-editor-ui:test: [0m       [33m[2m✓[22m[39m should not show "Create new" button when user lacks credentialResolver:create scope [33m 405[2mms[22m[39m
[32mn8n-editor-ui:test: [0m       [33m[2m✓[22m[39m should show "Create new" button when user has credentialResolver:create scope [33m 697[2mms[22m[39m
[32mn8n-editor-ui:test: [0m       [33m[2m✓[22m[39m should not show "Edit" button when user lacks credentialResolver:update scope [33m 599[2mms[22m[39m
[32mn8n-editor-ui:test: [0m       [33m[2m✓[22m[39m should show "Edit" button when user has credentialResolver:update scope and editable resolver is selected [33m 1285[2mms[22m[39m
[32mn8n-editor-ui:test: [0m       [33m[2m✓[22m[39m should not fetch resolvers and should disable dropdown when user lacks credentialResolver:list scope [33m 1132[2mms[22m[39m
[32mn8n-editor-ui:test: [0m       [33m[2m✓[22m[39m should show redaction policy section when licensed but user lacks redaction scopes [33m 1035[2mms[22m[39m
[32mn8n-editor-ui:test: [0m       [33m[2m✓[22m[39m should not render redaction policy when redaction module is inactive [33m 730[2mms[22m[39m
[32mn8n-editor-ui:test: [0m       [33m[2m✓[22m[39m should disable redaction dropdowns when user lacks enableRedaction scope [33m 1047[2mms[22m[39m
[32mn8n-editor-ui:test: [0m       [33m[2m✓[22m[39m should render redaction policy when module is active and user has scope [33m 744[2mms[22m[39m
[32mn8n-editor-ui:test: [0m       [33m[2m✓[22m[39m should render two redaction dropdowns with correct options [33m 788[2mms[22m[39m
[32mn8n-editor-ui:test: [0m       [33m[2m✓[22m[39m should save redaction policy as non-manual when only production is set to redact [33m 1327[2mms[22m[39m
[32mn8n-editor-ui:test: [0m       [33m[2m✓[22m[39m should save redaction policy as all when both are set to redact [33m 896[2mms[22m[39m
[32mn8n-editor-ui:test: [0m       [33m[2m✓[22m[39m should enable production dropdown when policy is "none" and user has only enableRedaction scope [33m 454[2mms[22m[39m
[32mn8n-editor-ui:test: [0m       [33m[2m✓[22m[39m should disable dropdowns when policy is active and user has only enableRedaction scope [33m 429[2mms[22m[39m
[32mn8n-editor-ui:test: [0m       [33m[2m✓[22m[39m should disable production redaction select and force "Redact" when dynamic credentials are configured [33m 720[2mms[22m[39m
[32mn8n-editor-ui:test: [0m         [33m[2m✓[22m[39m disables manual select when production is not redacted [33m 863[2mms[22m[39m
[32mn8n-editor-ui:test: [0m         [33m[2m✓[22m[39m keeps manual select enabled when production is set to redact [33m 769[2mms[22m[39m
[32mn8n-editor-ui:test: [0m         [33m[2m✓[22m[39m coerces manual back to default when production drops to default and persists redactionPolicy: none on save [33m 1156[2mms[22m[39m
[32mn8n-editor-ui:test: [0m         [33m[2m✓[22m[39m disables manual select independently of license, permission, and enforcement gates [33m 1150[2mms[22m[39m
[32mn8n-editor-ui:test: [0m         [33m[2m✓[22m[39m locks production select with floor copy under floor "production"; manual stays editable [33m 785[2mms[22m[39m
[32mn8n-editor-ui:test: [0m         [33m[2m✓[22m[39m locks both selects with floor copy under floor "all" [33m 1254[2mms[22m[39m
[32mn8n-editor-ui:test: [0m         [33m[2m✓[22m[39m leaves both selects editable under floor "off" [33m 3430[2mms[22m[39m
[32mn8n-editor-ui:test: [0m         [33m[2m✓[22m[39m does not fetch the instance floor when DataRedaction is not licensed [33m 1237[2mms[22m[39m
[32mn8n-editor-ui:test: [0m         [33m[2m✓[22m[39m keeps manual select enabled under floor "production" (production coerced to redact) [33m 1021[2mms[22m[39m
[32mn8n-editor-ui:test: [0m         [33m[2m✓[22m[39m shows the floor lock on manual (not the IAM-697 hint) when floor "all" and policy "none" [33m 1188[2mms[22m[39m
[32mn8n-editor-ui:test: [0m         [33m[2m✓[22m[39m does not persist the floor-coerced production value when the user made no redaction change under floor "production" [33m 923[2mms[22m[39m
[32mn8n-editor-ui:test: [0m         [33m[2m✓[22m[39m does not persist the floor-coerced values when the user made no redaction change under floor "all" [33m 830[2mms[22m[39m
[32mn8n-editor-ui:test: [0m         [33m[2m✓[22m[39m persists "all" when the user genuinely enables manual redaction under floor "production" [33m 685[2mms[22m[39m
[32mn8n-editor-ui:test: [0m         [33m[2m✓[22m[39m preserves an existing stricter stored policy on save under floor "production" [33m 659[2mms[22m[39m
[32mn8n-editor-ui:test: [0m         [33m[2m✓[22m[39m fails open when getSecuritySettings rejects (no floor lock, selects editable) [33m 598[2mms[22m[39m
[32mn8n-editor-ui:test: [0m         [33m[2m✓[22m[39m keeps the permission lock active under floor "off" (no floor lock applies) [33m 1141[2mms[22m[39m
[32mn8n-editor-ui:test: [0m [32m✓[39m src/features/ndv/parameters/components/ParameterInputList.test.ts [2m([22m[2m75 tests[22m[2m)[22m[33m 2558[2mms[22m[39m
[32mn8n-editor-ui:test: [0m [32m✓[39m src/features/settings/users/views/SettingsUsersView.test.ts [2m([22m[2m67 tests[22m[2m)[22m[33m 2926[2mms[22m[39m
[32mn8n-editor-ui:test: [0m       [33m[2m✓[22m[39m should handle search with special characters [33m 349[2mms[22m[39m
[32mn8n-editor-ui:test: [0m       [33m[2m✓[22m[39m should reset to first page when searching [33m 335[2mms[22m[39m
[32mn8n-editor-ui:test: [0m       [33m[2m✓[22m[39m should handle rapid consecutive search inputs [33m 354[2mms[22m[39m
[32mn8n-editor-ui:test: [0m [32m✓[39m src/features/agents/__tests__/AgentCard.test.ts [2m([22m[2m17 tests[22m[2m)[22m[33m 2802[2mms[22m[39m
[32mn8n-editor-ui:test: [0m     [33m[2m✓[22m[39m hides the read-only badge when canUpdate is true [33m 2730[2mms[22m[39m
[32mn8n-editor-ui:test: [0m [32m✓[39m src/features/ndv/parameters/components/FilterConditions/FilterConditions.test.ts [2m([22m[2m13 tests[22m[2m)[22m[33m 2854[2mms[22m[39m
[32mn8n-editor-ui:test: [0m     [33m[2m✓[22m[39m renders conditions with different operators [33m 787[2mms[22m[39m
[32mn8n-editor-ui:test: [0m     [33m[2m✓[22m[39m renders parameter issues [33m 354[2mms[22m[39m
[32mn8n-editor-ui:test: [0m     [33m[2m✓[22m[39m can edit conditions [33m 694[2mms[22m[39m
[32mn8n-editor-ui:test: [0m [32m✓[39m src/app/components/WorkflowCard.test.ts [2m([22m[2m53 tests[22m[2m)[22m[33m 2596[2mms[22m[39m
[32mn8n-editor-ui:test: [0m [32m✓[39m src/features/ai/chatHub/ChatView.test.ts [2m([22m[2m19 tests[22m[2m)[22m[33m 3011[2mms[22m[39m
[32mn8n-editor-ui:test: [0m       [33m[2m✓[22m[39m sends message in existing session and displays both user and AI messages [33m 386[2mms[22m[39m
[32mn8n-editor-ui:test: [0m       [33m[2m✓[22m[39m stops streaming when user clicks stop button and calls stopGeneration API [33m 320[2mms[22m[39m
[32mn8n-editor-ui:test: [0m [32m✓[39m src/features/agents/__tests__/SessionTimelineRow.test.ts [2m([22m[2m5 tests[22m[2m)[22m[33m 2496[2mms[22m[39m
[32mn8n-editor-ui:test: [0m     [33m[2m✓[22m[39m renders the failure icon for a generic tool soft-failure [33m 2484[2mms[22m[39m
[32mn8n-editor-ui:test: [0m [32m✓[39m src/features/credentials/views/CredentialsView.test.ts [2m([22m[2m18 tests[22m[2m)[22m[33m 2709[2mms[22m[39m
[32mn8n-editor-ui:test: [0m       [33m[2m✓[22m[39m should filter by setupNeeded when object keys are "CREDENTIAL_EMPTY_VALUE" [33m 305[2mms[22m[39m
[32mn8n-editor-ui:test: [0m [32m✓[39m src/features/ai/assistant/components/Agent/AskAssistantBuild.test.ts [2m([22m[2m51 tests[22m[2m)[22m[33m 2536[2mms[22m[39m
[32mn8n-editor-ui:test: [0m [32m✓[39m src/features/ndv/parameters/components/AssignmentCollection/AssignmentCollection.test.ts [2m([22m[2m11 tests[22m[2m)[22m[33m 2847[2mms[22m[39m
[32mn8n-editor-ui:test: [0m     [33m[2m✓[22m[39m updates when node and value props change externally (e.g., collaboration) [33m 436[2mms[22m[39m
[32mn8n-editor-ui:test: [0m     [33m[2m✓[22m[39m can add and remove assignments [33m 355[2mms[22m[39m
[32mn8n-editor-ui:test: [0m     [33m[2m✓[22m[39m can add assignments by drag and drop (and infer type) [33m 706[2mms[22m[39m
[32mn8n-editor-ui:test: [0m       [33m[2m✓[22m[39m should respect defaultType for all assignments when provided [33m 435[2mms[22m[39m
[32mn8n-editor-ui:test: [0m [32m✓[39m src/features/agents/__tests__/AgentAdvancedPanel.test.ts [2m([22m[2m33 tests[22m[2m)[22m[33m 2685[2mms[22m[39m
[32mn8n-editor-ui:test: [0m [32m✓[39m src/features/execution/executions/components/global/GlobalExecutionsList.test.ts [2m([22m[2m5 tests[22m[2m)[22m[33m 2985[2mms[22m[39m
[32mn8n-editor-ui:test: [0m     [33m[2m✓[22m[39m should handle selection flow when loading more items [33m 1565[2mms[22m[39m
[32mn8n-editor-ui:test: [0m     [33m[2m✓[22m[39m should stop offering "load more" once all executions are shown, even on a large instance [33m 459[2mms[22m[39m
[32mn8n-editor-ui:test: [0m     [33m[2m✓[22m[39m should show "retry" data when appropriate [33m 494[2mms[22m[39m
[32mn8n-editor-ui:test: [0m     [33m[2m✓[22m[39m should render concurrent executions header if the feature is enabled [33m 378[2mms[22m[39m
[32mn8n-editor-ui:test: [0m [32m✓[39m src/app/components/MainHeader/WorkflowDetails.test.ts [2m([22m[2m27 tests[22m[2m)[22m[33m 1968[2mms[22m[39m
[32mn8n-editor-ui:test: [0m [32m✓[39m src/features/shared/toolsConnection/__tests__/ToolsConnectionModal.test.ts [2m([22m[2m26 tests[22m[2m)[22m[33m 2574[2mms[22m[39m
[32mn8n-editor-ui:test: [0m     [33m[2m✓[22m[39m narrows the counts to the search without removing any tab [33m 311[2mms[22m[39m
[32mn8n-editor-ui:test: [0m     [33m[2m✓[22m[39m stays on the active tab when a search only matches elsewhere [33m 315[2mms[22m[39m
[32mn8n-editor-ui:test: [0m     [33m[2m✓[22m[39m keeps the tab strip when a search matches nothing at all [33m 306[2mms[22m[39m
[32mn8n-editor-ui:test: [0m     [33m[2m✓[22m[39m restores the tab, search text and scroll offset after stepping aside for another dialog [33m 371[2mms[22m[39m
[32mn8n-editor-ui:test: [0m     [33m[2m✓[22m[39m debounces the search query before filtering rows [33m 318[2mms[22m[39m
[32mn8n-editor-ui:test: [0m     [33m[2m✓[22m[39m feeds every flattened row through to the scroller [33m 366[2mms[22m[39m
[32mn8n-editor-ui:test: [0m [32m✓[39m src/features/ndv/parameters/components/FixedCollection/FixedCollectionParameterLegacy.test.ts [2m([22m[2m13 tests[22m[2m)[22m[33m 1378[2mms[22m[39m
[32mn8n-editor-ui:test: [0m [32m✓[39m src/features/agents/__tests__/AgentPublishButton.test.ts [2m([22m[2m24 tests[22m[2m)[22m[33m 1887[2mms[22m[39m
[32mn8n-editor-ui:test: [0m     [33m[2m✓[22m[39m shows "Publish" and is enabled when agent is not published [33m 1763[2mms[22m[39m
[32mn8n-editor-ui:test: [0m [32m✓[39m src/app/plugins/cache.test.ts [2m([22m[2m20 tests[22m[2m)[22m[33m 2237[2mms[22m[39m
[32mn8n-editor-ui:test: [0m     [33m[2m✓[22m[39m should ensure clear persists to IndexedDB [33m 308[2mms[22m[39m
[32mn8n-editor-ui:test: [0m     [33m[2m✓[22m[39m should maintain consistency between memory cache and IndexedDB [33m 328[2mms[22m[39m
[32mn8n-editor-ui:test: [0m     [33m[2m✓[22m[39m should verify transaction operations are called with correct parameters [33m 307[2mms[22m[39m
[32mn8n-editor-ui:test: [0m [32m✓[39m src/features/settings/apiKeys/components/ApiKeyCreateOrEditModal.test.ts [2m([22m[2m16 tests[22m[2m)[22m[33m 1889[2mms[22m[39m
[32mn8n-editor-ui:test: [0m     [33m[2m✓[22m[39m should allow creating API key with custom expiration [33m 497[2mms[22m[39m
[32mn8n-editor-ui:test: [0m [32m✓[39m src/features/settings/environments.ee/components/VariableModal.test.ts [2m([22m[2m24 tests[22m[2m)[22m[33m 2342[2mms[22m[39m
[32mn8n-editor-ui:test: [0m [32m✓[39m src/features/collaboration/projects/components/ProjectSharing.test.ts [2m([22m[2m18 tests[22m[2m)[22m[33m 1890[2mms[22m[39m
[32mn8n-editor-ui:test: [0m     [33m[2m✓[22m[39m should filter, add and remove projects [33m 521[2mms[22m[39m
[32mn8n-editor-ui:test: [0m [32m✓[39m src/features/core/dataTable/DataTableView.test.ts [2m([22m[2m14 tests[22m[2m)[22m[33m 1898[2mms[22m[39m
[32mn8n-editor-ui:test: [0m       [33m[2m✓[22m[39m should update page size on pagination change [33m 360[2mms[22m[39m
[32mn8n-editor-ui:test: [0m [32m✓[39m src/features/credentials/components/CredentialEdit/CredentialConfig.test.ts [2m([22m[2m47 tests[22m[2m)[22m[33m 1924[2mms[22m[39m
[32mn8n-editor-ui:test: [0m [32m✓[39m src/features/credentials/components/CredentialEdit/TemplatedAuthSimpleView.test.ts [2m([22m[2m10 tests[22m[2m)[22m[33m 1852[2mms[22m[39m
[32mn8n-editor-ui:test: [0m     [33m[2m✓[22m[39m keeps the untouched `***` sentinel — not the display mask — when composing [33m 364[2mms[22m[39m
[32mn8n-editor-ui:test: [0m     [33m[2m✓[22m[39m composes typed values and keeps untouched stored values on update [33m 343[2mms[22m[39m
[32mn8n-editor-ui:test: [0m [32m✓[39m src/features/workflows/canvas/components/elements/buttons/CanvasRunWorkflowButton.test.ts [2m([22m[2m10 tests[22m[2m)[22m[33m 2112[2mms[22m[39m
[32mn8n-editor-ui:test: [0m     [33m[2m✓[22m[39m should show tooltip when not executing [33m 661[2mms[22m[39m
[32mn8n-editor-ui:test: [0m     [33m[2m✓[22m[39m should not show tooltip when executing [33m 624[2mms[22m[39m
[32mn8n-editor-ui:test: [0m     [33m[2m✓[22m[39m should show keyboard shortcut tooltip when disabled [33m 622[2mms[22m[39m
[32mn8n-editor-ui:test: [0m [32m✓[39m src/features/shared/editors/composables/useExpressionEditor.test.ts [2m([22m[2m23 tests[22m[2m)[22m[33m 2066[2mms[22m[39m
[32mn8n-editor-ui:test: [0m [32m✓[39m src/features/ai/mcpAccess/SettingsMCPView.test.ts [2m([22m[2m38 tests[22m[2m)[22m[33m 2305[2mms[22m[39m
[32mn8n-editor-ui:test: [0m [32m✓[39m src/features/integrations/sourceControl.ee/components/SourceControlPullModal.test.ts [2m([22m[2m21 tests[22m[2m)[22m[33m 2197[2mms[22m[39m
[32mn8n-editor-ui:test: [0m [32m✓[39m src/features/execution/executions/components/workflow/WorkflowExecutionsPreview.test.ts [2m([22m[2m24 tests[22m[2m)[22m[33m 2471[2mms[22m[39m
[32mn8n-editor-ui:test: [0m [32m✓[39m src/features/settings/users/components/PersonalizationModal.test.ts [2m([22m[2m5 tests[22m[2m)[22m[33m 2407[2mms[22m[39m
[32mn8n-editor-ui:test: [0m     [33m[2m✓[22m[39m mounts [33m 353[2mms[22m[39m
[32mn8n-editor-ui:test: [0m       [33m[2m✓[22m[39m allows completion of company related fields [33m 595[2mms[22m[39m
[32mn8n-editor-ui:test: [0m       [33m[2m✓[22m[39m shows only company and source select when not used for work [33m 332[2mms[22m[39m
[32mn8n-editor-ui:test: [0m     [33m[2m✓[22m[39m allows completion of role related fields [33m 597[2mms[22m[39m
[32mn8n-editor-ui:test: [0m     [33m[2m✓[22m[39m allows completion of marketing and sales related fields [33m 527[2mms[22m[39m
[32mn8n-editor-ui:test: [0m [32m✓[39m src/features/settings/security/SecuritySettings.test.ts [2m([22m[2m50 tests[22m[2m)[22m[33m 2731[2mms[22m[39m
[32mn8n-editor-ui:test: [0m [32m✓[39m src/features/shared/nodeCreator/components/Panel/NodesListPanel.test.ts [2m([22m[2m16 tests[22m[2m)[22m[33m 2447[2mms[22m[39m
[32mn8n-editor-ui:test: [0m       [33m[2m✓[22m[39m should correctly handle search [33m 750[2mms[22m[39m
[32mn8n-editor-ui:test: [0m       [33m[2m✓[22m[39m should trim search input before emitting update [33m 338[2mms[22m[39m
[32mn8n-editor-ui:test: [0m [32m✓[39m src/features/settings/encryption-keys/views/SettingsEncryptionKeys.test.ts [2m([22m[2m10 tests[22m[2m)[22m[33m 1794[2mms[22m[39m
[32mn8n-editor-ui:test: [0m [32m✓[39m src/features/execution/logs/components/LogDetailsPanel.test.ts [2m([22m[2m14 tests[22m[2m)[22m[33m 1766[2mms[22m[39m
[32mn8n-editor-ui:test: [0m     [33m[2m✓[22m[39m should show name, run status, input, and output of the node [33m 337[2mms[22m[39m
[32mn8n-editor-ui:test: [0m [32m✓[39m src/features/workflow-reviews/components/WorkflowUpdateReviewDialog.test.ts [2m([22m[2m24 tests[22m[2m)[22m[33m 1945[2mms[22m[39m
[32mn8n-editor-ui:test: [0m [32m✓[39m src/features/roles/instance/InstanceRoleView.test.ts [2m([22m[2m12 tests[22m[2m)[22m[33m 1649[2mms[22m[39m
[32mn8n-editor-ui:test: [0m [32m✓[39m src/app/components/MainSidebar.test.ts [2m([22m[2m12 tests[22m[2m)[22m[33m 1470[2mms[22m[39m
[32mn8n-editor-ui:test: [0m [32m✓[39m src/features/settings/apiKeys/components/ApiKeyScopes.test.ts [2m([22m[2m22 tests[22m[2m)[22m[33m 1791[2mms[22m[39m
[32mn8n-editor-ui:test: [0m [32m✓[39m src/features/settings/migrationReport/MigrationRules.test.ts [2m([22m[2m24 tests[22m[2m)[22m[33m 1775[2mms[22m[39m
[32mn8n-editor-ui:test: [0m [32m✓[39m src/features/integrations/logStreaming.ee/components/EventSelection.spec.ts [2m([22m[2m20 tests[22m[2m)[22m[33m 1753[2mms[22m[39m
[32mn8n-editor-ui:test: [0m [32m✓[39m src/features/ai/mcpAccess/components/tabs/WorkflowsTable.test.ts [2m([22m[2m27 tests[22m[2m)[22m[33m 2389[2mms[22m[39m
[32mn8n-editor-ui:test: [0m       [33m[2m✓[22m[39m should render pagination when total count exceeds page size [33m 463[2mms[22m[39m
[32mn8n-editor-ui:test: [0m       [33m[2m✓[22m[39m should emit table options when page changes [33m 396[2mms[22m[39m
[32mn8n-editor-ui:test: [0m [32m✓[39m src/features/roles/instance/InstanceRolesView.test.ts [2m([22m[2m8 tests[22m[2m)[22m[33m 1207[2mms[22m[39m
[32mn8n-editor-ui:test: [0m [32m✓[39m src/features/ai/evaluation.ee/views/EvaluationsView.test.ts [2m([22m[2m15 tests[22m[2m)[22m[33m 1594[2mms[22m[39m
[32mn8n-editor-ui:test: [0m [32m✓[39m src/features/workflows/components/WorkflowSettings/WorkflowCustomTelemetryTags.test.ts [2m([22m[2m21 tests[22m[2m)[22m[33m 1457[2mms[22m[39m
[32mn8n-editor-ui:test: [0m [32m✓[39m src/features/integrations/secretsProviders.ee/components/SecretsProviderConnectionModal.ee.test.ts [2m([22m[2m19 tests[22m[2m)[22m[33m 1466[2mms[22m[39m
[32mn8n-editor-ui:test: [0m [32m✓[39m src/features/agents/__tests__/AgentEvalCasesCard.test.ts [2m([22m[2m23 tests[22m[2m)[22m[33m 1446[2mms[22m[39m
[32mn8n-editor-ui:test: [0m [32m✓[39m src/features/credentials/components/CredentialCard.test.ts [2m([22m[2m30 tests[22m[2m)[22m[33m 1560[2mms[22m[39m
[32mn8n-editor-ui:test: [0m [32m✓[39m src/features/workflows/workflowHistory/components/WorkflowHistoryList.test.ts [2m([22m[2m21 tests[22m[2m)[22m[33m 1537[2mms[22m[39m
[32mn8n-editor-ui:test: [0m [32m✓[39m src/features/ndv/parameters/components/Collection/CollectionParameterNew.test.ts [2m([22m[2m22 tests[22m[2m)[22m[33m 1303[2mms[22m[39m
[32mn8n-editor-ui:test: [0m [32m✓[39m src/features/shared/commandBar/composables/useCredentialNavigationCommands.test.ts [2m([22m[2m23 tests[22m[2m)[22m[33m 1536[2mms[22m[39m
[32mn8n-editor-ui:test: [0m       [33m[2m✓[22m[39m should filter credentials based on search query [33m 368[2mms[22m[39m
[32mn8n-editor-ui:test: [0m       [33m[2m✓[22m[39m should be case insensitive when filtering [33m 316[2mms[22m[39m
[32mn8n-editor-ui:test: [0m       [33m[2m✓[22m[39m should show root credential items when query is longer than 2 characters [33m 315[2mms[22m[39m
[32mn8n-editor-ui:test: [0m [32m✓[39m src/features/settings/apiKeys/views/SettingsApiView.test.ts [2m([22m[2m35 tests[22m[2m)[22m[33m 1538[2mms[22m[39m
[32mn8n-editor-ui:test: [0m [32m✓[39m src/app/composables/useWorkflowSaving.test.ts [2m([22m[2m42 tests[22m[2m)[22m[33m 1771[2mms[22m[39m
[32mn8n-editor-ui:test: [0m [32m✓[39m src/features/ai/assistant/focusedNodes.store.test.ts [2m([22m[2m59 tests[22m[2m)[22m[33m 1526[2mms[22m[39m
[32mn8n-editor-ui:test: [0m [32m✓[39m src/features/shared/editors/components/SqlEditor/SQLEditor.test.ts [2m([22m[2m6 tests[22m[2m)[22m[33m 1311[2mms[22m[39m
[32mn8n-editor-ui:test: [0m     [33m[2m✓[22m[39m renders basic query [33m 329[2mms[22m[39m
[32mn8n-editor-ui:test: [0m [32m✓[39m src/features/roles/project/ProjectRolesView.test.ts [2m([22m[2m14 tests[22m[2m)[22m[33m 1314[2mms[22m[39m
[32mn8n-editor-ui:test: [0m [32m✓[39m src/features/settings/usage/views/SettingsUsageAndPlan.test.ts [2m([22m[2m18 tests[22m[2m)[22m[33m 1645[2mms[22m[39m
[32mn8n-editor-ui:test: [0m [32m✓[39m src/features/workflows/canvas/components/elements/nodes/CanvasNodeToolbar.test.ts [2m([22m[2m22 tests[22m[2m)[22m[33m 953[2mms[22m[39m
[32mn8n-editor-ui:test: [0m [32m✓[39m src/features/ai/mcpAccess/components/MCPWorkflowsSelect.test.ts [2m([22m[2m12 tests[22m[2m)[22m[33m 1093[2mms[22m[39m
[32mn8n-editor-ui:test: [0m       [33m[2m✓[22m[39m should search workflows when user types in input [33m 416[2mms[22m[39m
[32mn8n-editor-ui:test: [0m [32m✓[39m src/features/settings/sso/provisioning/composables/useUserRoleProvisioningForm.test.ts [2m([22m[2m32 tests[22m[2m)[22m[33m 1384[2mms[22m[39m
[32mn8n-editor-ui:test: [0m [32m✓[39m src/features/ndv/parameters/components/AgentSelectorParameterInput/AgentSelectorParameterInput.test.ts [2m([22m[2m11 tests[22m[2m)[22m[33m 1353[2mms[22m[39m
[32mn8n-editor-ui:test: [0m [32m✓[39m src/app/components/layouts/ResourcesListLayout.test.ts [2m([22m[2m17 tests[22m[2m)[22m[33m 1651[2mms[22m[39m
[32mn8n-editor-ui:test: [0m [32m✓[39m src/features/ai/mcpAccess/components/McpConnectClientDialog.test.ts [2m([22m[2m5 tests[22m[2m)[22m[33m 913[2mms[22m[39m
[32mn8n-editor-ui:test: [0m     [33m[2m✓[22m[39m should switch to IDE setup steps when picking Cursor [33m 320[2mms[22m[39m
[32mn8n-editor-ui:test: [0m     [33m[2m✓[22m[39m should show the one-click connector, server URL, and no token setup for web clients [33m 320[2mms[22m[39m
[32mn8n-editor-ui:test: [0m [32m✓[39m src/features/shared/contextMenu/composables/useContextMenu.test.ts [2m([22m[2m63 tests[22m[2m)[22m[33m 1036[2mms[22m[39m
[32mn8n-editor-ui:test: [0m [32m✓[39m src/features/collaboration/projects/components/ProjectMoveResourceModal.test.ts [2m([22m[2m12 tests[22m[2m)[22m[33m 1609[2mms[22m[39m
[32mn8n-editor-ui:test: [0m     [33m[2m✓[22m[39m should not hide project select if filter has no result [33m 427[2mms[22m[39m
[32mn8n-editor-ui:test: [0m [32m✓[39m src/features/ndv/settings/composables/useNodeSettingsParameters.test.ts [2m([22m[2m53 tests[22m[2m)[22m[33m 1643[2mms[22m[39m
[32mn8n-editor-ui:test: [0m [32m✓[39m src/app/composables/usePinnedData.test.ts [2m([22m[2m18 tests[22m[2m)[22m[33m 1289[2mms[22m[39m
[32mn8n-editor-ui:test: [0m       [33m[2m✓[22m[39m should return true when data size is at upper limit [33m 613[2mms[22m[39m
[32mn8n-editor-ui:test: [0m       [33m[2m✓[22m[39m should return false when data size is too large [33m 460[2mms[22m[39m
[32mn8n-editor-ui:test: [0m [32m✓[39m src/features/core/dataTable/components/DataTableBreadcrumbs.test.ts [2m([22m[2m19 tests[22m[2m)[22m[33m 1211[2mms[22m[39m
[32mn8n-editor-ui:test: [0m [32m✓[39m src/app/composables/useRunWorkflow.test.ts [2m([22m[2m49 tests[22m[2m)[22m[33m 1637[2mms[22m[39m
[32mn8n-editor-ui:test: [0m [32m✓[39m src/features/collaboration/projects/components/ProjectHeader.test.ts [2m([22m[2m36 tests[22m[2m)[22m[33m 1318[2mms[22m[39m
[32mn8n-editor-ui:test: [0m [32m✓[39m src/features/agents/__tests__/AgentBuilderEditorColumn.spec.ts [2m([22m[2m25 tests[22m[2m)[22m[33m 1331[2mms[22m[39m
[32mn8n-editor-ui:test: [0m     [33m[2m✓[22m[39m renders Agent, Knowledge, Sessions, and Settings tabs without Raw [33m 911[2mms[22m[39m
[32mn8n-editor-ui:test: [0m [32m✓[39m src/features/workflows/canvas/experimental/components/ExperimentalNodeDetailsDrawer.test.ts [2m([22m[2m3 tests[22m[2m)[22m[33m 1236[2mms[22m[39m
[32mn8n-editor-ui:test: [0m     [33m[2m✓[22m[39m should show updated parameter after closing NDV [33m 1106[2mms[22m[39m
[32mn8n-editor-ui:test: [0m [32m✓[39m src/features/workflow-reviews/components/WorkflowReviewDecisionPopover.test.ts [2m([22m[2m18 tests[22m[2m)[22m[33m 1280[2mms[22m[39m
[32mn8n-editor-ui:test: [0m [32m✓[39m src/features/ai/instanceAi/__tests__/InstanceAiCredentialSetup.test.ts [2m([22m[2m39 tests[22m[2m)[22m[33m 1654[2mms[22m[39m
[32mn8n-editor-ui:test: [0m [32m✓[39m src/features/workflow-reviews/components/WorkflowReviewCommentComposer.test.ts [2m([22m[2m9 tests[22m[2m)[22m[33m 1134[2mms[22m[39m
[32mn8n-editor-ui:test: [0m [32m✓[39m src/features/workflows/canvas/components/elements/groups/CanvasNodeGroupTitleBar.test.ts [2m([22m[2m66 tests[22m[2m)[22m[33m 1371[2mms[22m[39m
[32mn8n-editor-ui:test: [0m [32m✓[39m src/features/credentials/components/CredentialEdit/CredentialModeSelector.test.ts [2m([22m[2m18 tests[22m[2m)[22m[33m 1334[2mms[22m[39m
[32mn8n-editor-ui:test: [0m [32m✓[39m src/features/collaboration/projects/components/ProjectMembersRoleCell.test.ts [2m([22m[2m12 tests[22m[2m)[22m[33m 1255[2mms[22m[39m
[32mn8n-editor-ui:test: [0m       [33m[2m✓[22m[39m should show an upgrade indicator and emit upgrade event for unlicensed system roles [33m 353[2mms[22m[39m
[32mn8n-editor-ui:test: [0m [32m✓[39m src/features/settings/communityNodes/components/CommunityPackageInstallModal.test.ts [2m([22m[2m13 tests[22m[2m)[22m[33m 1230[2mms[22m[39m
[32mn8n-editor-ui:test: [0m [32m✓[39m src/features/workflow-reviews/views/WorkflowReviewRequestsView.test.ts [2m([22m[2m54 tests[22m[2m)[22m[33m 1248[2mms[22m[39m
[32mn8n-editor-ui:test: [0m [32m✓[39m src/features/core/dataTable/components/DataTableActions.test.ts [2m([22m[2m13 tests[22m[2m)[22m[33m 1200[2mms[22m[39m
[32mn8n-editor-ui:test: [0m [32m✓[39m src/features/settings/apiKeys/components/ApiKeyOwnerFilter.test.ts [2m([22m[2m20 tests[22m[2m)[22m[33m 900[2mms[22m[39m
[32mn8n-editor-ui:test: [0m [32m✓[39m src/app/views/OAuthConsentView.test.ts [2m([22m[2m21 tests[22m[2m)[22m[33m 1115[2mms[22m[39m
[32mn8n-editor-ui:test: [0m [32m✓[39m src/experiments/instanceAiWorkflowPreviewSuggestions/components/visualizations/AgentBuilderVisualization.test.ts [2m([22m[2m7 tests[22m[2m)[22m[33m 1091[2mms[22m[39m
[32mn8n-editor-ui:test: [0m     [33m[2m✓[22m[39m renders the publish button and flips it to Published after typing finishes [33m 301[2mms[22m[39m
[32mn8n-editor-ui:test: [0m [32m✓[39m src/features/ai/chatHub/components/ChatPrompt.test.ts [2m([22m[2m17 tests[22m[2m)[22m[33m 1004[2mms[22m[39m
[32mn8n-editor-ui:test: [0m [32m✓[39m src/features/ai/mcpAccess/components/McpAllowedCallbackUrlsDialog.test.ts [2m([22m[2m9 tests[22m[2m)[22m[33m 1260[2mms[22m[39m
[32mn8n-editor-ui:test: [0m [32m✓[39m src/features/ai/assistant/components/Agent/ExecuteMessage.test.ts [2m([22m[2m23 tests[22m[2m)[22m[33m 1128[2mms[22m[39m
[32mn8n-editor-ui:test: [0m [32m✓[39m src/features/agents/__tests__/AgentEvalResultRow.test.ts [2m([22m[2m32 tests[22m[2m)[22m[33m 758[2mms[22m[39m
[32mn8n-editor-ui:test: [0m [32m✓[39m src/features/core/auth/views/SigninView.test.ts [2m([22m[2m12 tests[22m[2m)[22m[33m 1263[2mms[22m[39m
[32mn8n-editor-ui:test: [0m [32m✓[39m src/features/shared/commandBar/composables/useDataTableNavigationCommands.test.ts [2m([22m[2m21 tests[22m[2m)[22m[33m 1271[2mms[22m[39m
[32mn8n-editor-ui:test: [0m       [33m[2m✓[22m[39m should filter data tables based on search query [33m 379[2mms[22m[39m
[32mn8n-editor-ui:test: [0m       [33m[2m✓[22m[39m should show root data table items when query is longer than 2 characters [33m 319[2mms[22m[39m
[32mn8n-editor-ui:test: [0m [32m✓[39m src/features/ndv/parameters/components/ExpressionEditModal.test.ts [2m([22m[2m9 tests[22m[2m)[22m[33m 1279[2mms[22m[39m
[32mn8n-editor-ui:test: [0m     [33m[2m✓[22m[39m renders correctly [33m 318[2mms[22m[39m
[32mn8n-editor-ui:test: [0m [32m✓[39m src/features/ai/gateway/views/SettingsAiGatewayView.test.ts [2m([22m[2m18 tests[22m[2m)[22m[33m 980[2mms[22m[39m
[32mn8n-editor-ui:test: [0m [32m✓[39m src/features/workflows/workflowHistory/views/WorkflowHistory.test.ts [2m([22m[2m18 tests[22m[2m)[22m[33m 949[2mms[22m[39m
[32mn8n-editor-ui:test: [0m [32m✓[39m src/features/ai/chatHub/components/ToolsSelector.test.ts [2m([22m[2m10 tests[22m[2m)[22m[33m 835[2mms[22m[39m
[32mn8n-editor-ui:test: [0m [32m✓[39m src/features/ndv/parameters/components/Collection/CollectionParameterLegacy.test.ts [2m([22m[2m25 tests[22m[2m)[22m[33m 1282[2mms[22m[39m
[32mn8n-editor-ui:test: [0m [32m✓[39m src/features/execution/insights/components/tables/InsightsTableWorkflows.test.ts [2m([22m[2m25 tests[22m[2m)[22m[33m 1095[2mms[22m[39m
[32mn8n-editor-ui:test: [0m [32m✓[39m src/features/shared/editors/plugins/codemirror/tooltips/infoBoxTooltip.test.ts [2m([22m[2m20 tests[22m[2m)[22m[33m 1116[2mms[22m[39m
[32mn8n-editor-ui:test: [0m [32m✓[39m src/features/ai/mcpAccess/modals/MCPConnectWorkflowsModal.test.ts [2m([22m[2m9 tests[22m[2m)[22m[33m 962[2mms[22m[39m
[32mn8n-editor-ui:test: [0m [32m✓[39m src/features/workflows/components/WorkflowDescriptionModal.test.ts [2m([22m[2m16 tests[22m[2m)[22m[33m 1115[2mms[22m[39m
[32mn8n-editor-ui:test: [0m [32m✓[39m src/features/execution/executions/components/workflow/WorkflowExecutionsSidebar.test.ts [2m([22m[2m7 tests[22m[2m)[22m[33m 961[2mms[22m[39m
[32mn8n-editor-ui:test: [0m [32m✓[39m src/features/ndv/parameters/components/AssignmentCollection/Assignment.test.ts [2m([22m[2m6 tests[22m[2m)[22m[33m 873[2mms[22m[39m
[32mn8n-editor-ui:test: [0m     [33m[2m✓[22m[39m can edit name, type and value [33m 592[2mms[22m[39m
[32mn8n-editor-ui:test: [0m [32m✓[39m src/features/collaboration/projects/components/ProjectExternalSecrets.test.ts [2m([22m[2m15 tests[22m[2m)[22m[33m 972[2mms[22m[39m
[32mn8n-editor-ui:test: [0m [32m✓[39m src/features/ai/chatHub/components/AgentEditorModal.test.ts [2m([22m[2m20 tests[22m[2m)[22m[33m 1093[2mms[22m[39m
[32mn8n-editor-ui:test: [0m [32m✓[39m src/features/ai/assistant/chatPanel.store.test.ts [2m([22m[2m38 tests[22m[2m)[22m[33m 810[2mms[22m[39m
[32mn8n-editor-ui:test: [0m [32m✓[39m src/app/components/FocusPanel.test.ts [2m([22m[2m4 tests[22m[2m)[22m[33m 753[2mms[22m[39m
[32mn8n-editor-ui:test: [0m       [33m[2m✓[22m[39m should render node parameters when a node is selected on canvas [33m 411[2mms[22m[39m
[32mn8n-editor-ui:test: [0m [32m✓[39m src/features/workflow-reviews/components/WorkflowReviewStatusBanner.test.ts [2m([22m[2m19 tests[22m[2m)[22m[33m 1241[2mms[22m[39m
[32mn8n-editor-ui:test: [0m       [33m[2m✓[22m[39m explains why Submit changes is disabled for an unpublishable workflow [33m 351[2mms[22m[39m
[32mn8n-editor-ui:test: [0m       [33m[2m✓[22m[39m explains why Submit changes is disabled while in sync [33m 388[2mms[22m[39m
[32mn8n-editor-ui:test: [0m [32m✓[39m src/app/components/FocusSidebar.test.ts [2m([22m[2m9 tests[22m[2m)[22m[33m 921[2mms[22m[39m
[32mn8n-editor-ui:test: [0m       [33m[2m✓[22m[39m shows neither wizard nor paywall while license is not yet resolved (unresolved state) [33m 386[2mms[22m[39m
[32mn8n-editor-ui:test: [0m [32m✓[39m src/experiments/trialIntroModal/components/TrialIntroModal.test.ts [2m([22m[2m19 tests[22m[2m)[22m[33m 781[2mms[22m[39m
[32mn8n-editor-ui:test: [0m [32m✓[39m src/features/roles/instance/components/ScopeGroupSelector.test.ts [2m([22m[2m19 tests[22m[2m)[22m[33m 904[2mms[22m[39m
[32mn8n-editor-ui:test: [0m [32m✓[39m src/features/ai/instanceAi/__tests__/InstanceAiPromptSuggestions.test.ts [2m([22m[2m8 tests[22m[2m)[22m[33m 972[2mms[22m[39m
[32mn8n-editor-ui:test: [0m     [33m[2m✓[22m[39m emits preview changes for prompt pills and quick-example rows [33m 407[2mms[22m[39m
[32mn8n-editor-ui:test: [0m     [33m[2m✓[22m[39m does not emit a delayed preview after clicking a prompt suggestion [33m 372[2mms[22m[39m
[32mn8n-editor-ui:test: [0m [32m✓[39m src/features/ai/chatHub/components/ToolsManagerModal.test.ts [2m([22m[2m18 tests[22m[2m)[22m[33m 1113[2mms[22m[39m
[32mn8n-editor-ui:test: [0m [32m✓[39m src/experiments/surfaceMcpToNewCloudUsers/components/onboarding/MCPOnboardingModal.test.ts [2m([22m[2m13 tests[22m[2m)[22m[33m 726[2mms[22m[39m
[32mn8n-editor-ui:test: [0m [32m✓[39m src/features/ndv/parameters/components/ParameterInputExpanded.test.ts [2m([22m[2m6 tests[22m[2m)[22m[33m 1132[2mms[22m[39m
[32mn8n-editor-ui:test: [0m       [33m[2m✓[22m[39m should render FixedCollectionParameter for fixedCollection type [33m 315[2mms[22m[39m
[32mn8n-editor-ui:test: [0m [32m✓[39m src/features/shared/editors/plugins/codemirror/completions/completions.test.ts [2m([22m[2m71 tests[22m[2m)[22m[33m 1097[2mms[22m[39m
[32mn8n-editor-ui:test: [0m [32m✓[39m src/features/ndv/parameters/components/FromAiParametersModal.test.ts [2m([22m[2m9 tests[22m[2m)[22m[33m 1029[2mms[22m[39m
[32mn8n-editor-ui:test: [0m [32m✓[39m src/features/integrations/secretsProviders.ee/components/SecretsProviderConnectionCard.test.ts [2m([22m[2m21 tests[22m[2m)[22m[33m 1018[2mms[22m[39m
[32mn8n-editor-ui:test: [0m [32m✓[39m src/features/ai/evaluation.ee/components/AddExecutionToDataset/AddExecutionToDatasetModal.test.ts [2m([22m[2m6 tests[22m[2m)[22m[33m 1091[2mms[22m[39m
[32mn8n-editor-ui:test: [0m [32m✓[39m src/features/resolvers/ResolversView.test.ts [2m([22m[2m12 tests[22m[2m)[22m[33m 724[2mms[22m[39m
[32mn8n-editor-ui:test: [0m [32m✓[39m src/app/composables/useWorkflowUpdate.test.ts [2m([22m[2m33 tests[22m[2m)[22m[33m 710[2mms[22m[39m
[32mn8n-editor-ui:test: [0m [32m✓[39m src/features/ai/instanceAi/__tests__/InstanceAiEmptyView.test.ts [2m([22m[2m32 tests[22m[2m)[22m[33m 575[2mms[22m[39m
[32mn8n-editor-ui:test: [0m [32m✓[39m src/features/execution/logs/components/LogsOverviewPanel.test.ts [2m([22m[2m7 tests[22m[2m)[22m[33m 607[2mms[22m[39m
[32mn8n-editor-ui:test: [0m [32m✓[39m src/features/ai/chatHub/composables/useDynamicCredentialsStatus.test.ts [2m([22m[2m23 tests[22m[2m)[22m[33m 891[2mms[22m[39m
[32mn8n-editor-ui:test: [0m [32m✓[39m src/features/resolvers/components/CredentialResolverEditModal.test.ts [2m([22m[2m8 tests[22m[2m)[22m[33m 780[2mms[22m[39m
[32mn8n-editor-ui:test: [0m [32m✓[39m src/features/workflows/canvas/components/elements/nodes/render-types/CanvasNodeDefault.test.ts [2m([22m[2m32 tests[22m[2m)[22m[33m 678[2mms[22m[39m
[32mn8n-editor-ui:test: [0m [32m✓[39m src/features/credentials/composables/__tests__/useCredentialOAuth.test.ts [2m([22m[2m55 tests[22m[2m)[22m[33m 675[2mms[22m[39m
[32mn8n-editor-ui:test: [0m [32m✓[39m src/app/components/NodeExecuteButton.test.ts [2m([22m[2m19 tests[22m[2m)[22m[33m 956[2mms[22m[39m
[32mn8n-editor-ui:test: [0m [32m✓[39m src/features/agents/__tests__/AgentCapabilitiesSection.test.ts [2m([22m[2m25 tests[22m[2m)[22m[33m 874[2mms[22m[39m
[32mn8n-editor-ui:test: [0m [32m✓[39m src/features/execution/executions/composables/useExecutionPreviewDocument.test.ts [2m([22m[2m22 tests[22m[2m)[22m[33m 559[2mms[22m[39m
[32mn8n-editor-ui:test: [0m [32m✓[39m src/features/workflows/workflowHistory/components/WorkflowHistoryContent.test.ts [2m([22m[2m6 tests[22m[2m)[22m[33m 642[2mms[22m[39m
[32mn8n-editor-ui:test: [0m [32m✓[39m src/features/workflows/canvas/components/WorkflowCanvas.test.ts [2m([22m[2m9 tests[22m[2m)[22m[33m 1279[2mms[22m[39m
[32mn8n-editor-ui:test: [0m [32m✓[39m src/app/composables/usePushConnection/handlers/executionFinished.test.ts [2m([22m[2m30 tests[22m[2m)[22m[33m 499[2mms[22m[39m
[32mn8n-editor-ui:test: [0m [32m✓[39m src/features/credentials/credentials.test.ts [2m([22m[2m2 tests[22m[2m)[22m[33m 836[2mms[22m[39m
[32mn8n-editor-ui:test: [0m         [33m[2m✓[22m[39m should fetch all credential types [33m 415[2mms[22m[39m
[32mn8n-editor-ui:test: [0m         [33m[2m✓[22m[39m should fetch all credentials [33m 407[2mms[22m[39m
[32mn8n-editor-ui:test: [0m [32m✓[39m src/features/ai/evaluation.ee/views/TestRunDetailView.test.ts [2m([22m[2m15 tests[22m[2m)[22m[33m 643[2mms[22m[39m
[32mn8n-editor-ui:test: [0m [32m✓[39m src/features/shared/editors/components/HtmlEditor/HtmlEditor.test.ts [2m([22m[2m3 tests[22m[2m)[22m[33m 967[2mms[22m[39m
[32mn8n-editor-ui:test: [0m     [33m[2m✓[22m[39m emits update:model-value events [33m 605[2mms[22m[39m
[32mn8n-editor-ui:test: [0m [32m✓[39m src/features/workflows/templates/components/SetupWorkflowCredentialsButton.test.ts [2m([22m[2m20 tests[22m[2m)[22m[33m 631[2mms[22m[39m
[32mn8n-editor-ui:test: [0m [32m✓[39m src/features/setupPanel/components/cards/NodeSetupCard.test.ts [2m([22m[2m39 tests[22m[2m)[22m[33m 1118[2mms[22m[39m
[32mn8n-editor-ui:test: [0m [32m✓[39m src/app/components/WorkflowProductionChecklist.test.ts [2m([22m[2m29 tests[22m[2m)[22m[33m 599[2mms[22m[39m
[32mn8n-editor-ui:test: [0m [32m✓[39m src/features/setupPanel/composables/useWorkflowSetupState.test.ts [2m([22m[2m71 tests[22m[2m)[22m[33m 732[2mms[22m[39m
[32mn8n-editor-ui:test: [0m [32m✓[39m src/features/workflows/canvas/experimental/components/ExperimentalEmbeddedNdvMapper.test.ts [2m([22m[2m4 tests[22m[2m)[22m[33m 751[2mms[22m[39m
[32mn8n-editor-ui:test: [0m     [33m[2m✓[22m[39m should open the popover on hover if visibleOnHover is true [33m 395[2mms[22m[39m
[32mn8n-editor-ui:test: [0m     [33m[2m✓[22m[39m should close the popover on mouse leave if the popover is opened by hover [33m 312[2mms[22m[39m
[32mn8n-editor-ui:test: [0m [32m✓[39m src/features/credentials/components/CredentialEdit/CredentialSharing.ee.test.ts [2m([22m[2m9 tests[22m[2m)[22m[33m 913[2mms[22m[39m
[32mn8n-editor-ui:test: [0m [32m✓[39m src/features/workflow-reviews/components/WorkflowReviewRequestsSidebar.test.ts [2m([22m[2m22 tests[22m[2m)[22m[33m 549[2mms[22m[39m
[32mn8n-editor-ui:test: [0m [32m✓[39m src/features/ai/evaluation.ee/components/Tests/TestCaseDetail.test.ts [2m([22m[2m14 tests[22m[2m)[22m[33m 991[2mms[22m[39m
[32mn8n-editor-ui:test: [0m [32m✓[39m src/features/ai/mcpAccess/components/tabs/OAuthClientsFilters.test.ts [2m([22m[2m5 tests[22m[2m)[22m[33m 600[2mms[22m[39m
[32mn8n-editor-ui:test: [0m [32m✓[39m src/features/ndv/shared/views/NodeDetailsView.test.ts [2m([22m[2m12 tests[22m[2m)[22m[33m 760[2mms[22m[39m
[32mn8n-editor-ui:test: [0m [32m✓[39m src/app/composables/useNodeDirtiness.test.ts [2m([22m[2m21 tests[22m[2m)[22m[33m 654[2mms[22m[39m
[32mn8n-editor-ui:test: [0m [32m✓[39m src/features/workflows/components/WorkflowShareModal.ee.test.ts [2m([22m[2m3 tests[22m[2m)[22m[33m 565[2mms[22m[39m
[32mn8n-editor-ui:test: [0m     [33m[2m✓[22m[39m should share new, unsaved workflow after saving it first [33m 476[2mms[22m[39m
[32mn8n-editor-ui:test: [0m [32m✓[39m src/app/components/MainSidebarHeader.test.ts [2m([22m[2m13 tests[22m[2m)[22m[33m 627[2mms[22m[39m
[32mn8n-editor-ui:test: [0m [32m✓[39m src/features/shared/commandBar/composables/useWorkflowCommands.test.ts [2m([22m[2m29 tests[22m[2m)[22m[33m 659[2mms[22m[39m
[32mn8n-editor-ui:test: [0m [32m✓[39m src/features/shared/toolConfig/__tests__/NodeToolSettingsContent.test.ts [2m([22m[2m25 tests[22m[2m)[22m[33m 724[2mms[22m[39m
[32mn8n-editor-ui:test: [0m [32m✓[39m src/features/workflows/workflowHistory/components/WorkflowPublishTimelineContent.test.ts [2m([22m[2m15 tests[22m[2m)[22m[33m 638[2mms[22m[39m
[32mn8n-editor-ui:test: [0m     [33m[2m✓[22m[39m should show the user attribution and datetime as a tooltip when an event has an associated user [33m 349[2mms[22m[39m
[32mn8n-editor-ui:test: [0m [32m✓[39m src/features/ndv/parameters/components/FixedCollection/FixedCollectionItem.test.ts [2m([22m[2m32 tests[22m[2m)[22m[33m 823[2mms[22m[39m
[32mn8n-editor-ui:test: [0m [32m✓[39m src/features/ai/mcpAccess/components/tabs/OAuthClientsTable.test.ts [2m([22m[2m17 tests[22m[2m)[22m[33m 1105[2mms[22m[39m
[32mn8n-editor-ui:test: [0m [32m✓[39m src/features/workflows/workflowHistory/components/WorkflowHistoryListItem.test.ts [2m([22m[2m11 tests[22m[2m)[22m[33m 614[2mms[22m[39m
[32mn8n-editor-ui:test: [0m [32m✓[39m src/features/workflows/components/ImportWorkflowUrlModal.test.ts [2m([22m[2m6 tests[22m[2m)[22m[33m 694[2mms[22m[39m
[32mn8n-editor-ui:test: [0m [32m✓[39m src/features/agents/__tests__/AgentEvalResultsPanel.test.ts [2m([22m[2m24 tests[22m[2m)[22m[33m 792[2mms[22m[39m
[32mn8n-editor-ui:test: [0m [32m✓[39m src/features/ndv/parameters/components/WorkflowSelectorParameterInput/WorkflowSelectorParameterInput.test.ts [2m([22m[2m6 tests[22m[2m)[22m[33m 800[2mms[22m[39m
[32mn8n-editor-ui:test: [0m [32m✓[39m src/features/execution/insights/components/InsightsSummary.test.ts [2m([22m[2m15 tests[22m[2m)[22m[33m 788[2mms[22m[39m
[32mn8n-editor-ui:test: [0m [32m✓[39m src/app/components/WorkflowPreview.test.ts [2m([22m[2m29 tests[22m[2m)[22m[33m 662[2mms[22m[39m
[32mn8n-editor-ui:test: [0m [32m✓[39m src/app/views/DemoDiffView.test.ts [2m([22m[2m17 tests[22m[2m)[22m[33m 711[2mms[22m[39m
[32mn8n-editor-ui:test: [0m [32m✓[39m src/features/core/auth/views/SignupView.test.ts [2m([22m[2m11 tests[22m[2m)[22m[33m 498[2mms[22m[39m
[32mn8n-editor-ui:test: [0m [32m✓[39m src/features/execution/logs/components/LogsViewRunData.test.ts [2m([22m[2m3 tests[22m[2m)[22m[33m 671[2mms[22m[39m
[32mn8n-editor-ui:test: [0m     [33m[2m✓[22m[39m should display matched and total item count unless display mode is schema [33m 485[2mms[22m[39m
[32mn8n-editor-ui:test: [0m [32m✓[39m src/features/agents/__tests__/AgentTaskModal.test.ts [2m([22m[2m16 tests[22m[2m)[22m[33m 539[2mms[22m[39m
[32mn8n-editor-ui:test: [0m [32m✓[39m src/features/core/dataTable/components/dataGrid/ColumnHeader.test.ts [2m([22m[2m9 tests[22m[2m)[22m[33m 549[2mms[22m[39m
[32mn8n-editor-ui:test: [0m [32m✓[39m src/features/roles/components/RoleHoverPopover.test.ts [2m([22m[2m15 tests[22m[2m)[22m[33m 469[2mms[22m[39m
[32mn8n-editor-ui:test: [0m [32m✓[39m src/features/ai/instanceAi/components/settings/__tests__/ConnectionDialog.test.ts [2m([22m[2m6 tests[22m[2m)[22m[33m 738[2mms[22m[39m
[32mn8n-editor-ui:test: [0m [32m✓[39m src/features/agents/__tests__/WorkflowToolConfigContent.test.ts [2m([22m[2m21 tests[22m[2m)[22m[33m 411[2mms[22m[39m
[32mn8n-editor-ui:test: [0m [32m✓[39m src/app/components/WhatsNewModal.test.ts [2m([22m[2m8 tests[22m[2m)[22m[33m 530[2mms[22m[39m
[32mn8n-editor-ui:test: [0m [32m✓[39m src/features/agents/__tests__/useModelCatalog.test.ts [2m([22m[2m6 tests[22m[2m)[22m[33m 422[2mms[22m[39m
[32mn8n-editor-ui:test: [0m [32m✓[39m src/features/credentials/components/CredentialEdit/CredentialTypeSelector.test.ts [2m([22m[2m5 tests[22m[2m)[22m[33m 480[2mms[22m[39m
[32mn8n-editor-ui:test: [0m [32m✓[39m src/features/ndv/parameters/components/ImportCurlModal.test.ts [2m([22m[2m5 tests[22m[2m)[22m[33m 696[2mms[22m[39m
[32mn8n-editor-ui:test: [0m [32m✓[39m src/app/composables/usePostMessageHandler.test.ts [2m([22m[2m30 tests[22m[2m)[22m[33m 707[2mms[22m[39m
[32mn8n-editor-ui:test: [0m [32m✓[39m src/features/collaboration/projects/components/ProjectNavigation.test.ts [2m([22m[2m13 tests[22m[2m)[22m[33m 582[2mms[22m[39m
[32mn8n-editor-ui:test: [0m [32m✓[39m src/features/workflows/workflowDiff/WorkflowDiffView.test.ts [2m([22m[2m8 tests[22m[2m)[22m[33m 530[2mms[22m[39m
[32mn8n-editor-ui:test: [0m [32m✓[39m src/features/core/dataTable/components/dataGrid/DataTableTable.test.ts [2m([22m[2m9 tests[22m[2m)[22m[33m 764[2mms[22m[39m
[32mn8n-editor-ui:test: [0m [32m✓[39m src/features/ai/instanceAi/__tests__/InstanceAiConfirmationPanel.test.ts [2m([22m[2m21 tests[22m[2m)[22m[33m 769[2mms[22m[39m
[32mn8n-editor-ui:test: [0m [32m✓[39m src/features/ai/chatHub/components/ChatMessage.test.ts [2m([22m[2m6 tests[22m[2m)[22m[33m 754[2mms[22m[39m
[32mn8n-editor-ui:test: [0m     [33m[2m✓[22m[39m should render syntax highlighting for code blocks [33m 430[2mms[22m[39m
[32mn8n-editor-ui:test: [0m [32m✓[39m src/features/ndv/runData/components/RunDataTable.test.ts [2m([22m[2m6 tests[22m[2m)[22m[33m 466[2mms[22m[39m
[32mn8n-editor-ui:test: [0m [32m✓[39m src/features/credentials/components/CredentialPicker/CredentialPicker.test.ts [2m([22m[2m5 tests[22m[2m)[22m[33m 543[2mms[22m[39m
[32mn8n-editor-ui:test: [0m [32m✓[39m src/app/composables/useToolParameters.test.ts [2m([22m[2m16 tests[22m[2m)[22m[33m 527[2mms[22m[39m
[32mn8n-editor-ui:test: [0m [32m✓[39m src/features/shared/editors/composables/useCodeEditor.test.ts [2m([22m[2m4 tests[22m[2m)[22m[33m 582[2mms[22m[39m
[32mn8n-editor-ui:test: [0m     [33m[2m✓[22m[39m should emit changes [33m 339[2mms[22m[39m
[32mn8n-editor-ui:test: [0m [32m✓[39m src/features/ai/instanceAi/__tests__/ThinkingBlock.test.ts [2m([22m[2m17 tests[22m[2m)[22m[33m 750[2mms[22m[39m
[32mn8n-editor-ui:test: [0m [32m✓[39m src/features/ai/assistant/components/Agent/BuilderSetupWizard.test.ts [2m([22m[2m14 tests[22m[2m)[22m[33m 689[2mms[22m[39m
[32mn8n-editor-ui:test: [0m [32m✓[39m src/features/ndv/settings/components/NodeSettingsInvalidNodeWarning.test.ts [2m([22m[2m11 tests[22m[2m)[22m[33m 664[2mms[22m[39m
[32mn8n-editor-ui:test: [0m [32m✓[39m src/features/core/auth/views/SetupView.test.ts [2m([22m[2m4 tests[22m[2m)[22m[33m 498[2mms[22m[39m
[32mn8n-editor-ui:test: [0m     [33m[2m✓[22m[39m should route a forced-here new owner through root so the guard can land them on Instance AI [33m 344[2mms[22m[39m
[32mn8n-editor-ui:test: [0m [32m✓[39m src/features/ai/assistant/components/Agent/PlanQuestionsMessage.test.ts [2m([22m[2m28 tests[22m[2m)[22m[33m 674[2mms[22m[39m
[32mn8n-editor-ui:test: [0m [32m✓[39m src/features/ndv/parameters/components/FixedCollection/FixedCollectionParameter.test.ts [2m([22m[2m4 tests[22m[2m)[22m[33m 398[2mms[22m[39m
[32mn8n-editor-ui:test: [0m [32m✓[39m src/features/ai/assistant/composables/useAIAssistantHelpers.test.ts [2m([22m[2m54 tests[22m[2m)[22m[33m 420[2mms[22m[39m
[32mn8n-editor-ui:test: [0m [32m✓[39m src/features/ai/shared/components/ChatInputBase.test.ts [2m([22m[2m22 tests[22m[2m)[22m[33m 550[2mms[22m[39m
[32mn8n-editor-ui:test: [0m [32m✓[39m src/features/ndv/runData/components/error/NodeErrorView.test.ts [2m([22m[2m12 tests[22m[2m)[22m[33m 441[2mms[22m[39m
[32mn8n-editor-ui:test: [0m [32m✓[39m src/features/settings/usage/components/CommunityPlusEnrollmentModal.test.ts [2m([22m[2m7 tests[22m[2m)[22m[33m 539[2mms[22m[39m
[32mn8n-editor-ui:test: [0m [32m✓[39m src/features/agents/__tests__/AgentChannelSlackManagedSetup.test.ts [2m([22m[2m8 tests[22m[2m)[22m[33m 559[2mms[22m[39m
[32mn8n-editor-ui:test: [0m [32m✓[39m src/features/shared/nodeCreator/nodeCreator.store.test.ts [2m([22m[2m22 tests[22m[2m)[22m[33m 597[2mms[22m[39m
[32mn8n-editor-ui:test: [0m [32m✓[39m src/features/workflow-reviews/components/WorkflowReviewActivityFeed.test.ts [2m([22m[2m42 tests[22m[2m)[22m[33m 591[2mms[22m[39m
[32mn8n-editor-ui:test: [0m [32m✓[39m src/features/ndv/parameters/components/ExpressionParameterInput.test.ts [2m([22m[2m4 tests[22m[2m)[22m[33m 457[2mms[22m[39m
[32mn8n-editor-ui:test: [0m [32m✓[39m src/features/ndv/parameters/components/ParameterInputFull.test.ts [2m([22m[2m9 tests[22m[2m)[22m[33m 397[2mms[22m[39m
[32mn8n-editor-ui:test: [0m [32m✓[39m src/features/agents/__tests__/AgentToolConfigModal.test.ts [2m([22m[2m13 tests[22m[2m)[22m[32m 289[2mms[22m[39m
[32mn8n-editor-ui:test: [0m [32m✓[39m src/features/shared/editors/components/InlineExpressionEditor/InlineExpressionTip.test.ts [2m([22m[2m5 tests[22m[2m)[22m[33m 483[2mms[22m[39m
[32mn8n-editor-ui:test: [0m [32m✓[39m src/app/views/NodeView.test.ts [2m([22m[2m4 tests[22m[2m)[22m[33m 382[2mms[22m[39m
[32mn8n-editor-ui:test: [0m [32m✓[39m src/features/shared/commandBar/composables/useNodeCommands.test.ts [2m([22m[2m14 tests[22m[2m)[22m[33m 522[2mms[22m[39m
[32mn8n-editor-ui:test: [0m [32m✓[39m src/features/workflow-reviews/components/WorkflowReviewRequiredToggle.test.ts [2m([22m[2m7 tests[22m[2m)[22m[33m 640[2mms[22m[39m
[32mn8n-editor-ui:test: [0m [32m✓[39m src/features/agents/__tests__/AgentVectorStoresModal.test.ts [2m([22m[2m8 tests[22m[2m)[22m[33m 407[2mms[22m[39m
[32mn8n-editor-ui:test: [0m [32m✓[39m src/features/agents/__tests__/AgentEvalCaseEditor.test.ts [2m([22m[2m12 tests[22m[2m)[22m[33m 480[2mms[22m[39m
[32mn8n-editor-ui:test: [0m [32m✓[39m src/features/settings/users/components/DeleteUserModal.test.ts [2m([22m[2m3 tests[22m[2m)[22m[33m 582[2mms[22m[39m
[32mn8n-editor-ui:test: [0m     [33m[2m✓[22m[39m should delete user and transfer workflows and credentials [33m 377[2mms[22m[39m
[32mn8n-editor-ui:test: [0m [32m✓[39m src/features/ai/mcpAccess/SettingsMCPAgentsView.test.ts [2m([22m[2m10 tests[22m[2m)[22m[33m 518[2mms[22m[39m
[32mn8n-editor-ui:test: [0m [32m✓[39m src/features/ndv/settings/components/NodeSettings.test.ts [2m([22m[2m8 tests[22m[2m)[22m[33m 605[2mms[22m[39m
[32mn8n-editor-ui:test: [0m [32m✓[39m src/features/ndv/runData/components/RunDataSearch.test.ts [2m([22m[2m13 tests[22m[2m)[22m[33m 670[2mms[22m[39m
[32mn8n-editor-ui:test: [0m [32m✓[39m src/features/shared/nodeCreator/components/Modes/AgentsMode.test.ts [2m([22m[2m16 tests[22m[2m)[22m[33m 503[2mms[22m[39m
[32mn8n-editor-ui:test: [0m [32m✓[39m src/features/shared/editors/components/JsonEditor/JsonEditor.test.ts [2m([22m[2m4 tests[22m[2m)[22m[33m 490[2mms[22m[39m
[32mn8n-editor-ui:test: [0m [32m✓[39m src/features/ai/instanceAi/components/__tests__/InstanceAiMcpConnectCard.test.ts [2m([22m[2m23 tests[22m[2m)[22m[33m 643[2mms[22m[39m
[32mn8n-editor-ui:test: [0m [32m✓[39m src/features/ai/instanceAi/__tests__/PlanReviewPanel.test.ts [2m([22m[2m12 tests[22m[2m)[22m[33m 650[2mms[22m[39m
[32mn8n-editor-ui:test: [0m [32m✓[39m src/features/workflows/canvas/components/elements/edges/CanvasEdge.test.ts [2m([22m[2m12 tests[22m[2m)[22m[33m 404[2mms[22m[39m
[32mn8n-editor-ui:test: [0m [32m✓[39m src/features/ai/mcpAccess/SettingsMCPWorkflowsView.test.ts [2m([22m[2m9 tests[22m[2m)[22m[33m 648[2mms[22m[39m
[32mn8n-editor-ui:test: [0m [32m✓[39m src/features/agents/__tests__/N8nChatActionCard.test.ts [2m([22m[2m14 tests[22m[2m)[22m[33m 331[2mms[22m[39m
[32mn8n-editor-ui:test: [0m [32m✓[39m src/features/settings/users/components/InviteUsersModal.test.ts [2m([22m[2m1 test[22m[2m)[22m[33m 398[2mms[22m[39m
[32mn8n-editor-ui:test: [0m     [33m[2m✓[22m[39m copies a generated invite link via a deferred function on direct click [33m 396[2mms[22m[39m
[32mn8n-editor-ui:test: [0m [32m✓[39m src/app/stores/workflowExecutionState.store.test.ts [2m([22m[2m114 tests[22m[2m)[22m[33m 401[2mms[22m[39m
[32mn8n-editor-ui:test: [0m [32m✓[39m src/features/ndv/parameters/components/Collection/CollectionParameter.test.ts [2m([22m[2m3 tests[22m[2m)[22m[33m 453[2mms[22m[39m
[32mn8n-editor-ui:test: [0m [32m✓[39m src/features/ndv/panel/components/TriggerPanel.test.ts [2m([22m[2m5 tests[22m[2m)[22m[33m 406[2mms[22m[39m
[32mn8n-editor-ui:test: [0m [32m✓[39m src/features/workflows/canvas/components/elements/nodes/render-types/CanvasNodeAgent.test.ts [2m([22m[2m11 tests[22m[2m)[22m[32m 272[2mms[22m[39m
[32mn8n-editor-ui:test: [0m [32m✓[39m src/features/execution/executions/components/workflow/WorkflowExecutionAnnotationTags.ee.test.ts [2m([22m[2m5 tests[22m[2m)[22m[33m 340[2mms[22m[39m
[32mn8n-editor-ui:test: [0m [32m✓[39m src/features/ai/evaluation.ee/views/CompareCollectionView.test.ts [2m([22m[2m8 tests[22m[2m)[22m[33m 312[2mms[22m[39m
[32mn8n-editor-ui:test: [0m [32m✓[39m src/features/ai/evaluation.ee/views/EvaluationsRootView.test.ts [2m([22m[2m14 tests[22m[2m)[22m[33m 502[2mms[22m[39m
[32mn8n-editor-ui:test: [0m [32m✓[39m src/features/ai/mcpAccess/SettingsMCPClientsView.test.ts [2m([22m[2m6 tests[22m[2m)[22m[33m 488[2mms[22m[39m
[32mn8n-editor-ui:test: [0m [32m✓[39m src/features/ndv/parameters/components/ParameterOptions.test.ts [2m([22m[2m7 tests[22m[2m)[22m[33m 348[2mms[22m[39m
[32mn8n-editor-ui:test: [0m [32m✓[39m src/features/core/folders/components/FolderCard.test.ts [2m([22m[2m6 tests[22m[2m)[22m[33m 331[2mms[22m[39m
[32mn8n-editor-ui:test: [0m [32m✓[39m src/features/collaboration/projects/components/ProjectMembersTable.test.ts [2m([22m[2m33 tests[22m[2m)[22m[33m 363[2mms[22m[39m
[32mn8n-editor-ui:test: [0m [32m✓[39m src/features/workflows/canvas/components/elements/edges/CanvasEdgeToolbar.test.ts [2m([22m[2m9 tests[22m[2m)[22m[33m 302[2mms[22m[39m
[32mn8n-editor-ui:test: [0m [32m✓[39m src/features/agents/__tests__/AgentSubAgentsPanel.spec.ts [2m([22m[2m23 tests[22m[2m)[22m[33m 351[2mms[22m[39m
[32mn8n-editor-ui:test: [0m [32m✓[39m src/features/ndv/runData/components/RunDataJsonActions.test.ts [2m([22m[2m5 tests[22m[2m)[22m[33m 333[2mms[22m[39m
[32mn8n-editor-ui:test: [0m [32m✓[39m src/features/execution/executions/components/global/GlobalExecutionsListItem.test.ts [2m([22m[2m10 tests[22m[2m)[22m[33m 423[2mms[22m[39m
[32mn8n-editor-ui:test: [0m [32m✓[39m src/app/layouts/WorkflowLayout.test.ts [2m([22m[2m17 tests[22m[2m)[22m[32m 270[2mms[22m[39m
[32mn8n-editor-ui:test: [0m [32m✓[39m src/features/roles/instance/components/DeleteInstanceRoleModal.test.ts [2m([22m[2m5 tests[22m[2m)[22m[33m 520[2mms[22m[39m
[32mn8n-editor-ui:test: [0m [32m✓[39m src/features/shared/commandBar/composables/useWorkflowNavigationCommands.test.ts [2m([22m[2m10 tests[22m[2m)[22m[33m 463[2mms[22m[39m
[32mn8n-editor-ui:test: [0m [32m✓[39m src/features/roles/RolesView.test.ts [2m([22m[2m7 tests[22m[2m)[22m[33m 446[2mms[22m[39m
[32mn8n-editor-ui:test: [0m [32m✓[39m src/features/shared/editors/components/InlineExpressionEditor/ExpressionOutput.test.ts [2m([22m[2m22 tests[22m[2m)[22m[32m 277[2mms[22m[39m
[32mn8n-editor-ui:test: [0m [32m✓[39m src/features/agents/__tests__/useAgentChatStream.test.ts [2m([22m[2m54 tests[22m[2m)[22m[33m 443[2mms[22m[39m
[32mn8n-editor-ui:test: [0m [32m✓[39m src/features/shared/commandBar/composables/useExecutionCommands.test.ts [2m([22m[2m33 tests[22m[2m)[22m[33m 402[2mms[22m[39m
[32mn8n-editor-ui:test: [0m [32m✓[39m src/features/agents/__tests__/AgentToolsConnectionModalWrapper.test.ts [2m([22m[2m23 tests[22m[2m)[22m[33m 453[2mms[22m[39m
[32mn8n-editor-ui:test: [0m [32m✓[39m src/features/ai/assistant/components/Agent/BuilderSetupCard.test.ts [2m([22m[2m16 tests[22m[2m)[22m[33m 345[2mms[22m[39m
[32mn8n-editor-ui:test: [0m [32m✓[39m src/features/ai/assistant/components/FocusedNodes/ChatInputWithMention.test.ts [2m([22m[2m12 tests[22m[2m)[22m[33m 371[2mms[22m[39m
[32mn8n-editor-ui:test: [0m [32m✓[39m src/features/agents/__tests__/SessionDetailPanel.spec.ts [2m([22m[2m33 tests[22m[2m)[22m[33m 413[2mms[22m[39m
[32mn8n-editor-ui:test: [0m [32m✓[39m src/features/ndv/runData/components/RunDataPinButton.test.ts [2m([22m[2m6 tests[22m[2m)[22m[33m 470[2mms[22m[39m
[32mn8n-editor-ui:test: [0m [32m✓[39m src/features/agents/__tests__/AgentChannelModal.test.ts [2m([22m[2m16 tests[22m[2m)[22m[33m 479[2mms[22m[39m
[32mn8n-editor-ui:test: [0m [32m✓[39m src/features/workflows/canvas/components/elements/nodes/CanvasNode.test.ts [2m([22m[2m8 tests[22m[2m)[22m[33m 534[2mms[22m[39m
[32mn8n-editor-ui:test: [0m [32m✓[39m src/features/collaboration/projects/components/ProjectDeleteDialog.test.ts [2m([22m[2m2 tests[22m[2m)[22m[33m 552[2mms[22m[39m
[32mn8n-editor-ui:test: [0m     [33m[2m✓[22m[39m should render the dialog with correct title and content when project is not empty [33m 409[2mms[22m[39m
[32mn8n-editor-ui:test: [0m [32m✓[39m src/features/ndv/parameters/composables/useWorkflowResourcesLocator.test.ts [2m([22m[2m21 tests[22m[2m)[22m[33m 476[2mms[22m[39m
[32mn8n-editor-ui:test: [0m [32m✓[39m src/features/settings/sso/provisioning/components/UserRoleProvisioningDropdown.test.ts [2m([22m[2m3 tests[22m[2m)[22m[33m 369[2mms[22m[39m
[32mn8n-editor-ui:test: [0m [32m✓[39m src/features/shared/nodeCreator/composables/useKeyboardNavigation.test.ts [2m([22m[2m7 tests[22m[2m)[22m[32m 263[2mms[22m[39m
[32mn8n-editor-ui:test: [0m [32m✓[39m src/features/ai/gateway/components/AiGatewayTopUpModal.test.ts [2m([22m[2m10 tests[22m[2m)[22m[32m 279[2mms[22m[39m
[32mn8n-editor-ui:test: [0m [32m✓[39m src/features/ndv/panel/components/NDVHeader.test.ts [2m([22m[2m3 tests[22m[2m)[22m[32m 271[2mms[22m[39m
[32mn8n-editor-ui:test: [0m [32m✓[39m src/features/settings/communityNodes/composables/useInstallNode.test.ts [2m([22m[2m21 tests[22m[2m)[22m[33m 372[2mms[22m[39m
[32mn8n-editor-ui:test: [0m [32m✓[39m src/features/ai/evaluation.ee/components/Tests/TestCaseResultCard.test.ts [2m([22m[2m8 tests[22m[2m)[22m[32m 161[2mms[22m[39m
[32mn8n-editor-ui:test: [0m [32m✓[39m src/app/layouts/DemoLayout.test.ts [2m([22m[2m14 tests[22m[2m)[22m[33m 396[2mms[22m[39m
[32mn8n-editor-ui:test: [0m [32m✓[39m src/features/workflow-reviews/components/WorkflowReviewDetailTabs.decisionNote.test.ts [2m([22m[2m3 tests[22m[2m)[22m[33m 374[2mms[22m[39m
[32mn8n-editor-ui:test: [0m [32m✓[39m src/features/shared/commandBar/composables/useRecentResources.test.ts [2m([22m[2m23 tests[22m[2m)[22m[33m 454[2mms[22m[39m
[32mn8n-editor-ui:test: [0m [32m✓[39m src/app/components/DependencyPill.test.ts [2m([22m[2m25 tests[22m[2m)[22m[32m 278[2mms[22m[39m
[32mn8n-editor-ui:test: [0m [32m✓[39m src/features/integrations/secretsProviders.ee/components/DeleteSecretsProviderModal.ee.test.ts [2m([22m[2m6 tests[22m[2m)[22m[33m 372[2mms[22m[39m
[32mn8n-editor-ui:test: [0m [32m✓[39m src/features/ai/evaluation.ee/components/Tests/TestCaseResults.test.ts [2m([22m[2m6 tests[22m[2m)[22m[32m 159[2mms[22m[39m
[32mn8n-editor-ui:test: [0m [32m✓[39m src/features/ai/evaluation.ee/components/EvaluationsCanvasInfoCard/EvaluationsCanvasInfoCard.test.ts [2m([22m[2m14 tests[22m[2m)[22m[33m 354[2mms[22m[39m
[32mn8n-editor-ui:test: [0m [32m✓[39m src/features/roles/project/RoleAssignmentsTab.test.ts [2m([22m[2m16 tests[22m[2m)[22m[33m 348[2mms[22m[39m
[32mn8n-editor-ui:test: [0m [32m✓[39m src/features/agents/__tests__/agentEvals.store.test.ts [2m([22m[2m62 tests[22m[2m)[22m[32m 232[2mms[22m[39m
[32mn8n-editor-ui:test: [0m [32m✓[39m src/features/settings/users/components/SettingsUsersProjectsModal.test.ts [2m([22m[2m5 tests[22m[2m)[22m[32m 295[2mms[22m[39m
[32mn8n-editor-ui:test: [0m [32m✓[39m src/features/shared/editors/plugins/codemirror/expressionCloseBrackets.test.ts [2m([22m[2m7 tests[22m[2m)[22m[33m 348[2mms[22m[39m
[32mn8n-editor-ui:test: [0m [32m✓[39m src/features/execution/logs/composables/useChatState.test.ts [2m([22m[2m34 tests[22m[2m)[22m[33m 373[2mms[22m[39m
[32mn8n-editor-ui:test: [0m [32m✓[39m src/features/ai/shared/components/ChannelSetupCard.test.ts [2m([22m[2m19 tests[22m[2m)[22m[33m 362[2mms[22m[39m
[32mn8n-editor-ui:test: [0m [32m✓[39m src/features/ai/mcpAccess/components/McpStatusControl.test.ts [2m([22m[2m3 tests[22m[2m)[22m[32m 253[2mms[22m[39m
[32mn8n-editor-ui:test: [0m [32m✓[39m src/features/settings/sso/provisioning/components/RuleRow.test.ts [2m([22m[2m4 tests[22m[2m)[22m[33m 465[2mms[22m[39m
[32mn8n-editor-ui:test: [0m [32m✓[39m src/app/composables/useAutocompleteTelemetry.test.ts [2m([22m[2m2 tests[22m[2m)[22m[33m 338[2mms[22m[39m
[32mn8n-editor-ui:test: [0m [32m✓[39m src/features/ndv/panel/components/InputPanel.test.ts [2m([22m[2m3 tests[22m[2m)[22m[33m 467[2mms[22m[39m
[32mn8n-editor-ui:test: [0m [32m✓[39m src/features/workflows/components/WorkflowPublishModal.test.ts [2m([22m[2m8 tests[22m[2m)[22m[32m 287[2mms[22m[39m
[32mn8n-editor-ui:test: [0m [32m✓[39m src/features/settings/communityNodes/views/SettingsCommunityNodesView.test.ts [2m([22m[2m14 tests[22m[2m)[22m[33m 352[2mms[22m[39m
[32mn8n-editor-ui:test: [0m [32m✓[39m src/app/composables/useSelectionValidation.test.ts [2m([22m[2m28 tests[22m[2m)[22m[33m 353[2mms[22m[39m
[32mn8n-editor-ui:test: [0m [32m✓[39m src/features/ndv/parameters/components/ExpressionEditorModal/ExpressionEditorModalInput.test.ts [2m([22m[2m2 tests[22m[2m)[22m[33m 443[2mms[22m[39m
[32mn8n-editor-ui:test: [0m     [33m[2m✓[22m[39m should not be editable when readonly [33m 326[2mms[22m[39m
[32mn8n-editor-ui:test: [0m [32m✓[39m src/features/ai/evaluation.ee/components/Tests/SuiteConfig.test.ts [2m([22m[2m4 tests[22m[2m)[22m[33m 381[2mms[22m[39m
[32mn8n-editor-ui:test: [0m [32m✓[39m src/features/ai/instanceAi/__tests__/InstanceAiWorkflowPreview.test.ts [2m([22m[2m15 tests[22m[2m)[22m[32m 298[2mms[22m[39m
[32mn8n-editor-ui:test: [0m [32m✓[39m src/features/workflow-reviews/components/WorkflowReviewDetailTabs.test.ts [2m([22m[2m23 tests[22m[2m)[22m[33m 376[2mms[22m[39m
[32mn8n-editor-ui:test: [0m [32m✓[39m src/features/ndv/parameters/components/AssignmentCollection/TypeSelect.test.ts [2m([22m[2m2 tests[22m[2m)[22m[33m 324[2mms[22m[39m
[32mn8n-editor-ui:test: [0m [32m✓[39m src/app/components/layouts/ResourcesListEmptyState.test.ts [2m([22m[2m8 tests[22m[2m)[22m[32m 175[2mms[22m[39m
[32mn8n-editor-ui:test: [0m [32m✓[39m src/features/ai/mcpAccess/components/McpAccessTokenTab.test.ts [2m([22m[2m8 tests[22m[2m)[22m[32m 230[2mms[22m[39m
[32mn8n-editor-ui:test: [0m [32m✓[39m src/features/agents/__tests__/AgentChatPanel.test.ts [2m([22m[2m21 tests[22m[2m)[22m[33m 355[2mms[22m[39m
[32mn8n-editor-ui:test: [0m [32m✓[39m src/features/core/auth/components/ConfirmPasswordModal.test.ts [2m([22m[2m3 tests[22m[2m)[22m[32m 241[2mms[22m[39m
[32mn8n-editor-ui:test: [0m [32m✓[39m src/features/core/dataTable/components/DataTableCard.test.ts [2m([22m[2m7 tests[22m[2m)[22m[33m 379[2mms[22m[39m
[32mn8n-editor-ui:test: [0m [32m✓[39m src/features/workflows/canvas/components/elements/nodes/render-types/CanvasNodeAddNodes.test.ts [2m([22m[2m6 tests[22m[2m)[22m[32m 242[2mms[22m[39m
[32mn8n-editor-ui:test: [0m [32m✓[39m src/features/ai/evaluation.ee/components/Tests/TestsPanel.spec.ts [2m([22m[2m10 tests[22m[2m)[22m[32m 200[2mms[22m[39m
[32mn8n-editor-ui:test: [0m [32m✓[39m src/features/ai/assistant/components/Agent/ChatVersionCard.test.ts [2m([22m[2m12 tests[22m[2m)[22m[32m 279[2mms[22m[39m
[32mn8n-editor-ui:test: [0m [32m✓[39m src/features/ndv/runData/components/RunDataJson.test.ts [2m([22m[2m1 test[22m[2m)[22m[32m 210[2mms[22m[39m
[32mn8n-editor-ui:test: [0m [32m✓[39m src/features/agents/__tests__/SessionTimelineTable.spec.ts [2m([22m[2m18 tests[22m[2m)[22m[33m 394[2mms[22m[39m
[32mn8n-editor-ui:test: [0m [32m✓[39m src/features/workflows/canvas/components/elements/selection/CanvasSelectionToolbar.test.ts [2m([22m[2m17 tests[22m[2m)[22m[33m 405[2mms[22m[39m
[32mn8n-editor-ui:test: [0m [32m✓[39m src/features/ai/instanceAi/components/__tests__/InstanceAiMcpConnect.test.ts [2m([22m[2m9 tests[22m[2m)[22m[32m 276[2mms[22m[39m
[32mn8n-editor-ui:test: [0m [32m✓[39m src/features/core/folders/components/FolderBreadcrumbs.test.ts [2m([22m[2m6 tests[22m[2m)[22m[32m 190[2mms[22m[39m
[32mn8n-editor-ui:test: [0m [32m✓[39m src/features/ndv/runData/components/RunDataHints.test.ts [2m([22m[2m13 tests[22m[2m)[22m[32m 196[2mms[22m[39m
[32mn8n-editor-ui:test: [0m [32m✓[39m src/features/settings/usage/components/__tests__/EulaAcceptanceModal.test.ts [2m([22m[2m8 tests[22m[2m)[22m[32m 160[2mms[22m[39m
[32mn8n-editor-ui:test: [0m [32m✓[39m src/features/ai/instanceAi/components/modals/__tests__/BrowserUseSetupModal.test.ts [2m([22m[2m25 tests[22m[2m)[22m[32m 218[2mms[22m[39m
[32mn8n-editor-ui:test: [0m [32m✓[39m src/experiments/resourceCenter/views/__tests__/ResourceCenterView.test.ts [2m([22m[2m5 tests[22m[2m)[22m[32m 223[2mms[22m[39m
[32mn8n-editor-ui:test: [0m [32m✓[39m src/features/agents/__tests__/AgentVersionHistoryPanel.test.ts [2m([22m[2m12 tests[22m[2m)[22m[32m 128[2mms[22m[39m
[32mn8n-editor-ui:test: [0m [32m✓[39m src/features/workflow-reviews/components/WorkflowReviewSubmittedDialog.test.ts [2m([22m[2m3 tests[22m[2m)[22m[32m 270[2mms[22m[39m
[32mn8n-editor-ui:test: [0m [32m✓[39m src/features/ndv/runData/components/ai/RunDataAi.test.ts [2m([22m[2m2 tests[22m[2m)[22m[33m 381[2mms[22m[39m
[32mn8n-editor-ui:test: [0m     [33m[2m✓[22m[39m should render the log that belong to given run index [33m 306[2mms[22m[39m
[32mn8n-editor-ui:test: [0m [32m✓[39m src/features/shared/editors/components/InlineExpressionEditor/InlineExpressionEditorOutput.test.ts [2m([22m[2m2 tests[22m[2m)[22m[32m 262[2mms[22m[39m
[32mn8n-editor-ui:test: [0m [32m✓[39m src/app/components/VirtualSchemaHeader.test.ts [2m([22m[2m17 tests[22m[2m)[22m[32m 252[2mms[22m[39m
[32mn8n-editor-ui:test: [0m [32m✓[39m src/features/execution/executions/components/workflow/WorkflowExecutionsCard.test.ts [2m([22m[2m11 tests[22m[2m)[22m[33m 330[2mms[22m[39m
[32mn8n-editor-ui:test: [0m [32m✓[39m src/app/components/ChatEmbedModal.test.ts [2m([22m[2m1 test[22m[2m)[22m[32m 289[2mms[22m[39m
[32mn8n-editor-ui:test: [0m [32m✓[39m src/features/settings/users/components/SettingsUsersTable.test.ts [2m([22m[2m12 tests[22m[2m)[22m[32m 256[2mms[22m[39m
[32mn8n-editor-ui:test: [0m [32m✓[39m src/features/settings/migrationReport/MigrateWorkflowModal.test.ts [2m([22m[2m7 tests[22m[2m)[22m[32m 212[2mms[22m[39m
[32mn8n-editor-ui:test: [0m [32m✓[39m src/features/execution/logs/composables/useLogsExecutionData.test.ts [2m([22m[2m8 tests[22m[2m)[22m[33m 345[2mms[22m[39m
[32mn8n-editor-ui:test: [0m [32m✓[39m src/features/ndv/parameters/components/ParameterInputWrapper.test.ts [2m([22m[2m1 test[22m[2m)[22m[32m 210[2mms[22m[39m
[32mn8n-editor-ui:test: [0m [32m✓[39m src/features/ai/chatHub/components/ToolSettingsModal.test.ts [2m([22m[2m7 tests[22m[2m)[22m[32m 267[2mms[22m[39m
[32mn8n-editor-ui:test: [0m [32m✓[39m src/app/composables/useGlobalEntityCreation.test.ts [2m([22m[2m34 tests[22m[2m)[22m[33m 337[2mms[22m[39m
[32mn8n-editor-ui:test: [0m [32m✓[39m src/features/settings/sso/provisioning/components/InstanceRoleAssignmentSelect.test.ts [2m([22m[2m6 tests[22m[2m)[22m[33m 384[2mms[22m[39m
[32mn8n-editor-ui:test: [0m [32m✓[39m src/features/settings/communityNodes/components/nodeCreator/CommunityNodeDetails.test.ts [2m([22m[2m3 tests[22m[2m)[22m[32m 288[2mms[22m[39m
[32mn8n-editor-ui:test: [0m [32m✓[39m src/features/ai/assistant/assistant.store.test.ts [2m([22m[2m52 tests[22m[2m)[22m[33m 303[2mms[22m[39m
[32mn8n-editor-ui:test: [0m [32m✓[39m src/features/settings/users/components/SettingsUsersActionsCell.test.ts [2m([22m[2m3 tests[22m[2m)[22m[33m 305[2mms[22m[39m
[32mn8n-editor-ui:test: [0m [32m✓[39m src/features/ndv/parameters/components/ResourceLocator/ResourceLocatorDropdown.test.ts [2m([22m[2m17 tests[22m[2m)[22m[32m 145[2mms[22m[39m
[32mn8n-editor-ui:test: [0m [32m✓[39m src/features/settings/sso/provisioning/components/ConfirmProvisioningDialog.test.ts [2m([22m[2m4 tests[22m[2m)[22m[32m 133[2mms[22m[39m
[32mn8n-editor-ui:test: [0m [32m✓[39m src/features/workflows/workflowHistory/views/WorkflowHistoryDiff.test.ts [2m([22m[2m3 tests[22m[2m)[22m[32m 209[2mms[22m[39m
[32mn8n-editor-ui:test: [0m [32m✓[39m src/features/ai/evaluation.ee/views/EvalCollectionsListView.test.ts [2m([22m[2m6 tests[22m[2m)[22m[32m 243[2mms[22m[39m
[32mn8n-editor-ui:test: [0m [32m✓[39m src/app/components/SaveButton.test.ts [2m([22m[2m12 tests[22m[2m)[22m[32m 149[2mms[22m[39m
[32mn8n-editor-ui:test: [0m [32m✓[39m src/features/core/auth/views/ForgotMyPasswordView.test.ts [2m([22m[2m4 tests[22m[2m)[22m[33m 372[2mms[22m[39m
[32mn8n-editor-ui:test: [0m [32m✓[39m src/features/workflows/canvas/components/elements/nodes/toolbar/CanvasNodeStickyColorSelector.test.ts [2m([22m[2m8 tests[22m[2m)[22m[32m 233[2mms[22m[39m
[32mn8n-editor-ui:test: [0m [32m✓[39m src/features/workflows/workflowHistory/components/WorkflowVersionFormModal.test.ts [2m([22m[2m8 tests[22m[2m)[22m[32m 297[2mms[22m[39m
[32mn8n-editor-ui:test: [0m [32m✓[39m src/app/composables/useWorkflowPublicationStatusSync.test.ts [2m([22m[2m11 tests[22m[2m)[22m[33m 346[2mms[22m[39m
[32mn8n-editor-ui:test: [0m [32m✓[39m src/features/shared/nodeCreator/components/Renderers/ItemsRenderer.test.ts [2m([22m[2m4 tests[22m[2m)[22m[33m 303[2mms[22m[39m
[32mn8n-editor-ui:test: [0m [32m✓[39m src/experiments/surfaceMcpToNewCloudUsers/components/onboarding/MCPOnboardingClientSetup.test.ts [2m([22m[2m4 tests[22m[2m)[22m[33m 304[2mms[22m[39m
[32mn8n-editor-ui:test: [0m [32m✓[39m src/app/composables/useWorkflowHelpers.test.ts [2m([22m[2m42 tests[22m[2m)[22m[33m 358[2mms[22m[39m
[32mn8n-editor-ui:test: [0m [32m✓[39m src/features/credentials/quickConnect/composables/useQuickConnect.test.ts [2m([22m[2m47 tests[22m[2m)[22m[32m 265[2mms[22m[39m
[32mn8n-editor-ui:test: [0m [32m✓[39m src/features/ai/evaluation.ee/components/Compare/CompareHeader.test.ts [2m([22m[2m10 tests[22m[2m)[22m[32m 186[2mms[22m[39m
[32mn8n-editor-ui:test: [0m [32m✓[39m src/features/collaboration/collaboration/components/CollaborationPane.test.ts [2m([22m[2m3 tests[22m[2m)[22m[33m 312[2mms[22m[39m
[32mn8n-editor-ui:test: [0m [32m✓[39m src/features/ai/evaluation.ee/components/Compare/WorkflowDiffTab.test.ts [2m([22m[2m2 tests[22m[2m)[22m[33m 313[2mms[22m[39m
[32mn8n-editor-ui:test: [0m [32m✓[39m src/features/ai/instanceAi/__tests__/instanceAiMcp.store.test.ts [2m([22m[2m25 tests[22m[2m)[22m[32m 245[2mms[22m[39m
[32mn8n-editor-ui:test: [0m [32m✓[39m src/features/workflows/canvas/components/elements/nodes/render-types/CanvasNodeChoicePrompt.test.ts [2m([22m[2m4 tests[22m[2m)[22m[32m 122[2mms[22m[39m
[32mn8n-editor-ui:test: [0m [32m✓[39m src/features/shared/toolsConnection/__tests__/ToolRow.test.ts [2m([22m[2m22 tests[22m[2m)[22m[32m 185[2mms[22m[39m
[32mn8n-editor-ui:test: [0m [32m✓[39m src/features/credentials/composables/__tests__/useCredentialForm.test.ts [2m([22m[2m23 tests[22m[2m)[22m[32m 157[2mms[22m[39m
[32mn8n-editor-ui:test: [0m [32m✓[39m src/features/core/dataTable/DataTableDetailsView.test.ts [2m([22m[2m9 tests[22m[2m)[22m[32m 261[2mms[22m[39m
[32mn8n-editor-ui:test: [0m [32m✓[39m src/features/agents/__tests__/AgentEvalCaseRow.test.ts [2m([22m[2m5 tests[22m[2m)[22m[32m 110[2mms[22m[39m
[32mn8n-editor-ui:test: [0m [32m✓[39m src/app/components/layouts/EmptyStateLayout.test.ts [2m([22m[2m9 tests[22m[2m)[22m[33m 306[2mms[22m[39m
[32mn8n-editor-ui:test: [0m [32m✓[39m src/features/settings/communityNodes/components/nodeCreator/CommunityNodeInfo.test.ts [2m([22m[2m8 tests[22m[2m)[22m[32m 232[2mms[22m[39m
[32mn8n-editor-ui:test: [0m [32m✓[39m src/app/components/FreeAiCreditsCallout.test.ts [2m([22m[2m13 tests[22m[2m)[22m[33m 338[2mms[22m[39m
[32mn8n-editor-ui:test: [0m [32m✓[39m src/features/ai/instanceAi/__tests__/InstanceAiPreviewTabBar.test.ts [2m([22m[2m8 tests[22m[2m)[22m[32m 257[2mms[22m[39m
[32mn8n-editor-ui:test: [0m [32m✓[39m src/app/init/index.test.ts [2m([22m[2m20 tests[22m[2m)[22m[33m 347[2mms[22m[39m
[32mn8n-editor-ui:test: [0m [32m✓[39m src/app/composables/useResolvedExpression.test.ts [2m([22m[2m7 tests[22m[2m)[22m[32m 277[2mms[22m[39m
[32mn8n-editor-ui:test: [0m [32m✓[39m src/features/ndv/parameters/components/ParameterInputOverrides/ParameterOverrideSelectableList.test.ts [2m([22m[2m3 tests[22m[2m)[22m[32m 291[2mms[22m[39m
[32mn8n-editor-ui:test: [0m [32m✓[39m src/features/setupPanel/composables/useTriggerExecution.test.ts [2m([22m[2m24 tests[22m[2m)[22m[32m 276[2mms[22m[39m
[32mn8n-editor-ui:test: [0m [32m✓[39m src/experiments/exposeAllWorkflowsToMcp/components/ExposeAllWorkflowsToMcpModal.test.ts [2m([22m[2m6 tests[22m[2m)[22m[32m 219[2mms[22m[39m
[32mn8n-editor-ui:test: [0m [32m✓[39m src/features/ai/instanceAi/__tests__/InstanceAiMarkdown.test.ts [2m([22m[2m23 tests[22m[2m)[22m[32m 199[2mms[22m[39m
[32mn8n-editor-ui:test: [0m [32m✓[39m src/features/agents/__tests__/AgentEvalsSection.test.ts [2m([22m[2m13 tests[22m[2m)[22m[33m 459[2mms[22m[39m
[32mn8n-editor-ui:test: [0m [32m✓[39m src/features/ai/instanceAi/__tests__/InstanceAiChannelSetup.test.ts [2m([22m[2m7 tests[22m[2m)[22m[32m 291[2mms[22m[39m
[32mn8n-editor-ui:test: [0m [32m✓[39m src/app/components/WorkflowVersionForm.test.ts [2m([22m[2m7 tests[22m[2m)[22m[32m 197[2mms[22m[39m
[32mn8n-editor-ui:test: [0m [32m✓[39m src/features/settings/communityNodes/components/CommunityPackageManageConfirmModal.test.ts [2m([22m[2m5 tests[22m[2m)[22m[32m 250[2mms[22m[39m
[32mn8n-editor-ui:test: [0m [32m✓[39m src/features/execution/executions/views/ExecutionsView.test.ts [2m([22m[2m6 tests[22m[2m)[22m[32m 260[2mms[22m[39m
[32mn8n-editor-ui:test: [0m [32m✓[39m src/features/settings/users/components/SettingsUsersRoleCell.test.ts [2m([22m[2m8 tests[22m[2m)[22m[33m 368[2mms[22m[39m
[32mn8n-editor-ui:test: [0m [32m✓[39m src/features/roles/components/CustomRolesUpgradeModal.test.ts [2m([22m[2m5 tests[22m[2m)[22m[32m 120[2mms[22m[39m
[32mn8n-editor-ui:test: [0m [32m✓[39m src/features/agents/__tests__/AgentBuilderHeader.test.ts [2m([22m[2m20 tests[22m[2m)[22m[32m 124[2mms[22m[39m
[32mn8n-editor-ui:test: [0m [32m✓[39m src/features/workflows/workflowHistory/components/WorkflowHistoryVersionSelect.test.ts [2m([22m[2m4 tests[22m[2m)[22m[32m 232[2mms[22m[39m
[32mn8n-editor-ui:test: [0m [32m✓[39m src/features/agents/__tests__/AgentFilesPanel.test.ts [2m([22m[2m7 tests[22m[2m)[22m[32m 240[2mms[22m[39m
[32mn8n-editor-ui:test: [0m [32m✓[39m src/app/components/MainSidebarSourceControl.test.ts [2m([22m[2m8 tests[22m[2m)[22m[33m 339[2mms[22m[39m
[32mn8n-editor-ui:test: [0m [32m✓[39m src/features/settings/sso/views/SamlOnboarding.test.ts [2m([22m[2m1 test[22m[2m)[22m[32m 200[2mms[22m[39m
[32mn8n-editor-ui:test: [0m [32m✓[39m src/features/ai/instanceAi/__tests__/InstanceAiArtifactsPanel.test.ts [2m([22m[2m16 tests[22m[2m)[22m[33m 377[2mms[22m[39m
[32mn8n-editor-ui:test: [0m [32m✓[39m src/experiments/instanceAiSplitEmptyState/components/InstanceAiSplitEmptyState.test.ts [2m([22m[2m16 tests[22m[2m)[22m[32m 206[2mms[22m[39m
[32mn8n-editor-ui:test: [0m [32m✓[39m src/features/workflow-reviews/components/WorkflowReviewDetailMetadata.test.ts [2m([22m[2m11 tests[22m[2m)[22m[32m 253[2mms[22m[39m
[32mn8n-editor-ui:test: [0m [32m✓[39m src/experiments/instanceAiPromptSuggestionsV2/components/InstanceAiPromptSuggestionsV2.test.ts [2m([22m[2m6 tests[22m[2m)[22m[32m 216[2mms[22m[39m
[32mn8n-editor-ui:test: [0m [32m✓[39m src/experiments/credentialsAppSelection/composables/useAppCredentials.test.ts [2m([22m[2m35 tests[22m[2m)[22m[32m 240[2mms[22m[39m
[32mn8n-editor-ui:test: [0m [32m✓[39m src/features/shared/nodeCreator/components/ItemTypes/NodeItem.test.ts [2m([22m[2m8 tests[22m[2m)[22m[32m 153[2mms[22m[39m
[32mn8n-editor-ui:test: [0m [32m✓[39m src/features/workflows/readyToRun/components/ReadyToRunButton.test.ts [2m([22m[2m8 tests[22m[2m)[22m[32m 129[2mms[22m[39m
[32mn8n-editor-ui:test: [0m [32m✓[39m src/features/ai/instanceAi/__tests__/InstanceAiMessage.test.ts [2m([22m[2m16 tests[22m[2m)[22m[33m 335[2mms[22m[39m
[32mn8n-editor-ui:test: [0m [32m✓[39m src/app/layouts/DefaultLayout.test.ts [2m([22m[2m10 tests[22m[2m)[22m[32m 106[2mms[22m[39m
[32mn8n-editor-ui:test: [0m [32m✓[39m src/features/workflows/canvas/components/elements/nodes/render-types/CanvasNodeStickyNote.test.ts [2m([22m[2m5 tests[22m[2m)[22m[32m 201[2mms[22m[39m
[32mn8n-editor-ui:test: [0m [32m✓[39m src/features/collaboration/projects/components/ProjectCardBadge.test.ts [2m([22m[2m14 tests[22m[2m)[22m[32m 295[2mms[22m[39m
[32mn8n-editor-ui:test: [0m [32m✓[39m src/app/stores/executionData.store.test.ts [2m([22m[2m79 tests[22m[2m)[22m[32m 122[2mms[22m[39m
[32mn8n-editor-ui:test: [0m [32m✓[39m src/features/shared/toolsConnection/__tests__/ToolCredentialPicker.test.ts [2m([22m[2m10 tests[22m[2m)[22m[32m 231[2mms[22m[39m
[32mn8n-editor-ui:test: [0m [32m✓[39m src/features/shared/banners/components/BannersStack.test.ts [2m([22m[2m11 tests[22m[2m)[22m[33m 303[2mms[22m[39m
[32mn8n-editor-ui:test: [0m [32m✓[39m src/features/settings/users/components/SettingsUsersProjectsCell.test.ts [2m([22m[2m5 tests[22m[2m)[22m[32m 182[2mms[22m[39m
[32mn8n-editor-ui:test: [0m [32m✓[39m src/features/credentials/quickConnect/components/QuickConnectButton.test.ts [2m([22m[2m5 tests[22m[2m)[22m[32m 249[2mms[22m[39m
[32mn8n-editor-ui:test: [0m [32m✓[39m src/features/ndv/settings/components/NodeSettingsTabs.test.ts [2m([22m[2m3 tests[22m[2m)[22m[32m 139[2mms[22m[39m
[32mn8n-editor-ui:test: [0m [32m✓[39m src/features/agents/__tests__/AgentEvalVoteButtons.test.ts [2m([22m[2m6 tests[22m[2m)[22m[33m 331[2mms[22m[39m
[32mn8n-editor-ui:test: [0m [32m✓[39m src/features/ai/instanceAi/onboarding/InstanceAiOnboardingIntro.test.ts [2m([22m[2m3 tests[22m[2m)[22m[32m 155[2mms[22m[39m
[32mn8n-editor-ui:test: [0m [32m✓[39m src/features/workflows/canvas/components/elements/handles/render-types/CanvasHandleMainOutput.test.ts [2m([22m[2m6 tests[22m[2m)[22m[32m 79[2mms[22m[39m
[32mn8n-editor-ui:test: [0m [32m✓[39m src/experiments/instanceAiPersonalizedPromptSuggestions/components/InstanceAiPersonalizedPromptSuggestions.test.ts [2m([22m[2m7 tests[22m[2m)[22m[32m 103[2mms[22m[39m
[32mn8n-editor-ui:test: [0m [32m✓[39m src/features/execution/executions/components/StopManyExecutionsModal.test.ts [2m([22m[2m2 tests[22m[2m)[22m[32m 218[2mms[22m[39m
[32mn8n-editor-ui:test: [0m [32m✓[39m src/features/workflow-reviews/components/WorkflowPublishChoiceDialog.test.ts [2m([22m[2m2 tests[22m[2m)[22m[32m 207[2mms[22m[39m
[32mn8n-editor-ui:test: [0m [32m✓[39m src/features/ndv/runData/components/BinaryDataViewModal.test.ts [2m([22m[2m30 tests[22m[2m)[22m[32m 201[2mms[22m[39m
[32mn8n-editor-ui:test: [0m [32m✓[39m src/features/ai/mcpAccess/components/WorkflowLocation.test.ts [2m([22m[2m21 tests[22m[2m)[22m[32m 128[2mms[22m[39m
[32mn8n-editor-ui:test: [0m [32m✓[39m src/features/ai/instanceAi/components/modals/__tests__/BrowserUseConnectStep.test.ts [2m([22m[2m13 tests[22m[2m)[22m[33m 326[2mms[22m[39m
[32mn8n-editor-ui:test: [0m [32m✓[39m src/features/ai/assistant/composables/useAskModeCoachmark.test.ts [2m([22m[2m9 tests[22m[2m)[22m[33m 361[2mms[22m[39m
[32mn8n-editor-ui:test: [0m [32m✓[39m src/features/settings/communityNodes/components/NodesInWorkflowTable.test.ts [2m([22m[2m1 test[22m[2m)[22m[32m 222[2mms[22m[39m
[32mn8n-editor-ui:test: [0m [32m✓[39m src/features/ndv/runData/components/ai/AiRunContentBlock.test.ts [2m([22m[2m3 tests[22m[2m)[22m[32m 221[2mms[22m[39m
[32mn8n-editor-ui:test: [0m [32m✓[39m src/features/shared/banners/components/banners/TrialBanner.test.ts [2m([22m[2m15 tests[22m[2m)[22m[32m 210[2mms[22m[39m
[32mn8n-editor-ui:test: [0m [32m✓[39m src/features/ai/evaluation.ee/components/SetupCollectionWizard/SetupCollectionWizard.test.ts [2m([22m[2m3 tests[22m[2m)[22m[33m 504[2mms[22m[39m
[32mn8n-editor-ui:test: [0m     [33m[2m✓[22m[39m opens and loads configs from the evaluation store [33m 325[2mms[22m[39m
[32mn8n-editor-ui:test: [0m [32m✓[39m src/features/collaboration/projects/components/ProjectMembersActionsCell.test.ts [2m([22m[2m2 tests[22m[2m)[22m[32m 107[2mms[22m[39m
[32mn8n-editor-ui:test: [0m [32m✓[39m src/features/ai/instanceAi/__tests__/SubagentStepTimeline.test.ts [2m([22m[2m13 tests[22m[2m)[22m[32m 250[2mms[22m[39m
[32mn8n-editor-ui:test: [0m [32m✓[39m src/features/agents/__tests__/AgentSkillViewer.test.ts [2m([22m[2m8 tests[22m[2m)[22m[33m 365[2mms[22m[39m
[32mn8n-editor-ui:test: [0m [32m✓[39m src/features/settings/sso/provisioning/components/ProjectRoleAssignmentSelect.test.ts [2m([22m[2m3 tests[22m[2m)[22m[32m 227[2mms[22m[39m
[32mn8n-editor-ui:test: [0m [32m✓[39m src/features/setupPanel/components/FocusSidebarTabs.test.ts [2m([22m[2m10 tests[22m[2m)[22m[32m 229[2mms[22m[39m
[32mn8n-editor-ui:test: [0m [32m✓[39m src/features/ai/evaluation.ee/components/Tests/ExecutionRow.test.ts [2m([22m[2m4 tests[22m[2m)[22m[32m 126[2mms[22m[39m
[32mn8n-editor-ui:test: [0m [32m✓[39m src/features/workflow-reviews/components/activity-entries/WorkflowReviewActivityComment.test.ts [2m([22m[2m4 tests[22m[2m)[22m[32m 152[2mms[22m[39m
[32mn8n-editor-ui:test: [0m [32m✓[39m src/features/settings/apiKeys/components/ApiKeyTable.test.ts [2m([22m[2m4 tests[22m[2m)[22m[32m 265[2mms[22m[39m
[32mn8n-editor-ui:test: [0m [32m✓[39m src/features/workflows/canvas/composables/useViewportAutoAdjust.test.ts [2m([22m[2m4 tests[22m[2m)[22m[32m 169[2mms[22m[39m
[32mn8n-editor-ui:test: [0m [32m✓[39m src/app/layouts/SettingsLayout.test.ts [2m([22m[2m11 tests[22m[2m)[22m[32m 143[2mms[22m[39m
[32mn8n-editor-ui:test: [0m [32m✓[39m src/features/ai/instanceAi/workflowSetup/components/WorkflowSetupSectionBody.test.ts [2m([22m[2m9 tests[22m[2m)[22m[32m 220[2mms[22m[39m
[32mn8n-editor-ui:test: [0m [32m✓[39m src/app/stores/workflowDocument/useWorkflowDocumentRenderData.test.ts [2m([22m[2m34 tests[22m[2m)[22m[32m 234[2mms[22m[39m
[32mn8n-editor-ui:test: [0m [32m✓[39m src/features/settings/environments.ee/components/VariablesUsageBadge.test.ts [2m([22m[2m1 test[22m[2m)[22m[32m 258[2mms[22m[39m
[32mn8n-editor-ui:test: [0m [32m✓[39m src/features/ndv/agents/components/__tests__/AgentNdvReferencedSummary.test.ts [2m([22m[2m6 tests[22m[2m)[22m[32m 297[2mms[22m[39m
[32mn8n-editor-ui:test: [0m [32m✓[39m src/features/workflows/canvas/composables/useCanvasNodeGroupActions.test.ts [2m([22m[2m32 tests[22m[2m)[22m[32m 208[2mms[22m[39m
[32mn8n-editor-ui:test: [0m [32m✓[39m src/features/agents/__tests__/AgentPreviewDock.test.ts [2m([22m[2m14 tests[22m[2m)[22m[32m 232[2mms[22m[39m
[32mn8n-editor-ui:test: [0m [32m✓[39m src/features/ai/assistant/composables/useBuilderTodos.test.ts [2m([22m[2m64 tests[22m[2m)[22m[32m 264[2mms[22m[39m
[32mn8n-editor-ui:test: [0m [32m✓[39m src/features/ndv/runData/components/RunDataParsedAiContent.test.ts [2m([22m[2m9 tests[22m[2m)[22m[32m 101[2mms[22m[39m
[32mn8n-editor-ui:test: [0m [32m✓[39m src/features/ndv/runData/components/StandaloneRunDataHost.test.ts [2m([22m[2m6 tests[22m[2m)[22m[32m 125[2mms[22m[39m
[32mn8n-editor-ui:test: [0m [32m✓[39m src/features/agents/__tests__/AgentSessionsListView.spec.ts [2m([22m[2m28 tests[22m[2m)[22m[32m 146[2mms[22m[39m
[32mn8n-editor-ui:test: [0m [32m✓[39m src/features/execution/executions/components/workflow/ExecutionPreviewHost.test.ts [2m([22m[2m10 tests[22m[2m)[22m[32m 161[2mms[22m[39m
[32mn8n-editor-ui:test: [0m [32m✓[39m src/features/ai/instanceAi/__tests__/InstanceAiTestAgentPanel.test.ts [2m([22m[2m3 tests[22m[2m)[22m[32m 116[2mms[22m[39m
[32mn8n-editor-ui:test: [0m [32m✓[39m src/app/composables/useKeybindings.test.ts [2m([22m[2m16 tests[22m[2m)[22m[32m 131[2mms[22m[39m
[32mn8n-editor-ui:test: [0m [32m✓[39m src/app/stores/workflows.store.test.ts [2m([22m[2m44 tests[22m[2m)[22m[32m 203[2mms[22m[39m
[32mn8n-editor-ui:test: [0m [32m✓[39m src/features/core/dataTable/components/ImportCsvModal.test.ts [2m([22m[2m3 tests[22m[2m)[22m[32m 210[2mms[22m[39m
[32mn8n-editor-ui:test: [0m [32m✓[39m src/features/agents/__tests__/AgentJsonImportModal.spec.ts [2m([22m[2m3 tests[22m[2m)[22m[32m 168[2mms[22m[39m
[32mn8n-editor-ui:test: [0m [32m✓[39m src/features/setupPanel/components/SetupPanelCards.test.ts [2m([22m[2m12 tests[22m[2m)[22m[32m 286[2mms[22m[39m
[32mn8n-editor-ui:test: [0m [32m✓[39m src/features/shared/commandBar/composables/useProjectNavigationCommands.test.ts [2m([22m[2m20 tests[22m[2m)[22m[32m 105[2mms[22m[39m
[32mn8n-editor-ui:test: [0m [32m✓[39m src/features/ndv/runData/components/RunDataMarkdown.test.ts [2m([22m[2m20 tests[22m[2m)[22m[32m 183[2mms[22m[39m
[32mn8n-editor-ui:test: [0m [32m✓[39m src/app/composables/useHistoryHelper.test.ts [2m([22m[2m9 tests[22m[2m)[22m[32m 172[2mms[22m[39m
[32mn8n-editor-ui:test: [0m [32m✓[39m src/features/ai/evaluation.ee/components/Tests/TestCaseList.test.ts [2m([22m[2m5 tests[22m[2m)[22m[32m 156[2mms[22m[39m
[32mn8n-editor-ui:test: [0m [32m✓[39m src/features/setupPanel/components/TriggerExecuteButton.test.ts [2m([22m[2m5 tests[22m[2m)[22m[32m 189[2mms[22m[39m
[32mn8n-editor-ui:test: [0m [32m✓[39m src/features/ndv/parameters/components/ButtonParameter/ButtonParameter.test.ts [2m([22m[2m7 tests[22m[2m)[22m[32m 146[2mms[22m[39m
[32mn8n-editor-ui:test: [0m [32m✓[39m src/features/collaboration/projects/components/ProjectSettingsCustomTelemetryTags.test.ts [2m([22m[2m6 tests[22m[2m)[22m[32m 215[2mms[22m[39m
[32mn8n-editor-ui:test: [0m [32m✓[39m src/features/ndv/panel/components/RedactedDataState.test.ts [2m([22m[2m10 tests[22m[2m)[22m[32m 196[2mms[22m[39m
[32mn8n-editor-ui:test: [0m [32m✓[39m src/features/agents/__tests__/ToolIoView.spec.ts [2m([22m[2m3 tests[22m[2m)[22m[32m 156[2mms[22m[39m
[32mn8n-editor-ui:test: [0m [32m✓[39m src/features/workflows/templates/components/SetupWorkflowCredentialsModal.test.ts [2m([22m[2m8 tests[22m[2m)[22m[32m 221[2mms[22m[39m
[32mn8n-editor-ui:test: [0m [32m✓[39m src/features/execution/executions/composables/useExecutionDebugging.test.ts [2m([22m[2m11 tests[22m[2m)[22m[32m 205[2mms[22m[39m
[32mn8n-editor-ui:test: [0m [32m✓[39m src/experiments/instanceAiSplitEmptyState/components/SuggestionList.test.ts [2m([22m[2m8 tests[22m[2m)[22m[32m 140[2mms[22m[39m
[32mn8n-editor-ui:test: [0m [32m✓[39m src/features/shared/editors/plugins/codemirror/completions/jsonField.completions.test.ts [2m([22m[2m6 tests[22m[2m)[22m[32m 154[2mms[22m[39m
[32mn8n-editor-ui:test: [0m [32m✓[39m src/features/agents/__tests__/useAgentCapabilitiesActions.test.ts [2m([22m[2m20 tests[22m[2m)[22m[32m 105[2mms[22m[39m
[32mn8n-editor-ui:test: [0m [32m✓[39m src/features/workflows/canvas/components/elements/nodes/render-types/parts/CanvasNodeAgentChips.test.ts [2m([22m[2m7 tests[22m[2m)[22m[32m 103[2mms[22m[39m
[32mn8n-editor-ui:test: [0m [32m✓[39m src/features/ai/assistant/components/Agent/PlanDisplayMessage.test.ts [2m([22m[2m11 tests[22m[2m)[22m[32m 264[2mms[22m[39m
[32mn8n-editor-ui:test: [0m [32m✓[39m src/features/agents/__tests__/AgentSkillModal.test.ts [2m([22m[2m5 tests[22m[2m)[22m[32m 144[2mms[22m[39m
[32mn8n-editor-ui:test: [0m [32m✓[39m src/features/collaboration/projects/components/ProjectTabs.test.ts [2m([22m[2m9 tests[22m[2m)[22m[32m 287[2mms[22m[39m
[32mn8n-editor-ui:test: [0m [32m✓[39m src/app/components/MainHeader/TabBar.test.ts [2m([22m[2m3 tests[22m[2m)[22m[32m 119[2mms[22m[39m
[32mn8n-editor-ui:test: [0m [32m✓[39m src/features/agents/__tests__/AgentSessionsFilter.spec.ts [2m([22m[2m2 tests[22m[2m)[22m[32m 91[2mms[22m[39m
[32mn8n-editor-ui:test: [0m [32m✓[39m src/app/components/VersionUpdateCTA.test.ts [2m([22m[2m2 tests[22m[2m)[22m[32m 140[2mms[22m[39m
[32mn8n-editor-ui:test: [0m [32m✓[39m src/features/shared/nodeCreator/components/Modes/NodesMode.test.ts [2m([22m[2m2 tests[22m[2m)[22m[32m 197[2mms[22m[39m
[32mn8n-editor-ui:test: [0m [32m✓[39m src/features/shared/editors/plugins/codemirror/completions/base.completions.test.ts [2m([22m[2m8 tests[22m[2m)[22m[32m 109[2mms[22m[39m
[32mn8n-editor-ui:test: [0m [32m✓[39m src/features/roles/composables/useRoleDeletion.test.ts [2m([22m[2m10 tests[22m[2m)[22m[32m 111[2mms[22m[39m
[32mn8n-editor-ui:test: [0m [32m✓[39m src/features/ai/assistant/components/AssistantsHub.test.ts [2m([22m[2m4 tests[22m[2m)[22m[32m 156[2mms[22m[39m
[32mn8n-editor-ui:test: [0m [32m✓[39m src/features/integrations/externalSecrets.ee/views/SettingsExternalSecrets.test.ts [2m([22m[2m2 tests[22m[2m)[22m[32m 152[2mms[22m[39m
[32mn8n-editor-ui:test: [0m [32m✓[39m src/features/roles/instance/InstanceRoleAssignmentsTab.test.ts [2m([22m[2m3 tests[22m[2m)[22m[32m 165[2mms[22m[39m
[32mn8n-editor-ui:test: [0m [32m✓[39m src/features/ai/evaluation.ee/components/Compare/AiInsightsCard.test.ts [2m([22m[2m7 tests[22m[2m)[22m[32m 174[2mms[22m[39m
[32mn8n-editor-ui:test: [0m [32m✓[39m src/features/workflows/workflowDiff/WorkflowDiffContent.test.ts [2m([22m[2m12 tests[22m[2m)[22m[32m 74[2mms[22m[39m
[32mn8n-editor-ui:test: [0m [32m✓[39m src/features/ai/instanceAi/composables/useMcpServerConnect.test.ts [2m([22m[2m19 tests[22m[2m)[22m[32m 221[2mms[22m[39m
[32mn8n-editor-ui:test: [0m [32m✓[39m src/features/ai/evaluation.ee/components/Compare/CompareTabs.test.ts [2m([22m[2m3 tests[22m[2m)[22m[32m 168[2mms[22m[39m
[32mn8n-editor-ui:test: [0m [32m✓[39m src/features/ai/instanceAi/__tests__/ApprovalOptionList.test.ts [2m([22m[2m6 tests[22m[2m)[22m[32m 188[2mms[22m[39m
[32mn8n-editor-ui:test: [0m [32m✓[39m src/features/ai/instanceAi/__tests__/InstanceAiFixWithAiPanel.test.ts [2m([22m[2m4 tests[22m[2m)[22m[32m 185[2mms[22m[39m
[32mn8n-editor-ui:test: [0m [32m✓[39m src/features/execution/executions/components/global/GlobalExecutionsListItemQueuedTooltip.test.ts [2m([22m[2m4 tests[22m[2m)[22m[32m 238[2mms[22m[39m
[32mn8n-editor-ui:test: [0m [32m✓[39m src/features/ai/evaluation.ee/components/Compare/CasesTable.test.ts [2m([22m[2m9 tests[22m[2m)[22m[32m 116[2mms[22m[39m
[32mn8n-editor-ui:test: [0m [32m✓[39m src/features/ndv/runData/components/BinaryEntryDataTable.test.ts [2m([22m[2m16 tests[22m[2m)[22m[32m 120[2mms[22m[39m
[32mn8n-editor-ui:test: [0m [32m✓[39m src/features/agents/__tests__/AgentChatToolSteps.test.ts [2m([22m[2m19 tests[22m[2m)[22m[32m 163[2mms[22m[39m
[32mn8n-editor-ui:test: [0m [32m✓[39m src/experiments/trialIntroModal/useTrialIntroModalAutoOpen.test.ts [2m([22m[2m4 tests[22m[2m)[22m[32m 65[2mms[22m[39m
[32mn8n-editor-ui:test: [0m [32m✓[39m src/experiments/instanceAiFreeNudge/components/InstanceAiFreeNudge.test.ts [2m([22m[2m5 tests[22m[2m)[22m[32m 131[2mms[22m[39m
[32mn8n-editor-ui:test: [0m [32m✓[39m src/features/shared/tags/components/TagsDropdown.innerSelect.test.ts [2m([22m[2m2 tests[22m[2m)[22m[32m 233[2mms[22m[39m
[32mn8n-editor-ui:test: [0m [32m✓[39m src/features/setupPanel/components/cards/SetupCardBody.test.ts [2m([22m[2m4 tests[22m[2m)[22m[32m 181[2mms[22m[39m
[32mn8n-editor-ui:test: [0m [32m✓[39m src/features/execution/executions/composables/useExecutionRedaction.test.ts [2m([22m[2m7 tests[22m[2m)[22m[32m 89[2mms[22m[39m
[32mn8n-editor-ui:test: [0m [32m✓[39m src/features/ndv/panel/components/NDVSubConnections.test.ts [2m([22m[2m3 tests[22m[2m)[22m[32m 145[2mms[22m[39m
[32mn8n-editor-ui:test: [0m [32m✓[39m src/features/ai/chatHub/components/ChatSuggestedPrompts.test.ts [2m([22m[2m4 tests[22m[2m)[22m[32m 66[2mms[22m[39m
[32mn8n-editor-ui:test: [0m [32m✓[39m src/features/workflows/components/WorkflowExtractionNameModal.test.ts [2m([22m[2m2 tests[22m[2m)[22m[32m 178[2mms[22m[39m
[32mn8n-editor-ui:test: [0m [32m✓[39m src/features/shared/nodeCreator/views/NodeCreation.test.ts [2m([22m[2m3 tests[22m[2m)[22m[32m 135[2mms[22m[39m
[32mn8n-editor-ui:test: [0m [32m✓[39m src/features/ai/chatHub/components/ChatGreetings.test.ts [2m([22m[2m10 tests[22m[2m)[22m[32m 169[2mms[22m[39m
[32mn8n-editor-ui:test: [0m [32m✓[39m src/features/ndv/runData/components/RunDataHtml.test.ts [2m([22m[2m3 tests[22m[2m)[22m[32m 76[2mms[22m[39m
[32mn8n-editor-ui:test: [0m [32m✓[39m src/app/composables/useNodeHelpers.test.ts [2m([22m[2m78 tests[22m[2m)[22m[32m 160[2mms[22m[39m
[32mn8n-editor-ui:test: [0m [32m✓[39m src/features/shared/envFeatureFlag/EnvFeatureFlag.test.ts [2m([22m[2m15 tests[22m[2m)[22m[32m 103[2mms[22m[39m
[32mn8n-editor-ui:test: [0m [32m✓[39m src/features/ai/instanceAi/__tests__/InstanceAiView.test.ts [2m([22m[2m7 tests[22m[2m)[22m[32m 140[2mms[22m[39m
[32mn8n-editor-ui:test: [0m [32m✓[39m src/features/ai/assistant/composables/useReviewChanges.test.ts [2m([22m[2m34 tests[22m[2m)[22m[32m 209[2mms[22m[39m
[32mn8n-editor-ui:test: [0m [32m✓[39m src/features/ai/chatHub/components/ChatButtons.test.ts [2m([22m[2m12 tests[22m[2m)[22m[32m 189[2mms[22m[39m
[32mn8n-editor-ui:test: [0m [32m✓[39m src/features/workflows/canvas/components/elements/nodes/render-types/parts/CanvasNodeSettingsIcons.test.ts [2m([22m[2m5 tests[22m[2m)[22m[32m 86[2mms[22m[39m
[32mn8n-editor-ui:test: [0m [32m✓[39m src/features/agents/__tests__/WorkflowExecutionLogViewer.spec.ts [2m([22m[2m9 tests[22m[2m)[22m[32m 130[2mms[22m[39m
[32mn8n-editor-ui:test: [0m [32m✓[39m src/features/ndv/runData/components/RunInfo.test.ts [2m([22m[2m3 tests[22m[2m)[22m[32m 177[2mms[22m[39m
[32mn8n-editor-ui:test: [0m [32m✓[39m src/features/ai/evaluation.ee/components/EvaluationsEmptyState/EvaluationsEmptyState.test.ts [2m([22m[2m3 tests[22m[2m)[22m[32m 115[2mms[22m[39m
[32mn8n-editor-ui:test: [0m [32m✓[39m src/features/agents/__tests__/AgentSessionTimelinePanel.spec.ts [2m([22m[2m14 tests[22m[2m)[22m[32m 197[2mms[22m[39m
[32mn8n-editor-ui:test: [0m [32m✓[39m src/features/ai/assistant/components/Agent/PlanModeSelector.test.ts [2m([22m[2m4 tests[22m[2m)[22m[32m 200[2mms[22m[39m
[32mn8n-editor-ui:test: [0m [32m✓[39m src/experiments/openWorkflowInAssistant/components/OpenWorkflowInAssistantNotification.test.ts [2m([22m[2m4 tests[22m[2m)[22m[32m 174[2mms[22m[39m
[32mn8n-editor-ui:test: [0m [32m✓[39m src/app/components/MainHeader/MainHeader.test.ts [2m([22m[2m3 tests[22m[2m)[22m[32m 84[2mms[22m[39m
[32mn8n-editor-ui:test: [0m [32m✓[39m src/features/ai/chatHub/SettingsChatHubView.test.ts [2m([22m[2m5 tests[22m[2m)[22m[32m 199[2mms[22m[39m
[32mn8n-editor-ui:test: [0m [32m✓[39m src/features/ai/instanceAi/onboarding/InstanceAiOnboardingView.test.ts [2m([22m[2m8 tests[22m[2m)[22m[32m 229[2mms[22m[39m
[32mn8n-editor-ui:test: [0m [32m✓[39m src/features/agents/__tests__/AgentMemoryPanel.test.ts [2m([22m[2m8 tests[22m[2m)[22m[32m 176[2mms[22m[39m
[32mn8n-editor-ui:test: [0m [32m✓[39m src/features/workflows/templates/setupTemplate.store.test.ts [2m([22m[2m12 tests[22m[2m)[22m[32m 291[2mms[22m[39m
[32mn8n-editor-ui:test: [0m [32m✓[39m src/features/collaboration/projects/composables/useFavoriteNavItems.test.ts [2m([22m[2m21 tests[22m[2m)[22m[32m 253[2mms[22m[39m
[32mn8n-editor-ui:test: [0m [32m✓[39m src/app/composables/useActivationError.test.ts [2m([22m[2m5 tests[22m[2m)[22m[32m 92[2mms[22m[39m
[32mn8n-editor-ui:test: [0m [32m✓[39m src/features/ai/instanceAi/__tests__/WorkflowSetupSectionBody.test.ts [2m([22m[2m2 tests[22m[2m)[22m[32m 68[2mms[22m[39m
[32mn8n-editor-ui:test: [0m [32m✓[39m src/features/settings/communityNodes/components/CommunityPackageCard.test.ts [2m([22m[2m3 tests[22m[2m)[22m[32m 120[2mms[22m[39m
[32mn8n-editor-ui:test: [0m [32m✓[39m src/features/workflow-reviews/composables/useWorkflowReviewStatusSync.test.ts [2m([22m[2m9 tests[22m[2m)[22m[32m 97[2mms[22m[39m
[32mn8n-editor-ui:test: [0m [32m✓[39m src/features/workflows/templates/components/TemplatesInfoCard.test.ts [2m([22m[2m2 tests[22m[2m)[22m[32m 109[2mms[22m[39m
[32mn8n-editor-ui:test: [0m [32m✓[39m src/features/ai/shared/components/AiThinkingBlock.test.ts [2m([22m[2m4 tests[22m[2m)[22m[32m 131[2mms[22m[39m
[32mn8n-editor-ui:test: [0m [32m✓[39m src/experiments/instanceAiSplitEmptyState/components/InstanceAiPreviewCanvas.test.ts [2m([22m[2m8 tests[22m[2m)[22m[32m 94[2mms[22m[39m
[32mn8n-editor-ui:test: [0m [32m✓[39m src/features/ai/evaluation.ee/components/WizardSidepanel/CheckCard.test.ts [2m([22m[2m6 tests[22m[2m)[22m[32m 243[2mms[22m[39m
[32mn8n-editor-ui:test: [0m [32m✓[39m src/app/composables/usePushConnection/handlers/workflowFailedToActivate.test.ts [2m([22m[2m12 tests[22m[2m)[22m[32m 41[2mms[22m[39m
[32mn8n-editor-ui:test: [0m [32m✓[39m src/features/agents/__tests__/AgentInfoPanel.spec.ts [2m([22m[2m17 tests[22m[2m)[22m[32m 184[2mms[22m[39m
[32mn8n-editor-ui:test: [0m [32m✓[39m src/features/ai/instanceAi/__tests__/InstanceAiQuestions.test.ts [2m([22m[2m6 tests[22m[2m)[22m[32m 171[2mms[22m[39m
[32mn8n-editor-ui:test: [0m [32m✓[39m src/features/agents/__tests__/AgentToolConfigMcpApprovalSetting.test.ts [2m([22m[2m6 tests[22m[2m)[22m[32m 132[2mms[22m[39m
[32mn8n-editor-ui:test: [0m [32m✓[39m src/features/ai/instanceAi/components/__tests__/InstanceAiInputMenu.test.ts [2m([22m[2m3 tests[22m[2m)[22m[32m 141[2mms[22m[39m
[32mn8n-editor-ui:test: [0m [32m✓[39m src/app/stores/workflowDocument/useWorkflowDocumentGraph.test.ts [2m([22m[2m22 tests[22m[2m)[22m[32m 43[2mms[22m[39m
[32mn8n-editor-ui:test: [0m [32m✓[39m src/features/workflows/canvas/components/elements/buttons/CanvasControlButtons.test.ts [2m([22m[2m2 tests[22m[2m)[22m[32m 153[2mms[22m[39m
[32mn8n-editor-ui:test: [0m [32m✓[39m src/app/composables/useBackendStatus.spec.ts [2m([22m[2m5 tests[22m[2m)[22m[32m 126[2mms[22m[39m
[32mn8n-editor-ui:test: [0m [32m✓[39m src/features/execution/executions/components/ConcurrentExecutionsHeader.test.ts [2m([22m[2m8 tests[22m[2m)[22m[32m 231[2mms[22m[39m
[32mn8n-editor-ui:test: [0m [32m✓[39m src/features/workflows/canvas/components/elements/handles/render-types/parts/CanvasHandlePlus.test.ts [2m([22m[2m5 tests[22m[2m)[22m[32m 121[2mms[22m[39m
[32mn8n-editor-ui:test: [0m [32m✓[39m src/app/components/common/SelectedItemsInfo.test.ts [2m([22m[2m4 tests[22m[2m)[22m[32m 161[2mms[22m[39m
[32mn8n-editor-ui:test: [0m [32m✓[39m src/features/credentials/components/CredentialIcon.test.ts [2m([22m[2m6 tests[22m[2m)[22m[32m 182[2mms[22m[39m
[32mn8n-editor-ui:test: [0m [32m✓[39m src/experiments/surfaceMcpToNewCloudUsers/components/SurfaceMcpEmptyStateTile.test.ts [2m([22m[2m4 tests[22m[2m)[22m[32m 163[2mms[22m[39m
[32mn8n-editor-ui:test: [0m [32m✓[39m src/features/agents/__tests__/AgentView.test.ts [2m([22m[2m7 tests[22m[2m)[22m[32m 140[2mms[22m[39m
[32mn8n-editor-ui:test: [0m [32m✓[39m src/app/composables/useInvalidNodeGroupCleanup.test.ts [2m([22m[2m8 tests[22m[2m)[22m[32m 112[2mms[22m[39m
[32mn8n-editor-ui:test: [0m [32m✓[39m src/features/agents/__tests__/AgentChatMessageList.test.ts [2m([22m[2m20 tests[22m[2m)[22m[32m 217[2mms[22m[39m
[32mn8n-editor-ui:test: [0m [32m✓[39m src/features/shared/tags/components/WorkflowTagsDropdown.test.ts [2m([22m[2m7 tests[22m[2m)[22m[32m 92[2mms[22m[39m
[32mn8n-editor-ui:test: [0m [32m✓[39m src/features/ai/evaluation.ee/components/Tests/TestCaseRunResult.test.ts [2m([22m[2m3 tests[22m[2m)[22m[32m 125[2mms[22m[39m
[32mn8n-editor-ui:test: [0m [32m✓[39m src/features/ai/assistant/composables/useNodeMention.test.ts [2m([22m[2m10 tests[22m[2m)[22m[32m 87[2mms[22m[39m
[32mn8n-editor-ui:test: [0m [32m✓[39m src/features/agents/__tests__/AgentModelSelector.spec.ts [2m([22m[2m30 tests[22m[2m)[22m[32m 115[2mms[22m[39m
[32mn8n-editor-ui:test: [0m [32m✓[39m src/app/components/Draggable.test.ts [2m([22m[2m11 tests[22m[2m)[22m[32m 135[2mms[22m[39m
[32mn8n-editor-ui:test: [0m [32m✓[39m src/features/ai/shared/components/WizardNavigationFooter.test.ts [2m([22m[2m8 tests[22m[2m)[22m[32m 103[2mms[22m[39m
[32mn8n-editor-ui:test: [0m [32m✓[39m src/app/composables/useFloatingUiOffsets.test.ts [2m([22m[2m5 tests[22m[2m)[22m[32m 86[2mms[22m[39m
[32mn8n-editor-ui:test: [0m [32m✓[39m src/features/agents/channels/slack/AgentChannelSlackRemoveConfirmation.test.ts [2m([22m[2m1 test[22m[2m)[22m[32m 156[2mms[22m[39m
[32mn8n-editor-ui:test: [0m [32m✓[39m src/app/components/DropArea/DropArea.test.ts [2m([22m[2m1 test[22m[2m)[22m[32m 72[2mms[22m[39m
[32mn8n-editor-ui:test: [0m [32m✓[39m src/features/agents/__tests__/AgentSubAgentsModal.spec.ts [2m([22m[2m8 tests[22m[2m)[22m[32m 198[2mms[22m[39m
[32mn8n-editor-ui:test: [0m [32m✓[39m src/features/workflows/workflowDiff/NodeDiff.test.ts [2m([22m[2m9 tests[22m[2m)[22m[32m 117[2mms[22m[39m
[32mn8n-editor-ui:test: [0m [32m✓[39m src/features/shared/nodeCreator/composables/useActionsGeneration.test.ts [2m([22m[2m14 tests[22m[2m)[22m[32m 163[2mms[22m[39m
[32mn8n-editor-ui:test: [0m [32m✓[39m src/features/ndv/agents/composables/__tests__/useNdvAgentConfig.test.ts [2m([22m[2m15 tests[22m[2m)[22m[32m 282[2mms[22m[39m
[32mn8n-editor-ui:test: [0m [32m✓[39m src/features/core/dataTable/components/DownloadDataTableModal.test.ts [2m([22m[2m4 tests[22m[2m)[22m[32m 178[2mms[22m[39m
[32mn8n-editor-ui:test: [0m [32m✓[39m src/features/ai/assistant/components/Agent/CreditsSettingsDropdown.test.ts [2m([22m[2m7 tests[22m[2m)[22m[32m 160[2mms[22m[39m
[32mn8n-editor-ui:test: [0m [32m✓[39m src/app/layouts/BaseLayout.test.ts [2m([22m[2m11 tests[22m[2m)[22m[32m 96[2mms[22m[39m
[32mn8n-editor-ui:test: [0m [32m✓[39m src/features/ai/evaluation.ee/components/Compare/ScoreChart.test.ts [2m([22m[2m3 tests[22m[2m)[22m[32m 136[2mms[22m[39m
[32mn8n-editor-ui:test: [0m [32m✓[39m src/features/workflows/canvas/components/elements/nodes/render-types/parts/CanvasNodeStatusIcons.test.ts [2m([22m[2m12 tests[22m[2m)[22m[32m 193[2mms[22m[39m
[32mn8n-editor-ui:test: [0m [32m✓[39m src/app/stores/workflowsList.store.test.ts [2m([22m[2m40 tests[22m[2m)[22m[32m 93[2mms[22m[39m
[32mn8n-editor-ui:test: [0m [32m✓[39m src/app/components/ConnectionTracker.test.ts [2m([22m[2m6 tests[22m[2m)[22m[32m 77[2mms[22m[39m
[32mn8n-editor-ui:test: [0m [32m✓[39m src/features/ndv/parameters/utils/buttonParameter.utils.test.ts [2m([22m[2m8 tests[22m[2m)[22m[32m 59[2mms[22m[39m
[32mn8n-editor-ui:test: [0m [32m✓[39m src/features/agents/__tests__/AgentChannelSlackSetup.test.ts [2m([22m[2m3 tests[22m[2m)[22m[32m 95[2mms[22m[39m
[32mn8n-editor-ui:test: [0m [32m✓[39m src/features/ndv/agents/composables/__tests__/useInlineAgentConfig.test.ts [2m([22m[2m8 tests[22m[2m)[22m[32m 132[2mms[22m[39m
[32mn8n-editor-ui:test: [0m [32m✓[39m src/features/execution/insights/components/InsightsDateRangeAlert.test.ts [2m([22m[2m9 tests[22m[2m)[22m[32m 124[2mms[22m[39m
[32mn8n-editor-ui:test: [0m [32m✓[39m src/app/stores/ui.store.test.ts [2m([22m[2m33 tests[22m[2m)[22m[32m 100[2mms[22m[39m
[32mn8n-editor-ui:test: [0m [32m✓[39m src/app/components/SettingsSidebar.test.ts [2m([22m[2m1 test[22m[2m)[22m[32m 52[2mms[22m[39m
[32mn8n-editor-ui:test: [0m [32m✓[39m src/app/layouts/documentStoreNullWindow.test.ts [2m([22m[2m4 tests[22m[2m)[22m[32m 97[2mms[22m[39m
[32mn8n-editor-ui:test: [0m [32m✓[39m src/features/workflow-reviews/components/WorkflowReviewChangesSection.test.ts [2m([22m[2m17 tests[22m[2m)[22m[32m 86[2mms[22m[39m
[32mn8n-editor-ui:test: [0m [32m✓[39m src/features/ai/instanceAi/__tests__/WorkflowSetupWizard.test.ts [2m([22m[2m7 tests[22m[2m)[22m[32m 222[2mms[22m[39m
[32mn8n-editor-ui:test: [0m [32m✓[39m src/features/agents/__tests__/AgentSectionEditor.test.ts [2m([22m[2m5 tests[22m[2m)[22m[32m 152[2mms[22m[39m
[32mn8n-editor-ui:test: [0m [32m✓[39m src/features/agents/__tests__/useCodeMirrorEditor.test.ts [2m([22m[2m5 tests[22m[2m)[22m[32m 70[2mms[22m[39m
[32mn8n-editor-ui:test: [0m [32m✓[39m src/features/agents/__tests__/useAgentPermissions.test.ts [2m([22m[2m8 tests[22m[2m)[22m[32m 52[2mms[22m[39m
[32mn8n-editor-ui:test: [0m [32m✓[39m src/features/agents/__tests__/SessionTimelineChart.spec.ts [2m([22m[2m17 tests[22m[2m)[22m[32m 120[2mms[22m[39m
[32mn8n-editor-ui:test: [0m [32m✓[39m src/features/ai/evaluation.ee/components/SetupCollectionWizard/VersionsTable.test.ts [2m([22m[2m8 tests[22m[2m)[22m[32m 121[2mms[22m[39m
[32mn8n-editor-ui:test: [0m [32m✓[39m src/features/workflows/workflowHistory/workflowHistory.store.test.ts [2m([22m[2m16 tests[22m[2m)[22m[32m 90[2mms[22m[39m
[32mn8n-editor-ui:test: [0m [32m✓[39m src/features/workflow-reviews/reviewInbox.store.test.ts [2m([22m[2m36 tests[22m[2m)[22m[32m 136[2mms[22m[39m
[32mn8n-editor-ui:test: [0m [32m✓[39m src/features/workflows/canvas/components/elements/nodes/render-types/parts/CanvasNodeTooltip.test.ts [2m([22m[2m2 tests[22m[2m)[22m[32m 152[2mms[22m[39m
[32mn8n-editor-ui:test: [0m [32m✓[39m src/app/components/app/AppLayout.test.ts [2m([22m[2m12 tests[22m[2m)[22m[32m 146[2mms[22m[39m
[32mn8n-editor-ui:test: [0m [32m✓[39m src/features/core/folders/components/ProjectBreadcrumb.test.ts [2m([22m[2m11 tests[22m[2m)[22m[32m 207[2mms[22m[39m
[32mn8n-editor-ui:test: [0m [32m✓[39m src/features/agents/__tests__/AgentCredentialSelect.test.ts [2m([22m[2m6 tests[22m[2m)[22m[32m 82[2mms[22m[39m
[32mn8n-editor-ui:test: [0m [32m✓[39m src/app/stores/workflowDocument.store.test.ts [2m([22m[2m38 tests[22m[2m)[22m[32m 92[2mms[22m[39m
[32mn8n-editor-ui:test: [0m [32m✓[39m src/features/integrations/secretsProviders.ee/composables/useSecretsProvidersList.ee.test.ts [2m([22m[2m10 tests[22m[2m)[22m[32m 96[2mms[22m[39m
[32mn8n-editor-ui:test: [0m [32m✓[39m src/features/execution/logs/composables/useLogsSelection.test.ts [2m([22m[2m2 tests[22m[2m)[22m[32m 151[2mms[22m[39m
[32mn8n-editor-ui:test: [0m [32m✓[39m src/features/ai/assistant/components/Agent/NodeIssueItem.test.ts [2m([22m[2m3 tests[22m[2m)[22m[32m 130[2mms[22m[39m
[32mn8n-editor-ui:test: [0m [32m✓[39m src/features/ai/instanceAi/workflowSetup/components/WorkflowSetupGroupCard.test.ts [2m([22m[2m5 tests[22m[2m)[22m[32m 150[2mms[22m[39m
[32mn8n-editor-ui:test: [0m [32m✓[39m src/features/agents/__tests__/SessionEventFilter.spec.ts [2m([22m[2m10 tests[22m[2m)[22m[32m 93[2mms[22m[39m
[32mn8n-editor-ui:test: [0m [32m✓[39m src/features/workflows/canvas/composables/useCanvasNodeHover.test.ts [2m([22m[2m2 tests[22m[2m)[22m[32m 221[2mms[22m[39m
[32mn8n-editor-ui:test: [0m [32m✓[39m src/features/ai/evaluation.ee/components/EvalCollectionsListView/CollectionCard.test.ts [2m([22m[2m4 tests[22m[2m)[22m[32m 98[2mms[22m[39m
[32mn8n-editor-ui:test: [0m [32m✓[39m src/features/core/auth/views/ChangePasswordView.test.ts [2m([22m[2m3 tests[22m[2m)[22m[32m 92[2mms[22m[39m
[32mn8n-editor-ui:test: [0m [32m✓[39m src/features/roles/components/RoleContactAdminModal.test.ts [2m([22m[2m4 tests[22m[2m)[22m[32m 52[2mms[22m[39m
[32mn8n-editor-ui:test: [0m [32m✓[39m src/app/stores/aiGateway.store.test.ts [2m([22m[2m65 tests[22m[2m)[22m[32m 56[2mms[22m[39m
[32mn8n-editor-ui:test: [0m [32m✓[39m src/features/resolvers/composables/useNodePrivateCredential.test.ts [2m([22m[2m7 tests[22m[2m)[22m[32m 64[2mms[22m[39m
[32mn8n-editor-ui:test: [0m [32m✓[39m src/features/ai/shared/components/AiReasoningBlock.test.ts [2m([22m[2m1 test[22m[2m)[22m[32m 98[2mms[22m[39m
[32mn8n-editor-ui:test: [0m [32m✓[39m src/features/workflows/canvas/components/elements/nodes/CanvasNodeRenderer.test.ts [2m([22m[2m4 tests[22m[2m)[22m[32m 164[2mms[22m[39m
[32mn8n-editor-ui:test: [0m [32m✓[39m src/features/ai/evaluation.ee/components/RunDetail/MetricSummaryStrip.test.ts [2m([22m[2m2 tests[22m[2m)[22m[32m 61[2mms[22m[39m
[32mn8n-editor-ui:test: [0m [32m✓[39m src/features/agents/__tests__/AgentIntegrationCredentialConnection.test.ts [2m([22m[2m2 tests[22m[2m)[22m[32m 97[2mms[22m[39m
[32mn8n-editor-ui:test: [0m [32m✓[39m src/features/ai/assistant/components/Agent/AIBuilderDiffModal.test.ts [2m([22m[2m3 tests[22m[2m)[22m[32m 126[2mms[22m[39m
[32mn8n-editor-ui:test: [0m [32m✓[39m src/features/agents/__tests__/AgentToolConfigNodeContent.test.ts [2m([22m[2m3 tests[22m[2m)[22m[32m 31[2mms[22m[39m
[32mn8n-editor-ui:test: [0m [32m✓[39m src/app/workers/coordinator/operations/query.test.ts [2m([22m[2m34 tests[22m[2m)[22m[32m 76[2mms[22m[39m
[32mn8n-editor-ui:test: [0m [32m✓[39m src/app/utils/pairedItemUtils.test.ts [2m([22m[2m7 tests[22m[2m)[22m[32m 47[2mms[22m[39m
[32mn8n-editor-ui:test: [0m [32m✓[39m src/app/components/ModalRoot.test.ts [2m([22m[2m9 tests[22m[2m)[22m[32m 70[2mms[22m[39m
[32mn8n-editor-ui:test: [0m [32m✓[39m src/features/resolvers/composables/useCredentialResolvers.test.ts [2m([22m[2m16 tests[22m[2m)[22m[32m 103[2mms[22m[39m
[32mn8n-editor-ui:test: [0m [32m✓[39m src/features/ai/evaluation.ee/composables/useTestCasePersistence.test.ts [2m([22m[2m21 tests[22m[2m)[22m[32m 80[2mms[22m[39m
[32mn8n-editor-ui:test: [0m [32m✓[39m src/features/ai/evaluation.ee/composables/useCompareCases.test.ts [2m([22m[2m12 tests[22m[2m)[22m[32m 68[2mms[22m[39m
[32mn8n-editor-ui:test: [0m [32m✓[39m src/features/workflows/canvas/components/elements/handles/CanvasHandleRenderer.test.ts [2m([22m[2m4 tests[22m[2m)[22m[32m 79[2mms[22m[39m
[32mn8n-editor-ui:test: [0m [32m✓[39m src/experiments/templateRecoV2/components/NodeRecommendationModal.test.ts [2m([22m[2m1 test[22m[2m)[22m[32m 102[2mms[22m[39m
[32mn8n-editor-ui:test: [0m [32m✓[39m src/app/composables/usePushConnection/handlers/executionStarted.test.ts [2m([22m[2m8 tests[22m[2m)[22m[32m 51[2mms[22m[39m
[32mn8n-editor-ui:test: [0m [32m✓[39m src/features/settings/otel/otel.store.test.ts [2m([22m[2m34 tests[22m[2m)[22m[32m 36[2mms[22m[39m
[32mn8n-editor-ui:test: [0m [32m✓[39m src/features/ai/assistant/components/Agent/CreditWarningBanner.test.ts [2m([22m[2m6 tests[22m[2m)[22m[32m 59[2mms[22m[39m
[32mn8n-editor-ui:test: [0m [32m✓[39m src/features/shared/nodeCreator/composables/useGetNodeCreatorFilter.test.ts [2m([22m[2m13 tests[22m[2m)[22m[32m 101[2mms[22m[39m
[32mn8n-editor-ui:test: [0m [32m✓[39m src/features/ai/evaluation.ee/composables/useMetricsChart.test.ts [2m([22m[2m2 tests[22m[2m)[22m[32m 21[2mms[22m[39m
[32mn8n-editor-ui:test: [0m [32m✓[39m src/features/ndv/parameters/components/MultipleParameter.test.ts [2m([22m[2m1 test[22m[2m)[22m[32m 83[2mms[22m[39m
[32mn8n-editor-ui:test: [0m [32m✓[39m src/app/stores/workflowDocument/useWorkflowDocumentNodes.test.ts [2m([22m[2m73 tests[22m[2m)[22m[32m 102[2mms[22m[39m
[32mn8n-editor-ui:test: [0m [32m✓[39m src/features/credentials/credentials.utils.test.ts [2m([22m[2m5 tests[22m[2m)[22m[32m 134[2mms[22m[39m
[32mn8n-editor-ui:test: [0m [32m✓[39m src/features/ndv/agents/components/__tests__/AgentNdvInlineControls.test.ts [2m([22m[2m5 tests[22m[2m)[22m[32m 150[2mms[22m[39m
[32mn8n-editor-ui:test: [0m [32m✓[39m src/features/collaboration/projects/projects.store.test.ts [2m([22m[2m14 tests[22m[2m)[22m[32m 94[2mms[22m[39m
[32mn8n-editor-ui:test: [0m [32m✓[39m src/features/credentials/composables/useNodeCredentialOptions.test.ts [2m([22m[2m8 tests[22m[2m)[22m[32m 130[2mms[22m[39m
[32mn8n-editor-ui:test: [0m [32m✓[39m src/features/setupPanel/composables/useWebhookUrls.test.ts [2m([22m[2m13 tests[22m[2m)[22m[32m 59[2mms[22m[39m
[32mn8n-editor-ui:test: [0m [32m✓[39m src/app/components/DynamicModalLoader.test.ts [2m([22m[2m7 tests[22m[2m)[22m[32m 94[2mms[22m[39m
[32mn8n-editor-ui:test: [0m [32m✓[39m src/app/composables/useWorkflowNormalization.test.ts [2m([22m[2m7 tests[22m[2m)[22m[32m 58[2mms[22m[39m
[32mn8n-editor-ui:test: [0m [32m✓[39m src/features/agents/__tests__/AgentIdentityHeader.spec.ts [2m([22m[2m4 tests[22m[2m)[22m[32m 71[2mms[22m[39m
[32mn8n-editor-ui:test: [0m [32m✓[39m src/features/agents/channels/telegram/AgentChannelTelegramSetup.test.ts [2m([22m[2m1 test[22m[2m)[22m[32m 94[2mms[22m[39m
[32mn8n-editor-ui:test: [0m [32m✓[39m src/features/shared/nodeCreator/views/viewsData.test.ts [2m([22m[2m10 tests[22m[2m)[22m[32m 76[2mms[22m[39m
[32mn8n-editor-ui:test: [0m [32m✓[39m src/features/ai/evaluation.ee/components/shared/GroupedMetricChart.test.ts [2m([22m[2m3 tests[22m[2m)[22m[32m 75[2mms[22m[39m
[32mn8n-editor-ui:test: [0m [32m✓[39m src/app/composables/useExposeCssVar.test.ts [2m([22m[2m3 tests[22m[2m)[22m[32m 41[2mms[22m[39m
[32mn8n-editor-ui:test: [0m [32m✓[39m src/features/workflows/components/WorkflowActivationConflictingWebhookModal.test.ts [2m([22m[2m4 tests[22m[2m)[22m[32m 91[2mms[22m[39m
[32mn8n-editor-ui:test: [0m [32m✓[39m src/features/credentials/quickConnect/components/QuickConnectBanner.test.ts [2m([22m[2m8 tests[22m[2m)[22m[32m 71[2mms[22m[39m
[32mn8n-editor-ui:test: [0m [32m✓[39m src/features/workflows/workflowDiff/HighlightedEdge.test.ts [2m([22m[2m6 tests[22m[2m)[22m[32m 101[2mms[22m[39m
[32mn8n-editor-ui:test: [0m [32m✓[39m src/features/ai/instanceAi/__tests__/instanceAiSettings.store.test.ts [2m([22m[2m31 tests[22m[2m)[22m[32m 75[2mms[22m[39m
[32mn8n-editor-ui:test: [0m [32m✓[39m src/features/workflow-reviews/reviewActivity.store.test.ts [2m([22m[2m22 tests[22m[2m)[22m[32m 62[2mms[22m[39m
[32mn8n-editor-ui:test: [0m [32m✓[39m src/features/shared/commandBar/components/CommandBarItemTitle.test.ts [2m([22m[2m8 tests[22m[2m)[22m[32m 55[2mms[22m[39m
[32mn8n-editor-ui:test: [0m [32m✓[39m src/features/workflows/canvas/components/elements/edges/CanvasConnectionLine.test.ts [2m([22m[2m3 tests[22m[2m)[22m[32m 37[2mms[22m[39m
[32mn8n-editor-ui:test: [0m [32m✓[39m src/features/shared/nodeCreator/components/ItemTypes/ActionItem.test.ts [2m([22m[2m1 test[22m[2m)[22m[32m 56[2mms[22m[39m
[32mn8n-editor-ui:test: [0m [32m✓[39m src/features/core/auth/views/SignoutView.test.ts [2m([22m[2m5 tests[22m[2m)[22m[32m 51[2mms[22m[39m
[32mn8n-editor-ui:test: [0m [32m✓[39m src/features/execution/executions/executions.store.test.ts [2m([22m[2m9 tests[22m[2m)[22m[32m 101[2mms[22m[39m
[32mn8n-editor-ui:test: [0m [32m✓[39m src/app/push-connection/__tests__/useWebSocketClient.test.ts [2m([22m[2m8 tests[22m[2m)[22m[32m 44[2mms[22m[39m
[32mn8n-editor-ui:test: [0m [32m✓[39m src/experiments/openWorkflowInAssistant/stores/openWorkflowInAssistant.store.test.ts [2m([22m[2m9 tests[22m[2m)[22m[32m 110[2mms[22m[39m
[32mn8n-editor-ui:test: [0m [32m✓[39m src/features/agents/__tests__/NewAgentView.test.ts [2m([22m[2m7 tests[22m[2m)[22m[32m 29[2mms[22m[39m
[32mn8n-editor-ui:test: [0m [32m✓[39m src/app/init/toastNotifier.test.ts [2m([22m[2m5 tests[22m[2m)[22m[32m 33[2mms[22m[39m
[32mn8n-editor-ui:test: [0m [32m✓[39m src/features/ai/instanceAi/components/modals/__tests__/InstanceAiToolsConnectionModalWrapper.test.ts [2m([22m[2m12 tests[22m[2m)[22m[32m 58[2mms[22m[39m
[32mn8n-editor-ui:test: [0m [32m✓[39m src/app/components/Feedback.test.ts [2m([22m[2m4 tests[22m[2m)[22m[32m 84[2mms[22m[39m
[32mn8n-editor-ui:test: [0m [32m✓[39m src/app/composables/usePushConnection/usePushConnection.test.ts [2m([22m[2m6 tests[22m[2m)[22m[32m 97[2mms[22m[39m
[32mn8n-editor-ui:test: [0m [32m✓[39m src/features/agents/__tests__/AgentChannelSlackManagedSettings.test.ts [2m([22m[2m3 tests[22m[2m)[22m[32m 105[2mms[22m[39m
[32mn8n-editor-ui:test: [0m [32m✓[39m src/app/composables/usePushConnection/handlers/workflowSettingsUpdated.test.ts [2m([22m[2m6 tests[22m[2m)[22m[32m 40[2mms[22m[39m
[32mn8n-editor-ui:test: [0m [32m✓[39m src/features/agents/__tests__/AgentChannelsSection.test.ts [2m([22m[2m3 tests[22m[2m)[22m[32m 82[2mms[22m[39m
[32mn8n-editor-ui:test: [0m [32m✓[39m src/features/ndv/shared/ndv.utils.test.ts [2m([22m[2m63 tests[22m[2m)[22m[32m 103[2mms[22m[39m
[32mn8n-editor-ui:test: [0m [32m✓[39m src/experiments/resourceCenter/components/__tests__/ResourceFeatureCard.test.ts [2m([22m[2m2 tests[22m[2m)[22m[32m 89[2mms[22m[39m
[32mn8n-editor-ui:test: [0m [32m✓[39m src/features/shared/editors/plugins/codemirror/dragAndDrop.test.ts [2m([22m[2m2 tests[22m[2m)[22m[32m 81[2mms[22m[39m
[32mn8n-editor-ui:test: [0m [32m✓[39m src/app/composables/useDataSchema.test.ts [2m([22m[2m64 tests[22m[2m)[22m[32m 141[2mms[22m[39m
[32mn8n-editor-ui:test: [0m [32m✓[39m src/features/ai/evaluation.ee/components/Compare/OutputsTab.test.ts [2m([22m[2m2 tests[22m[2m)[22m[32m 79[2mms[22m[39m
[32mn8n-editor-ui:test: [0m [32m✓[39m src/app/stores/posthog.store.test.ts [2m([22m[2m19 tests[22m[2m)[22m[32m 82[2mms[22m[39m
[32mn8n-editor-ui:test: [0m [32m✓[39m src/features/agents/__tests__/agentTelemetry.utils.test.ts [2m([22m[2m20 tests[22m[2m)[22m[32m 21[2mms[22m[39m
[32mn8n-editor-ui:test: [0m [32m✓[39m src/app/composables/useWorkflowsCache.test.ts [2m([22m[2m13 tests[22m[2m)[22m[32m 64[2mms[22m[39m
[32mn8n-editor-ui:test: [0m [32m✓[39m src/app/composables/useImportCurlCommand.test.ts [2m([22m[2m61 tests[22m[2m)[22m[32m 60[2mms[22m[39m
[32mn8n-editor-ui:test: [0m [32m✓[39m src/features/workflows/canvas/components/elements/buttons/CanvasStopWaitingForWebhookButton.test.ts [2m([22m[2m1 test[22m[2m)[22m[32m 25[2mms[22m[39m
[32mn8n-editor-ui:test: [0m [32m✓[39m src/features/ai/assistant/components/Agent/ReviewChangesBanner.test.ts [2m([22m[2m9 tests[22m[2m)[22m[32m 62[2mms[22m[39m
[32mn8n-editor-ui:test: [0m [32m✓[39m src/features/agents/__tests__/AgentChannelListItem.test.ts [2m([22m[2m4 tests[22m[2m)[22m[32m 59[2mms[22m[39m
[32mn8n-editor-ui:test: [0m [32m✓[39m src/experiments/instanceAiWorkflowPreviewSuggestions/components/WorkflowPreviewNode.test.ts [2m([22m[2m2 tests[22m[2m)[22m[32m 117[2mms[22m[39m
[32mn8n-editor-ui:test: [0m [32m✓[39m src/features/agents/__tests__/AgentsListView.test.ts [2m([22m[2m6 tests[22m[2m)[22m[32m 120[2mms[22m[39m
[32mn8n-editor-ui:test: [0m [32m✓[39m src/features/ai/instanceAi/components/__tests__/ConnectionRow.test.ts [2m([22m[2m4 tests[22m[2m)[22m[32m 204[2mms[22m[39m
[32mn8n-editor-ui:test: [0m [32m✓[39m src/app/composables/useAiGatewayTopUp.test.ts [2m([22m[2m6 tests[22m[2m)[22m[32m 49[2mms[22m[39m
[32mn8n-editor-ui:test: [0m [32m✓[39m src/features/ai/assistant/components/Agent/NotificationPermissionBanner.test.ts [2m([22m[2m13 tests[22m[2m)[22m[32m 70[2mms[22m[39m
[32mn8n-editor-ui:test: [0m [32m✓[39m src/app/composables/useBeforeUnload.test.ts [2m([22m[2m6 tests[22m[2m)[22m[32m 61[2mms[22m[39m
[32mn8n-editor-ui:test: [0m [32m✓[39m src/features/core/auth/components/ChangePasswordModal.test.ts [2m([22m[2m3 tests[22m[2m)[22m[32m 103[2mms[22m[39m
[32mn8n-editor-ui:test: [0m [32m✓[39m src/features/collaboration/projects/components/ProjectMoveSuccessToastMessage.test.ts [2m([22m[2m5 tests[22m[2m)[22m[32m 74[2mms[22m[39m
[32mn8n-editor-ui:test: [0m [32m✓[39m src/features/core/dataTable/dataTable.store.test.ts [2m([22m[2m32 tests[22m[2m)[22m[32m 55[2mms[22m[39m
[32mn8n-editor-ui:test: [0m [32m✓[39m src/features/settings/sso/components/SSOLogin.test.ts [2m([22m[2m2 tests[22m[2m)[22m[32m 75[2mms[22m[39m
[32mn8n-editor-ui:test: [0m [32m✓[39m src/features/ai/evaluation.ee/evaluation.utils.test.ts [2m([22m[2m108 tests[22m[2m)[22m[32m 48[2mms[22m[39m
[32mn8n-editor-ui:test: [0m [32m✓[39m src/app/composables/useCalloutHelpers.test.ts [2m([22m[2m11 tests[22m[2m)[22m[32m 42[2mms[22m[39m
[32mn8n-editor-ui:test: [0m [32m✓[39m src/features/agents/__tests__/AgentHeaders.test.ts [2m([22m[2m4 tests[22m[2m)[22m[32m 51[2mms[22m[39m
[32mn8n-editor-ui:test: [0m [32m✓[39m src/features/ndv/runData/components/TextWithHighlights.test.ts [2m([22m[2m9 tests[22m[2m)[22m[32m 40[2mms[22m[39m
[32mn8n-editor-ui:test: [0m [32m✓[39m src/features/settings/usage/usage.test.ts [2m([22m[2m10 tests[22m[2m)[22m[32m 17[2mms[22m[39m
[32mn8n-editor-ui:test: [0m [32m✓[39m src/app/components/NodeExecutionErrorMessage.test.ts [2m([22m[2m8 tests[22m[2m)[22m[32m 49[2mms[22m[39m
[32mn8n-editor-ui:test: [0m [32m✓[39m src/features/ai/instanceAi/workflowSetup/components/WorkflowSetupCard.test.ts [2m([22m[2m3 tests[22m[2m)[22m[32m 58[2mms[22m[39m
[32mn8n-editor-ui:test: [0m [32m✓[39m src/features/ndv/shared/ndv.store.test.ts [2m([22m[2m5 tests[22m[2m)[22m[32m 32[2mms[22m[39m
[32mn8n-editor-ui:test: [0m [32m✓[39m src/features/core/dataTable/composables/useDataTableOperations.test.ts [2m([22m[2m55 tests[22m[2m)[22m[32m 49[2mms[22m[39m
[32mn8n-editor-ui:test: [0m [32m✓[39m src/experiments/instanceAiProactiveAgent/components/InstanceAiProactiveStarterMessage.test.ts [2m([22m[2m1 test[22m[2m)[22m[32m 66[2mms[22m[39m
[32mn8n-editor-ui:test: [0m [32m✓[39m src/features/credentials/components/CredentialsSelect.test.ts [2m([22m[2m3 tests[22m[2m)[22m[32m 53[2mms[22m[39m
[32mn8n-editor-ui:test: [0m [32m✓[39m src/features/shared/nodeCreator/nodeCreator.utils.test.ts [2m([22m[2m134 tests[22m[2m)[22m[32m 85[2mms[22m[39m
[32mn8n-editor-ui:test: [0m [32m✓[39m src/features/ai/evaluation.ee/parallelEval.store.test.ts [2m([22m[2m21 tests[22m[2m)[22m[32m 21[2mms[22m[39m
[32mn8n-editor-ui:test: [0m [32m✓[39m src/app/layouts/AuthLayout.test.ts [2m([22m[2m7 tests[22m[2m)[22m[32m 38[2mms[22m[39m
[32mn8n-editor-ui:test: [0m [32m✓[39m src/experiments/resourceCenter/components/__tests__/ResourceCard.test.ts [2m([22m[2m3 tests[22m[2m)[22m[32m 28[2mms[22m[39m
[32mn8n-editor-ui:test: [0m [32m✓[39m src/features/shared/banners/components/banners/V1Banner.test.ts [2m([22m[2m2 tests[22m[2m)[22m[32m 76[2mms[22m[39m
[32mn8n-editor-ui:test: [0m [32m✓[39m src/app/composables/useNodeExecution.test.ts [2m([22m[2m51 tests[22m[2m)[22m[32m 106[2mms[22m[39m
[32mn8n-editor-ui:test: [0m [32m✓[39m src/app/composables/usePushConnection/handlers/nodeExecuteAfter.test.ts [2m([22m[2m9 tests[22m[2m)[22m[32m 57[2mms[22m[39m
[32mn8n-editor-ui:test: [0m [32m✓[39m src/features/settings/communityNodes/composables/useInstalledCommunityPackage.test.ts [2m([22m[2m16 tests[22m[2m)[22m[32m 53[2mms[22m[39m
[32mn8n-editor-ui:test: [0m [32m✓[39m src/features/ai/evaluation.ee/evaluation.store.test.ts [2m([22m[2m13 tests[22m[2m)[22m[32m 50[2mms[22m[39m
[32mn8n-editor-ui:test: [0m [32m✓[39m src/features/shared/editors/plugins/codemirror/completions/utils.test.ts [2m([22m[2m22 tests[22m[2m)[22m[32m 57[2mms[22m[39m
[32mn8n-editor-ui:test: [0m [32m✓[39m src/features/shared/nodeCreator/components/Panel/NoResults.test.ts [2m([22m[2m4 tests[22m[2m)[22m[32m 97[2mms[22m[39m
[32mn8n-editor-ui:test: [0m [32m✓[39m src/features/ai/instanceAi/workflowSetup/components/WorkflowSetupSectionBody.disposal.test.ts [2m([22m[2m1 test[22m[2m)[22m[32m 68[2mms[22m[39m
[32mn8n-editor-ui:test: [0m [32m✓[39m src/features/ai/mcpAccess/mcp.store.test.ts [2m([22m[2m27 tests[22m[2m)[22m[32m 156[2mms[22m[39m
[32mn8n-editor-ui:test: [0m [32m✓[39m src/app/composables/useWorkflowExtraction.test.ts [2m([22m[2m15 tests[22m[2m)[22m[32m 56[2mms[22m[39m
[32mn8n-editor-ui:test: [0m [32m✓[39m src/app/stores/nodeTypes.store.test.ts [2m([22m[2m18 tests[22m[2m)[22m[32m 113[2mms[22m[39m
[32mn8n-editor-ui:test: [0m [32m✓[39m src/experiments/instanceAiSplitEmptyState/components/CyclingPreviewCanvas.test.ts [2m([22m[2m5 tests[22m[2m)[22m[32m 85[2mms[22m[39m
[32mn8n-editor-ui:test: [0m [32m✓[39m src/features/shared/tags/tags.store.test.ts [2m([22m[2m8 tests[22m[2m)[22m[32m 27[2mms[22m[39m
[32mn8n-editor-ui:test: [0m [32m✓[39m src/features/ai/assistant/components/AskModeCoachmark.test.ts [2m([22m[2m3 tests[22m[2m)[22m[32m 37[2mms[22m[39m
[32mn8n-editor-ui:test: [0m [32m✓[39m src/features/ai/instanceAi/workflowSetup/components/WorkflowSetupWizardFooter.test.ts [2m([22m[2m3 tests[22m[2m)[22m[32m 58[2mms[22m[39m
[32mn8n-editor-ui:test: [0m [32m✓[39m src/app/workers/data/operations/loadNodeTypes.test.ts [2m([22m[2m19 tests[22m[2m)[22m[32m 26[2mms[22m[39m
[32mn8n-editor-ui:test: [0m [32m✓[39m src/features/workflows/canvas/components/elements/background/CanvasBackground.test.ts [2m([22m[2m4 tests[22m[2m)[22m[32m 58[2mms[22m[39m
[32mn8n-editor-ui:test: [0m [32m✓[39m src/features/workflows/templates/recommendations/components/RecommendedTemplateCard.test.ts [2m([22m[2m3 tests[22m[2m)[22m[32m 39[2mms[22m[39m
[32mn8n-editor-ui:test: [0m [32m✓[39m src/app/__tests__/modal-definition.test.ts [2m([22m[2m3 tests[22m[2m)[22m[32m 44[2mms[22m[39m
[32mn8n-editor-ui:test: [0m [32m✓[39m src/features/workflow-reviews/reviewStatus.store.test.ts [2m([22m[2m16 tests[22m[2m)[22m[32m 20[2mms[22m[39m
[32mn8n-editor-ui:test: [0m [32m✓[39m src/features/collaboration/collaboration/collaboration.store.test.ts [2m([22m[2m7 tests[22m[2m)[22m[32m 31[2mms[22m[39m
[32mn8n-editor-ui:test: [0m [32m✓[39m src/features/settings/communityNodes/components/nodeCreator/CommunityNodeFooter.test.ts [2m([22m[2m6 tests[22m[2m)[22m[32m 71[2mms[22m[39m
[32mn8n-editor-ui:test: [0m [32m✓[39m src/features/agents/__tests__/BackToWorkflowBanner.test.ts [2m([22m[2m2 tests[22m[2m)[22m[32m 84[2mms[22m[39m
[32mn8n-editor-ui:test: [0m [32m✓[39m src/app/composables/useWorkflowInitialization.test.ts [2m([22m[2m3 tests[22m[2m)[22m[32m 73[2mms[22m[39m
[32mn8n-editor-ui:test: [0m [32m✓[39m src/features/ai/instanceAi/__tests__/ToolResultRenderer.test.ts [2m([22m[2m3 tests[22m[2m)[22m[32m 25[2mms[22m[39m
[32mn8n-editor-ui:test: [0m [32m✓[39m src/experiments/instanceAiWorkflowPreviewSuggestions/components/WorkflowPreviewSuggestions.test.ts [2m([22m[2m3 tests[22m[2m)[22m[32m 89[2mms[22m[39m
[32mn8n-editor-ui:test: [0m [32m✓[39m src/features/ndv/parameters/components/InputTriple/InputTriple.test.ts [2m([22m[2m2 tests[22m[2m)[22m[32m 36[2mms[22m[39m
[32mn8n-editor-ui:test: [0m [32m✓[39m src/app/stores/workflowDocument/useWorkflowDocumentNodeGroups.test.ts [2m([22m[2m41 tests[22m[2m)[22m[32m 18[2mms[22m[39m
[32mn8n-editor-ui:test: [0m [32m✓[39m src/features/shared/editors/components/JsEditor/JsEditor.test.ts [2m([22m[2m1 test[22m[2m)[22m[32m 36[2mms[22m[39m
[32mn8n-editor-ui:test: [0m [32m✓[39m src/features/workflows/canvas/composables/useCanvasNodeGroupView.test.ts [2m([22m[2m44 tests[22m[2m)[22m[32m 39[2mms[22m[39m
[32mn8n-editor-ui:test: [0m [32m✓[39m src/app/layouts/ChatLayout.test.ts [2m([22m[2m10 tests[22m[2m)[22m[32m 43[2mms[22m[39m
[32mn8n-editor-ui:test: [0m [32m✓[39m src/app/composables/useTelemetryInitializer.test.ts [2m([22m[2m4 tests[22m[2m)[22m[32m 63[2mms[22m[39m
[32mn8n-editor-ui:test: [0m [32m✓[39m src/features/ai/assistant/composables/useBuilderStreamingGuard.test.ts [2m([22m[2m3 tests[22m[2m)[22m[32m 58[2mms[22m[39m
[32mn8n-editor-ui:test: [0m [32m✓[39m src/features/setupPanel/setupPanel.utils.test.ts [2m([22m[2m45 tests[22m[2m)[22m[32m 23[2mms[22m[39m
[32mn8n-editor-ui:test: [0m [32m✓[39m src/features/agents/__tests__/AgentPreviewHeader.test.ts [2m([22m[2m5 tests[22m[2m)[22m[32m 45[2mms[22m[39m
[32mn8n-editor-ui:test: [0m [32m✓[39m src/app/components/CopyInput.test.ts [2m([22m[2m2 tests[22m[2m)[22m[32m 24[2mms[22m[39m
[32mn8n-editor-ui:test: [0m [32m✓[39m src/features/workflows/workflowDiff/DiffBadge.test.ts [2m([22m[2m10 tests[22m[2m)[22m[32m 37[2mms[22m[39m
[32mn8n-editor-ui:test: [0m [32m✓[39m src/app/utils/aiUtils.test.ts [2m([22m[2m6 tests[22m[2m)[22m[32m 18[2mms[22m[39m
[32mn8n-editor-ui:test: [0m [32m✓[39m src/features/ai/instanceAi/__tests__/instanceAi.reducer.test.ts [2m([22m[2m62 tests[22m[2m)[22m[32m 21[2mms[22m[39m
[32mn8n-editor-ui:test: [0m [32m✓[39m src/features/ai/instanceAi/__tests__/instanceAi.store.test.ts [2m([22m[2m24 tests[22m[2m)[22m[32m 34[2mms[22m[39m
[32mn8n-editor-ui:test: [0m [32m✓[39m src/features/core/auth/views/AuthView.test.ts [2m([22m[2m3 tests[22m[2m)[22m[32m 44[2mms[22m[39m
[32mn8n-editor-ui:test: [0m [32m✓[39m src/features/setupPanel/composables/useWorkflowSetupState.nodeGrouping.test.ts [2m([22m[2m6 tests[22m[2m)[22m[32m 41[2mms[22m[39m
[32mn8n-editor-ui:test: [0mError: Not implemented: window.open
[32mn8n-editor-ui:test: [0m    at module.exports (/Users/romeobalta/work/n8n/worktrees/nudge-manual-builders-to-aia/node_modules/.pnpm/jsdom@23.0.1_bufferutil@4.0.9_utf-8-validate@5.0.10/node_modules/jsdom/lib/jsdom/browser/not-implemented.js:9:17)
[32mn8n-editor-ui:test: [0m    at /Users/romeobalta/work/n8n/worktrees/nudge-manual-builders-to-aia/node_modules/.pnpm/jsdom@23.0.1_bufferutil@4.0.9_utf-8-validate@5.0.10/node_modules/jsdom/lib/jsdom/browser/Window.js:898:7
[32mn8n-editor-ui:test: [0m    at bound  (file:///Users/romeobalta/work/n8n/worktrees/nudge-manual-builders-to-aia/node_modules/.pnpm/@vitest+spy@4.1.9/node_modules/@vitest/spy/dist/index.js:332:34)
[32mn8n-editor-ui:test: [0m    at openFormPopupWindow (/Users/romeobalta/work/n8n/worktrees/nudge-manual-builders-to-aia/packages/frontend/editor-ui/src/features/execution/executions/executions.utils.ts:135:10)
[32mn8n-editor-ui:test: [0m    at Module.displayForm (/Users/romeobalta/work/n8n/worktrees/nudge-manual-builders-to-aia/packages/frontend/editor-ui/src/features/execution/executions/executions.utils.ts:187:5)
[32mn8n-editor-ui:test: [0m    at processTicksAndRejections (node:internal/process/task_queues:103:5)
[32mn8n-editor-ui:test: [0m    at /Users/romeobalta/work/n8n/worktrees/nudge-manual-builders-to-aia/packages/frontend/editor-ui/src/features/execution/executions/executions.utils.test.ts:199:3 [90mundefined[39m
[32mn8n-editor-ui:test: [0mError: Not implemented: window.open
[32mn8n-editor-ui:test: [0m    at module.exports (/Users/romeobalta/work/n8n/worktrees/nudge-manual-builders-to-aia/node_modules/.pnpm/jsdom@23.0.1_bufferutil@4.0.9_utf-8-validate@5.0.10/node_modules/jsdom/lib/jsdom/browser/not-implemented.js:9:17)
[32mn8n-editor-ui:test: [0m    at /Users/romeobalta/work/n8n/worktrees/nudge-manual-builders-to-aia/node_modules/.pnpm/jsdom@23.0.1_bufferutil@4.0.9_utf-8-validate@5.0.10/node_modules/jsdom/lib/jsdom/browser/Window.js:898:7
[32mn8n-editor-ui:test: [0m    at bound  (file:///Users/romeobalta/work/n8n/worktrees/nudge-manual-builders-to-aia/node_modules/.pnpm/@vitest+spy@4.1.9/node_modules/@vitest/spy/dist/index.js:332:34)
[32mn8n-editor-ui:test: [0m    at openFormPopupWindow (/Users/romeobalta/work/n8n/worktrees/nudge-manual-builders-to-aia/packages/frontend/editor-ui/src/features/execution/executions/executions.utils.ts:135:10)
[32mn8n-editor-ui:test: [0m    at Module.displayForm (/Users/romeobalta/work/n8n/worktrees/nudge-manual-builders-to-aia/packages/frontend/editor-ui/src/features/execution/executions/executions.utils.ts:187:5)
[32mn8n-editor-ui:test: [0m    at processTicksAndRejections (node:internal/process/task_queues:103:5)
[32mn8n-editor-ui:test: [0m    at /Users/romeobalta/work/n8n/worktrees/nudge-manual-builders-to-aia/packages/frontend/editor-ui/src/features/execution/executions/executions.utils.test.ts:290:4 [90mundefined[39m
[32mn8n-editor-ui:test: [0m [32m✓[39m src/features/execution/executions/executions.utils.test.ts [2m([22m[2m66 tests[22m[2m)[22m[32m 28[2mms[22m[39m
[32mn8n-editor-ui:test: [0mError: Not implemented: navigation (except hash changes)
[32mn8n-editor-ui:test: [0m    at module.exports (/Users/romeobalta/work/n8n/worktrees/nudge-manual-builders-to-aia/node_modules/.pnpm/jsdom@23.0.1_bufferutil@4.0.9_utf-8-validate@5.0.10/node_modules/jsdom/lib/jsdom/browser/not-implemented.js:9:17)
[32mn8n-editor-ui:test: [0m    at navigateFetch (/Users/romeobalta/work/n8n/worktrees/nudge-manual-builders-to-aia/node_modules/.pnpm/jsdom@23.0.1_bufferutil@4.0.9_utf-8-validate@5.0.10/node_modules/jsdom/lib/jsdom/living/window/navigation.js:77:3)
[32mn8n-editor-ui:test: [0m    at exports.navigate (/Users/romeobalta/work/n8n/worktrees/nudge-manual-builders-to-aia/node_modules/.pnpm/jsdom@23.0.1_bufferutil@4.0.9_utf-8-validate@5.0.10/node_modules/jsdom/lib/jsdom/living/window/navigation.js:55:3)
[32mn8n-editor-ui:test: [0m    at Timeout._onTimeout (/Users/romeobalta/work/n8n/worktrees/nudge-manual-builders-to-aia/node_modules/.pnpm/jsdom@23.0.1_bufferutil@4.0.9_utf-8-validate@5.0.10/node_modules/jsdom/lib/jsdom/living/nodes/HTMLHyperlinkElementUtils-impl.js:81:7)
[32mn8n-editor-ui:test: [0m    at listOnTimeout (node:internal/timers:585:17)
[32mn8n-editor-ui:test: [0m    at processTimers (node:internal/timers:521:7) [90mundefined[39m
[32mn8n-editor-ui:test: [0m [32m✓[39m src/features/agents/__tests__/AgentMarkdownChunk.test.ts [2m([22m[2m2 tests[22m[2m)[22m[32m 28[2mms[22m[39m
[32mn8n-editor-ui:test: [0m [32m✓[39m src/features/workflows/canvas/composables/useCanvasLayout.test.ts [2m([22m[2m13 tests[22m[2m)[22m[32m 37[2mms[22m[39m
[32mn8n-editor-ui:test: [0m [32m✓[39m src/features/execution/executions/components/RevealDataWarning.test.ts [2m([22m[2m1 test[22m[2m)[22m[32m 18[2mms[22m[39m
[32mn8n-editor-ui:test: [0m [32m✓[39m src/features/settings/sso/provisioning/composables/useRoleMappingRules.test.ts [2m([22m[2m20 tests[22m[2m)[22m[32m 35[2mms[22m[39m
[32mn8n-editor-ui:test: [0m [32m✓[39m src/app/utils/nodeViewUtils.test.ts [2m([22m[2m64 tests[22m[2m)[22m[32m 17[2mms[22m[39m
[32mn8n-editor-ui:test: [0m [32m✓[39m src/app/composables/useUniqueNodeName.test.ts [2m([22m[2m7 tests[22m[2m)[22m[32m 43[2mms[22m[39m
[32mn8n-editor-ui:test: [0m [32m✓[39m src/features/execution/logs/logs.utils.test.ts [2m([22m[2m73 tests[22m[2m)[22m[32m 51[2mms[22m[39m
[32mn8n-editor-ui:test: [0m [32m✓[39m src/features/core/folders/folders.store.test.ts [2m([22m[2m5 tests[22m[2m)[22m[32m 42[2mms[22m[39m
[32mn8n-editor-ui:test: [0m [32m✓[39m src/features/integrations/externalSecrets.ee/externalSecrets.ee.store.test.ts [2m([22m[2m40 tests[22m[2m)[22m[32m 22[2mms[22m[39m
[32mn8n-editor-ui:test: [0m [32m✓[39m src/features/agents/__tests__/AgentChatMessageAttachments.test.ts [2m([22m[2m4 tests[22m[2m)[22m[32m 27[2mms[22m[39m
[32mn8n-editor-ui:test: [0m [32m✓[39m src/features/credentials/composables/__tests__/oauthCallback.test.ts [2m([22m[2m27 tests[22m[2m)[22m[32m 43[2mms[22m[39m
[32mn8n-editor-ui:test: [0m [32m✓[39m src/features/ai/chatHub/chat.store.test.ts [2m([22m[2m23 tests[22m[2m)[22m[32m 41[2mms[22m[39m
[32mn8n-editor-ui:test: [0m [32m✓[39m src/app/stores/npsStore.store.test.ts [2m([22m[2m14 tests[22m[2m)[22m[32m 22[2mms[22m[39m
[32mn8n-editor-ui:test: [0m [32m✓[39m src/features/shared/editors/plugins/codemirror/completions/datatype.completions.test.ts [2m([22m[2m20 tests[22m[2m)[22m[32m 11[2mms[22m[39m
[32mn8n-editor-ui:test: [0m [32m✓[39m src/features/shared/tags/components/TagsManager/TagsView/TagsTableHeader.test.ts [2m([22m[2m3 tests[22m[2m)[22m[32m 42[2mms[22m[39m
[32mn8n-editor-ui:test: [0m [32m✓[39m src/features/ai/instanceAi/workflowSetup/composables/useWorkflowSetupApply.test.ts [2m([22m[2m14 tests[22m[2m)[22m[32m 23[2mms[22m[39m
[32mn8n-editor-ui:test: [0m [32m✓[39m src/features/ai/assistant/components/Agent/UserAnswersMessage.test.ts [2m([22m[2m5 tests[22m[2m)[22m[32m 46[2mms[22m[39m
[32mn8n-editor-ui:test: [0m [32m✓[39m src/features/shared/editors/plugins/codemirror/completions/itemField.completions.test.ts [2m([22m[2m5 tests[22m[2m)[22m[32m 12[2mms[22m[39m
[32mn8n-editor-ui:test: [0m [32m✓[39m src/experiments/instanceAiSplitEmptyState/useBuildManually.test.ts [2m([22m[2m2 tests[22m[2m)[22m[32m 12[2mms[22m[39m
[32mn8n-editor-ui:test: [0m [32m✓[39m src/features/workflows/canvas/components/elements/buttons/CanvasStopCurrentExecutionButton.test.ts [2m([22m[2m2 tests[22m[2m)[22m[32m 20[2mms[22m[39m
[32mn8n-editor-ui:test: [0m [32m✓[39m src/features/ai/assistant/composables/useBuilderMessages.test.ts [2m([22m[2m74 tests[22m[2m)[22m[32m 29[2mms[22m[39m
[32mn8n-editor-ui:test: [0m [32m✓[39m src/app/composables/usePushConnection/handlers/nodeExecuteAfterData.test.ts [2m([22m[2m2 tests[22m[2m)[22m[32m 17[2mms[22m[39m
[32mn8n-editor-ui:test: [0m [32m✓[39m src/features/shared/commandBar/composables/useCommandBar.test.ts [2m([22m[2m5 tests[22m[2m)[22m[32m 31[2mms[22m[39m
[32mn8n-editor-ui:test: [0m [32m✓[39m src/features/workflows/workflowDiff/useViewportSync.test.ts [2m([22m[2m10 tests[22m[2m)[22m[32m 34[2mms[22m[39m
[32mn8n-editor-ui:test: [0m [32m✓[39m src/app/stores/workflowDocument/useWorkflowDocumentWorkflowObject.test.ts [2m([22m[2m10 tests[22m[2m)[22m[32m 26[2mms[22m[39m
[32mn8n-editor-ui:test: [0m [32m✓[39m src/features/ai/instanceAi/__tests__/useCanvasPreview.test.ts [2m([22m[2m44 tests[22m[2m)[22m[32m 31[2mms[22m[39m
[32mn8n-editor-ui:test: [0m [32m✓[39m src/features/ai/instanceAi/composables/__tests__/useBrowserUseConnection.test.ts [2m([22m[2m9 tests[22m[2m)[22m[32m 79[2mms[22m[39m
[32mn8n-editor-ui:test: [0m [32m✓[39m src/app/composables/usePushConnection/handlers/workflowPartiallyActivated.test.ts [2m([22m[2m8 tests[22m[2m)[22m[32m 36[2mms[22m[39m
[32mn8n-editor-ui:test: [0m [32m✓[39m src/features/ai/evaluation.ee/components/RunDetail/MetricCategoryBadge.test.ts [2m([22m[2m3 tests[22m[2m)[22m[32m 29[2mms[22m[39m
[32mn8n-editor-ui:test: [0m [32m✓[39m src/app/modals.manifest.test.ts [2m([22m[2m8 tests[22m[2m)[22m[32m 15[2mms[22m[39m
[32mn8n-editor-ui:test: [0m [32m✓[39m src/features/agents/__tests__/InteractiveCard.test.ts [2m([22m[2m4 tests[22m[2m)[22m[32m 62[2mms[22m[39m
[32mn8n-editor-ui:test: [0m [32m✓[39m src/app/push-connection/__tests__/useEventSourceClient.test.ts [2m([22m[2m9 tests[22m[2m)[22m[32m 13[2mms[22m[39m
[32mn8n-editor-ui:test: [0m [32m✓[39m src/features/workflows/canvas/composables/useCanvasNodeGroupOperationGuards.test.ts [2m([22m[2m3 tests[22m[2m)[22m[32m 29[2mms[22m[39m
[32mn8n-editor-ui:test: [0m [32m✓[39m src/features/ndv/parameters/utils/fromAIOverride.utils.test.ts [2m([22m[2m41 tests[22m[2m)[22m[32m 16[2mms[22m[39m
[32mn8n-editor-ui:test: [0m [32m✓[39m src/features/execution/insights/insights.store.test.ts [2m([22m[2m4 tests[22m[2m)[22m[32m 18[2mms[22m[39m
[32mn8n-editor-ui:test: [0m [32m✓[39m src/features/agents/__tests__/AgentChatMessageActions.test.ts [2m([22m[2m2 tests[22m[2m)[22m[32m 24[2mms[22m[39m
[32mn8n-editor-ui:test: [0m [32m✓[39m src/features/shared/nodeCreator/components/ItemTypes/CategoryItem.test.ts [2m([22m[2m3 tests[22m[2m)[22m[32m 45[2mms[22m[39m
[32mn8n-editor-ui:test: [0m [32m✓[39m src/features/ai/evaluation.ee/wizardSidepanel.store.test.ts [2m([22m[2m31 tests[22m[2m)[22m[32m 29[2mms[22m[39m
[32mn8n-editor-ui:test: [0m [32m✓[39m src/app/composables/useWorkflowDiffRouting.test.ts [2m([22m[2m24 tests[22m[2m)[22m[32m 18[2mms[22m[39m
[32mn8n-editor-ui:test: [0m [32m✓[39m src/features/ai/chatHub/composables/useChatInputFocus.test.ts [2m([22m[2m39 tests[22m[2m)[22m[32m 24[2mms[22m[39m
[32mn8n-editor-ui:test: [0m [32m✓[39m src/features/agents/__tests__/AgentVersionListItem.test.ts [2m([22m[2m5 tests[22m[2m)[22m[32m 45[2mms[22m[39m
[32mn8n-editor-ui:test: [0m [32m✓[39m src/features/ai/evaluation.ee/components/WizardSidepanel/useWizardHydration.test.ts [2m([22m[2m19 tests[22m[2m)[22m[32m 20[2mms[22m[39m
[32mn8n-editor-ui:test: [0m [32m✓[39m src/experiments/instanceAiWorkflowPreviewSuggestions/components/WorkflowPreviewCanvas.test.ts [2m([22m[2m6 tests[22m[2m)[22m[32m 37[2mms[22m[39m
[32mn8n-editor-ui:test: [0m [32m✓[39m src/features/shared/nodeCreator/composables/useActions.test.ts [2m([22m[2m23 tests[22m[2m)[22m[32m 21[2mms[22m[39m
[32mn8n-editor-ui:test: [0m [32m✓[39m src/features/core/dataTable/composables/useAgGrid.test.ts [2m([22m[2m39 tests[22m[2m)[22m[32m 30[2mms[22m[39m
[32mn8n-editor-ui:test: [0m [32m✓[39m src/features/ai/evaluation.ee/evalCollections.store.test.ts [2m([22m[2m19 tests[22m[2m)[22m[32m 50[2mms[22m[39m
[32mn8n-editor-ui:test: [0m [32m✓[39m src/features/agents/channels/slack/AgentChannelSlackEditView.test.ts [2m([22m[2m1 test[22m[2m)[22m[32m 22[2mms[22m[39m
[32mn8n-editor-ui:test: [0m [32m✓[39m src/features/execution/executions/composables/useExecutionHelpers.test.ts [2m([22m[2m26 tests[22m[2m)[22m[32m 15[2mms[22m[39m
[32mn8n-editor-ui:test: [0m [32m✓[39m src/features/shared/commandBar/composables/useExecutionNavigationCommands.test.ts [2m([22m[2m3 tests[22m[2m)[22m[32m 24[2mms[22m[39m
[32mn8n-editor-ui:test: [0m [32m✓[39m src/app/composables/useExternalHooks.test.ts [2m([22m[2m2 tests[22m[2m)[22m[32m 49[2mms[22m[39m
[32mn8n-editor-ui:test: [0m [32m✓[39m src/features/ai/assistant/components/Chat/AskModeEmptyState.test.ts [2m([22m[2m1 test[22m[2m)[22m[32m 41[2mms[22m[39m
[32mn8n-editor-ui:test: [0m [32m✓[39m src/features/integrations/sourceControl.ee/sourceControl.utils.test.ts [2m([22m[2m14 tests[22m[2m)[22m[32m 47[2mms[22m[39m
[32mn8n-editor-ui:test: [0m [32m✓[39m src/features/workflows/canvas/components/elements/handles/render-types/parts/CanvasHandleDiamond.test.ts [2m([22m[2m2 tests[22m[2m)[22m[32m 16[2mms[22m[39m
[32mn8n-editor-ui:test: [0m [32m✓[39m src/app/composables/useTelemetryContext.test.ts [2m([22m[2m4 tests[22m[2m)[22m[32m 16[2mms[22m[39m
[32mn8n-editor-ui:test: [0m [32m✓[39m src/features/settings/otel/module.descriptor.test.ts [2m([22m[2m7 tests[22m[2m)[22m[32m 21[2mms[22m[39m
[32mn8n-editor-ui:test: [0m [32m✓[39m src/features/settings/otel/otel.utils.test.ts [2m([22m[2m30 tests[22m[2m)[22m[32m 10[2mms[22m[39m
[32mn8n-editor-ui:test: [0m [32m✓[39m src/features/workflows/canvas/components/elements/buttons/CanvasChatButton.test.ts [2m([22m[2m1 test[22m[2m)[22m[32m 24[2mms[22m[39m
[32mn8n-editor-ui:test: [0m [32m✓[39m src/app/utils/nodeTypeUtils.test.ts [2m([22m[2m34 tests[22m[2m)[22m[32m 38[2mms[22m[39m
[32mn8n-editor-ui:test: [0m [32m✓[39m src/features/ai/instanceAi/__tests__/canvasPreview.utils.test.ts [2m([22m[2m90 tests[22m[2m)[22m[32m 18[2mms[22m[39m
[32mn8n-editor-ui:test: [0m [32m✓[39m src/features/agents/composables/useAgentToolCatalog.test.ts [2m([22m[2m8 tests[22m[2m)[22m[32m 22[2mms[22m[39m
[32mn8n-editor-ui:test: [0m [32m✓[39m src/features/integrations/secretsProviders.ee/composables/useConnectionModal.ee.test.ts [2m([22m[2m32 tests[22m[2m)[22m[32m 19[2mms[22m[39m
[32mn8n-editor-ui:test: [0m [32m✓[39m src/experiments/instanceAiSplitEmptyState/components/CanvasWaitingState.test.ts [2m([22m[2m1 test[22m[2m)[22m[32m 25[2mms[22m[39m
[32mn8n-editor-ui:test: [0m [32m✓[39m src/features/agents/__tests__/AgentConfigTree.test.ts [2m([22m[2m1 test[22m[2m)[22m[32m 19[2mms[22m[39m
[32mn8n-editor-ui:test: [0m [32m✓[39m src/app/composables/usePushConnection/handlers/workflowDeactivated.test.ts [2m([22m[2m5 tests[22m[2m)[22m[32m 21[2mms[22m[39m
[32mn8n-editor-ui:test: [0m [32m✓[39m src/features/execution/insights/insights.utils.test.ts [2m([22m[2m32 tests[22m[2m)[22m[32m 30[2mms[22m[39m
[32mn8n-editor-ui:test: [0m [32m✓[39m src/features/core/dataTable/composables/useDataTableColumnFilters.test.ts [2m([22m[2m24 tests[22m[2m)[22m[32m 12[2mms[22m[39m
[32mn8n-editor-ui:test: [0m [32m✓[39m src/features/settings/environments.ee/completions/variables.completions.test.ts [2m([22m[2m4 tests[22m[2m)[22m[32m 53[2mms[22m[39m
[32mn8n-editor-ui:test: [0m [32m✓[39m src/app/composables/usePushConnection/handlers/workflowAutoDeactivated.test.ts [2m([22m[2m5 tests[22m[2m)[22m[32m 21[2mms[22m[39m
[32mn8n-editor-ui:test: [0m [32m✓[39m src/features/workflows/readyToRun/stores/readyToRun.store.test.ts [2m([22m[2m49 tests[22m[2m)[22m[32m 34[2mms[22m[39m
[32mn8n-editor-ui:test: [0m [32m✓[39m src/features/workflows/canvas/composables/useCanvasMapping.groups.test.ts [2m([22m[2m57 tests[22m[2m)[22m[32m 23[2mms[22m[39m
[32mn8n-editor-ui:test: [0m [32m✓[39m src/features/shared/editors/plugins/codemirror/expressionDeprecations.test.ts [2m([22m[2m4 tests[22m[2m)[22m[32m 10[2mms[22m[39m
[32mn8n-editor-ui:test: [0m [32m✓[39m src/features/workflows/workflowDiff/SyncedWorkflowCanvas.test.ts [2m([22m[2m5 tests[22m[2m)[22m[32m 36[2mms[22m[39m
[32mn8n-editor-ui:test: [0m [32m✓[39m src/features/workflows/workflowDiff/useWorkflowDiffUI.test.ts [2m([22m[2m17 tests[22m[2m)[22m[32m 15[2mms[22m[39m
[32mn8n-editor-ui:test: [0m [32m✓[39m src/features/ai/chatHub/components/ChatSidebar.test.ts [2m([22m[2m1 test[22m[2m)[22m[32m 25[2mms[22m[39m
[32mn8n-editor-ui:test: [0m [32m✓[39m src/experiments/trialIntroModal/stores/trialIntroModal.store.test.ts [2m([22m[2m41 tests[22m[2m)[22m[32m 23[2mms[22m[39m
[32mn8n-editor-ui:test: [0m [32m✓[39m src/app/stores/favorites.store.test.ts [2m([22m[2m23 tests[22m[2m)[22m[32m 23[2mms[22m[39m
[32mn8n-editor-ui:test: [0m [32m✓[39m src/features/workflow-reviews/reviewRequired.store.test.ts [2m([22m[2m5 tests[22m[2m)[22m[32m 23[2mms[22m[39m
[32mn8n-editor-ui:test: [0m [32m✓[39m src/features/workflows/workflowDiff/useWorkflowDiff.test.ts [2m([22m[2m20 tests[22m[2m)[22m[32m 19[2mms[22m[39m
[32mn8n-editor-ui:test: [0m [32m✓[39m src/features/ai/evaluation.ee/composables/useEvaluationsLicense.test.ts [2m([22m[2m9 tests[22m[2m)[22m[32m 24[2mms[22m[39m
[32mn8n-editor-ui:test: [0m [32m✓[39m src/experiments/instanceAiBrowserUse/useInstanceAiBrowserUseExperiment.test.ts [2m([22m[2m21 tests[22m[2m)[22m[32m 13[2mms[22m[39m
[32mn8n-editor-ui:test: [0m [32m✓[39m src/app/components/app/AppCommandBar.test.ts [2m([22m[2m2 tests[22m[2m)[22m[32m 23[2mms[22m[39m
[32mn8n-editor-ui:test: [0m [32m✓[39m src/features/ai/chatHub/model-selector.utils.test.ts [2m([22m[2m19 tests[22m[2m)[22m[32m 37[2mms[22m[39m
[32mn8n-editor-ui:test: [0m [32m✓[39m src/app/composables/useAutoScrollOnDrag.test.ts [2m([22m[2m5 tests[22m[2m)[22m[32m 9[2mms[22m[39m
[32mn8n-editor-ui:test: [0m [32m✓[39m src/features/workflows/canvas/composables/useCanvasNodeGroupDrag.test.ts [2m([22m[2m22 tests[22m[2m)[22m[32m 13[2mms[22m[39m
[32mn8n-editor-ui:test: [0m [32m✓[39m src/features/workflows/workflowHistory/utils.test.ts [2m([22m[2m18 tests[22m[2m)[22m[32m 34[2mms[22m[39m
[32mn8n-editor-ui:test: [0m [32m✓[39m src/features/core/dataTable/composables/useDatePickerCommon.test.ts [2m([22m[2m15 tests[22m[2m)[22m[32m 11[2mms[22m[39m
[32mn8n-editor-ui:test: [0m [32m✓[39m src/features/resolvers/components/PrivateCredentialIcon.test.ts [2m([22m[2m1 test[22m[2m)[22m[32m 38[2mms[22m[39m
[32mn8n-editor-ui:test: [0m [32m✓[39m src/app/composables/usePushConnection/handlers/nodeExecuteBefore.test.ts [2m([22m[2m2 tests[22m[2m)[22m[32m 19[2mms[22m[39m
[32mn8n-editor-ui:test: [0m [32m✓[39m src/features/execution/logs/components/LogsViewNodeName.test.ts [2m([22m[2m3 tests[22m[2m)[22m[32m 24[2mms[22m[39m
[32mn8n-editor-ui:test: [0m [32m✓[39m src/app/utils/objectUtils.test.ts [2m([22m[2m68 tests[22m[2m)[22m[32m 14[2mms[22m[39m
[32mn8n-editor-ui:test: [0m [32m✓[39m src/features/core/dataTable/utils/columnUtils.test.ts [2m([22m[2m41 tests[22m[2m)[22m[32m 36[2mms[22m[39m
[32mn8n-editor-ui:test: [0m [32m✓[39m src/features/shared/toolsConnection/__tests__/DefaultDetailBody.test.ts [2m([22m[2m5 tests[22m[2m)[22m[32m 24[2mms[22m[39m
[32mn8n-editor-ui:test: [0m [32m✓[39m src/app/utils/handleSessionExpired.test.ts [2m([22m[2m8 tests[22m[2m)[22m[32m 30[2mms[22m[39m
[32mn8n-editor-ui:test: [0m [32m✓[39m src/features/workflows/canvas/composables/useCanvasMapping.test.ts [2m([22m[2m35 tests[22m[2m)[22m[32m 19[2mms[22m[39m
[32mn8n-editor-ui:test: [0m [32m✓[39m src/app/composables/usePushConnection/handlers/workflowActivated.test.ts [2m([22m[2m6 tests[22m[2m)[22m[32m 21[2mms[22m[39m
[32mn8n-editor-ui:test: [0m [32m✓[39m src/app/stores/workflowDocument/useWorkflowDocumentNodeMetadata.test.ts [2m([22m[2m25 tests[22m[2m)[22m[32m 14[2mms[22m[39m
[32mn8n-editor-ui:test: [0m [32m✓[39m src/app/composables/useBrowserNotifications.test.ts [2m([22m[2m29 tests[22m[2m)[22m[32m 21[2mms[22m[39m
[32mn8n-editor-ui:test: [0m [32m✓[39m src/features/agents/__tests__/session-timeline.utils.spec.ts [2m([22m[2m73 tests[22m[2m)[22m[32m 25[2mms[22m[39m
[32mn8n-editor-ui:test: [0m [32m✓[39m src/features/workflows/canvas/canvas.utils.test.ts [2m([22m[2m48 tests[22m[2m)[22m[32m 20[2mms[22m[39m
[32mn8n-editor-ui:test: [0m [32m✓[39m src/features/integrations/sourceControl.ee/sourceControl.store.test.ts [2m([22m[2m12 tests[22m[2m)[22m[32m 33[2mms[22m[39m
[32mn8n-editor-ui:test: [0m [32m✓[39m src/app/workers/coordinator/operations/loadNodeTypes.test.ts [2m([22m[2m16 tests[22m[2m)[22m[32m 21[2mms[22m[39m
[32mn8n-editor-ui:test: [0m [32m✓[39m src/features/ndv/parameters/composables/useAgentResourcesLocator.test.ts [2m([22m[2m16 tests[22m[2m)[22m[32m 12[2mms[22m[39m
[32mn8n-editor-ui:test: [0m [32m✓[39m src/app/utils/fileUtils.test.ts [2m([22m[2m14 tests[22m[2m)[22m[32m 18[2mms[22m[39m
[32mn8n-editor-ui:test: [0m [32m✓[39m src/features/agents/utils/__tests__/agent-eval-review.test.ts [2m([22m[2m34 tests[22m[2m)[22m[32m 10[2mms[22m[39m
[32mn8n-editor-ui:test: [0m [32m✓[39m src/features/agents/__tests__/useAgentConfigAutosave.test.ts [2m([22m[2m8 tests[22m[2m)[22m[32m 25[2mms[22m[39m
[32mn8n-editor-ui:test: [0m [32m✓[39m src/features/credentials/__tests__/credentials.store.test.ts [2m([22m[2m15 tests[22m[2m)[22m[32m 16[2mms[22m[39m
[32mn8n-editor-ui:test: [0m [32m✓[39m src/features/workflows/templates/utils/templateActions.test.ts [2m([22m[2m2 tests[22m[2m)[22m[32m 19[2mms[22m[39m
[32mn8n-editor-ui:test: [0m [32m✓[39m src/features/agents/__tests__/useAgentEvalRunProgress.test.ts [2m([22m[2m15 tests[22m[2m)[22m[32m 20[2mms[22m[39m
[32mn8n-editor-ui:test: [0m [32m✓[39m src/features/roles/instance/instanceRoleScopes.test.ts [2m([22m[2m36 tests[22m[2m)[22m[32m 18[2mms[22m[39m
[32mn8n-editor-ui:test: [0m [32m✓[39m src/app/components/app/E2ETestModeMarker.test.ts [2m([22m[2m2 tests[22m[2m)[22m[32m 25[2mms[22m[39m
[32mn8n-editor-ui:test: [0m [32m✓[39m src/features/ai/instanceAi/workflowSetup/composables/useWorkflowSetupActions.test.ts [2m([22m[2m12 tests[22m[2m)[22m[32m 16[2mms[22m[39m
[32mn8n-editor-ui:test: [0m [32m✓[39m src/features/agents/__tests__/EmbeddingModelSelector.test.ts [2m([22m[2m2 tests[22m[2m)[22m[32m 17[2mms[22m[39m
[32mn8n-editor-ui:test: [0m [32m✓[39m src/app/stores/workflowDocument/useWorkflowDocumentTags.test.ts [2m([22m[2m13 tests[22m[2m)[22m[32m 11[2mms[22m[39m
[32mn8n-editor-ui:test: [0m [32m✓[39m src/features/workflows/canvas/composables/useCanvasNodeGroupTelemetry.test.ts [2m([22m[2m5 tests[22m[2m)[22m[32m 8[2mms[22m[39m
[32mn8n-editor-ui:test: [0m [32m✓[39m src/features/workflows/canvas/components/elements/handles/render-types/CanvasHandleNonMainOutput.test.ts [2m([22m[2m1 test[22m[2m)[22m[32m 20[2mms[22m[39m
[32mn8n-editor-ui:test: [0m [32m✓[39m src/features/agents/__tests__/useMessageAgentSessionLink.spec.ts [2m([22m[2m5 tests[22m[2m)[22m[32m 26[2mms[22m[39m
[32mn8n-editor-ui:test: [0m [32m✓[39m src/app/workers/coordinator/tabs.test.ts [2m([22m[2m27 tests[22m[2m)[22m[32m 17[2mms[22m[39m
[32mn8n-editor-ui:test: [0m [32m✓[39m src/features/workflows/canvas/components/elements/handles/render-types/parts/CanvasHandleDot.test.ts [2m([22m[2m2 tests[22m[2m)[22m[32m 19[2mms[22m[39m
[32mn8n-editor-ui:test: [0m [32m✓[39m src/features/ai/instanceAi/__tests__/useResponseFeedback.test.ts [2m([22m[2m27 tests[22m[2m)[22m[32m 15[2mms[22m[39m
[32mn8n-editor-ui:test: [0m [32m✓[39m src/app/composables/useWorkflowId.test.ts [2m([22m[2m13 tests[22m[2m)[22m[32m 35[2mms[22m[39m
[32mn8n-editor-ui:test: [0m [32m✓[39m src/features/core/folders/composables/useFolders.test.ts [2m([22m[2m49 tests[22m[2m)[22m[32m 18[2mms[22m[39m
[32mn8n-editor-ui:test: [0m [32m✓[39m src/features/ai/chatHub/composables/useChatPushHandler.test.ts [2m([22m[2m32 tests[22m[2m)[22m[32m 17[2mms[22m[39m
[32mn8n-editor-ui:test: [0m [32m✓[39m src/app/plugins/telemetry.test.ts [2m([22m[2m15 tests[22m[2m)[22m[32m 31[2mms[22m[39m
[32mn8n-editor-ui:test: [0m [32m✓[39m src/features/ai/instanceAi/__tests__/agentTimeline.utils.test.ts [2m([22m[2m48 tests[22m[2m)[22m[32m 17[2mms[22m[39m
[32mn8n-editor-ui:test: [0m [32m✓[39m src/features/agents/utils/__tests__/fix-with-assistant.test.ts [2m([22m[2m12 tests[22m[2m)[22m[32m 26[2mms[22m[39m
[32mn8n-editor-ui:test: [0m [32m✓[39m src/features/ai/components/CredentialSelectorModal.test.ts [2m([22m[2m1 test[22m[2m)[22m[32m 14[2mms[22m[39m
[32mn8n-editor-ui:test: [0m [32m✓[39m src/app/utils/nodes/nodeTransforms.test.ts [2m([22m[2m18 tests[22m[2m)[22m[32m 17[2mms[22m[39m
[32mn8n-editor-ui:test: [0m [32m✓[39m src/features/execution/logs/composables/usePopOutWindow.test.ts [2m([22m[2m1 test[22m[2m)[22m[32m 39[2mms[22m[39m
[32mn8n-editor-ui:test: [0m [32m✓[39m src/features/workflows/canvas/components/elements/handles/render-types/CanvasHandleNonMainInput.test.ts [2m([22m[2m1 test[22m[2m)[22m[32m 65[2mms[22m[39m
[32mn8n-editor-ui:test: [0m [32m✓[39m src/features/ai/instanceAi/__tests__/instanceAiModelCatalog.test.ts [2m([22m[2m6 tests[22m[2m)[22m[32m 45[2mms[22m[39m
[32mn8n-editor-ui:test: [0m [32m✓[39m src/features/ai/assistant/assistant.api.test.ts [2m([22m[2m16 tests[22m[2m)[22m[32m 50[2mms[22m[39m
[32mn8n-editor-ui:test: [0m [32m✓[39m src/features/shared/editors/plugins/codemirror/completions/require.completions.test.ts [2m([22m[2m7 tests[22m[2m)[22m[32m 88[2mms[22m[39m
[32mn8n-editor-ui:test: [0m [32m✓[39m src/features/workflow-reviews/composables/useWorkflowReviewDialogPreferences.test.ts [2m([22m[2m3 tests[22m[2m)[22m[32m 16[2mms[22m[39m
[32mn8n-editor-ui:test: [0m [32m✓[39m src/features/collaboration/projects/projects.utils.test.ts [2m([22m[2m11 tests[22m[2m)[22m[32m 60[2mms[22m[39m
[32mn8n-editor-ui:test: [0m [32m✓[39m src/app/composables/useExecutingNode.test.ts [2m([22m[2m10 tests[22m[2m)[22m[32m 8[2mms[22m[39m
[32mn8n-editor-ui:test: [0m [32m✓[39m src/features/agents/__tests__/useAgentModelCredentials.test.ts [2m([22m[2m8 tests[22m[2m)[22m[32m 29[2mms[22m[39m
[32mn8n-editor-ui:test: [0m [32m✓[39m src/features/ai/instanceAi/__tests__/InstanceAiAgentPreview.test.ts [2m([22m[2m2 tests[22m[2m)[22m[32m 17[2mms[22m[39m
[32mn8n-editor-ui:test: [0m [32m✓[39m src/app/stores/workflowDocument/useWorkflowDocumentPinData.test.ts [2m([22m[2m36 tests[22m[2m)[22m[32m 36[2mms[22m[39m
[32mn8n-editor-ui:test: [0m [32m✓[39m src/features/agents/__tests__/AgentVersionStatusIndicator.test.ts [2m([22m[2m3 tests[22m[2m)[22m[32m 12[2mms[22m[39m
[32mn8n-editor-ui:test: [0m [32m✓[39m src/features/ai/instanceAi/__tests__/useResourceRegistry.test.ts [2m([22m[2m38 tests[22m[2m)[22m[32m 25[2mms[22m[39m
[32mn8n-editor-ui:test: [0m [32m✓[39m src/features/ai/instanceAi/workflowSetup/composables/useWorkflowSetupInputs.test.ts [2m([22m[2m24 tests[22m[2m)[22m[32m 89[2mms[22m[39m
[32mn8n-editor-ui:test: [0m [32m✓[39m vite/aliases.test.ts [2m([22m[2m21 tests[22m[2m)[22m[32m 22[2mms[22m[39m
[32mn8n-editor-ui:test: [0m [32m✓[39m src/features/agents/__tests__/tool-call-details.spec.ts [2m([22m[2m13 tests[22m[2m)[22m[32m 9[2mms[22m[39m
[32mn8n-editor-ui:test: [0m [32m✓[39m src/features/ai/assistant/composables/useBuilderSetupCards.test.ts [2m([22m[2m19 tests[22m[2m)[22m[32m 14[2mms[22m[39m
[32mn8n-editor-ui:test: [0m [32m✓[39m src/app/stores/workflowDocument/useWorkflowDocumentConnections.test.ts [2m([22m[2m29 tests[22m[2m)[22m[32m 20[2mms[22m[39m
[32mn8n-editor-ui:test: [0m [32m✓[39m src/features/agents/__tests__/relative-time.test.ts [2m([22m[2m7 tests[22m[2m)[22m[32m 45[2mms[22m[39m
[32mn8n-editor-ui:test: [0m [32m✓[39m src/features/agents/composables/useAgentCapabilitySummary.test.ts [2m([22m[2m10 tests[22m[2m)[22m[32m 17[2mms[22m[39m
[32mn8n-editor-ui:test: [0m [32m✓[39m src/experiments/instanceAiPersonalizedPromptSuggestions/profileOverride.test.ts [2m([22m[2m5 tests[22m[2m)[22m[32m 10[2mms[22m[39m
[32mn8n-editor-ui:test: [0m [32m✓[39m src/features/agents/__tests__/useAgentIntegrationsCatalog.test.ts [2m([22m[2m5 tests[22m[2m)[22m[32m 15[2mms[22m[39m
[32mn8n-editor-ui:test: [0m [32m✓[39m src/features/ai/evaluation.ee/composables/useCreateCaseFromExecution.test.ts [2m([22m[2m5 tests[22m[2m)[22m[32m 26[2mms[22m[39m
[32mn8n-editor-ui:test: [0m [32m✓[39m src/features/ai/instanceAi/workflowSetup/composables/useWorkflowSetupBootstrap.test.ts [2m([22m[2m4 tests[22m[2m)[22m[32m 41[2mms[22m[39m
[32mn8n-editor-ui:test: [0m [32m✓[39m src/features/ai/instanceAi/workflowSetup/composables/useWorkflowSetupSections.test.ts [2m([22m[2m25 tests[22m[2m)[22m[32m 15[2mms[22m[39m
[32mn8n-editor-ui:test: [0m [32m✓[39m src/features/settings/sso/sso.test.ts [2m([22m[2m13 tests[22m[2m)[22m[32m 19[2mms[22m[39m
[32mn8n-editor-ui:test: [0m [32m✓[39m src/experiments/instanceAiFreeNudge/stores/instanceAiFreeNudge.store.test.ts [2m([22m[2m15 tests[22m[2m)[22m[32m 27[2mms[22m[39m
[32mn8n-editor-ui:test: [0m [32m✓[39m src/features/resolvers/composables/useDynamicCredentials.test.ts [2m([22m[2m4 tests[22m[2m)[22m[32m 9[2mms[22m[39m
[32mn8n-editor-ui:test: [0m [32m✓[39m src/app/stores/pushConnection.store.test.ts [2m([22m[2m10 tests[22m[2m)[22m[32m 37[2mms[22m[39m
[32mn8n-editor-ui:test: [0m [32m✓[39m src/experiments/utils.test.ts [2m([22m[2m21 tests[22m[2m)[22m[32m 15[2mms[22m[39m
[32mn8n-editor-ui:test: [0m [32m✓[39m src/experiments/credentialsAppSelection/stores/credentialsAppSelection.store.test.ts [2m([22m[2m12 tests[22m[2m)[22m[32m 11[2mms[22m[39m
[32mn8n-editor-ui:test: [0m [32m✓[39m src/app/utils/expressions.test.ts [2m([22m[2m46 tests[22m[2m)[22m[32m 17[2mms[22m[39m
[32mn8n-editor-ui:test: [0m [32m✓[39m src/features/agents/__tests__/AgentVersionList.test.ts [2m([22m[2m1 test[22m[2m)[22m[32m 41[2mms[22m[39m
[32mn8n-editor-ui:test: [0m [32m✓[39m src/app/dev/render-tracker.test.ts [2m([22m[2m3 tests[22m[2m)[22m[32m 11[2mms[22m[39m
[32mn8n-editor-ui:test: [0m [32m✓[39m src/features/workflow-reviews/composables/useReviewInboxSectionCollapse.test.ts [2m([22m[2m4 tests[22m[2m)[22m[32m 14[2mms[22m[39m
[32mn8n-editor-ui:test: [0m [32m✓[39m src/features/core/dataTable/composables/useDataTableColumns.test.ts [2m([22m[2m29 tests[22m[2m)[22m[32m 14[2mms[22m[39m
[32mn8n-editor-ui:test: [0m [32m✓[39m src/features/agents/__tests__/delegate-tool.spec.ts [2m([22m[2m22 tests[22m[2m)[22m[32m 9[2mms[22m[39m
[32mn8n-editor-ui:test: [0m [32m✓[39m src/features/agents/__tests__/useAgentBuilderSession.test.ts [2m([22m[2m11 tests[22m[2m)[22m[32m 15[2mms[22m[39m
[32mn8n-editor-ui:test: [0m [32m✓[39m src/features/shared/banners/banners.store.test.ts [2m([22m[2m5 tests[22m[2m)[22m[32m 24[2mms[22m[39m
[32mn8n-editor-ui:test: [0m [32m✓[39m src/features/ai/instanceAi/__tests__/useInstanceAiHandoff.test.ts [2m([22m[2m12 tests[22m[2m)[22m[32m 14[2mms[22m[39m
[32mn8n-editor-ui:test: [0m [32m✓[39m src/features/agents/__tests__/agentEvalCases.utils.test.ts [2m([22m[2m22 tests[22m[2m)[22m[32m 9[2mms[22m[39m
[32mn8n-editor-ui:test: [0m [32m✓[39m src/features/workflows/canvas/components/elements/buttons/CanvasClearExecutionDataButton.test.ts [2m([22m[2m1 test[22m[2m)[22m[32m 23[2mms[22m[39m
[32mn8n-editor-ui:test: [0m [32m✓[39m src/features/ai/evaluation.ee/components/Compare/DatasetMismatchBanner.test.ts [2m([22m[2m1 test[22m[2m)[22m[32m 23[2mms[22m[39m
[32mn8n-editor-ui:test: [0m [32m✓[39m src/features/settings/sso/provisioning/composables/useAccessSettingsCsvExport.test.ts [2m([22m[2m4 tests[22m[2m)[22m[32m 8[2mms[22m[39m
[32mn8n-editor-ui:test: [0m [32m✓[39m src/features/workflows/canvas/components/elements/handles/render-types/CanvasHandleMainInput.test.ts [2m([22m[2m1 test[22m[2m)[22m[32m 18[2mms[22m[39m
[32mn8n-editor-ui:test: [0m [32m✓[39m src/features/ndv/parameters/components/FilterConditions/utils.test.ts [2m([22m[2m9 tests[22m[2m)[22m[32m 16[2mms[22m[39m
[32mn8n-editor-ui:test: [0m [32m✓[39m src/features/credentials/templatedAuth.utils.test.ts [2m([22m[2m11 tests[22m[2m)[22m[32m 8[2mms[22m[39m
[32mn8n-editor-ui:test: [0m [32m✓[39m src/app/utils/workflowUtils.test.ts [2m([22m[2m42 tests[22m[2m)[22m[32m 13[2mms[22m[39m
[32mn8n-editor-ui:test: [0m [32m✓[39m src/app/components/NodeIcon.test.ts [2m([22m[2m2 tests[22m[2m)[22m[32m 23[2mms[22m[39m
[32mn8n-editor-ui:test: [0m [32m✓[39m src/features/shared/nodeCreator/components/NodeCreator.test.ts [2m([22m[2m1 test[22m[2m)[22m[32m 16[2mms[22m[39m
[32mn8n-editor-ui:test: [0m [32m✓[39m src/app/composables/useDebugInfo.test.ts [2m([22m[2m8 tests[22m[2m)[22m[32m 14[2mms[22m[39m
[32mn8n-editor-ui:test: [0m [32m✓[39m src/features/workflows/canvas/composables/useCanvasNodeGroupDescriptionVisibility.test.ts [2m([22m[2m11 tests[22m[2m)[22m[32m 11[2mms[22m[39m
[32mn8n-editor-ui:test: [0m [32m✓[39m src/features/ndv/runData/schemaPreview.store.test.ts [2m([22m[2m4 tests[22m[2m)[22m[32m 9[2mms[22m[39m
[32mn8n-editor-ui:test: [0m [32m✓[39m src/app/composables/useCanvasOnlyExternalLinks.test.ts [2m([22m[2m5 tests[22m[2m)[22m[32m 12[2mms[22m[39m
[32mn8n-editor-ui:test: [0m [32m✓[39m src/app/composables/useDependencies.test.ts [2m([22m[2m4 tests[22m[2m)[22m[32m 13[2mms[22m[39m
[32mn8n-editor-ui:test: [0m [32m✓[39m src/features/execution/insights/insights.api.test.ts [2m([22m[2m15 tests[22m[2m)[22m[32m 11[2mms[22m[39m
[32mn8n-editor-ui:test: [0m [32m✓[39m src/features/shared/editors/plugins/codemirror/typescript/client/tests/completions.test.ts [2m([22m[2m12 tests[22m[2m)[22m[32m 18[2mms[22m[39m
[32mn8n-editor-ui:test: [0m [32m✓[39m src/features/workflows/canvas/composables/useCanvasTraversal.test.ts [2m([22m[2m10 tests[22m[2m)[22m[32m 8[2mms[22m[39m
[32mn8n-editor-ui:test: [0m [32m✓[39m src/features/workflows/canvas/composables/useCanvasNodeGroupLayout.test.ts [2m([22m[2m27 tests[22m[2m)[22m[32m 11[2mms[22m[39m
[32mn8n-editor-ui:test: [0m [32m✓[39m src/app/composables/useIntersectionObserver.test.ts [2m([22m[2m11 tests[22m[2m)[22m[32m 11[2mms[22m[39m
[32mn8n-editor-ui:test: [0m [32m✓[39m src/features/ai/instanceAi/__tests__/useInstanceAiAgentPreviewHandoff.test.ts [2m([22m[2m4 tests[22m[2m)[22m[32m 16[2mms[22m[39m
[32mn8n-editor-ui:test: [0m [32m✓[39m src/features/ai/instanceAi/utils/__tests__/browserUseExtension.test.ts [2m([22m[2m21 tests[22m[2m)[22m[32m 13[2mms[22m[39m
[32mn8n-editor-ui:test: [0m [32m✓[39m src/features/agents/__tests__/write-todos-tool.spec.ts [2m([22m[2m21 tests[22m[2m)[22m[32m 11[2mms[22m[39m
[32mn8n-editor-ui:test: [0m [32m✓[39m src/app/composables/useLatestFetch.test.ts [2m([22m[2m4 tests[22m[2m)[22m[32m 6[2mms[22m[39m
[32mn8n-editor-ui:test: [0m [32m✓[39m src/features/ai/chatHub/composables/useChatHubMarkdownOptions.test.ts [2m([22m[2m3 tests[22m[2m)[22m[32m 10[2mms[22m[39m
[32mn8n-editor-ui:test: [0m [32m✓[39m src/features/settings/encryption-keys/encryption-keys.store.test.ts [2m([22m[2m16 tests[22m[2m)[22m[32m 24[2mms[22m[39m
[32mn8n-editor-ui:test: [0m [32m✓[39m src/features/workflows/canvas/components/elements/nodes/render-types/parts/CanvasNodeDisabledStrikeThrough.test.ts [2m([22m[2m1 test[22m[2m)[22m[32m 13[2mms[22m[39m
[32mn8n-editor-ui:test: [0m [32m✓[39m src/features/agents/__tests__/agentChatMessages.test.ts [2m([22m[2m29 tests[22m[2m)[22m[32m 14[2mms[22m[39m
[32mn8n-editor-ui:test: [0m [32m✓[39m src/features/shared/editors/components/CodeNodeEditor/utils.test.ts [2m([22m[2m11 tests[22m[2m)[22m[32m 12[2mms[22m[39m
[32mn8n-editor-ui:test: [0m [32m✓[39m src/app/utils/mappingUtils.test.ts [2m([22m[2m30 tests[22m[2m)[22m[32m 18[2mms[22m[39m
[32mn8n-editor-ui:test: [0m [32m✓[39m src/features/integrations/logStreaming.ee/logStreaming.store.test.ts [2m([22m[2m7 tests[22m[2m)[22m[32m 12[2mms[22m[39m
[32mn8n-editor-ui:test: [0m [32m✓[39m src/features/integrations/sourceControl.ee/composables/useWorkflowTreeRows.test.ts [2m([22m[2m2 tests[22m[2m)[22m[32m 13[2mms[22m[39m
[32mn8n-editor-ui:test: [0m [32m✓[39m src/features/settings/apiKeys/apiKeys.store.test.ts [2m([22m[2m4 tests[22m[2m)[22m[32m 12[2mms[22m[39m
[32mn8n-editor-ui:test: [0m [32m✓[39m src/features/agents/__tests__/agentSessions.store.spec.ts [2m([22m[2m6 tests[22m[2m)[22m[32m 9[2mms[22m[39m
[32mn8n-editor-ui:test: [0m [32m✓[39m src/features/agents/__tests__/useAgentIntegrationStatus.test.ts [2m([22m[2m5 tests[22m[2m)[22m[32m 10[2mms[22m[39m
[32mn8n-editor-ui:test: [0m [32m✓[39m src/app/composables/useAiGateway.test.ts [2m([22m[2m11 tests[22m[2m)[22m[32m 12[2mms[22m[39m
[32mn8n-editor-ui:test: [0m [32m✓[39m src/app/composables/useFixedCollectionItemState.test.ts [2m([22m[2m20 tests[22m[2m)[22m[32m 18[2mms[22m[39m
[32mn8n-editor-ui:test: [0m [32m✓[39m src/experiments/surfaceMcpToNewCloudUsers/stores/surfaceMcpToNewCloudUsers.store.test.ts [2m([22m[2m7 tests[22m[2m)[22m[32m 9[2mms[22m[39m
[32mn8n-editor-ui:test: [0m [32m✓[39m src/app/composables/useResizablePanel.test.ts [2m([22m[2m9 tests[22m[2m)[22m[32m 14[2mms[22m[39m
[32mn8n-editor-ui:test: [0m [32m✓[39m src/features/agents/channels/slack/useSlackChannelRuntime.test.ts [2m([22m[2m8 tests[22m[2m)[22m[32m 12[2mms[22m[39m
[32mn8n-editor-ui:test: [0m [32m✓[39m src/features/shared/editors/plugins/codemirror/typescript/worker/typescript.worker.test.ts [2m([22m[2m3 tests[22m[2m)[22m[32m 17[2mms[22m[39m
[32mn8n-editor-ui:test: [0m [32m✓[39m src/features/ai/shared/agentsChat/__tests__/n8nChatInteraction.test.ts [2m([22m[2m14 tests[22m[2m)[22m[32m 11[2mms[22m[39m
[32mn8n-editor-ui:test: [0m [32m✓[39m src/features/agents/__tests__/useAgentVersionHistory.test.ts [2m([22m[2m11 tests[22m[2m)[22m[32m 18[2mms[22m[39m
[32mn8n-editor-ui:test: [0m [32m✓[39m src/app/utils/formatters/dateFormatter.test.ts [2m([22m[2m8 tests[22m[2m)[22m[32m 10[2mms[22m[39m
[32mn8n-editor-ui:test: [0m [32m✓[39m src/features/ai/instanceAi/composables/useExtensionDirectConnect.test.ts [2m([22m[2m12 tests[22m[2m)[22m[32m 36[2mms[22m[39m
[32mn8n-editor-ui:test: [0m [32m✓[39m src/app/stores/workflowDocument/useWorkflowDocumentTimestamps.test.ts [2m([22m[2m11 tests[22m[2m)[22m[32m 9[2mms[22m[39m
[32mn8n-editor-ui:test: [0m [32m✓[39m src/features/ai/evaluation.ee/composables/buildEvaluationConfigDto.test.ts [2m([22m[2m15 tests[22m[2m)[22m[32m 9[2mms[22m[39m
[32mn8n-editor-ui:test: [0m [32m✓[39m src/features/credentials/composables/__tests__/useCredentialTestInBackground.test.ts [2m([22m[2m6 tests[22m[2m)[22m[32m 18[2mms[22m[39m
[32mn8n-editor-ui:test: [0m [32m✓[39m src/features/agents/__tests__/useAgentToolRefAdapter.test.ts [2m([22m[2m26 tests[22m[2m)[22m[32m 12[2mms[22m[39m
[32mn8n-editor-ui:test: [0m [32m✓[39m src/features/agents/composables/useAgentBuilderMainTabs.test.ts [2m([22m[2m8 tests[22m[2m)[22m[32m 10[2mms[22m[39m
[32mn8n-editor-ui:test: [0m [32m✓[39m src/features/agents/composables/useAgentCapabilitiesActions.test.ts [2m([22m[2m8 tests[22m[2m)[22m[32m 11[2mms[22m[39m
[32mn8n-editor-ui:test: [0m [32m✓[39m src/experiments/instanceAiPersonalizedPromptSuggestions/metadata.test.ts [2m([22m[2m14 tests[22m[2m)[22m[32m 11[2mms[22m[39m
[32mn8n-editor-ui:test: [0m [32m✓[39m src/features/ndv/panel/composables/useNdvLayout.test.ts [2m([22m[2m13 tests[22m[2m)[22m[32m 12[2mms[22m[39m
[32mn8n-editor-ui:test: [0m [32m✓[39m src/app/composables/useSidebarLayout.test.ts [2m([22m[2m17 tests[22m[2m)[22m[32m 17[2mms[22m[39m
[32mn8n-editor-ui:test: [0m [32m✓[39m src/features/ai/chatHub/chat.utils.test.ts [2m([22m[2m28 tests[22m[2m)[22m[32m 15[2mms[22m[39m
[32mn8n-editor-ui:test: [0m [32m✓[39m src/app/stores/workflowDocument/useWorkflowDocumentSettings.test.ts [2m([22m[2m9 tests[22m[2m)[22m[32m 10[2mms[22m[39m
[32mn8n-editor-ui:test: [0m [32m✓[39m src/features/agents/channels/registry.test.ts [2m([22m[2m5 tests[22m[2m)[22m[32m 7[2mms[22m[39m
[32mn8n-editor-ui:test: [0m [32m✓[39m src/app/composables/useNodeConnections.test.ts [2m([22m[2m11 tests[22m[2m)[22m[32m 9[2mms[22m[39m
[32mn8n-editor-ui:test: [0m [32m✓[39m src/features/settings/users/users.constants.test.ts [2m([22m[2m1 test[22m[2m)[22m[32m 11[2mms[22m[39m
[32mn8n-editor-ui:test: [0m [32m✓[39m src/app/stores/workflowDocument/useWorkflowDocumentActive.test.ts [2m([22m[2m9 tests[22m[2m)[22m[32m 8[2mms[22m[39m
[32mn8n-editor-ui:test: [0m [32m✓[39m src/features/core/dataTable/composables/useDataTablePagination.test.ts [2m([22m[2m12 tests[22m[2m)[22m[32m 43[2mms[22m[39m
[32mn8n-editor-ui:test: [0m [32m✓[39m src/features/agents/utils/__tests__/agent-eval-tool-calls.test.ts [2m([22m[2m15 tests[22m[2m)[22m[32m 9[2mms[22m[39m
[32mn8n-editor-ui:test: [0m [32m✓[39m src/app/utils/rbac/middleware/role.test.ts [2m([22m[2m3 tests[22m[2m)[22m[32m 6[2mms[22m[39m
[32mn8n-editor-ui:test: [0m [32m✓[39m src/features/ai/mcpAccess/clients.utils.test.ts [2m([22m[2m12 tests[22m[2m)[22m[32m 8[2mms[22m[39m
[32mn8n-editor-ui:test: [0m [32m✓[39m src/app/utils/typesUtils.test.ts [2m([22m[2m49 tests[22m[2m)[22m[32m 16[2mms[22m[39m
[32mn8n-editor-ui:test: [0m [32m✓[39m src/app/moduleInitializer/moduleInitializer.test.ts [2m([22m[2m6 tests[22m[2m)[22m[32m 36[2mms[22m[39m
[32mn8n-editor-ui:test: [0m [32m✓[39m src/app/composables/useDocumentTitle.test.ts [2m([22m[2m16 tests[22m[2m)[22m[32m 18[2mms[22m[39m
[32mn8n-editor-ui:test: [0m [32m✓[39m src/features/ai/evaluation.ee/composables/useCyclingVerb.test.ts [2m([22m[2m3 tests[22m[2m)[22m[32m 12[2mms[22m[39m
[32mn8n-editor-ui:test: [0m [32m✓[39m src/features/ai/assistant/builder.utils.test.ts [2m([22m[2m17 tests[22m[2m)[22m[32m 12[2mms[22m[39m
[32mn8n-editor-ui:test: [0m [32m✓[39m src/app/stores/workflowDocument/useWorkflowDocumentScopes.test.ts [2m([22m[2m5 tests[22m[2m)[22m[32m 7[2mms[22m[39m
[32mn8n-editor-ui:test: [0m [32m✓[39m src/features/core/dataTable/utils/filterProcessors.test.ts [2m([22m[2m19 tests[22m[2m)[22m[32m 15[2mms[22m[39m
[32mn8n-editor-ui:test: [0m [32m✓[39m src/app/composables/useWorkflowImport.test.ts [2m([22m[2m7 tests[22m[2m)[22m[32m 11[2mms[22m[39m
[32mn8n-editor-ui:test: [0m [32m✓[39m src/features/ai/instanceAi/__tests__/useInstanceAiInputMenuItems.test.ts [2m([22m[2m12 tests[22m[2m)[22m[32m 14[2mms[22m[39m
[32mn8n-editor-ui:test: [0m [32m✓[39m src/app/stores/aiSimulatedExecutions.store.test.ts [2m([22m[2m6 tests[22m[2m)[22m[32m 8[2mms[22m[39m
[32mn8n-editor-ui:test: [0m [32m✓[39m src/app/utils/retryUtils.test.ts [2m([22m[2m10 tests[22m[2m)[22m[32m 7[2mms[22m[39m
[32mn8n-editor-ui:test: [0m [32m✓[39m src/features/workflows/templates/recommendations/recommendedTemplates.store.test.ts [2m([22m[2m3 tests[22m[2m)[22m[32m 17[2mms[22m[39m
[32mn8n-editor-ui:test: [0m [32m✓[39m src/features/shared/editors/plugins/codemirror/completions/itemIndex.completions.test.ts [2m([22m[2m4 tests[22m[2m)[22m[32m 10[2mms[22m[39m
[32mn8n-editor-ui:test: [0m [32m✓[39m src/app/utils/rbac/middleware/enterprise.test.ts [2m([22m[2m4 tests[22m[2m)[22m[32m 11[2mms[22m[39m
[32mn8n-editor-ui:test: [0m [32m✓[39m src/features/ai/evaluation.ee/composables/useEvalCollectionsFlag.test.ts [2m([22m[2m3 tests[22m[2m)[22m[32m 6[2mms[22m[39m
[32mn8n-editor-ui:test: [0m [32m✓[39m src/features/shared/editors/plugins/codemirror/completions/prevNode.completions.test.ts [2m([22m[2m4 tests[22m[2m)[22m[32m 8[2mms[22m[39m
[32mn8n-editor-ui:test: [0m [32m✓[39m src/app/utils/safeRegex.test.ts [2m([22m[2m2 tests[22m[2m)[22m[32m 18[2mms[22m[39m
[32mn8n-editor-ui:test: [0m [32m✓[39m src/features/ai/evaluation.ee/composables/useCompareData.test.ts [2m([22m[2m6 tests[22m[2m)[22m[32m 10[2mms[22m[39m
[32mn8n-editor-ui:test: [0m [32m✓[39m src/app/composables/useN8nLocalStorage.test.ts [2m([22m[2m12 tests[22m[2m)[22m[32m 9[2mms[22m[39m
[32mn8n-editor-ui:test: [0m [32m✓[39m src/features/core/dataTable/composables/useDataTableTypes.test.ts [2m([22m[2m15 tests[22m[2m)[22m[32m 8[2mms[22m[39m
[32mn8n-editor-ui:test: [0m [32m✓[39m src/features/workflow-reviews/composables/useWorkflowReviewsFeature.test.ts [2m([22m[2m7 tests[22m[2m)[22m[32m 11[2mms[22m[39m
[32mn8n-editor-ui:test: [0m [32m✓[39m src/features/ai/instanceAi/__tests__/module.descriptor.test.ts [2m([22m[2m3 tests[22m[2m)[22m[32m 11[2mms[22m[39m
[32mn8n-editor-ui:test: [0m [32m✓[39m src/app/utils/rbac/checks/isValid.test.ts [2m([22m[2m3 tests[22m[2m)[22m[32m 5[2mms[22m[39m
[32mn8n-editor-ui:test: [0m [32m✓[39m src/features/agents/__tests__/scheduleBuilder.test.ts [2m([22m[2m4 tests[22m[2m)[22m[32m 8[2mms[22m[39m
[32mn8n-editor-ui:test: [0m [32m✓[39m src/app/stores/logs.store.test.ts [2m([22m[2m1 test[22m[2m)[22m[32m 8[2mms[22m[39m
[32mn8n-editor-ui:test: [0m [32m✓[39m src/app/composables/useFreeAiCredits.test.ts [2m([22m[2m3 tests[22m[2m)[22m[32m 10[2mms[22m[39m
[32mn8n-editor-ui:test: [0m [32m✓[39m src/features/agents/__tests__/agentSectionEditor.utils.test.ts [2m([22m[2m18 tests[22m[2m)[22m[32m 14[2mms[22m[39m
[32mn8n-editor-ui:test: [0m [32m✓[39m src/features/core/dataTable/typeGuards.test.ts [2m([22m[2m10 tests[22m[2m)[22m[32m 7[2mms[22m[39m
[32mn8n-editor-ui:test: [0m [32m✓[39m src/features/agents/utils/__tests__/inlineAgent.test.ts [2m([22m[2m7 tests[22m[2m)[22m[32m 11[2mms[22m[39m
[32mn8n-editor-ui:test: [0m [32m✓[39m src/features/agents/__tests__/useAgentChannelSetup.test.ts [2m([22m[2m3 tests[22m[2m)[22m[32m 7[2mms[22m[39m
[32mn8n-editor-ui:test: [0m [32m✓[39m src/app/utils/nodeIcon.test.ts [2m([22m[2m25 tests[22m[2m)[22m[32m 23[2mms[22m[39m
[32mn8n-editor-ui:test: [0m [32m✓[39m src/app/push-connection/__tests__/useHeartbeat.test.ts [2m([22m[2m4 tests[22m[2m)[22m[32m 7[2mms[22m[39m
[32mn8n-editor-ui:test: [0m [32m✓[39m src/features/workflows/canvas/composables/useZoomAdjustedValues.test.ts [2m([22m[2m15 tests[22m[2m)[22m[32m 9[2mms[22m[39m
[32mn8n-editor-ui:test: [0m [32m✓[39m src/app/utils/rbac/middleware/authenticated.test.ts [2m([22m[2m3 tests[22m[2m)[22m[32m 7[2mms[22m[39m
[32mn8n-editor-ui:test: [0m [32m✓[39m src/features/workflows/canvas/composables/useCanvasNode.test.ts [2m([22m[2m2 tests[22m[2m)[22m[32m 12[2mms[22m[39m
[32mn8n-editor-ui:test: [0m [32m✓[39m src/app/stores/workflowDocument/useWorkflowDocumentChecksum.test.ts [2m([22m[2m4 tests[22m[2m)[22m[32m 8[2mms[22m[39m
[32mn8n-editor-ui:test: [0m [32m✓[39m src/app/stores/workflowDocument/useWorkflowDocumentMeta.test.ts [2m([22m[2m7 tests[22m[2m)[22m[32m 10[2mms[22m[39m
[32mn8n-editor-ui:test: [0m [32m✓[39m src/features/agents/__tests__/model-string.test.ts [2m([22m[2m22 tests[22m[2m)[22m[32m 9[2mms[22m[39m
[32mn8n-editor-ui:test: [0m [32m✓[39m src/app/api/workflows.test.ts [2m([22m[2m6 tests[22m[2m)[22m[32m 7[2mms[22m[39m
[32mn8n-editor-ui:test: [0m [32m✓[39m src/app/plugins/sentry.test.ts [2m([22m[2m10 tests[22m[2m)[22m[32m 8[2mms[22m[39m
[32mn8n-editor-ui:test: [0m [32m✓[39m src/experiments/instanceAiPersonalizedPromptSuggestions/useInstanceAiPersonalizedPromptSuggestionsExperiment.test.ts [2m([22m[2m5 tests[22m[2m)[22m[32m 7[2mms[22m[39m
[32mn8n-editor-ui:test: [0m [32m✓[39m src/features/ai/instanceAi/__tests__/toolLabels.test.ts [2m([22m[2m28 tests[22m[2m)[22m[32m 11[2mms[22m[39m
[32mn8n-editor-ui:test: [0m [32m✓[39m src/features/settings/apiKeys/apiKeys.utils.test.ts [2m([22m[2m23 tests[22m[2m)[22m[32m 11[2mms[22m[39m
[32mn8n-editor-ui:test: [0m [32m✓[39m src/app/utils/rbac/checks/hasRole.test.ts [2m([22m[2m5 tests[22m[2m)[22m[32m 6[2mms[22m[39m
[32mn8n-editor-ui:test: [0m [32m✓[39m src/features/ai/instanceAi/__tests__/instanceAiPromptSuggestions.telemetry.test.ts [2m([22m[2m12 tests[22m[2m)[22m[32m 12[2mms[22m[39m
[32mn8n-editor-ui:test: [0m [32m✓[39m src/app/composables/useBugReporting.test.ts [2m([22m[2m1 test[22m[2m)[22m[32m 4[2mms[22m[39m
[32mn8n-editor-ui:test: [0m [32m✓[39m src/features/ai/shared/agentsChat/__tests__/displayGroups.test.ts [2m([22m[2m8 tests[22m[2m)[22m[32m 7[2mms[22m[39m
[32mn8n-editor-ui:test: [0m [32m✓[39m src/features/workflows/canvas/components/elements/nodes/render-types/parts/canvasNodeAgentChips.utils.test.ts [2m([22m[2m12 tests[22m[2m)[22m[32m 10[2mms[22m[39m
[32mn8n-editor-ui:test: [0m [32m✓[39m src/features/execution/logs/composables/useLogsTreeExpand.test.ts [2m([22m[2m3 tests[22m[2m)[22m[32m 14[2mms[22m[39m
[32mn8n-editor-ui:test: [0m [32m✓[39m src/features/workflows/canvas/nodeGroups.utils.test.ts [2m([22m[2m5 tests[22m[2m)[22m[32m 7[2mms[22m[39m
[32mn8n-editor-ui:test: [0m [32m✓[39m src/features/agents/__tests__/thread-title.test.ts [2m([22m[2m6 tests[22m[2m)[22m[32m 6[2mms[22m[39m
[32mn8n-editor-ui:test: [0m [32m✓[39m src/experiments/exposeAllWorkflowsToMcp/stores/exposeAllWorkflowsToMcp.store.test.ts [2m([22m[2m5 tests[22m[2m)[22m[32m 8[2mms[22m[39m
[32mn8n-editor-ui:test: [0m [32m✓[39m src/features/ai/assistant/focusedNodes.utils.test.ts [2m([22m[2m8 tests[22m[2m)[22m[32m 8[2mms[22m[39m
[32mn8n-editor-ui:test: [0m [32m✓[39m src/app/stores/workflowDocument/useWorkflowDocumentHomeProject.test.ts [2m([22m[2m5 tests[22m[2m)[22m[32m 7[2mms[22m[39m
[32mn8n-editor-ui:test: [0m [32m✓[39m src/features/ai/instanceAi/composables/launchWorkflowThread.test.ts [2m([22m[2m6 tests[22m[2m)[22m[32m 8[2mms[22m[39m
[32mn8n-editor-ui:test: [0m [32m✓[39m src/features/workflows/canvas/composables/useCanvasAgentNodeGeometry.test.ts [2m([22m[2m3 tests[22m[2m)[22m[32m 12[2mms[22m[39m
[32mn8n-editor-ui:test: [0m [32m✓[39m src/features/agents/__tests__/useAgentThreadsApi.test.ts [2m([22m[2m4 tests[22m[2m)[22m[32m 6[2mms[22m[39m
[32mn8n-editor-ui:test: [0m [32m✓[39m src/app/utils/rbac/checks/isEnterpriseFeatureEnabled.test.ts [2m([22m[2m6 tests[22m[2m)[22m[32m 10[2mms[22m[39m
[32mn8n-editor-ui:test: [0m [32m✓[39m src/app/utils/rbacUtils.test.ts [2m([22m[2m14 tests[22m[2m)[22m[32m 7[2mms[22m[39m
[32mn8n-editor-ui:test: [0m [32m✓[39m src/features/agents/__tests__/interactive-summary.test.ts [2m([22m[2m14 tests[22m[2m)[22m[32m 13[2mms[22m[39m
[32mn8n-editor-ui:test: [0m [32m✓[39m src/app/utils/rbac/checks/hasScope.test.ts [2m([22m[2m4 tests[22m[2m)[22m[32m 8[2mms[22m[39m
[32mn8n-editor-ui:test: [0m [32m✓[39m src/features/ai/instanceAi/composables/useInstanceAiConfiguration.test.ts [2m([22m[2m3 tests[22m[2m)[22m[32m 6[2mms[22m[39m
[32mn8n-editor-ui:test: [0m [32m✓[39m src/features/integrations/logStreaming.ee/logStreaming.utils.test.ts [2m([22m[2m10 tests[22m[2m)[22m[32m 13[2mms[22m[39m
[32mn8n-editor-ui:test: [0m [32m✓[39m src/app/plugins/vitePreloadError.test.ts [2m([22m[2m3 tests[22m[2m)[22m[32m 7[2mms[22m[39m
[32mn8n-editor-ui:test: [0m [32m✓[39m src/features/shared/toolConfig/__tests__/toolConfig.utils.test.ts [2m([22m[2m5 tests[22m[2m)[22m[32m 7[2mms[22m[39m
[32mn8n-editor-ui:test: [0m [32m✓[39m src/experiments/trialIntroModal/useTrialCountdown.test.ts [2m([22m[2m5 tests[22m[2m)[22m[32m 8[2mms[22m[39m
[32mn8n-editor-ui:test: [0m [32m✓[39m src/features/agents/__tests__/promptCaching.test.ts [2m([22m[2m12 tests[22m[2m)[22m[32m 9[2mms[22m[39m
[32mn8n-editor-ui:test: [0m [32m✓[39m src/app/models/history.test.ts [2m([22m[2m9 tests[22m[2m)[22m[32m 12[2mms[22m[39m
[32mn8n-editor-ui:test: [0m [32m✓[39m src/app/stores/workflowDocument/useWorkflowDocumentParentFolder.test.ts [2m([22m[2m5 tests[22m[2m)[22m[32m 14[2mms[22m[39m
[32mn8n-editor-ui:test: [0m [32m✓[39m src/features/agents/__tests__/useAgentNavigation.test.ts [2m([22m[2m3 tests[22m[2m)[22m[32m 10[2mms[22m[39m
[32mn8n-editor-ui:test: [0m [32m✓[39m src/features/agents/utils/__tests__/workflowToolInputFields.test.ts [2m([22m[2m9 tests[22m[2m)[22m[32m 7[2mms[22m[39m
[32mn8n-editor-ui:test: [0m [32m✓[39m src/app/workers/data/db.test.ts [2m([22m[2m13 tests[22m[2m)[22m[32m 9[2mms[22m[39m
[32mn8n-editor-ui:test: [0m [32m✓[39m src/features/core/dataTable/utils/typeUtils.test.ts [2m([22m[2m12 tests[22m[2m)[22m[32m 9[2mms[22m[39m
[32mn8n-editor-ui:test: [0m [32m✓[39m src/features/core/dataTable/composables/useDataTableSelection.test.ts [2m([22m[2m4 tests[22m[2m)[22m[32m 7[2mms[22m[39m
[32mn8n-editor-ui:test: [0m [32m✓[39m src/experiments/instanceAiMcpConnections/useInstanceAiMcpConnectionsExperiment.test.ts [2m([22m[2m4 tests[22m[2m)[22m[32m 6[2mms[22m[39m
[32mn8n-editor-ui:test: [0m [32m✓[39m src/app/composables/useResourcesListI18n.test.ts [2m([22m[2m8 tests[22m[2m)[22m[32m 8[2mms[22m[39m
[32mn8n-editor-ui:test: [0m [32m✓[39m src/features/ai/mcpAccess/composables/useMcp.test.ts [2m([22m[2m4 tests[22m[2m)[22m[32m 13[2mms[22m[39m
[32mn8n-editor-ui:test: [0m [32m✓[39m src/app/stores/workflowDocument/useWorkflowDocumentExpression.test.ts [2m([22m[2m2 tests[22m[2m)[22m[32m 11[2mms[22m[39m
[32mn8n-editor-ui:test: [0m [32m✓[39m src/app/stores/workflowDocument/useWorkflowDocumentName.test.ts [2m([22m[2m4 tests[22m[2m)[22m[32m 8[2mms[22m[39m
[32mn8n-editor-ui:test: [0m [32m✓[39m src/features/ai/instanceAi/__tests__/instanceAi.liveRunState.test.ts [2m([22m[2m13 tests[22m[2m)[22m[32m 10[2mms[22m[39m
[32mn8n-editor-ui:test: [0m [32m✓[39m src/experiments/instanceAiProactiveAgent/useInstanceAiProactiveAgentExperiment.test.ts [2m([22m[2m3 tests[22m[2m)[22m[32m 21[2mms[22m[39m
[32mn8n-editor-ui:test: [0m [32m✓[39m src/features/integrations/sourceControl.ee/composables/useRevealWorkflowInScroller.test.ts [2m([22m[2m3 tests[22m[2m)[22m[32m 9[2mms[22m[39m
[32mn8n-editor-ui:test: [0m [32m✓[39m src/app/composables/canvasConnectionReplacement.utils.test.ts [2m([22m[2m4 tests[22m[2m)[22m[32m 10[2mms[22m[39m
[32mn8n-editor-ui:test: [0m [32m✓[39m src/features/ai/instanceAi/workflowSetup/composables/useWorkflowSetupSteps.test.ts [2m([22m[2m7 tests[22m[2m)[22m[32m 9[2mms[22m[39m
[32mn8n-editor-ui:test: [0m [32m✓[39m src/app/utils/parameterUtils.test.ts [2m([22m[2m10 tests[22m[2m)[22m[32m 9[2mms[22m[39m
[32mn8n-editor-ui:test: [0m [32m✓[39m src/features/settings/communityNodes/communityNodes.utils.test.ts [2m([22m[2m3 tests[22m[2m)[22m[32m 5[2mms[22m[39m
[32mn8n-editor-ui:test: [0m [32m✓[39m src/app/stores/workflowDocument/useWorkflowDocumentSharedWithProjects.test.ts [2m([22m[2m4 tests[22m[2m)[22m[32m 6[2mms[22m[39m
[32mn8n-editor-ui:test: [0m [32m✓[39m src/features/ai/shared/composables/useWizardNavigation.test.ts [2m([22m[2m13 tests[22m[2m)[22m[32m 12[2mms[22m[39m
[32mn8n-editor-ui:test: [0m [32m✓[39m src/features/workflows/templates/utils/templateTransforms.test.ts [2m([22m[2m8 tests[22m[2m)[22m[32m 9[2mms[22m[39m
[32mn8n-editor-ui:test: [0m [32m✓[39m src/features/agents/__tests__/useProjectAgentsList.test.ts [2m([22m[2m6 tests[22m[2m)[22m[32m 8[2mms[22m[39m
[32mn8n-editor-ui:test: [0m [32m✓[39m src/features/ai/instanceAi/workflowSetup/workflowSetupParameterIssues.test.ts [2m([22m[2m5 tests[22m[2m)[22m[32m 8[2mms[22m[39m
[32mn8n-editor-ui:test: [0m [32m✓[39m src/app/stores/workflowDocument/useWorkflowDocumentViewport.test.ts [2m([22m[2m6 tests[22m[2m)[22m[32m 8[2mms[22m[39m
[32mn8n-editor-ui:test: [0m [32m✓[39m src/features/agents/__tests__/useAgentToolTelemetry.test.ts [2m([22m[2m3 tests[22m[2m)[22m[32m 10[2mms[22m[39m
[32mn8n-editor-ui:test: [0m [32m✓[39m src/features/shared/editors/components/HtmlEditor/utils.test.ts [2m([22m[2m3 tests[22m[2m)[22m[32m 6[2mms[22m[39m
[32mn8n-editor-ui:test: [0m [32m✓[39m src/features/settings/sso/provisioning/composables/useRoleMappingRulesApi.test.ts [2m([22m[2m5 tests[22m[2m)[22m[32m 9[2mms[22m[39m
[32mn8n-editor-ui:test: [0m [32m✓[39m src/features/settings/users/invite-link.utils.test.ts [2m([22m[2m3 tests[22m[2m)[22m[32m 7[2mms[22m[39m
[32mn8n-editor-ui:test: [0m [32m✓[39m src/features/ai/evaluation.ee/composables/useAddExecutionToDataset.test.ts [2m([22m[2m5 tests[22m[2m)[22m[32m 12[2mms[22m[39m
[32mn8n-editor-ui:test: [0m [32m✓[39m src/features/workflows/templates/composables/useCredentialSetupState.test.ts [2m([22m[2m5 tests[22m[2m)[22m[32m 8[2mms[22m[39m
[32mn8n-editor-ui:test: [0m [32m✓[39m src/features/agents/__tests__/toolDisplayName.test.ts [2m([22m[2m7 tests[22m[2m)[22m[32m 10[2mms[22m[39m
[32mn8n-editor-ui:test: [0m [32m✓[39m src/features/workflows/workflowHistory/useWorkflowHistoryVersionOptions.test.ts [2m([22m[2m2 tests[22m[2m)[22m[32m 7[2mms[22m[39m
[32mn8n-editor-ui:test: [0m [32m✓[39m src/features/agents/__tests__/provider-capabilities.test.ts [2m([22m[2m7 tests[22m[2m)[22m[32m 12[2mms[22m[39m
[32mn8n-editor-ui:test: [0m [32m✓[39m src/features/ai/instanceAi/onboarding/useInstanceAiOnboarding.test.ts [2m([22m[2m9 tests[22m[2m)[22m[32m 8[2mms[22m[39m
[32mn8n-editor-ui:test: [0m [32m✓[39m src/features/ai/evaluation.ee/components/SetupCollectionWizard/buildVersionEntries.test.ts [2m([22m[2m11 tests[22m[2m)[22m[32m 7[2mms[22m[39m
[32mn8n-editor-ui:test: [0m [32m✓[39m src/features/ai/evaluation.ee/composables/useRunEvalWorkflow.test.ts [2m([22m[2m6 tests[22m[2m)[22m[32m 10[2mms[22m[39m
[32mn8n-editor-ui:test: [0m [32m✓[39m src/features/ai/instanceAi/__tests__/instanceAiBrowserUse.telemetry.test.ts [2m([22m[2m5 tests[22m[2m)[22m[32m 10[2mms[22m[39m
[32mn8n-editor-ui:test: [0m [32m✓[39m src/app/utils/rbac/checks/isAuthenticated.test.ts [2m([22m[2m5 tests[22m[2m)[22m[32m 6[2mms[22m[39m
[32mn8n-editor-ui:test: [0m [32m✓[39m src/features/agents/__tests__/useAgentTelemetry.test.ts [2m([22m[2m7 tests[22m[2m)[22m[32m 8[2mms[22m[39m
[32mn8n-editor-ui:test: [0m [32m✓[39m src/app/utils/rbac/middleware/guest.test.ts [2m([22m[2m5 tests[22m[2m)[22m[32m 11[2mms[22m[39m
[32mn8n-editor-ui:test: [0m [32m✓[39m src/features/ai/evaluation.ee/evaluation.api.test.ts [2m([22m[2m4 tests[22m[2m)[22m[32m 24[2mms[22m[39m
[32mn8n-editor-ui:test: [0m [32m✓[39m src/features/ai/mcpAccess/mcp.api.test.ts [2m([22m[2m4 tests[22m[2m)[22m[32m 8[2mms[22m[39m
[32mn8n-editor-ui:test: [0m [32m✓[39m src/app/utils/rbac/permissions.test.ts [2m([22m[2m5 tests[22m[2m)[22m[32m 9[2mms[22m[39m
[32mn8n-editor-ui:test: [0m [32m✓[39m src/app/stores/workflowDocument/useWorkflowDocumentUsedCredentials.test.ts [2m([22m[2m5 tests[22m[2m)[22m[32m 10[2mms[22m[39m
[32mn8n-editor-ui:test: [0m [32m✓[39m src/features/ai/instanceAi/__tests__/instanceAiComputerUse.telemetry.test.ts [2m([22m[2m2 tests[22m[2m)[22m[32m 12[2mms[22m[39m
[32mn8n-editor-ui:test: [0m [32m✓[39m src/experiments/instanceAiSplitEmptyState/useCyclingExamples.test.ts [2m([22m[2m4 tests[22m[2m)[22m[32m 10[2mms[22m[39m
[32mn8n-editor-ui:test: [0m [32m✓[39m src/features/ai/evaluation.ee/composables/useAgentEvalsFlag.test.ts [2m([22m[2m3 tests[22m[2m)[22m[32m 5[2mms[22m[39m
[32mn8n-editor-ui:test: [0m [32m✓[39m src/features/resolvers/composables/usePrivateCredentials.test.ts [2m([22m[2m2 tests[22m[2m)[22m[32m 16[2mms[22m[39m
[32mn8n-editor-ui:test: [0m [32m✓[39m src/features/ndv/parameters/composables/useResourceLocatorModes.test.ts [2m([22m[2m4 tests[22m[2m)[22m[32m 6[2mms[22m[39m
[32mn8n-editor-ui:test: [0m [32m✓[39m src/app/composables/useSettingsItems.test.ts [2m([22m[2m4 tests[22m[2m)[22m[32m 8[2mms[22m[39m
[32mn8n-editor-ui:test: [0m [32m✓[39m src/experiments/surfaceMcpToNewCloudUsers/composables/useSurfaceMcpEmptyState.test.ts [2m([22m[2m3 tests[22m[2m)[22m[32m 8[2mms[22m[39m
[32mn8n-editor-ui:test: [0m [32m✓[39m src/app/stores/workflowDocument/useWorkflowDocumentNodesIssues.test.ts [2m([22m[2m6 tests[22m[2m)[22m[32m 7[2mms[22m[39m
[32mn8n-editor-ui:test: [0m [32m✓[39m src/features/agents/channels/slack/api.test.ts [2m([22m[2m3 tests[22m[2m)[22m[32m 5[2mms[22m[39m
[32mn8n-editor-ui:test: [0m [32m✓[39m src/app/composables/useWorkflowActivate.test.ts [2m([22m[2m3 tests[22m[2m)[22m[32m 8[2mms[22m[39m
[32mn8n-editor-ui:test: [0m [32m✓[39m src/features/workflows/readyToRun/composables/useEmptyStateDetection.test.ts [2m([22m[2m10 tests[22m[2m)[22m[32m 7[2mms[22m[39m
[32mn8n-editor-ui:test: [0m [32m✓[39m src/features/shared/editors/components/CodeNodeEditor/completions/itemField.completions.test.ts [2m([22m[2m3 tests[22m[2m)[22m[32m 12[2mms[22m[39m
[32mn8n-editor-ui:test: [0m [32m✓[39m src/features/ai/evaluation.ee/composables/useDefaultJudgeSelection.test.ts [2m([22m[2m7 tests[22m[2m)[22m[32m 9[2mms[22m[39m
[32mn8n-editor-ui:test: [0m [32m✓[39m src/features/ai/instanceAi/__tests__/testAgentOffer.test.ts [2m([22m[2m6 tests[22m[2m)[22m[32m 6[2mms[22m[39m
[32mn8n-editor-ui:test: [0m [32m✓[39m src/features/agents/composables/useAgentConfigValidation.test.ts [2m([22m[2m3 tests[22m[2m)[22m[32m 7[2mms[22m[39m
[32mn8n-editor-ui:test: [0m [32m✓[39m src/experiments/instanceAiPersonalizedPromptSuggestions/fallbackSuggestions.test.ts [2m([22m[2m3 tests[22m[2m)[22m[32m 5[2mms[22m[39m
[32mn8n-editor-ui:test: [0m [32m✓[39m src/experiments/resourceCenter/stores/__tests__/resourceCenter.store.test.ts [2m([22m[2m2 tests[22m[2m)[22m[32m 8[2mms[22m[39m
[32mn8n-editor-ui:test: [0m [32m✓[39m src/experiments/surfaceMcpToNewCloudUsers/composables/useSurfaceMcpToNewCloudUsersEligibility.test.ts [2m([22m[2m4 tests[22m[2m)[22m[32m 6[2mms[22m[39m
[32mn8n-editor-ui:test: [0m [32m✓[39m src/features/ai/mcpAccess/mcp.clients.catalog.test.ts [2m([22m[2m5 tests[22m[2m)[22m[32m 8[2mms[22m[39m
[32mn8n-editor-ui:test: [0m [32m✓[39m src/experiments/instanceAiComputerUse/useInstanceAiComputerUseExperiment.test.ts [2m([22m[2m4 tests[22m[2m)[22m[32m 6[2mms[22m[39m
[32mn8n-editor-ui:test: [0m [32m✓[39m src/features/settings/otel/otel.api.test.ts [2m([22m[2m4 tests[22m[2m)[22m[32m 7[2mms[22m[39m
[32mn8n-editor-ui:test: [0m [32m✓[39m src/experiments/instanceAiBrowserCredentialSetup/useInstanceAiBrowserCredentialSetupExperiment.test.ts [2m([22m[2m5 tests[22m[2m)[22m[32m 9[2mms[22m[39m
[32mn8n-editor-ui:test: [0m [32m✓[39m src/features/ai/evaluation.ee/composables/useUserExecutions.test.ts [2m([22m[2m3 tests[22m[2m)[22m[32m 5[2mms[22m[39m
[32mn8n-editor-ui:test: [0m [32m✓[39m src/experiments/instanceAiPromptSuggestionsV2/useInstanceAiPromptSuggestionsV2Experiment.test.ts [2m([22m[2m4 tests[22m[2m)[22m[32m 7[2mms[22m[39m
[32mn8n-editor-ui:test: [0m [32m✓[39m src/features/agents/__tests__/agentReturnContext.store.test.ts [2m([22m[2m2 tests[22m[2m)[22m[32m 7[2mms[22m[39m
[32mn8n-editor-ui:test: [0m [32m✓[39m src/features/agents/__tests__/reasoning.test.ts [2m([22m[2m5 tests[22m[2m)[22m[32m 6[2mms[22m[39m
[32mn8n-editor-ui:test: [0m [32m✓[39m src/experiments/instanceAiSplitEmptyState/useInstanceAiSplitEmptyStateExperiment.test.ts [2m([22m[2m6 tests[22m[2m)[22m[32m 9[2mms[22m[39m
[32mn8n-editor-ui:test: [0m [32m✓[39m src/features/shared/editors/plugins/codemirror/typescript/worker/linter.test.ts [2m([22m[2m3 tests[22m[2m)[22m[32m 13[2mms[22m[39m
[32mn8n-editor-ui:test: [0m [32m✓[39m src/features/ai/instanceAi/__tests__/instanceAiMcp.telemetry.test.ts [2m([22m[2m4 tests[22m[2m)[22m[32m 21[2mms[22m[39m
[32mn8n-editor-ui:test: [0m [32m✓[39m src/app/composables/useNodeDocsUrl.test.ts [2m([22m[2m5 tests[22m[2m)[22m[32m 6[2mms[22m[39m
[32mn8n-editor-ui:test: [0m [32m✓[39m src/experiments/instanceAiPromptSuggestionsV2/suggestions.test.ts [2m([22m[2m3 tests[22m[2m)[22m[32m 7[2mms[22m[39m
[32mn8n-editor-ui:test: [0m [32m✓[39m src/features/agents/__tests__/useAgentApi.test.ts [2m([22m[2m2 tests[22m[2m)[22m[32m 9[2mms[22m[39m
[32mn8n-editor-ui:test: [0m [32m✓[39m src/features/ndv/runData/schemaPreview.api.test.ts [2m([22m[2m3 tests[22m[2m)[22m[32m 6[2mms[22m[39m
[32mn8n-editor-ui:test: [0m [32m✓[39m src/app/stores/workflowDocument/useWorkflowDocumentIsArchived.test.ts [2m([22m[2m4 tests[22m[2m)[22m[32m 8[2mms[22m[39m
[32mn8n-editor-ui:test: [0m [32m✓[39m src/app/utils/rbac/middleware/rbac.test.ts [2m([22m[2m2 tests[22m[2m)[22m[32m 5[2mms[22m[39m
[32mn8n-editor-ui:test: [0m [32m✓[39m src/features/ai/assistant/components/Agent/creditFormatting.test.ts [2m([22m[2m2 tests[22m[2m)[22m[32m 4[2mms[22m[39m
[32mn8n-editor-ui:test: [0m [32m✓[39m src/app/utils/stringUtils.test.ts [2m([22m[2m4 tests[22m[2m)[22m[32m 7[2mms[22m[39m
[32mn8n-editor-ui:test: [0m [32m✓[39m src/experiments/evaluationsWizardSidepanel/useEvaluationsWizardSidepanelExperiment.test.ts [2m([22m[2m4 tests[22m[2m)[22m[32m 6[2mms[22m[39m
[32mn8n-editor-ui:test: [0m [32m✓[39m src/features/ai/shared/agentsChat/__tests__/messageMappers.attachments.test.ts [2m([22m[2m3 tests[22m[2m)[22m[32m 5[2mms[22m[39m
[32mn8n-editor-ui:test: [0m [32m✓[39m src/features/ai/instanceAi/__tests__/fixWithAi.test.ts [2m([22m[2m5 tests[22m[2m)[22m[32m 6[2mms[22m[39m
[32mn8n-editor-ui:test: [0m [32m✓[39m src/app/utils/injectStrict.test.ts [2m([22m[2m3 tests[22m[2m)[22m[32m 11[2mms[22m[39m
[32mn8n-editor-ui:test: [0m [32m✓[39m src/app/utils/json-schema.test.ts [2m([22m[2m3 tests[22m[2m)[22m[32m 7[2mms[22m[39m
[32mn8n-editor-ui:test: [0m [32m✓[39m src/features/agents/__tests__/nativeWebSearch.test.ts [2m([22m[2m3 tests[22m[2m)[22m[32m 6[2mms[22m[39m
[32mn8n-editor-ui:test: [0m [32m✓[39m src/app/composables/usePageRedirectionHelper.test.ts [2m([22m[2m1 test[22m[2m)[22m[32m 5[2mms[22m[39m
[32mn8n-editor-ui:test: [0m [32m✓[39m src/app/composables/useNodeType.test.ts [2m([22m[2m3 tests[22m[2m)[22m[32m 10[2mms[22m[39m
[32mn8n-editor-ui:test: [0m [32m✓[39m src/app/utils/rbac/middleware/defaultUser.test.ts [2m([22m[2m3 tests[22m[2m)[22m[32m 6[2mms[22m[39m
[32mn8n-editor-ui:test: [0m [32m✓[39m src/features/ai/instanceAi/__tests__/instanceAiSetup.telemetry.test.ts [2m([22m[2m3 tests[22m[2m)[22m[32m 5[2mms[22m[39m
[32mn8n-editor-ui:test: [0m [32m✓[39m src/features/ai/instanceAi/utils/__tests__/workflow-code-match.test.ts [2m([22m[2m4 tests[22m[2m)[22m[32m 6[2mms[22m[39m
[32mn8n-editor-ui:test: [0m [32m✓[39m src/features/shared/contextMenu/composables/useContextMenuItems.focusHandoff.test.ts [2m([22m[2m2 tests[22m[2m)[22m[32m 5[2mms[22m[39m
[32mn8n-editor-ui:test: [0m [32m✓[39m src/features/ai/shared/agentsChat/__tests__/interactionRegistry.test.ts [2m([22m[2m2 tests[22m[2m)[22m[32m 7[2mms[22m[39m
[32mn8n-editor-ui:test: [0m [32m✓[39m src/app/utils/rbac/middleware/custom.test.ts [2m([22m[2m2 tests[22m[2m)[22m[32m 12[2mms[22m[39m
[32mn8n-editor-ui:test: [0m [32m✓[39m src/features/agents/utils/__tests__/delegate-tool.test.ts [2m([22m[2m2 tests[22m[2m)[22m[32m 8[2mms[22m[39m
[32mn8n-editor-ui:test: [0m [32m✓[39m src/features/integrations/sourceControl.ee/composables/useSourceControlFileList.test.ts [2m([22m[2m2 tests[22m[2m)[22m[32m 7[2mms[22m[39m
[32mn8n-editor-ui:test: [0m [32m✓[39m src/features/agents/__tests__/useMcpServerAdapter.test.ts [2m([22m[2m2 tests[22m[2m)[22m[32m 5[2mms[22m[39m
[32mn8n-editor-ui:test: [0m [32m✓[39m src/app/__tests__/modal-key-ratchet.test.ts [2m([22m[2m2 tests[22m[2m)[22m[32m 5[2mms[22m[39m
[32mn8n-editor-ui:test: [0m [32m✓[39m src/features/ai/instanceAi/__tests__/builderAgents.test.ts [2m([22m[2m2 tests[22m[2m)[22m[32m 5[2mms[22m[39m
[32mn8n-editor-ui:test: [0m [32m✓[39m src/features/agents/__tests__/constants.test.ts [2m([22m[2m2 tests[22m[2m)[22m[32m 5[2mms[22m[39m
[32mn8n-editor-ui:test: [0m [32m✓[39m src/features/integrations/sourceControl.ee/sourceControl.api.test.ts [2m([22m[2m1 test[22m[2m)[22m[32m 5[2mms[22m[39m
[32mn8n-editor-ui:test: [0m [32m✓[39m src/app/utils/urlUtils.test.ts [2m([22m[2m3 tests[22m[2m)[22m[32m 5[2mms[22m[39m
[32mn8n-editor-ui:test: [0m [32m✓[39m src/features/credentials/credentials.api.test.ts [2m([22m[2m2 tests[22m[2m)[22m[32m 6[2mms[22m[39m
[32mn8n-editor-ui:test: [0m [32m✓[39m src/app/utils/rbac/checks/isGuest.test.ts [2m([22m[2m2 tests[22m[2m)[22m[32m 6[2mms[22m[39m
[32mn8n-editor-ui:test: [0m [32m✓[39m src/features/core/dataTable/dataTable.api.test.ts [2m([22m[2m1 test[22m[2m)[22m[32m 8[2mms[22m[39m
[32mn8n-editor-ui:test: [0m [32m✓[39m src/features/ai/instanceAi/createAgentRoute.test.ts [2m([22m[2m2 tests[22m[2m)[22m[32m 4[2mms[22m[39m
[32mn8n-editor-ui:test: [0m [32m✓[39m src/app/utils/rbac/checks/isDefaultUser.test.ts [2m([22m[2m2 tests[22m[2m)[22m[32m 4[2mms[22m[39m
[32mn8n-editor-ui:test: [0m [32m✓[39m src/app/plugins/telemetry/telemetryRegistration.test.ts [2m([22m[2m1 test[22m[2m)[22m[32m 4[2mms[22m[39m
[32mn8n-editor-ui:test: [0m [32m✓[39m src/app/utils/rbac/checks/isInstanceOwner.test.ts [2m([22m[2m2 tests[22m[2m)[22m[32m 4[2mms[22m[39m
[32mn8n-editor-ui:test: [0m [32m✓[39m src/app/composables/usePushConnection/handlers/builderCreditsUpdated.test.ts [2m([22m[2m1 test[22m[2m)[22m[32m 4[2mms[22m[39m
[32mn8n-editor-ui:test: [0m [32m✓[39m src/features/shared/editors/plugins/codemirror/typescript/worker/dynamicTypes.test.ts [2m([22m[2m1 test[22m[2m)[22m[32m 4[2mms[22m[39m
[32mn8n-editor-ui:test: [0m [32m✓[39m src/app/stores/ui.store.registration.spec.ts [2m([22m[2m2 tests[22m[2m)[22m[32m 4[2mms[22m[39m
[32mn8n-editor-ui:test: [0m
[32mn8n-editor-ui:test: [0m[31m⎯⎯⎯⎯⎯⎯⎯[39m[1m[41m Failed Tests 1 [49m[22m[31m⎯⎯⎯⎯⎯⎯⎯[39m
[32mn8n-editor-ui:test: [0m
[32mn8n-editor-ui:test: [0m[41m[1m FAIL [22m[49m src/app/router.test.ts[2m > [22mrouter[2m > [22mshould resolve / to WorkflowsView
[32mn8n-editor-ui:test: [0m[31m[1mError[22m: Hook timed out in 20000ms.
[32mn8n-editor-ui:test: [0mIf this is a long-running hook, pass a timeout value as the last argument or configure it globally with "hookTimeout".[39m
[32mn8n-editor-ui:test: [0m[36m [2m❯[22m src/app/router.test.ts:[2m44:2[22m[39m
[32mn8n-editor-ui:test: [0m    [90m 42|[39m  })[33m;[39m
[32mn8n-editor-ui:test: [0m    [90m 43|[39m
[32mn8n-editor-ui:test: [0m    [90m 44|[39m  [34mbeforeEach[39m([35masync[39m () [33m=>[39m {
[32mn8n-editor-ui:test: [0m    [90m   |[39m  [31m^[39m
[32mn8n-editor-ui:test: [0m    [90m 45|[39m   settingsStore [33m=[39m [34museSettingsStore[39m()[33m;[39m
[32mn8n-editor-ui:test: [0m    [90m 46|[39m   settingsStore[33m.[39msettings[33m.[39maiGateway [33m=[39m undefined[33m;[39m
[32mn8n-editor-ui:test: [0m
[32mn8n-editor-ui:test: [0m[31m[2m⎯⎯⎯⎯⎯⎯⎯⎯⎯⎯⎯⎯⎯⎯⎯⎯⎯⎯⎯⎯⎯⎯⎯⎯[1/1]⎯[22m[39m
[32mn8n-editor-ui:test: [0m
[32mn8n-editor-ui:test: [0m
[32mn8n-editor-ui:test: [0m[2m Test Files [22m [1m[31m1 failed[39m[22m[2m | [22m[1m[32m1136 passed[39m[22m[90m (1137)[39m
[32mn8n-editor-ui:test: [0m[2m      Tests [22m [1m[31m1 failed[39m[22m[2m | [22m[1m[32m16146 passed[39m[22m[90m (16147)[39m
[32mn8n-editor-ui:test: [0m[2m   Start at [22m 13:57:22
[32mn8n-editor-ui:test: [0m[2m   Duration [22m 495.25s[2m (transform 321.18s, setup 1698.51s, import 2364.03s, tests 752.64s, environment 453.72s)[22m
[32mn8n-editor-ui:test: [0m
[32mn8n-editor-ui:test: [0m[41m[30m ELIFECYCLE [39m[49m [31mTest failed. See above for more details.[39m
[1mn8n-editor-ui#test: [0m[33m[1m[7m WARNING [0m [33mcommand finished with error, but continuing...[0m
[33m@n8n/ai-workflow-builder:test: [0mcache hit, replaying logs [2m4214100ea892b99a[0m
[33m@n8n/ai-workflow-builder:test: [0m
[33m@n8n/ai-workflow-builder:test: [0m> @n8n/ai-workflow-builder@1.36.0 test /Users/romeobalta/work/n8n/worktrees/nudge-manual-builders-to-aia/packages/@n8n/ai-workflow-builder.ee
[33m@n8n/ai-workflow-builder:test: [0m> vitest run
[33m@n8n/ai-workflow-builder:test: [0m
[33m@n8n/ai-workflow-builder:test: [0m
[33m@n8n/ai-workflow-builder:test: [0m[1m[30m[46m RUN [49m[39m[22m [36mv4.1.9 [39m[90m/Users/romeobalta/work/n8n/worktrees/nudge-manual-builders-to-aia/packages/@n8n/ai-workflow-builder.ee[39m
[33m@n8n/ai-workflow-builder:test: [0m
[33m@n8n/ai-workflow-builder:test: [0m [32m✓[39m src/utils/test/stream-processor.test.ts [2m([22m[2m92 tests[22m[2m)[22m[32m 11[2mms[22m[39m
[33m@n8n/ai-workflow-builder:test: [0m [32m✓[39m src/test/session-manager.service.test.ts [2m([22m[2m76 tests[22m[2m)[22m[32m 17[2mms[22m[39m
[33m@n8n/ai-workflow-builder:test: [0m [32m✓[39m src/tools/utils/test/mermaid.utils.test.ts [2m([22m[2m23 tests[22m[2m)[22m[32m 7[2mms[22m[39m
[33m@n8n/ai-workflow-builder:test: [0m [32m✓[39m evaluations/__tests__/lifecycle.test.ts [2m([22m[2m35 tests[22m[2m)[22m[32m 114[2mms[22m[39m
[33m@n8n/ai-workflow-builder:test: [0m [32m✓[39m src/utils/cache-control/__tests__/helpers.test.ts [2m([22m[2m42 tests[22m[2m)[22m[32m 26[2mms[22m[39m
[33m@n8n/ai-workflow-builder:test: [0m [32m✓[39m src/tools/utils/test/connection.utils.test.ts [2m([22m[2m59 tests[22m[2m)[22m[32m 7[2mms[22m[39m
[33m@n8n/ai-workflow-builder:test: [0m [32m✓[39m src/utils/test/operations-processor.test.ts [2m([22m[2m52 tests[22m[2m)[22m[32m 9[2mms[22m[39m
[33m@n8n/ai-workflow-builder:test: [0m [32m✓[39m src/utils/test/context-builders.test.ts [2m([22m[2m56 tests[22m[2m)[22m[32m 6[2mms[22m[39m
[33m@n8n/ai-workflow-builder:test: [0m [32m✓[39m src/tools/test/web-fetch.tool.test.ts [2m([22m[2m28 tests[22m[2m)[22m[32m 34[2mms[22m[39m
[33m@n8n/ai-workflow-builder:test: [0m [32m✓[39m src/code-builder/test/triage.agent.test.ts [2m([22m[2m21 tests[22m[2m)[22m[32m 8[2mms[22m[39m
[33m@n8n/ai-workflow-builder:test: [0m [32m✓[39m src/code-builder/tools/test/code-builder-search.tool.test.ts [2m([22m[2m27 tests[22m[2m)[22m[32m 30[2mms[22m[39m
[33m@n8n/ai-workflow-builder:test: [0m [32m✓[39m src/code-builder/handlers/test/tool-dispatch-handler.test.ts [2m([22m[2m36 tests[22m[2m)[22m[32m 9[2mms[22m[39m
[33m@n8n/ai-workflow-builder:test: [0m [32m✓[39m src/prompts/builder/prompt-builder.test.ts [2m([22m[2m82 tests[22m[2m)[22m[32m 10[2mms[22m[39m
[33m@n8n/ai-workflow-builder:test: [0m [32m✓[39m src/tools/test/update-node-parameters.tool.test.ts [2m([22m[2m20 tests[22m[2m)[22m[32m 21[2mms[22m[39m
[33m@n8n/ai-workflow-builder:test: [0m [32m✓[39m src/utils/test/tool-executor.test.ts [2m([22m[2m22 tests[22m[2m)[22m[32m 8[2mms[22m[39m
[33m@n8n/ai-workflow-builder:test: [0m [32m✓[39m evaluations/evaluators/binary-checks/checks/__tests__/deterministic-checks.test.ts [2m([22m[2m58 tests[22m[2m)[22m[32m 8[2mms[22m[39m
[33m@n8n/ai-workflow-builder:test: [0m [32m✓[39m evaluations/programmatic/evaluators/connections.test.ts [2m([22m[2m25 tests[22m[2m)[22m[32m 48[2mms[22m[39m
[33m@n8n/ai-workflow-builder:test: [0m [32m✓[39m evaluations/__tests__/runner-langsmith.test.ts [2m([22m[2m13 tests[22m[2m)[22m[33m 359[2mms[22m[39m
[33m@n8n/ai-workflow-builder:test: [0m       [33m[2m✓[22m[39m should call langsmith evaluate() with correct options [33m 345[2mms[22m[39m
[33m@n8n/ai-workflow-builder:test: [0m [32m✓[39m src/utils/test/subgraph-helpers.test.ts [2m([22m[2m42 tests[22m[2m)[22m[32m 21[2mms[22m[39m
[33m@n8n/ai-workflow-builder:test: [0m [32m✓[39m src/assistant/test/assistant-handler.test.ts [2m([22m[2m22 tests[22m[2m)[22m[32m 31[2mms[22m[39m
[33m@n8n/ai-workflow-builder:test: [0m [32m✓[39m src/code-builder/tools/test/code-builder-get.tool.test.ts [2m([22m[2m35 tests[22m[2m)[22m[32m 38[2mms[22m[39m
[33m@n8n/ai-workflow-builder:test: [0m [32m✓[39m evaluations/programmatic/evaluators/parameters.test.ts [2m([22m[2m20 tests[22m[2m)[22m[32m 8[2mms[22m[39m
[33m@n8n/ai-workflow-builder:test: [0m [32m✓[39m src/code-builder/handlers/test/text-editor-handler.test.ts [2m([22m[2m48 tests[22m[2m)[22m[32m 7[2mms[22m[39m
[33m@n8n/ai-workflow-builder:test: [0m [32m✓[39m src/code-builder/handlers/test/parse-validate-handler.test.ts [2m([22m[2m28 tests[22m[2m)[22m[32m 11[2mms[22m[39m
[33m@n8n/ai-workflow-builder:test: [0m [32m✓[39m evaluations/__tests__/webhook.test.ts [2m([22m[2m44 tests[22m[2m)[22m[32m 13[2mms[22m[39m
[33m@n8n/ai-workflow-builder:test: [0m [32m✓[39m src/prompts/shared/deictic-resolution.test.ts [2m([22m[2m31 tests[22m[2m)[22m[32m 5[2mms[22m[39m
[33m@n8n/ai-workflow-builder:test: [0m [32m✓[39m src/tools/test/node-details.tool.test.ts [2m([22m[2m19 tests[22m[2m)[22m[32m 18[2mms[22m[39m
[33m@n8n/ai-workflow-builder:test: [0m [32m✓[39m src/code-builder/handlers/test/text-editor-tool-handler.test.ts [2m([22m[2m20 tests[22m[2m)[22m[32m 8[2mms[22m[39m
[33m@n8n/ai-workflow-builder:test: [0m [32m✓[39m src/validation/auto-fix/__tests__/auto-fix-connections.test.ts [2m([22m[2m15 tests[22m[2m)[22m[32m 10[2mms[22m[39m
[33m@n8n/ai-workflow-builder:test: [0m [32m✓[39m evaluations/__tests__/cli.test.ts [2m([22m[2m24 tests[22m[2m)[22m[33m 1073[2mms[22m[39m
[33m@n8n/ai-workflow-builder:test: [0m [32m✓[39m src/tools/engines/test/node-search-engine.test.ts [2m([22m[2m34 tests[22m[2m)[22m[32m 11[2mms[22m[39m
[33m@n8n/ai-workflow-builder:test: [0m [32m✓[39m src/tools/test/get-node-context.tool.test.ts [2m([22m[2m18 tests[22m[2m)[22m[32m 16[2mms[22m[39m
[33m@n8n/ai-workflow-builder:test: [0m [32m✓[39m src/tools/test/remove-connection.tool.test.ts [2m([22m[2m12 tests[22m[2m)[22m[32m 12[2mms[22m[39m
[33m@n8n/ai-workflow-builder:test: [0m [32m✓[39m src/code-builder/utils/test/code-builder-session.test.ts [2m([22m[2m27 tests[22m[2m)[22m[32m 15[2mms[22m[39m
[33m@n8n/ai-workflow-builder:test: [0m [32m✓[39m evaluations/__tests__/output.test.ts [2m([22m[2m17 tests[22m[2m)[22m[32m 30[2mms[22m[39m
[33m@n8n/ai-workflow-builder:test: [0m [32m✓[39m evaluations/__tests__/runner.test.ts [2m([22m[2m15 tests[22m[2m)[22m[32m 225[2mms[22m[39m
[33m@n8n/ai-workflow-builder:test: [0m [32m✓[39m src/tools/test/add-node.tool.test.ts [2m([22m[2m16 tests[22m[2m)[22m[32m 17[2mms[22m[39m
[33m@n8n/ai-workflow-builder:test: [0m [32m✓[39m evaluations/support/pin-data-generator.test.ts [2m([22m[2m23 tests[22m[2m)[22m[32m 15[2mms[22m[39m
[33m@n8n/ai-workflow-builder:test: [0m [32m✓[39m src/tools/helpers/test/progress.test.ts [2m([22m[2m19 tests[22m[2m)[22m[32m 17[2mms[22m[39m
[33m@n8n/ai-workflow-builder:test: [0m [32m✓[39m src/tools/test/remove-node.tool.test.ts [2m([22m[2m13 tests[22m[2m)[22m[32m 46[2mms[22m[39m
[33m@n8n/ai-workflow-builder:test: [0m [32m✓[39m src/test/workflow-builder-agent.test.ts [2m([22m[2m25 tests[22m[2m)[22m[32m 91[2mms[22m[39m
[33m@n8n/ai-workflow-builder:test: [0m [32m✓[39m src/test/ai-workflow-builder-agent.service.test.ts [2m([22m[2m26 tests[22m[2m)[22m[32m 41[2mms[22m[39m
[33m@n8n/ai-workflow-builder:test: [0m [32m✓[39m src/tools/test/node-search.tool.test.ts [2m([22m[2m16 tests[22m[2m)[22m[32m 25[2mms[22m[39m
[33m@n8n/ai-workflow-builder:test: [0m [32m✓[39m src/tools/test/web-fetch-security.test.ts [2m([22m[2m23 tests[22m[2m)[22m[32m 6[2mms[22m[39m
[33m@n8n/ai-workflow-builder:test: [0m [32m✓[39m evaluations/__tests__/score-calculator.test.ts [2m([22m[2m30 tests[22m[2m)[22m[32m 6[2mms[22m[39m
[33m@n8n/ai-workflow-builder:test: [0m [32m✓[39m src/tools/test/connect-nodes.tool.test.ts [2m([22m[2m10 tests[22m[2m)[22m[32m 13[2mms[22m[39m
[33m@n8n/ai-workflow-builder:test: [0m [32m✓[39m evaluations/programmatic/evaluators/agent-prompt.test.ts [2m([22m[2m16 tests[22m[2m)[22m[32m 7[2mms[22m[39m
[33m@n8n/ai-workflow-builder:test: [0m [32m✓[39m evaluations/__tests__/evaluators/similarity.test.ts [2m([22m[2m11 tests[22m[2m)[22m[32m 44[2mms[22m[39m
[33m@n8n/ai-workflow-builder:test: [0m [32m✓[39m src/tools/test/get-node-examples.tool.test.ts [2m([22m[2m10 tests[22m[2m)[22m[32m 28[2mms[22m[39m
[33m@n8n/ai-workflow-builder:test: [0m [32m✓[39m src/code-builder/handlers/test/auto-finalize-handler.test.ts [2m([22m[2m8 tests[22m[2m)[22m[32m 21[2mms[22m[39m
[33m@n8n/ai-workflow-builder:test: [0m [32m✓[39m src/code-builder/prompts/index.test.ts [2m([22m[2m14 tests[22m[2m)[22m[32m 142[2mms[22m[39m
[33m@n8n/ai-workflow-builder:test: [0m [32m✓[39m src/code-builder/handlers/test/chat-setup-handler.test.ts [2m([22m[2m11 tests[22m[2m)[22m[32m 52[2mms[22m[39m
[33m@n8n/ai-workflow-builder:test: [0m [32m✓[39m src/tools/utils/test/parameter-update.utils.test.ts [2m([22m[2m24 tests[22m[2m)[22m[32m 5[2mms[22m[39m
[33m@n8n/ai-workflow-builder:test: [0m [32m✓[39m evaluations/__tests__/evaluators/programmatic.test.ts [2m([22m[2m10 tests[22m[2m)[22m[32m 37[2mms[22m[39m
[33m@n8n/ai-workflow-builder:test: [0m [32m✓[39m src/tools/test/get-resource-locator-options.tool.test.ts [2m([22m[2m11 tests[22m[2m)[22m[32m 115[2mms[22m[39m
[33m@n8n/ai-workflow-builder:test: [0m [32m✓[39m src/code-builder/handlers/test/validate-tool-handler.test.ts [2m([22m[2m11 tests[22m[2m)[22m[32m 8[2mms[22m[39m
[33m@n8n/ai-workflow-builder:test: [0m [32m✓[39m evaluations/harness/__tests__/csv-writer.test.ts [2m([22m[2m10 tests[22m[2m)[22m[32m 27[2mms[22m[39m
[33m@n8n/ai-workflow-builder:test: [0m [32m✓[39m evaluations/__tests__/evaluators/pairwise.test.ts [2m([22m[2m11 tests[22m[2m)[22m[32m 42[2mms[22m[39m
[33m@n8n/ai-workflow-builder:test: [0m [32m✓[39m evaluations/__tests__/report-generator.test.ts [2m([22m[2m21 tests[22m[2m)[22m[32m 5[2mms[22m[39m
[33m@n8n/ai-workflow-builder:test: [0m [32m✓[39m evaluations/programmatic/evaluators/workflow-similarity.test.ts [2m([22m[2m10 tests[22m[2m)[22m[32m 8[2mms[22m[39m
[33m@n8n/ai-workflow-builder:test: [0m [32m✓[39m src/tools/test/rename-node.tool.test.ts [2m([22m[2m10 tests[22m[2m)[22m[32m 15[2mms[22m[39m
[33m@n8n/ai-workflow-builder:test: [0m [32m✓[39m evaluations/__tests__/test-case-generator.test.ts [2m([22m[2m16 tests[22m[2m)[22m[32m 16[2mms[22m[39m
[33m@n8n/ai-workflow-builder:test: [0m [32m✓[39m evaluations/evaluators/llm-judge/workflow-evaluator.test.ts [2m([22m[2m20 tests[22m[2m)[22m[32m 13[2mms[22m[39m
[33m@n8n/ai-workflow-builder:test: [0m [32m✓[39m src/code-builder/utils/test/extract-code.test.ts [2m([22m[2m21 tests[22m[2m)[22m[32m 6[2mms[22m[39m
[33m@n8n/ai-workflow-builder:test: [0m [32m✓[39m src/tools/test/get-execution-logs.tool.test.ts [2m([22m[2m10 tests[22m[2m)[22m[32m 11[2mms[22m[39m
[33m@n8n/ai-workflow-builder:test: [0m [32m✓[39m src/validation/checks/node-usage/webhook-response.test.ts [2m([22m[2m19 tests[22m[2m)[22m[32m 6[2mms[22m[39m
[33m@n8n/ai-workflow-builder:test: [0m [32m✓[39m src/tools/test/get-workflow-overview.tool.test.ts [2m([22m[2m11 tests[22m[2m)[22m[32m 16[2mms[22m[39m
[33m@n8n/ai-workflow-builder:test: [0m [32m✓[39m src/tools/utils/test/web-fetch.utils.test.ts [2m([22m[2m22 tests[22m[2m)[22m[33m 715[2mms[22m[39m
[33m@n8n/ai-workflow-builder:test: [0m       [33m[2m✓[22m[39m should extract title and Markdown-formatted content from HTML [33m 680[2mms[22m[39m
[33m@n8n/ai-workflow-builder:test: [0m [32m✓[39m src/code-builder/test/code-builder-agent-tracing.test.ts [2m([22m[2m4 tests[22m[2m)[22m[32m 36[2mms[22m[39m
[33m@n8n/ai-workflow-builder:test: [0m [32m✓[39m src/test/checkpoint-persistence.test.ts [2m([22m[2m5 tests[22m[2m | [22m[33m2 skipped[39m[2m)[22m[32m 100[2mms[22m[39m
[33m@n8n/ai-workflow-builder:test: [0m [32m✓[39m src/utils/test/coordination-log.test.ts [2m([22m[2m34 tests[22m[2m)[22m[32m 5[2mms[22m[39m
[33m@n8n/ai-workflow-builder:test: [0m [32m✓[39m src/utils/test/state-modifier.test.ts [2m([22m[2m18 tests[22m[2m)[22m[32m 5[2mms[22m[39m
[33m@n8n/ai-workflow-builder:test: [0m [32m✓[39m src/tools/test/get-execution-schema.tool.test.ts [2m([22m[2m7 tests[22m[2m)[22m[32m 13[2mms[22m[39m
[33m@n8n/ai-workflow-builder:test: [0m [32m✓[39m src/code-builder/handlers/test/session-chat-handler.test.ts [2m([22m[2m5 tests[22m[2m)[22m[32m 7[2mms[22m[39m
[33m@n8n/ai-workflow-builder:test: [0m [32m✓[39m src/code-builder/handlers/test/final-response-handler.test.ts [2m([22m[2m6 tests[22m[2m)[22m[32m 8[2mms[22m[39m
[33m@n8n/ai-workflow-builder:test: [0m [32m✓[39m src/utils/test/trim-workflow-context.test.ts [2m([22m[2m12 tests[22m[2m)[22m[32m 142[2mms[22m[39m
[33m@n8n/ai-workflow-builder:test: [0m [32m✓[39m src/chains/test/conversation-compact.test.ts [2m([22m[2m11 tests[22m[2m)[22m[32m 8[2mms[22m[39m
[33m@n8n/ai-workflow-builder:test: [0m [32m✓[39m src/tools/test/get-expression-data-mapping.tool.test.ts [2m([22m[2m7 tests[22m[2m)[22m[32m 20[2mms[22m[39m
[33m@n8n/ai-workflow-builder:test: [0m [32m✓[39m src/prompts/chains/parameter-updater/registry.test.ts [2m([22m[2m21 tests[22m[2m)[22m[32m 4[2mms[22m[39m
[33m@n8n/ai-workflow-builder:test: [0m [32m✓[39m src/code-builder/handlers/test/agent-iteration-handler.test.ts [2m([22m[2m10 tests[22m[2m)[22m[32m 6[2mms[22m[39m
[33m@n8n/ai-workflow-builder:test: [0m [32m✓[39m src/code-builder/test/code-workflow-builder-integration.test.ts [2m([22m[2m6 tests[22m[2m)[22m[32m 6[2mms[22m[39m
[33m@n8n/ai-workflow-builder:test: [0m [32m✓[39m src/code-builder/tools/test/get-suggested-nodes.tool.test.ts [2m([22m[2m11 tests[22m[2m)[22m[32m 8[2mms[22m[39m
[33m@n8n/ai-workflow-builder:test: [0m [32m✓[39m evaluations/__tests__/evaluators/llm-judge.test.ts [2m([22m[2m6 tests[22m[2m)[22m[32m 237[2mms[22m[39m
[33m@n8n/ai-workflow-builder:test: [0m [32m✓[39m src/code-builder/test/code-workflow-builder.test.ts [2m([22m[2m11 tests[22m[2m)[22m[32m 34[2mms[22m[39m
[33m@n8n/ai-workflow-builder:test: [0m [32m✓[39m src/code-builder/utils/test/content-extractors.test.ts [2m([22m[2m15 tests[22m[2m)[22m[32m 5[2mms[22m[39m
[33m@n8n/ai-workflow-builder:test: [0m [32m✓[39m evaluations/__tests__/evaluation-helpers.test.ts [2m([22m[2m17 tests[22m[2m)[22m[32m 6[2mms[22m[39m
[33m@n8n/ai-workflow-builder:test: [0m [32m✓[39m evaluations/programmatic/evaluators/nodes.test.ts [2m([22m[2m7 tests[22m[2m)[22m[32m 4[2mms[22m[39m
[33m@n8n/ai-workflow-builder:test: [0m [32m✓[39m src/code-builder/test/code-builder-agent-validate-loop.test.ts [2m([22m[2m3 tests[22m[2m)[22m[32m 9[2mms[22m[39m
[33m@n8n/ai-workflow-builder:test: [0m [32m✓[39m evaluations/__tests__/csv-prompt-loader.test.ts [2m([22m[2m14 tests[22m[2m)[22m[32m 22[2mms[22m[39m
[33m@n8n/ai-workflow-builder:test: [0m [32m✓[39m src/code-builder/state/test/warning-tracker.test.ts [2m([22m[2m14 tests[22m[2m)[22m[32m 4[2mms[22m[39m
[33m@n8n/ai-workflow-builder:test: [0m [32m✓[39m evaluations/__tests__/argument-parser.test.ts [2m([22m[2m24 tests[22m[2m)[22m[32m 9[2mms[22m[39m
[33m@n8n/ai-workflow-builder:test: [0m [32m✓[39m src/utils/test/error-sanitizer.test.ts [2m([22m[2m17 tests[22m[2m)[22m[32m 4[2mms[22m[39m
[33m@n8n/ai-workflow-builder:test: [0m [32m✓[39m src/code-builder/utils/test/node-diff.test.ts [2m([22m[2m10 tests[22m[2m)[22m[32m 6[2mms[22m[39m
[33m@n8n/ai-workflow-builder:test: [0m [32m✓[39m src/tools/test/introspect.tool.test.ts [2m([22m[2m15 tests[22m[2m)[22m[32m 16[2mms[22m[39m
[33m@n8n/ai-workflow-builder:test: [0m [32m✓[39m evaluations/__tests__/feedback.test.ts [2m([22m[2m10 tests[22m[2m)[22m[32m 3[2mms[22m[39m
[33m@n8n/ai-workflow-builder:test: [0m [32m✓[39m evaluations/programmatic/evaluators/credentials.test.ts [2m([22m[2m12 tests[22m[2m)[22m[32m 5[2mms[22m[39m
[33m@n8n/ai-workflow-builder:test: [0m [32m✓[39m src/tools/test/validate-structure.tool.test.ts [2m([22m[2m7 tests[22m[2m)[22m[32m 14[2mms[22m[39m
[33m@n8n/ai-workflow-builder:test: [0m [32m✓[39m src/tools/test/builder-tools.test.ts [2m([22m[2m4 tests[22m[2m)[22m[32m 4[2mms[22m[39m
[33m@n8n/ai-workflow-builder:test: [0m [32m✓[39m evaluations/support/load-nodes.test.ts [2m([22m[2m5 tests[22m[2m)[22m[32m 5[2mms[22m[39m
[33m@n8n/ai-workflow-builder:test: [0m [32m✓[39m src/code-builder/test/code-builder-agent-pre-validate.test.ts [2m([22m[2m4 tests[22m[2m)[22m[32m 134[2mms[22m[39m
[33m@n8n/ai-workflow-builder:test: [0m [32m✓[39m src/test/workflow-state.test.ts [2m([22m[2m6 tests[22m[2m)[22m[32m 5[2mms[22m[39m
[33m@n8n/ai-workflow-builder:test: [0m [32m✓[39m src/utils/test/truncate-json.test.ts [2m([22m[2m15 tests[22m[2m)[22m[32m 8[2mms[22m[39m
[33m@n8n/ai-workflow-builder:test: [0m [32m✓[39m src/tools/test/get-documentation.tool.test.ts [2m([22m[2m10 tests[22m[2m)[22m[32m 38[2mms[22m[39m
[33m@n8n/ai-workflow-builder:test: [0m [32m✓[39m evaluations/support/workflow-executor.test.ts [2m([22m[2m7 tests[22m[2m)[22m[32m 3[2mms[22m[39m
[33m@n8n/ai-workflow-builder:test: [0m [32m✓[39m evaluations/programmatic/evaluators/trigger.test.ts [2m([22m[2m5 tests[22m[2m)[22m[32m 4[2mms[22m[39m
[33m@n8n/ai-workflow-builder:test: [0m [32m✓[39m src/utils/test/plan-helpers.test.ts [2m([22m[2m8 tests[22m[2m)[22m[32m 5[2mms[22m[39m
[33m@n8n/ai-workflow-builder:test: [0m [32m✓[39m evaluations/harness/__tests__/token-tracking-handler.test.ts [2m([22m[2m8 tests[22m[2m)[22m[32m 4[2mms[22m[39m
[33m@n8n/ai-workflow-builder:test: [0m [32m✓[39m src/tools/test/submit-questions.tool.test.ts [2m([22m[2m12 tests[22m[2m)[22m[32m 6[2mms[22m[39m
[33m@n8n/ai-workflow-builder:test: [0m [32m✓[39m evaluations/evaluators/pairwise/judge-chain.test.ts [2m([22m[2m3 tests[22m[2m)[22m[32m 5[2mms[22m[39m
[33m@n8n/ai-workflow-builder:test: [0m [32m✓[39m src/utils/test/cleanup-dangling-tool-call-messages.test.ts [2m([22m[2m7 tests[22m[2m)[22m[32m 6[2mms[22m[39m
[33m@n8n/ai-workflow-builder:test: [0m [32m✓[39m src/code-builder/utils/test/format-warnings.test.ts [2m([22m[2m6 tests[22m[2m)[22m[32m 3[2mms[22m[39m
[33m@n8n/ai-workflow-builder:test: [0m [32m✓[39m src/validation/utils/expressions.test.ts [2m([22m[2m16 tests[22m[2m)[22m[32m 4[2mms[22m[39m
[33m@n8n/ai-workflow-builder:test: [0m [32m✓[39m src/tools/utils/test/ssrf-guard.test.ts [2m([22m[2m9 tests[22m[2m)[22m[32m 4[2mms[22m[39m
[33m@n8n/ai-workflow-builder:test: [0m [32m✓[39m src/code-builder/utils/test/llm-response-processor.test.ts [2m([22m[2m9 tests[22m[2m)[22m[32m 4[2mms[22m[39m
[33m@n8n/ai-workflow-builder:test: [0m [32m✓[39m src/code-builder/test/constants.test.ts [2m([22m[2m8 tests[22m[2m)[22m[32m 3[2mms[22m[39m
[33m@n8n/ai-workflow-builder:test: [0m [32m✓[39m src/prompts/chains/parameter-updater/test/utils.test.ts [2m([22m[2m2 tests[22m[2m)[22m[32m 2[2mms[22m[39m
[33m@n8n/ai-workflow-builder:test: [0m [32m✓[39m evaluations/__tests__/trace-filters.test.ts [2m([22m[2m1 test[22m[2m)[22m[32m 3[2mms[22m[39m
[33m@n8n/ai-workflow-builder:test: [0m [32m✓[39m src/utils/test/data-table-helpers.test.ts [2m([22m[2m6 tests[22m[2m)[22m[32m 4[2mms[22m[39m
[33m@n8n/ai-workflow-builder:test: [0m [32m✓[39m evaluations/evaluators/pairwise/judge-panel.test.ts [2m([22m[2m1 test[22m[2m)[22m[32m 67[2mms[22m[39m
[33m@n8n/ai-workflow-builder:test: [0m [32m✓[39m src/tools/test/validate-configuration.tool.test.ts [2m([22m[2m5 tests[22m[2m)[22m[32m 10[2mms[22m[39m
[33m@n8n/ai-workflow-builder:test: [0m [32m✓[39m src/validation/checks/connections.test.ts [2m([22m[2m2 tests[22m[2m)[22m[32m 4[2mms[22m[39m
[33m@n8n/ai-workflow-builder:test: [0m [32m✓[39m src/agents/test/planner.agent.test.ts [2m([22m[2m19 tests[22m[2m)[22m[32m 4[2mms[22m[39m
[33m@n8n/ai-workflow-builder:test: [0m [32m✓[39m src/prompts/agents/responder.prompt.test.ts [2m([22m[2m1 test[22m[2m)[22m[32m 2[2mms[22m[39m
[33m@n8n/ai-workflow-builder:test: [0m [32m✓[39m evaluations/__tests__/evaluators/response-matches-workflow-changes.test.ts [2m([22m[2m4 tests[22m[2m)[22m[32m 2[2mms[22m[39m
[33m@n8n/ai-workflow-builder:test: [0m [32m✓[39m evaluations/evaluators/binary-checks/__tests__/index.test.ts [2m([22m[2m5 tests[22m[2m)[22m[32m 6[2mms[22m[39m
[33m@n8n/ai-workflow-builder:test: [0m [32m✓[39m evaluations/evaluators/binary-checks/llm-checks/__tests__/create-llm-check.test.ts [2m([22m[2m1 test[22m[2m)[22m[32m 2[2mms[22m[39m
[33m@n8n/ai-workflow-builder:test: [0m [32m✓[39m src/agents/test/responder.agent.test.ts [2m([22m[2m3 tests[22m[2m)[22m[32m 3[2mms[22m[39m
[33m@n8n/ai-workflow-builder:test: [0m
[33m@n8n/ai-workflow-builder:test: [0m[2m Test Files [22m [1m[32m127 passed[39m[22m[90m (127)[39m
[33m@n8n/ai-workflow-builder:test: [0m[2m      Tests [22m [1m[32m2275 passed[39m[22m[2m | [22m[33m2 skipped[39m[90m (2277)[39m
[33m@n8n/ai-workflow-builder:test: [0m[2m   Start at [22m 13:37:23
[33m@n8n/ai-workflow-builder:test: [0m[2m   Duration [22m 9.13s[2m (transform 12.55s, setup 0ms, import 68.27s, tests 5.00s, environment 7ms)[22m
[33m@n8n/ai-workflow-builder:test: [0m
[34m@n8n/task-runner:test: [0mcache hit, replaying logs [2m239f6a11eaa5019e[0m
[34m@n8n/task-runner:test: [0m
[34m@n8n/task-runner:test: [0m> @n8n/task-runner@2.36.0 test /Users/romeobalta/work/n8n/worktrees/nudge-manual-builders-to-aia/packages/@n8n/task-runner
[34m@n8n/task-runner:test: [0m> vitest run
[34m@n8n/task-runner:test: [0m
[34m@n8n/task-runner:test: [0m
[34m@n8n/task-runner:test: [0m[1m[30m[46m RUN [49m[39m[22m [36mv4.1.9 [39m[90m/Users/romeobalta/work/n8n/worktrees/nudge-manual-builders-to-aia/packages/@n8n/task-runner[39m
[34m@n8n/task-runner:test: [0m
[34m@n8n/task-runner:test: [0m [32m✓[39m src/js-task-runner/errors/__tests__/execution-error.test.ts [2m([22m[2m3 tests[22m[2m)[22m[32m 4[2mms[22m[39m
[34m@n8n/task-runner:test: [0m [32m✓[39m src/js-task-runner/built-ins-parser/__tests__/built-ins-parser-state.test.ts [2m([22m[2m10 tests[22m[2m)[22m[32m 3[2mms[22m[39m
[34m@n8n/task-runner:test: [0m [32m✓[39m src/data-request/__tests__/data-request-response-reconstruct.test.ts [2m([22m[2m5 tests[22m[2m)[22m[32m 3[2mms[22m[39m
[34m@n8n/task-runner:test: [0m [32m✓[39m src/js-task-runner/__tests__/prototype-hardening.test.ts [2m([22m[2m3 tests[22m[2m)[22m[33m 368[2mms[22m[39m
[34m@n8n/task-runner:test: [0m [32m✓[39m src/__tests__/node-types.test.ts [2m([22m[2m8 tests[22m[2m)[22m[32m 3[2mms[22m[39m
[34m@n8n/task-runner:test: [0m [32m✓[39m src/__tests__/task-runner-sentry.test.ts [2m([22m[2m10 tests[22m[2m)[22m[32m 4[2mms[22m[39m
[34m@n8n/task-runner:test: [0m [32m✓[39m src/js-task-runner/__tests__/require-resolver.test.ts [2m([22m[2m22 tests[22m[2m)[22m[32m 201[2mms[22m[39m
[34m@n8n/task-runner:test: [0m [32m✓[39m src/js-task-runner/built-ins-parser/__tests__/built-ins-parser.test.ts [2m([22m[2m37 tests[22m[2m)[22m[32m 29[2mms[22m[39m
[34m@n8n/task-runner:test: [0m [32m✓[39m src/js-task-runner/__tests__/task-runner.test.ts [2m([22m[2m29 tests[22m[2m)[22m[32m 22[2mms[22m[39m
[34m@n8n/task-runner:test: [0m [32m✓[39m src/js-task-runner/__tests__/require-resolver-global-modules.test.ts [2m([22m[2m5 tests[22m[2m)[22m[33m 1875[2mms[22m[39m
[34m@n8n/task-runner:test: [0m(node:51230) [DEP0125] DeprecationWarning: The _stream_wrap module is deprecated.
[34m@n8n/task-runner:test: [0m(Use `node --trace-deprecation ...` to show where the warning was created)
[34m@n8n/task-runner:test: [0m(node:51230) [DEP0040] DeprecationWarning: The `punycode` module is deprecated. Please use a userland alternative instead.
[34m@n8n/task-runner:test: [0m(node:51230) [DEP0025] DeprecationWarning: sys is deprecated. Use util instead.
[34m@n8n/task-runner:test: [0m(node:51230) ExperimentalWarning: WASI is an experimental feature and might change at any time
[34m@n8n/task-runner:test: [0m [32m✓[39m src/js-task-runner/__tests__/js-task-runner.test.ts [2m([22m[2m583 tests[22m[2m)[22m[33m 2093[2mms[22m[39m
[34m@n8n/task-runner:test: [0m         [33m[2m✓[22m[39m should be able to require '@sentry/node' in runOnceForAllItems mode [33m 333[2mms[22m[39m
[34m@n8n/task-runner:test: [0m         [33m[2m✓[22m[39m should timeout long-running code [33m 1003[2mms[22m[39m
[34m@n8n/task-runner:test: [0m
[34m@n8n/task-runner:test: [0m[2m Test Files [22m [1m[32m11 passed[39m[22m[90m (11)[39m
[34m@n8n/task-runner:test: [0m[2m      Tests [22m [1m[32m715 passed[39m[22m[90m (715)[39m
[34m@n8n/task-runner:test: [0m[2m   Start at [22m 13:37:17
[34m@n8n/task-runner:test: [0m[2m   Duration [22m 4.26s[2m (transform 2.49s, setup 0ms, import 6.35s, tests 4.61s, environment 0ms)[22m
[34m@n8n/task-runner:test: [0m
[36mn8n-node-dev:test: [0mcache hit, replaying logs [2mc9611a6e4b279dcc[0m
[36mn8n-node-dev:test: [0m
[36mn8n-node-dev:test: [0m> n8n-node-dev@2.9.0 test /Users/romeobalta/work/n8n/worktrees/nudge-manual-builders-to-aia/packages/node-dev
[36mn8n-node-dev:test: [0m> node -e "process.exit(0)"
[36mn8n-node-dev:test: [0m
[35m@n8n/n8n-nodes-langchain:build: [0mcache hit, replaying logs [2ma06017f317348616[0m
[35m@n8n/n8n-nodes-langchain:build: [0m
[35m@n8n/n8n-nodes-langchain:build: [0m> @n8n/n8n-nodes-langchain@2.36.0 build /Users/romeobalta/work/n8n/worktrees/nudge-manual-builders-to-aia/packages/@n8n/nodes-langchain
[35m@n8n/n8n-nodes-langchain:build: [0m> tsc --build tsconfig.build.json && pnpm copy-nodes-json && tsc-alias -p tsconfig.build.json && pnpm n8n-copy-static-files && pnpm n8n-generate-metadata && pnpm n8n-generate-node-defs
[35m@n8n/n8n-nodes-langchain:build: [0m
[35m@n8n/n8n-nodes-langchain:build: [0m../../..                                 | [43m[30m WARN [39m[49m Unsupported engine: wanted: {"node":">=24.0.0"} (current: {"node":"v22.22.3","pnpm":"10.32.1"})
[35m@n8n/n8n-nodes-langchain:build: [0m../agents                                | [43m[30m WARN [39m[49m Unsupported engine: wanted: {"node":">=24.0.0"} (current: {"node":"v22.22.3","pnpm":"10.32.1"})
[35m@n8n/n8n-nodes-langchain:build: [0m../benchmark                             | [43m[30m WARN [39m[49m Unsupported engine: wanted: {"node":">=24.0.0"} (current: {"node":"v22.22.3","pnpm":"10.32.1"})
[35m@n8n/n8n-nodes-langchain:build: [0m../../cli                                | [43m[30m WARN [39m[49m Unsupported engine: wanted: {"node":">=24.0.0"} (current: {"node":"v22.22.3","pnpm":"10.32.1"})
[35m@n8n/n8n-nodes-langchain:build: [0m
[35m@n8n/n8n-nodes-langchain:build: [0m> @n8n/n8n-nodes-langchain@2.36.0 copy-nodes-json /Users/romeobalta/work/n8n/worktrees/nudge-manual-builders-to-aia/packages/@n8n/nodes-langchain
[35m@n8n/n8n-nodes-langchain:build: [0m> node ../../nodes-base/scripts/copy-nodes-json.js .
[35m@n8n/n8n-nodes-langchain:build: [0m
[35m@n8n/n8n-nodes-langchain:build: [0m../../..                                 | [43m[30m WARN [39m[49m Unsupported engine: wanted: {"node":">=24.0.0"} (current: {"node":"v22.22.3","pnpm":"10.32.1"})
[35m@n8n/n8n-nodes-langchain:build: [0m../agents                                | [43m[30m WARN [39m[49m Unsupported engine: wanted: {"node":">=24.0.0"} (current: {"node":"v22.22.3","pnpm":"10.32.1"})
[35m@n8n/n8n-nodes-langchain:build: [0m../benchmark                             | [43m[30m WARN [39m[49m Unsupported engine: wanted: {"node":">=24.0.0"} (current: {"node":"v22.22.3","pnpm":"10.32.1"})
[35m@n8n/n8n-nodes-langchain:build: [0m../../cli                                | [43m[30m WARN [39m[49m Unsupported engine: wanted: {"node":">=24.0.0"} (current: {"node":"v22.22.3","pnpm":"10.32.1"})
[35m@n8n/n8n-nodes-langchain:build: [0m../../..                                 | [43m[30m WARN [39m[49m Unsupported engine: wanted: {"node":">=24.0.0"} (current: {"node":"v22.22.3","pnpm":"10.32.1"})
[35m@n8n/n8n-nodes-langchain:build: [0m../agents                                | [43m[30m WARN [39m[49m Unsupported engine: wanted: {"node":">=24.0.0"} (current: {"node":"v22.22.3","pnpm":"10.32.1"})
[35m@n8n/n8n-nodes-langchain:build: [0m../benchmark                             | [43m[30m WARN [39m[49m Unsupported engine: wanted: {"node":">=24.0.0"} (current: {"node":"v22.22.3","pnpm":"10.32.1"})
[35m@n8n/n8n-nodes-langchain:build: [0m../../cli                                | [43m[30m WARN [39m[49m Unsupported engine: wanted: {"node":">=24.0.0"} (current: {"node":"v22.22.3","pnpm":"10.32.1"})
[35m@n8n/n8n-nodes-langchain:build: [0m../../..                                 | [43m[30m WARN [39m[49m Unsupported engine: wanted: {"node":">=24.0.0"} (current: {"node":"v22.22.3","pnpm":"10.32.1"})
[35m@n8n/n8n-nodes-langchain:build: [0m../agents                                | [43m[30m WARN [39m[49m Unsupported engine: wanted: {"node":">=24.0.0"} (current: {"node":"v22.22.3","pnpm":"10.32.1"})
[35m@n8n/n8n-nodes-langchain:build: [0m../benchmark                             | [43m[30m WARN [39m[49m Unsupported engine: wanted: {"node":">=24.0.0"} (current: {"node":"v22.22.3","pnpm":"10.32.1"})
[35m@n8n/n8n-nodes-langchain:build: [0m../../cli                                | [43m[30m WARN [39m[49m Unsupported engine: wanted: {"node":">=24.0.0"} (current: {"node":"v22.22.3","pnpm":"10.32.1"})
[35m@n8n/n8n-nodes-langchain:build: [0m../../..                                 | [43m[30m WARN [39m[49m Unsupported engine: wanted: {"node":">=24.0.0"} (current: {"node":"v22.22.3","pnpm":"10.32.1"})
[35m@n8n/n8n-nodes-langchain:build: [0m../agents                                | [43m[30m WARN [39m[49m Unsupported engine: wanted: {"node":">=24.0.0"} (current: {"node":"v22.22.3","pnpm":"10.32.1"})
[35m@n8n/n8n-nodes-langchain:build: [0m../benchmark                             | [43m[30m WARN [39m[49m Unsupported engine: wanted: {"node":">=24.0.0"} (current: {"node":"v22.22.3","pnpm":"10.32.1"})
[35m@n8n/n8n-nodes-langchain:build: [0m../../cli                                | [43m[30m WARN [39m[49m Unsupported engine: wanted: {"node":">=24.0.0"} (current: {"node":"v22.22.3","pnpm":"10.32.1"})
[35m@n8n/n8n-nodes-langchain:build: [0m../../..                                 | [43m[30m WARN [39m[49m Unsupported engine: wanted: {"node":">=24.0.0"} (current: {"node":"v22.22.3","pnpm":"10.32.1"})
[35m@n8n/n8n-nodes-langchain:build: [0m../agents                                | [43m[30m WARN [39m[49m Unsupported engine: wanted: {"node":">=24.0.0"} (current: {"node":"v22.22.3","pnpm":"10.32.1"})
[35m@n8n/n8n-nodes-langchain:build: [0m../benchmark                             | [43m[30m WARN [39m[49m Unsupported engine: wanted: {"node":">=24.0.0"} (current: {"node":"v22.22.3","pnpm":"10.32.1"})
[35m@n8n/n8n-nodes-langchain:build: [0m../../cli                                | [43m[30m WARN [39m[49m Unsupported engine: wanted: {"node":">=24.0.0"} (current: {"node":"v22.22.3","pnpm":"10.32.1"})
[35m@n8n/n8n-nodes-langchain:build: [0m../../..                                 | [43m[30m WARN [39m[49m Unsupported engine: wanted: {"node":">=24.0.0"} (current: {"node":"v22.22.3","pnpm":"10.32.1"})
[35m@n8n/n8n-nodes-langchain:build: [0m../agents                                | [43m[30m WARN [39m[49m Unsupported engine: wanted: {"node":">=24.0.0"} (current: {"node":"v22.22.3","pnpm":"10.32.1"})
[35m@n8n/n8n-nodes-langchain:build: [0m../benchmark                             | [43m[30m WARN [39m[49m Unsupported engine: wanted: {"node":">=24.0.0"} (current: {"node":"v22.22.3","pnpm":"10.32.1"})
[35m@n8n/n8n-nodes-langchain:build: [0m../../cli                                | [43m[30m WARN [39m[49m Unsupported engine: wanted: {"node":">=24.0.0"} (current: {"node":"v22.22.3","pnpm":"10.32.1"})
[35m@n8n/n8n-nodes-langchain:build: [0mNode definitions up to date (hash match), skipping generation.
[32m@n8n/node-engine-compatibility:build: [0mcache hit, replaying logs [2m2a695bace0aff646[0m
[32m@n8n/node-engine-compatibility:build: [0m
[32m@n8n/node-engine-compatibility:build: [0m> @n8n/node-engine-compatibility@0.4.0 build /Users/romeobalta/work/n8n/worktrees/nudge-manual-builders-to-aia/packages/@n8n/node-engine-compatibility
[32m@n8n/node-engine-compatibility:build: [0m> tsc -p tsconfig.build.json
[32m@n8n/node-engine-compatibility:build: [0m
[33m@n8n/db:test: [0mcache hit, replaying logs [2md646142955d49123[0m
[33m@n8n/db:test: [0m
[33m@n8n/db:test: [0m> @n8n/db@1.36.0 test /Users/romeobalta/work/n8n/worktrees/nudge-manual-builders-to-aia/packages/@n8n/db
[33m@n8n/db:test: [0m> pnpm gen:migration-index && vitest run
[33m@n8n/db:test: [0m
[33m@n8n/db:test: [0m../../..                                 | [43m[30m WARN [39m[49m Unsupported engine: wanted: {"node":">=24.0.0"} (current: {"node":"v22.22.3","pnpm":"10.32.1"})
[33m@n8n/db:test: [0m../agents                                | [43m[30m WARN [39m[49m Unsupported engine: wanted: {"node":">=24.0.0"} (current: {"node":"v22.22.3","pnpm":"10.32.1"})
[33m@n8n/db:test: [0m../benchmark                             | [43m[30m WARN [39m[49m Unsupported engine: wanted: {"node":">=24.0.0"} (current: {"node":"v22.22.3","pnpm":"10.32.1"})
[33m@n8n/db:test: [0m../../cli                                | [43m[30m WARN [39m[49m Unsupported engine: wanted: {"node":">=24.0.0"} (current: {"node":"v22.22.3","pnpm":"10.32.1"})
[33m@n8n/db:test: [0m
[33m@n8n/db:test: [0m> @n8n/db@1.36.0 gen:migration-index /Users/romeobalta/work/n8n/worktrees/nudge-manual-builders-to-aia/packages/@n8n/db
[33m@n8n/db:test: [0m> node scripts/generate-migration-index.mjs
[33m@n8n/db:test: [0m
[33m@n8n/db:test: [0mgenerated src/migrations/{sqlite,postgresdb}/index.ts
[33m@n8n/db:test: [0m
[33m@n8n/db:test: [0m[1m[30m[46m RUN [49m[39m[22m [36mv4.1.9 [39m[90m/Users/romeobalta/work/n8n/worktrees/nudge-manual-builders-to-aia/packages/@n8n/db[39m
[33m@n8n/db:test: [0m
[33m@n8n/db:test: [0m [32m✓[39m src/connection/__tests__/db-connection-monitor.recovery.postgres.test.ts [2m([22m[2m5 tests[22m[2m | [22m[33m5 skipped[39m[2m)[22m[32m 5[2mms[22m[39m
[33m@n8n/db:test: [0m [32m✓[39m src/connection/__tests__/db-connection-monitor.test.ts [2m([22m[2m72 tests[22m[2m)[22m[32m 81[2mms[22m[39m
[33m@n8n/db:test: [0m [32m✓[39m src/repositories/__tests__/evaluation-collection.repository.test.ts [2m([22m[2m18 tests[22m[2m)[22m[32m 5[2mms[22m[39m
[33m@n8n/db:test: [0m [32m✓[39m src/services/__tests__/db-lock.service.test.ts [2m([22m[2m28 tests[22m[2m)[22m[32m 12[2mms[22m[39m
[33m@n8n/db:test: [0m [32m✓[39m src/repositories/__tests__/workflow-review-request.repository.test.ts [2m([22m[2m31 tests[22m[2m)[22m[32m 15[2mms[22m[39m
[33m@n8n/db:test: [0m [32m✓[39m src/migrations/dsl/__tests__/enum-check.test.ts [2m([22m[2m15 tests[22m[2m)[22m[32m 6[2mms[22m[39m
[33m@n8n/db:test: [0m [32m✓[39m src/repositories/__tests__/evaluation-config.repository.test.ts [2m([22m[2m11 tests[22m[2m)[22m[32m 5[2mms[22m[39m
[33m@n8n/db:test: [0m [32m✓[39m src/entities/__tests__/user.entity.test.ts [2m([22m[2m40 tests[22m[2m)[22m[32m 6[2mms[22m[39m
[33m@n8n/db:test: [0m [32m✓[39m src/repositories/__tests__/agent-eval-run.repository.test.ts [2m([22m[2m20 tests[22m[2m)[22m[32m 10[2mms[22m[39m
[33m@n8n/db:test: [0m [32m✓[39m src/repositories/__tests__/agent-eval-result.repository.test.ts [2m([22m[2m10 tests[22m[2m)[22m[32m 10[2mms[22m[39m
[33m@n8n/db:test: [0m [32m✓[39m src/repositories/__tests__/scheduled-job.repository.test.ts [2m([22m[2m17 tests[22m[2m)[22m[32m 7[2mms[22m[39m
[33m@n8n/db:test: [0m [32m✓[39m src/repositories/__tests__/execution.repository.test.ts [2m([22m[2m32 tests[22m[2m)[22m[32m 21[2mms[22m[39m
[33m@n8n/db:test: [0m [32m✓[39m src/utils/__tests__/apply-workflow-boolean-setting-filter.test.ts [2m([22m[2m11 tests[22m[2m)[22m[32m 8[2mms[22m[39m
[33m@n8n/db:test: [0m [32m✓[39m src/repositories/__tests__/credentials.repository.test.ts [2m([22m[2m11 tests[22m[2m)[22m[32m 7[2mms[22m[39m
[33m@n8n/db:test: [0m [32m✓[39m src/repositories/__tests__/workflow.repository.test.ts [2m([22m[2m34 tests[22m[2m)[22m[32m 22[2mms[22m[39m
[33m@n8n/db:test: [0m [32m✓[39m src/utils/validators/__tests__/no-xss.validator.test.ts [2m([22m[2m18 tests[22m[2m)[22m[32m 6[2mms[22m[39m
[33m@n8n/db:test: [0m [32m✓[39m src/repositories/__tests__/credential-dependency.repository.test.ts [2m([22m[2m8 tests[22m[2m)[22m[32m 6[2mms[22m[39m
[33m@n8n/db:test: [0m [32m✓[39m src/utils/__tests__/dialect-time.test.ts [2m([22m[2m12 tests[22m[2m)[22m[32m 4[2mms[22m[39m
[33m@n8n/db:test: [0m [32m✓[39m src/repositories/__tests__/agent-eval-dataset.repository.test.ts [2m([22m[2m11 tests[22m[2m)[22m[32m 7[2mms[22m[39m
[33m@n8n/db:test: [0m [32m✓[39m src/services/__tests__/typeorm-transaction.test.ts [2m([22m[2m10 tests[22m[2m)[22m[32m 5[2mms[22m[39m
[33m@n8n/db:test: [0m [32m✓[39m src/connection/__tests__/postgres-version-policy.test.ts [2m([22m[2m10 tests[22m[2m)[22m[32m 3[2mms[22m[39m
[33m@n8n/db:test: [0m [32m✓[39m src/repositories/__tests__/agent-eval-rating.repository.test.ts [2m([22m[2m5 tests[22m[2m)[22m[32m 4[2mms[22m[39m
[33m@n8n/db:test: [0m [32m✓[39m src/repositories/__tests__/workflow-review-request-workflow.repository.test.ts [2m([22m[2m6 tests[22m[2m)[22m[32m 4[2mms[22m[39m
[33m@n8n/db:test: [0m [32m✓[39m src/repositories/__tests__/instance-credential-assignment.repository.test.ts [2m([22m[2m6 tests[22m[2m)[22m[32m 5[2mms[22m[39m
[33m@n8n/db:test: [0m [32m✓[39m src/utils/__tests__/is-unique-constraint-error.test.ts [2m([22m[2m8 tests[22m[2m)[22m[32m 2[2mms[22m[39m
[33m@n8n/db:test: [0m [32m✓[39m src/migrations/migration-registry.test.ts [2m([22m[2m3 tests[22m[2m)[22m[32m 5[2mms[22m[39m
[33m@n8n/db:test: [0m [32m✓[39m src/repositories/__tests__/shared-workflow.repository.test.ts [2m([22m[2m5 tests[22m[2m)[22m[32m 5[2mms[22m[39m
[33m@n8n/db:test: [0m [32m✓[39m src/utils/__tests__/get-test-run-final-result.ee.test.ts [2m([22m[2m4 tests[22m[2m)[22m[32m 2[2mms[22m[39m
[33m@n8n/db:test: [0m [32m✓[39m src/connection/__tests__/db-pool-stats.test.ts [2m([22m[2m4 tests[22m[2m)[22m[32m 4[2mms[22m[39m
[33m@n8n/db:test: [0m [32m✓[39m src/entities/__tests__/types-db.test.ts [2m([22m[2m23 tests[22m[2m)[22m[32m 3[2mms[22m[39m
[33m@n8n/db:test: [0m [32m✓[39m src/repositories/__tests__/shared-credentials.repository.test.ts [2m([22m[2m4 tests[22m[2m)[22m[32m 6[2mms[22m[39m
[33m@n8n/db:test: [0m [32m✓[39m src/repositories/__tests__/workflow-review-request-author.repository.test.ts [2m([22m[2m3 tests[22m[2m)[22m[32m 8[2mms[22m[39m
[33m@n8n/db:test: [0m [32m✓[39m src/repositories/__tests__/secrets-provider-connection.repository.ee.test.ts [2m([22m[2m6 tests[22m[2m)[22m[32m 4[2mms[22m[39m
[33m@n8n/db:test: [0m [32m✓[39m src/utils/validators/__tests__/no-url.validator.test.ts [2m([22m[2m3 tests[22m[2m)[22m[32m 4[2mms[22m[39m
[33m@n8n/db:test: [0m [32m✓[39m src/utils/__tests__/list-query-sort.test.ts [2m([22m[2m6 tests[22m[2m)[22m[32m 3[2mms[22m[39m
[33m@n8n/db:test: [0m [32m✓[39m src/connection/__tests__/backoff.test.ts [2m([22m[2m3 tests[22m[2m)[22m[32m 3[2mms[22m[39m
[33m@n8n/db:test: [0m [32m✓[39m src/repositories/__tests__/workflow-review-request-reviewer.repository.test.ts [2m([22m[2m2 tests[22m[2m)[22m[32m 5[2mms[22m[39m
[33m@n8n/db:test: [0m [32m✓[39m src/repositories/__tests__/scheduled-task.repository.test.ts [2m([22m[2m2 tests[22m[2m)[22m[32m 2[2mms[22m[39m
[33m@n8n/db:test: [0m [32m✓[39m src/repositories/__tests__/workflow-statistics.repository.test.ts [2m([22m[2m2 tests[22m[2m)[22m[32m 2[2mms[22m[39m
[33m@n8n/db:test: [0m [32m✓[39m src/repositories/__tests__/settings.repository.test.ts [2m([22m[2m1 test[22m[2m)[22m[32m 4[2mms[22m[39m
[33m@n8n/db:test: [0m [32m✓[39m src/connection/__tests__/db-connection-options.test.ts [2m([22m[2m10 tests[22m[2m)[22m[32m 4[2mms[22m[39m
[33m@n8n/db:test: [0m [32m✓[39m src/connection/__tests__/db-connection.test.ts [2m([22m[2m28 tests[22m[2m)[22m[32m 19[2mms[22m[39m
[33m@n8n/db:test: [0m [32m✓[39m src/migrations/migration-helpers.test.ts [2m([22m[2m1 test[22m[2m)[22m[32m 66[2mms[22m[39m
[33m@n8n/db:test: [0m
[33m@n8n/db:test: [0m[2m Test Files [22m [1m[32m43 passed[39m[22m[90m (43)[39m
[33m@n8n/db:test: [0m[2m      Tests [22m [1m[32m554 passed[39m[22m[2m | [22m[33m5 skipped[39m[90m (559)[39m
[33m@n8n/db:test: [0m[2m   Start at [22m 13:37:33
[33m@n8n/db:test: [0m[2m   Duration [22m 14.92s[2m (transform 84.50s, setup 0ms, import 151.74s, tests 416ms, environment 4ms)[22m
[33m@n8n/db:test: [0m
[34m@n8n/backend-test-utils:build: [0mcache hit, replaying logs [2mefe8eb948dd73da8[0m
[34m@n8n/backend-test-utils:build: [0m
[34m@n8n/backend-test-utils:build: [0m> @n8n/backend-test-utils@1.36.0 build /Users/romeobalta/work/n8n/worktrees/nudge-manual-builders-to-aia/packages/@n8n/backend-test-utils
[34m@n8n/backend-test-utils:build: [0m> tsc -p tsconfig.build.json
[34m@n8n/backend-test-utils:build: [0m
[36m@n8n/instance-ai:test: [0mcache hit, replaying logs [2m42d8addeb87ad4eb[0m
[36m@n8n/instance-ai:test: [0m
[36m@n8n/instance-ai:test: [0m> @n8n/instance-ai@1.21.0 test /Users/romeobalta/work/n8n/worktrees/nudge-manual-builders-to-aia/packages/@n8n/instance-ai
[36m@n8n/instance-ai:test: [0m> vitest run
[36m@n8n/instance-ai:test: [0m
[36m@n8n/instance-ai:test: [0m
[36m@n8n/instance-ai:test: [0m[1m[30m[46m RUN [49m[39m[22m [36mv4.1.9 [39m[90m/Users/romeobalta/work/n8n/worktrees/nudge-manual-builders-to-aia/packages/@n8n/instance-ai[39m
[36m@n8n/instance-ai:test: [0m
[36m@n8n/instance-ai:test: [0m [32m✓[39m src/runtime/__tests__/run-state-registry.test.ts [2m([22m[2m89 tests[22m[2m)[22m[32m 12[2mms[22m[39m
[36m@n8n/instance-ai:test: [0m [32m✓[39m evaluations/__tests__/langsmith-seed.test.ts [2m([22m[2m45 tests[22m[2m)[22m[32m 14[2mms[22m[39m
[36m@n8n/instance-ai:test: [0m [32m✓[39m src/tools/__tests__/data-tables.tool.test.ts [2m([22m[2m60 tests[22m[2m)[22m[32m 60[2mms[22m[39m
[36m@n8n/instance-ai:test: [0m [32m✓[39m src/tools/__tests__/credentials.tool.test.ts [2m([22m[2m78 tests[22m[2m)[22m[32m 51[2mms[22m[39m
[36m@n8n/instance-ai:test: [0m [32m✓[39m evaluations/__tests__/user-proxy.test.ts [2m([22m[2m66 tests[22m[2m)[22m[32m 12[2mms[22m[39m
[36m@n8n/instance-ai:test: [0m [32m✓[39m src/agent/__tests__/sanitize-mcp-schemas.test.ts [2m([22m[2m65 tests[22m[2m)[22m[32m 17[2mms[22m[39m
[36m@n8n/instance-ai:test: [0m [32m✓[39m src/planned-tasks/__tests__/planned-task-service.test.ts [2m([22m[2m54 tests[22m[2m)[22m[32m 14[2mms[22m[39m
[36m@n8n/instance-ai:test: [0m [32m✓[39m src/tools/workflows/__tests__/workflow-json-utils.test.ts [2m([22m[2m50 tests[22m[2m)[22m[32m 13[2mms[22m[39m
[36m@n8n/instance-ai:test: [0m [32m✓[39m src/tools/workflows/__tests__/validate-workflow.service.test.ts [2m([22m[2m43 tests[22m[2m)[22m[32m 16[2mms[22m[39m
[36m@n8n/instance-ai:test: [0m [32m✓[39m src/tracing/__tests__/langsmith-tracing.test.ts [2m([22m[2m55 tests[22m[2m)[22m[32m 43[2mms[22m[39m
[36m@n8n/instance-ai:test: [0m [32m✓[39m src/tools/evals/__tests__/evals.tool.test.ts [2m([22m[2m35 tests[22m[2m)[22m[32m 21[2mms[22m[39m
[36m@n8n/instance-ai:test: [0m [32m✓[39m src/tools/workflows/__tests__/resolve-credentials.test.ts [2m([22m[2m66 tests[22m[2m)[22m[32m 29[2mms[22m[39m
[36m@n8n/instance-ai:test: [0m [32m✓[39m src/tools/workflows/__tests__/setup-workflow.service.test.ts [2m([22m[2m99 tests[22m[2m)[22m[32m 48[2mms[22m[39m
[36m@n8n/instance-ai:test: [0m [32m✓[39m evaluations/__tests__/event-parser.test.ts [2m([22m[2m46 tests[22m[2m)[22m[32m 11[2mms[22m[39m
[36m@n8n/instance-ai:test: [0m [32m✓[39m src/workflow-loop/__tests__/workflow-loop-controller.test.ts [2m([22m[2m38 tests[22m[2m)[22m[32m 11[2mms[22m[39m
[36m@n8n/instance-ai:test: [0m [32m✓[39m src/tools/orchestration/__tests__/verify-built-workflow.tool.test.ts [2m([22m[2m45 tests[22m[2m)[22m[32m 39[2mms[22m[39m
[36m@n8n/instance-ai:test: [0m [32m✓[39m evaluations/__tests__/comparison-format.test.ts [2m([22m[2m33 tests[22m[2m)[22m[32m 22[2mms[22m[39m
[36m@n8n/instance-ai:test: [0m [32m✓[39m src/tools/orchestration/__tests__/build-agent.tool.test.ts [2m([22m[2m99 tests[22m[2m)[22m[32m 104[2mms[22m[39m
[36m@n8n/instance-ai:test: [0m [32m✓[39m src/tools/__tests__/workflows.tool.test.ts [2m([22m[2m109 tests[22m[2m)[22m[32m 275[2mms[22m[39m
[36m@n8n/instance-ai:test: [0m [32m✓[39m src/tools/__tests__/research.tool.test.ts [2m([22m[2m32 tests[22m[2m)[22m[32m 51[2mms[22m[39m
[36m@n8n/instance-ai:test: [0m [32m✓[39m src/tools/__tests__/executions.tool.test.ts [2m([22m[2m34 tests[22m[2m)[22m[32m 87[2mms[22m[39m
[36m@n8n/instance-ai:test: [0m [32m✓[39m src/runtime/__tests__/background-task-manager.test.ts [2m([22m[2m40 tests[22m[2m)[22m[32m 87[2mms[22m[39m
[36m@n8n/instance-ai:test: [0m [32m✓[39m src/workspace/__tests__/builder-templates-service.test.ts [2m([22m[2m30 tests[22m[2m)[22m[33m 480[2mms[22m[39m
[36m@n8n/instance-ai:test: [0m [32m✓[39m src/skills/__tests__/runtime-skills.test.ts [2m([22m[2m18 tests[22m[2m)[22m[32m 225[2mms[22m[39m
[36m@n8n/instance-ai:test: [0m [32m✓[39m src/parsers/__tests__/structured-file-parser.test.ts [2m([22m[2m73 tests[22m[2m)[22m[32m 68[2mms[22m[39m
[36m@n8n/instance-ai:test: [0m [32m✓[39m src/tools/workflows/__tests__/build-workflow.tool.test.ts [2m([22m[2m58 tests[22m[2m)[22m[33m 634[2mms[22m[39m
[36m@n8n/instance-ai:test: [0m     [33m[2m✓[22m[39m warns when a chat-model node uses a provider without a stored credential while another LLM credential exists [33m 516[2mms[22m[39m
[36m@n8n/instance-ai:test: [0m [32m✓[39m evaluations/discovery/__tests__/expected-tools-invoked.test.ts [2m([22m[2m42 tests[22m[2m)[22m[32m 6[2mms[22m[39m
[36m@n8n/instance-ai:test: [0m [32m✓[39m src/agent/__tests__/instance-agent.test.ts [2m([22m[2m25 tests[22m[2m)[22m[32m 53[2mms[22m[39m
[36m@n8n/instance-ai:test: [0m [32m✓[39m src/tools/evals/__tests__/generate-sample-rows.service.test.ts [2m([22m[2m34 tests[22m[2m)[22m[32m 12[2mms[22m[39m
[36m@n8n/instance-ai:test: [0m [32m✓[39m evaluations/__tests__/conversation-seed.test.ts [2m([22m[2m46 tests[22m[2m)[22m[32m 20[2mms[22m[39m
[36m@n8n/instance-ai:test: [0m [32m✓[39m evaluations/__tests__/comparison-gate.test.ts [2m([22m[2m20 tests[22m[2m)[22m[32m 15[2mms[22m[39m
[36m@n8n/instance-ai:test: [0m [32m✓[39m evaluations/__tests__/data-workflows-schema.test.ts [2m([22m[2m63 tests[22m[2m)[22m[32m 15[2mms[22m[39m
[36m@n8n/instance-ai:test: [0m [32m✓[39m src/runtime/__tests__/resumable-stream-executor.test.ts [2m([22m[2m16 tests[22m[2m)[22m[32m 24[2mms[22m[39m
[36m@n8n/instance-ai:test: [0m [32m✓[39m src/stream/__tests__/map-chunk.test.ts [2m([22m[2m37 tests[22m[2m)[22m[32m 7[2mms[22m[39m
[36m@n8n/instance-ai:test: [0m [32m✓[39m src/workspace/template-telemetry.test.ts [2m([22m[2m34 tests[22m[2m)[22m[32m 10[2mms[22m[39m
[36m@n8n/instance-ai:test: [0m [32m✓[39m src/workspace/__tests__/sandbox-setup.test.ts [2m([22m[2m18 tests[22m[2m)[22m[32m 271[2mms[22m[39m
[36m@n8n/instance-ai:test: [0m [32m✓[39m src/tools/filesystem/__tests__/create-tools-from-mcp-server.test.ts [2m([22m[2m30 tests[22m[2m)[22m[33m 350[2mms[22m[39m
[36m@n8n/instance-ai:test: [0m       [33m[2m✓[22m[39m reports success when browser_create_credential succeeds [33m 332[2mms[22m[39m
[36m@n8n/instance-ai:test: [0m [32m✓[39m src/tools/mcp-servers.tool.test.ts [2m([22m[2m39 tests[22m[2m)[22m[32m 17[2mms[22m[39m
[36m@n8n/instance-ai:test: [0m [32m✓[39m src/tracing/__tests__/trace-replay.test.ts [2m([22m[2m40 tests[22m[2m)[22m[32m 13[2mms[22m[39m
[36m@n8n/instance-ai:test: [0m [32m✓[39m src/tools/orchestration/__tests__/plan.tool.test.ts [2m([22m[2m19 tests[22m[2m)[22m[32m 43[2mms[22m[39m
[36m@n8n/instance-ai:test: [0m [32m✓[39m src/mcp/__tests__/mcp-client-manager.test.ts [2m([22m[2m27 tests[22m[2m)[22m[32m 31[2mms[22m[39m
[36m@n8n/instance-ai:test: [0m [32m✓[39m src/tools/orchestration/__tests__/agent-target-binding.test.ts [2m([22m[2m26 tests[22m[2m)[22m[32m 36[2mms[22m[39m
[36m@n8n/instance-ai:test: [0m [32m✓[39m evaluations/binaryChecks/checks/secrets-use-credentials-not-parameters.test.ts [2m([22m[2m25 tests[22m[2m)[22m[32m 8[2mms[22m[39m
[36m@n8n/instance-ai:test: [0m [32m✓[39m evaluations/__tests__/verification-artifact.test.ts [2m([22m[2m14 tests[22m[2m)[22m[32m 11[2mms[22m[39m
[36m@n8n/instance-ai:test: [0m [32m✓[39m src/tools/orchestration/__tests__/build-agent.cascade-restart.test.ts [2m([22m[2m1 test[22m[2m)[22m[33m 951[2mms[22m[39m
[36m@n8n/instance-ai:test: [0m     [33m[2m✓[22m[39m survives restarts across a builder question and a chained target approval [33m 950[2mms[22m[39m
[36m@n8n/instance-ai:test: [0m [32m✓[39m src/tools/workflows/__tests__/plan-verification-simulation.test.ts [2m([22m[2m14 tests[22m[2m)[22m[32m 22[2mms[22m[39m
[36m@n8n/instance-ai:test: [0m [32m✓[39m src/tools/orchestration/__tests__/eval-data-agent.tool.test.ts [2m([22m[2m14 tests[22m[2m)[22m[32m 35[2mms[22m[39m
[36m@n8n/instance-ai:test: [0m [32m✓[39m src/tools/__tests__/n8n-docs.tool.test.ts [2m([22m[2m18 tests[22m[2m)[22m[32m 56[2mms[22m[39m
[36m@n8n/instance-ai:test: [0m [32m✓[39m evaluations/__tests__/credential-setup-checks.test.ts [2m([22m[2m29 tests[22m[2m)[22m[32m 14[2mms[22m[39m
[36m@n8n/instance-ai:test: [0m [32m✓[39m src/workflow-loop/__tests__/verification-obligation.test.ts [2m([22m[2m21 tests[22m[2m)[22m[32m 6[2mms[22m[39m
[36m@n8n/instance-ai:test: [0m [32m✓[39m evaluations/__tests__/transcript-from-events.test.ts [2m([22m[2m22 tests[22m[2m)[22m[32m 10[2mms[22m[39m
[36m@n8n/instance-ai:test: [0m [32m✓[39m src/__tests__/index.test.ts [2m([22m[2m2 tests[22m[2m)[22m[33m 1240[2mms[22m[39m
[36m@n8n/instance-ai:test: [0m     [33m[2m✓[22m[39m exposes representative lazy exports without invoking them [33m 1237[2mms[22m[39m
[36m@n8n/instance-ai:test: [0m [32m✓[39m evaluations/__tests__/reshape.test.ts [2m([22m[2m20 tests[22m[2m)[22m[32m 8[2mms[22m[39m
[36m@n8n/instance-ai:test: [0m [32m✓[39m evaluations/__tests__/build-orchestrator.test.ts [2m([22m[2m33 tests[22m[2m)[22m[32m 17[2mms[22m[39m
[36m@n8n/instance-ai:test: [0m [32m✓[39m src/workflow-loop/__tests__/guidance.test.ts [2m([22m[2m28 tests[22m[2m)[22m[32m 5[2mms[22m[39m
[36m@n8n/instance-ai:test: [0m [32m✓[39m src/agent/__tests__/computer-use-prompt.test.ts [2m([22m[2m40 tests[22m[2m)[22m[32m 5[2mms[22m[39m
[36m@n8n/instance-ai:test: [0m [32m✓[39m evaluations/__tests__/dataset-sync.test.ts [2m([22m[2m13 tests[22m[2m)[22m[32m 21[2mms[22m[39m
[36m@n8n/instance-ai:test: [0m [32m✓[39m evaluations/__tests__/build-workflow-conversation-seed.test.ts [2m([22m[2m14 tests[22m[2m)[22m[32m 271[2mms[22m[39m
[36m@n8n/instance-ai:test: [0m [32m✓[39m evaluations/__tests__/langtracer-push.test.ts [2m([22m[2m32 tests[22m[2m)[22m[32m 8[2mms[22m[39m
[36m@n8n/instance-ai:test: [0m [32m✓[39m src/tools/orchestration/__tests__/report-verification-verdict.tool.test.ts [2m([22m[2m11 tests[22m[2m)[22m[32m 9[2mms[22m[39m
[36m@n8n/instance-ai:test: [0m [32m✓[39m src/workspace/__tests__/workspace-files.test.ts [2m([22m[2m21 tests[22m[2m)[22m[32m 64[2mms[22m[39m
[36m@n8n/instance-ai:test: [0m [32m✓[39m src/tools/workflows/__tests__/reconcile-simulation-plan.test.ts [2m([22m[2m11 tests[22m[2m)[22m[32m 14[2mms[22m[39m
[36m@n8n/instance-ai:test: [0m [32m✓[39m evaluations/__tests__/checklist-verifier.test.ts [2m([22m[2m10 tests[22m[2m)[22m[32m 48[2mms[22m[39m
[36m@n8n/instance-ai:test: [0m [32m✓[39m evaluations/computer-use/__tests__/graders-trace.test.ts [2m([22m[2m30 tests[22m[2m)[22m[32m 9[2mms[22m[39m
[36m@n8n/instance-ai:test: [0m [32m✓[39m src/stream/__tests__/output-redaction.test.ts [2m([22m[2m17 tests[22m[2m)[22m[32m 15[2mms[22m[39m
[36m@n8n/instance-ai:test: [0m [32m✓[39m src/skills/__tests__/materialize-runtime-skills.test.ts [2m([22m[2m9 tests[22m[2m)[22m[32m 68[2mms[22m[39m
[36m@n8n/instance-ai:test: [0m [32m✓[39m src/tools/workflows/__tests__/chat-model-validation.test.ts [2m([22m[2m14 tests[22m[2m)[22m[32m 11[2mms[22m[39m
[36m@n8n/instance-ai:test: [0m [32m✓[39m src/storage/__tests__/workflow-loop-storage.test.ts [2m([22m[2m15 tests[22m[2m)[22m[32m 8[2mms[22m[39m
[36m@n8n/instance-ai:test: [0m [32m✓[39m src/tools/__tests__/nodes.tool.test.ts [2m([22m[2m17 tests[22m[2m)[22m[32m 12[2mms[22m[39m
[36m@n8n/instance-ai:test: [0m [32m✓[39m evaluations/__tests__/redact.test.ts [2m([22m[2m33 tests[22m[2m)[22m[32m 78[2mms[22m[39m
[36m@n8n/instance-ai:test: [0m [32m✓[39m src/tools/workflows/__tests__/generate-simulation-fixtures.service.test.ts [2m([22m[2m17 tests[22m[2m)[22m[32m 11[2mms[22m[39m
[36m@n8n/instance-ai:test: [0m [32m✓[39m src/workspace/__tests__/create-workspace.test.ts [2m([22m[2m14 tests[22m[2m)[22m[32m 11[2mms[22m[39m
[36m@n8n/instance-ai:test: [0m [32m✓[39m evaluations/__tests__/fetch-baseline.test.ts [2m([22m[2m16 tests[22m[2m)[22m[32m 27[2mms[22m[39m
[36m@n8n/instance-ai:test: [0m [32m✓[39m src/tools/evals/__tests__/detect-agent-named-refs.service.test.ts [2m([22m[2m15 tests[22m[2m)[22m[32m 25[2mms[22m[39m
[36m@n8n/instance-ai:test: [0m [32m✓[39m src/tools/evals/__tests__/extract-rows-from-history.service.test.ts [2m([22m[2m10 tests[22m[2m)[22m[32m 27[2mms[22m[39m
[36m@n8n/instance-ai:test: [0m [32m✓[39m evaluations/__tests__/mcp-builder.test.ts [2m([22m[2m28 tests[22m[2m)[22m[32m 31[2mms[22m[39m
[36m@n8n/instance-ai:test: [0m [32m✓[39m src/workspace/__tests__/snapshot-manager.test.ts [2m([22m[2m14 tests[22m[2m)[22m[33m 424[2mms[22m[39m
[36m@n8n/instance-ai:test: [0m [32m✓[39m evaluations/__tests__/args.test.ts [2m([22m[2m44 tests[22m[2m)[22m[32m 26[2mms[22m[39m
[36m@n8n/instance-ai:test: [0m [32m✓[39m evaluations/__tests__/case-pipeline.test.ts [2m([22m[2m14 tests[22m[2m)[22m[33m 707[2mms[22m[39m
[36m@n8n/instance-ai:test: [0m     [33m[2m✓[22m[39m retries a transient scenario-execution error before giving up [33m 507[2mms[22m[39m
[36m@n8n/instance-ai:test: [0m [32m✓[39m src/tools/workflows/__tests__/classify-node-destructiveness.service.test.ts [2m([22m[2m19 tests[22m[2m)[22m[32m 13[2mms[22m[39m
[36m@n8n/instance-ai:test: [0m [32m✓[39m src/tools/evals/__tests__/eval-data-requirements.service.test.ts [2m([22m[2m9 tests[22m[2m)[22m[32m 7[2mms[22m[39m
[36m@n8n/instance-ai:test: [0m [32m✓[39m evaluations/__tests__/comparison-compare.test.ts [2m([22m[2m16 tests[22m[2m)[22m[32m 24[2mms[22m[39m
[36m@n8n/instance-ai:test: [0m [32m✓[39m src/runtime/__tests__/terminal-response-guard.test.ts [2m([22m[2m24 tests[22m[2m)[22m[32m 5[2mms[22m[39m
[36m@n8n/instance-ai:test: [0m [32m✓[39m src/tools/orchestration/__tests__/complete-checkpoint.tool.test.ts [2m([22m[2m12 tests[22m[2m)[22m[32m 7[2mms[22m[39m
[36m@n8n/instance-ai:test: [0m [32m✓[39m src/tools/workflows/__tests__/workflow-source-compiler.test.ts [2m([22m[2m13 tests[22m[2m)[22m[32m 8[2mms[22m[39m
[36m@n8n/instance-ai:test: [0m [32m✓[39m src/tools/orchestration/verification/__tests__/analyze-result.test.ts [2m([22m[2m12 tests[22m[2m)[22m[32m 8[2mms[22m[39m
[36m@n8n/instance-ai:test: [0m [32m✓[39m evaluations/__tests__/conversation-text.test.ts [2m([22m[2m23 tests[22m[2m)[22m[32m 6[2mms[22m[39m
[36m@n8n/instance-ai:test: [0m [32m✓[39m evaluations/__tests__/scenario-seed-tables.test.ts [2m([22m[2m21 tests[22m[2m)[22m[32m 9[2mms[22m[39m
[36m@n8n/instance-ai:test: [0m [32m✓[39m src/knowledge-base/__tests__/materialize-knowledge-base.test.ts [2m([22m[2m6 tests[22m[2m)[22m[32m 127[2mms[22m[39m
[36m@n8n/instance-ai:test: [0m [32m✓[39m src/tools/evals/__tests__/eval-config.tool.test.ts [2m([22m[2m13 tests[22m[2m)[22m[32m 27[2mms[22m[39m
[36m@n8n/instance-ai:test: [0m [32m✓[39m evaluations/__tests__/relay-connection.test.ts [2m([22m[2m23 tests[22m[2m)[22m[32m 16[2mms[22m[39m
[36m@n8n/instance-ai:test: [0m [32m✓[39m src/tools/workflows/__tests__/workflow-node-diff.test.ts [2m([22m[2m21 tests[22m[2m)[22m[32m 6[2mms[22m[39m
[36m@n8n/instance-ai:test: [0m [32m✓[39m src/tools/__tests__/index.test.ts [2m([22m[2m10 tests[22m[2m)[22m[32m 7[2mms[22m[39m
[36m@n8n/instance-ai:test: [0m [32m✓[39m evaluations/discovery/__tests__/confirmation-policy.test.ts [2m([22m[2m33 tests[22m[2m)[22m[32m 9[2mms[22m[39m
[36m@n8n/instance-ai:test: [0m [32m✓[39m evaluations/__tests__/aggregator.test.ts [2m([22m[2m11 tests[22m[2m)[22m[32m 11[2mms[22m[39m
[36m@n8n/instance-ai:test: [0m [32m✓[39m src/workspace/__tests__/sandbox-fs.test.ts [2m([22m[2m19 tests[22m[2m)[22m[32m 14[2mms[22m[39m
[36m@n8n/instance-ai:test: [0m [32m✓[39m evaluations/clients/__tests__/n8n-client.test.ts [2m([22m[2m13 tests[22m[2m)[22m[32m 9[2mms[22m[39m
[36m@n8n/instance-ai:test: [0m [32m✓[39m src/domain-access/__tests__/domain-gating.test.ts [2m([22m[2m26 tests[22m[2m)[22m[32m 12[2mms[22m[39m
[36m@n8n/instance-ai:test: [0m [32m✓[39m src/tools/__tests__/workspace.tool.test.ts [2m([22m[2m13 tests[22m[2m)[22m[32m 10[2mms[22m[39m
[36m@n8n/instance-ai:test: [0m [32m✓[39m src/tools/workflows/__tests__/detect-wrong-kind-locator.test.ts [2m([22m[2m18 tests[22m[2m)[22m[32m 4[2mms[22m[39m
[36m@n8n/instance-ai:test: [0m [32m✓[39m evaluations/__tests__/workflow-report.test.ts [2m([22m[2m11 tests[22m[2m)[22m[32m 27[2mms[22m[39m
[36m@n8n/instance-ai:test: [0m [32m✓[39m src/workspace/__tests__/lazy-runtime-workspace.test.ts [2m([22m[2m7 tests[22m[2m)[22m[32m 11[2mms[22m[39m
[36m@n8n/instance-ai:test: [0m [32m✓[39m evaluations/computer-use/__tests__/graders-llm.test.ts [2m([22m[2m12 tests[22m[2m)[22m[32m 15[2mms[22m[39m
[36m@n8n/instance-ai:test: [0m [32m✓[39m src/tools/workflows/__tests__/setup-skip-state.test.ts [2m([22m[2m18 tests[22m[2m)[22m[32m 5[2mms[22m[39m
[36m@n8n/instance-ai:test: [0m [32m✓[39m src/domain-access/__tests__/domain-access-tracker.test.ts [2m([22m[2m25 tests[22m[2m)[22m[32m 6[2mms[22m[39m
[36m@n8n/instance-ai:test: [0m [32m✓[39m src/tools/workflows/__tests__/wait-gate-script.test.ts [2m([22m[2m11 tests[22m[2m)[22m[32m 8[2mms[22m[39m
[36m@n8n/instance-ai:test: [0m [32m✓[39m src/tools/workflows/__tests__/write-sandbox-file.tool.test.ts [2m([22m[2m12 tests[22m[2m)[22m[32m 6[2mms[22m[39m
[36m@n8n/instance-ai:test: [0m [32m✓[39m evaluations/__tests__/eval-results-dispatcher-contract.test.ts [2m([22m[2m2 tests[22m[2m)[22m[32m 13[2mms[22m[39m
[36m@n8n/instance-ai:test: [0m [32m✓[39m src/parsers/__tests__/validate-attachments.test.ts [2m([22m[2m30 tests[22m[2m)[22m[32m 12[2mms[22m[39m
[36m@n8n/instance-ai:test: [0m [32m✓[39m src/agent/__tests__/system-prompt.discovery.test.ts [2m([22m[2m20 tests[22m[2m)[22m[32m 10[2mms[22m[39m
[36m@n8n/instance-ai:test: [0m [32m✓[39m src/debug/__tests__/run-debug-buffer.test.ts [2m([22m[2m12 tests[22m[2m)[22m[32m 11[2mms[22m[39m
[36m@n8n/instance-ai:test: [0m [32m✓[39m src/tools/evals/__tests__/format-eval-setup-task.test.ts [2m([22m[2m10 tests[22m[2m)[22m[32m 5[2mms[22m[39m
[36m@n8n/instance-ai:test: [0m [32m✓[39m src/agent/__tests__/sanitize-mcp-descriptions.test.ts [2m([22m[2m18 tests[22m[2m)[22m[32m 8[2mms[22m[39m
[36m@n8n/instance-ai:test: [0m [32m✓[39m src/tools/orchestration/__tests__/build-agent.target-registry.test.ts [2m([22m[2m4 tests[22m[2m)[22m[32m 9[2mms[22m[39m
[36m@n8n/instance-ai:test: [0m [32m✓[39m evaluations/__tests__/transient-error.test.ts [2m([22m[2m42 tests[22m[2m)[22m[32m 6[2mms[22m[39m
[36m@n8n/instance-ai:test: [0m [32m✓[39m src/tools/evals/__tests__/detect-tool-refs.service.test.ts [2m([22m[2m10 tests[22m[2m)[22m[32m 5[2mms[22m[39m
[36m@n8n/instance-ai:test: [0m [32m✓[39m evaluations/__tests__/langtracer-to-exported.test.ts [2m([22m[2m12 tests[22m[2m)[22m[32m 7[2mms[22m[39m
[36m@n8n/instance-ai:test: [0m [32m✓[39m src/workflow-loop/__tests__/workflow-task-service.test.ts [2m([22m[2m6 tests[22m[2m)[22m[32m 7[2mms[22m[39m
[36m@n8n/instance-ai:test: [0m [32m✓[39m evaluations/__tests__/data-workflows.test.ts [2m([22m[2m17 tests[22m[2m)[22m[32m 24[2mms[22m[39m
[36m@n8n/instance-ai:test: [0m [32m✓[39m src/tools/workflows/__tests__/preserve-node-positions.test.ts [2m([22m[2m10 tests[22m[2m)[22m[32m 9[2mms[22m[39m
[36m@n8n/instance-ai:test: [0m [32m✓[39m evaluations/__tests__/lane-users.test.ts [2m([22m[2m11 tests[22m[2m)[22m[32m 7[2mms[22m[39m
[36m@n8n/instance-ai:test: [0m [32m✓[39m src/tools/attachments/__tests__/parse-file.tool.test.ts [2m([22m[2m10 tests[22m[2m)[22m[32m 245[2mms[22m[39m
[36m@n8n/instance-ai:test: [0m [32m✓[39m evaluations/__tests__/prebuilt-workflows.test.ts [2m([22m[2m14 tests[22m[2m)[22m[32m 10[2mms[22m[39m
[36m@n8n/instance-ai:test: [0m [32m✓[39m src/runtime/__tests__/confirmation-payload.test.ts [2m([22m[2m31 tests[22m[2m)[22m[32m 6[2mms[22m[39m
[36m@n8n/instance-ai:test: [0m [32m✓[39m src/workspace/__tests__/prebaked-workspace-bundle.test.ts [2m([22m[2m6 tests[22m[2m)[22m[32m 4[2mms[22m[39m
[36m@n8n/instance-ai:test: [0m [32m✓[39m src/tracing/__tests__/agent-snapshot-event.test.ts [2m([22m[2m9 tests[22m[2m)[22m[32m 9[2mms[22m[39m
[36m@n8n/instance-ai:test: [0m [32m✓[39m evaluations/__tests__/build-cost-report.test.ts [2m([22m[2m14 tests[22m[2m)[22m[32m 8[2mms[22m[39m
[36m@n8n/instance-ai:test: [0m [32m✓[39m evaluations/__tests__/build-expectations-verifier.test.ts [2m([22m[2m9 tests[22m[2m)[22m[32m 7[2mms[22m[39m
[36m@n8n/instance-ai:test: [0m [32m✓[39m src/tools/__tests__/task-control.tool.test.ts [2m([22m[2m9 tests[22m[2m)[22m[32m 15[2mms[22m[39m
[36m@n8n/instance-ai:test: [0m [32m✓[39m evaluations/__tests__/lane-allocator.test.ts [2m([22m[2m11 tests[22m[2m)[22m[32m 22[2mms[22m[39m
[36m@n8n/instance-ai:test: [0m [32m✓[39m evaluations/__tests__/comparison-statistics.test.ts [2m([22m[2m23 tests[22m[2m)[22m[32m 9[2mms[22m[39m
[36m@n8n/instance-ai:test: [0m [32m✓[39m src/runtime/__tests__/stream-runner.test.ts [2m([22m[2m5 tests[22m[2m)[22m[32m 14[2mms[22m[39m
[36m@n8n/instance-ai:test: [0m [32m✓[39m src/tools/workflows/__tests__/observed-workflow-checksums.test.ts [2m([22m[2m10 tests[22m[2m)[22m[32m 7[2mms[22m[39m
[36m@n8n/instance-ai:test: [0m [32m✓[39m src/tools/workflows/__tests__/workflow-build-routing.test.ts [2m([22m[2m14 tests[22m[2m)[22m[32m 5[2mms[22m[39m
[36m@n8n/instance-ai:test: [0m [32m✓[39m src/stream/__tests__/usage-accumulator.test.ts [2m([22m[2m10 tests[22m[2m)[22m[32m 7[2mms[22m[39m
[36m@n8n/instance-ai:test: [0m [32m✓[39m src/utils/__tests__/eval-agents.test.ts [2m([22m[2m11 tests[22m[2m)[22m[32m 8[2mms[22m[39m
[36m@n8n/instance-ai:test: [0m [32m✓[39m evaluations/__tests__/select-expectations.test.ts [2m([22m[2m9 tests[22m[2m)[22m[32m 4[2mms[22m[39m
[36m@n8n/instance-ai:test: [0m [32m✓[39m src/tools/nodes/__tests__/preferred-chat-model.test.ts [2m([22m[2m16 tests[22m[2m)[22m[32m 5[2mms[22m[39m
[36m@n8n/instance-ai:test: [0m [32m✓[39m evaluations/binaryChecks/checks/code-node-no-http-requests.test.ts [2m([22m[2m11 tests[22m[2m)[22m[32m 6[2mms[22m[39m
[36m@n8n/instance-ai:test: [0m [32m✓[39m evaluations/binaryChecks/checks/item-flow-semantics.test.ts [2m([22m[2m6 tests[22m[2m)[22m[32m 4[2mms[22m[39m
[36m@n8n/instance-ai:test: [0m [32m✓[39m src/agent/__tests__/apply-agent-thinking.test.ts [2m([22m[2m18 tests[22m[2m)[22m[32m 6[2mms[22m[39m
[36m@n8n/instance-ai:test: [0m [32m✓[39m evaluations/__tests__/eval-artifact-output-dir.test.ts [2m([22m[2m10 tests[22m[2m)[22m[32m 46[2mms[22m[39m
[36m@n8n/instance-ai:test: [0m [32m✓[39m evaluations/__tests__/workflow-discovery.test.ts [2m([22m[2m8 tests[22m[2m)[22m[32m 5[2mms[22m[39m
[36m@n8n/instance-ai:test: [0m [32m✓[39m evaluations/__tests__/write-partial-results.test.ts [2m([22m[2m2 tests[22m[2m)[22m[32m 14[2mms[22m[39m
[36m@n8n/instance-ai:test: [0m [32m✓[39m evaluations/__tests__/sandbox-config.test.ts [2m([22m[2m13 tests[22m[2m)[22m[32m 7[2mms[22m[39m
[36m@n8n/instance-ai:test: [0m [32m✓[39m src/tools/evals/__tests__/generate-tool-ref-pin-data.service.test.ts [2m([22m[2m8 tests[22m[2m)[22m[32m 7[2mms[22m[39m
[36m@n8n/instance-ai:test: [0m [32m✓[39m evaluations/__tests__/assertion-judge.test.ts [2m([22m[2m7 tests[22m[2m)[22m[32m 5[2mms[22m[39m
[36m@n8n/instance-ai:test: [0m [32m✓[39m evaluations/__tests__/build-workflow-seed-cleanup.test.ts [2m([22m[2m5 tests[22m[2m)[22m[32m 16[2mms[22m[39m
[36m@n8n/instance-ai:test: [0m [32m✓[39m src/workflow-builder/__tests__/build-failure-tracker.test.ts [2m([22m[2m10 tests[22m[2m)[22m[32m 4[2mms[22m[39m
[36m@n8n/instance-ai:test: [0m [32m✓[39m src/tools/orchestration/verification/__tests__/scripted-gate-run.test.ts [2m([22m[2m4 tests[22m[2m)[22m[32m 5[2mms[22m[39m
[36m@n8n/instance-ai:test: [0m [32m✓[39m evaluations/__tests__/artifact-config-eval-handler.test.ts [2m([22m[2m5 tests[22m[2m)[22m[32m 27[2mms[22m[39m
[36m@n8n/instance-ai:test: [0m [32m✓[39m evaluations/__tests__/pair-records.test.ts [2m([22m[2m13 tests[22m[2m)[22m[32m 4[2mms[22m[39m
[36m@n8n/instance-ai:test: [0m [32m✓[39m src/tools/workflows/__tests__/get-as-code-node-identity.test.ts [2m([22m[2m5 tests[22m[2m)[22m[32m 21[2mms[22m[39m
[36m@n8n/instance-ai:test: [0m [32m✓[39m evaluations/__tests__/attribution.test.ts [2m([22m[2m16 tests[22m[2m)[22m[32m 5[2mms[22m[39m
[36m@n8n/instance-ai:test: [0m [32m✓[39m evaluations/__tests__/stub-services.test.ts [2m([22m[2m5 tests[22m[2m)[22m[32m 59[2mms[22m[39m
[36m@n8n/instance-ai:test: [0m [32m✓[39m src/tools/evals/__tests__/describe-metric-for-workflow.service.test.ts [2m([22m[2m11 tests[22m[2m)[22m[32m 5[2mms[22m[39m
[36m@n8n/instance-ai:test: [0m [32m✓[39m src/storage/__tests__/thread-iteration-log-storage.test.ts [2m([22m[2m8 tests[22m[2m)[22m[32m 8[2mms[22m[39m
[36m@n8n/instance-ai:test: [0m [32m✓[39m src/__tests__/binary-checks.test.ts [2m([22m[2m10 tests[22m[2m)[22m[32m 9[2mms[22m[39m
[36m@n8n/instance-ai:test: [0m [32m✓[39m src/tools/evals/__tests__/detect-ai-nodes.test.ts [2m([22m[2m11 tests[22m[2m)[22m[32m 5[2mms[22m[39m
[36m@n8n/instance-ai:test: [0m [32m✓[39m src/stream/__tests__/work-summary-accumulator.test.ts [2m([22m[2m9 tests[22m[2m)[22m[32m 5[2mms[22m[39m
[36m@n8n/instance-ai:test: [0m [32m✓[39m src/storage/__tests__/thread-patch.test.ts [2m([22m[2m9 tests[22m[2m)[22m[32m 6[2mms[22m[39m
[36m@n8n/instance-ai:test: [0m [32m✓[39m src/tools/workflows/__tests__/detect-unparseable-openai-schema.test.ts [2m([22m[2m10 tests[22m[2m)[22m[32m 4[2mms[22m[39m
[36m@n8n/instance-ai:test: [0m [32m✓[39m evaluations/__tests__/summary.test.ts [2m([22m[2m8 tests[22m[2m)[22m[32m 3[2mms[22m[39m
[36m@n8n/instance-ai:test: [0m [32m✓[39m evaluations/credentials/__tests__/seeder.test.ts [2m([22m[2m4 tests[22m[2m)[22m[32m 8[2mms[22m[39m
[36m@n8n/instance-ai:test: [0m [32m✓[39m evaluations/computer-use/__tests__/graders-fs.test.ts [2m([22m[2m11 tests[22m[2m)[22m[32m 103[2mms[22m[39m
[36m@n8n/instance-ai:test: [0m [32m✓[39m src/tools/orchestration/__tests__/eval-setup-agent.tools.test.ts [2m([22m[2m5 tests[22m[2m)[22m[32m 13[2mms[22m[39m
[36m@n8n/instance-ai:test: [0m [32m✓[39m src/tracing/__tests__/agent-snapshot-trace-fidelity.test.ts [2m([22m[2m2 tests[22m[2m)[22m[32m 34[2mms[22m[39m
[36m@n8n/instance-ai:test: [0m [32m✓[39m src/runtime/__tests__/liveness-policy.test.ts [2m([22m[2m8 tests[22m[2m)[22m[32m 6[2mms[22m[39m
[36m@n8n/instance-ai:test: [0m [32m✓[39m evaluations/__tests__/partial-results-abort.test.ts [2m([22m[2m4 tests[22m[2m)[22m[32m 5[2mms[22m[39m
[36m@n8n/instance-ai:test: [0m [32m✓[39m evaluations/__tests__/row-sink.test.ts [2m([22m[2m5 tests[22m[2m)[22m[32m 13[2mms[22m[39m
[36m@n8n/instance-ai:test: [0m [32m✓[39m src/storage/__tests__/planned-task-storage.test.ts [2m([22m[2m5 tests[22m[2m)[22m[32m 7[2mms[22m[39m
[36m@n8n/instance-ai:test: [0m [32m✓[39m src/tracing/__tests__/compiled-workflow-trace-fidelity.test.ts [2m([22m[2m2 tests[22m[2m)[22m[32m 8[2mms[22m[39m
[36m@n8n/instance-ai:test: [0m [32m✓[39m src/tools/workflows/__tests__/workflow-file-bindings.test.ts [2m([22m[2m5 tests[22m[2m)[22m[32m 4[2mms[22m[39m
[36m@n8n/instance-ai:test: [0m [32m✓[39m src/stream/__tests__/consume-with-hitl.test.ts [2m([22m[2m5 tests[22m[2m)[22m[32m 7[2mms[22m[39m
[36m@n8n/instance-ai:test: [0m [32m✓[39m evaluations/__tests__/cleanup-build.test.ts [2m([22m[2m7 tests[22m[2m)[22m[32m 9[2mms[22m[39m
[36m@n8n/instance-ai:test: [0m [32m✓[39m src/tools/orchestration/__tests__/get-session.tool.test.ts [2m([22m[2m5 tests[22m[2m)[22m[32m 8[2mms[22m[39m
[36m@n8n/instance-ai:test: [0m [32m✓[39m evaluations/__tests__/artifact-context.test.ts [2m([22m[2m4 tests[22m[2m)[22m[32m 4[2mms[22m[39m
[36m@n8n/instance-ai:test: [0m [32m✓[39m src/workspace/__tests__/snapshot-image-context.test.ts [2m([22m[2m6 tests[22m[2m)[22m[32m 138[2mms[22m[39m
[36m@n8n/instance-ai:test: [0m [32m✓[39m evaluations/__tests__/agent-report-rendering.test.ts [2m([22m[2m3 tests[22m[2m)[22m[32m 21[2mms[22m[39m
[36m@n8n/instance-ai:test: [0m [32m✓[39m src/utils/__tests__/stream-helpers.test.ts [2m([22m[2m16 tests[22m[2m)[22m[32m 6[2mms[22m[39m
[36m@n8n/instance-ai:test: [0m [32m✓[39m src/tools/evals/__tests__/create-empty-eval-data-table.test.ts [2m([22m[2m4 tests[22m[2m)[22m[32m 8[2mms[22m[39m
[36m@n8n/instance-ai:test: [0m [32m✓[39m src/tools/orchestration/__tests__/agent-preview-session-binding.test.ts [2m([22m[2m7 tests[22m[2m)[22m[32m 9[2mms[22m[39m
[36m@n8n/instance-ai:test: [0m [32m✓[39m evaluations/binaryChecks/checks/http-generic-auth-type-matches-prompt.test.ts [2m([22m[2m7 tests[22m[2m)[22m[32m 5[2mms[22m[39m
[36m@n8n/instance-ai:test: [0m [32m✓[39m src/tools/workflows/__tests__/credential-url-resolver.test.ts [2m([22m[2m14 tests[22m[2m)[22m[32m 5[2mms[22m[39m
[36m@n8n/instance-ai:test: [0m [32m✓[39m src/tools/orchestration/verification/__tests__/prepare-run.test.ts [2m([22m[2m6 tests[22m[2m)[22m[32m 4[2mms[22m[39m
[36m@n8n/instance-ai:test: [0m [32m✓[39m evaluations/utils/__tests__/llm-judge.test.ts [2m([22m[2m18 tests[22m[2m)[22m[32m 10[2mms[22m[39m
[36m@n8n/instance-ai:test: [0m [32m✓[39m evaluations/__tests__/subagent-runner.test.ts [2m([22m[2m2 tests[22m[2m)[22m[32m 7[2mms[22m[39m
[36m@n8n/instance-ai:test: [0m [32m✓[39m evaluations/binaryChecks/checks/error-routes-consistent.test.ts [2m([22m[2m5 tests[22m[2m)[22m[32m 6[2mms[22m[39m
[36m@n8n/instance-ai:test: [0m [32m✓[39m evaluations/__tests__/langtracer-provider.test.ts [2m([22m[2m13 tests[22m[2m)[22m[32m 8[2mms[22m[39m
[36m@n8n/instance-ai:test: [0m [32m✓[39m src/tools/workflows/__tests__/apply-workflow-credentials.tool.test.ts [2m([22m[2m2 tests[22m[2m)[22m[32m 14[2mms[22m[39m
[36m@n8n/instance-ai:test: [0m [32m✓[39m src/parsers/__tests__/pdf-parser.test.ts [2m([22m[2m6 tests[22m[2m)[22m[32m 21[2mms[22m[39m
[36m@n8n/instance-ai:test: [0m [32m✓[39m evaluations/__tests__/data-discovery.test.ts [2m([22m[2m16 tests[22m[2m)[22m[32m 7[2mms[22m[39m
[36m@n8n/instance-ai:test: [0m [32m✓[39m evaluations/__tests__/bucket-from-evaluation.test.ts [2m([22m[2m4 tests[22m[2m)[22m[32m 3[2mms[22m[39m
[36m@n8n/instance-ai:test: [0m [32m✓[39m src/utils/__tests__/custom-model-defaults.test.ts [2m([22m[2m10 tests[22m[2m)[22m[32m 9[2mms[22m[39m
[36m@n8n/instance-ai:test: [0m [32m✓[39m evaluations/computer-use/__tests__/tokens.test.ts [2m([22m[2m9 tests[22m[2m)[22m[32m 4[2mms[22m[39m
[36m@n8n/instance-ai:test: [0m [32m✓[39m evaluations/__tests__/normalize-workflow.test.ts [2m([22m[2m5 tests[22m[2m)[22m[32m 42[2mms[22m[39m
[36m@n8n/instance-ai:test: [0m [32m✓[39m evaluations/__tests__/artifact-agent-handler.test.ts [2m([22m[2m6 tests[22m[2m)[22m[32m 6[2mms[22m[39m
[36m@n8n/instance-ai:test: [0m [32m✓[39m src/tools/workflows/__tests__/detect-array-input-collapse.test.ts [2m([22m[2m7 tests[22m[2m)[22m[32m 4[2mms[22m[39m
[36m@n8n/instance-ai:test: [0m [32m✓[39m src/planned-tasks/__tests__/planned-task-permissions.test.ts [2m([22m[2m8 tests[22m[2m)[22m[32m 19[2mms[22m[39m
[36m@n8n/instance-ai:test: [0m [32m✓[39m evaluations/__tests__/ci-metadata.test.ts [2m([22m[2m10 tests[22m[2m)[22m[33m 1769[2mms[22m[39m
[36m@n8n/instance-ai:test: [0m       [33m[2m✓[22m[39m returns local fallback when GITHUB_SHA is missing [33m 1025[2mms[22m[39m
[36m@n8n/instance-ai:test: [0m       [33m[2m✓[22m[39m does not use LANGSMITH_BRANCH when GITHUB_ACTIONS is unset [33m 737[2mms[22m[39m
[36m@n8n/instance-ai:test: [0m [32m✓[39m src/tools/orchestration/__tests__/tracing-utils.test.ts [2m([22m[2m5 tests[22m[2m)[22m[32m 7[2mms[22m[39m
[36m@n8n/instance-ai:test: [0m [32m✓[39m src/storage/__tests__/terminal-outcome-storage.test.ts [2m([22m[2m4 tests[22m[2m)[22m[32m 6[2mms[22m[39m
[36m@n8n/instance-ai:test: [0m [32m✓[39m src/__tests__/error-formatting.test.ts [2m([22m[2m7 tests[22m[2m)[22m[32m 4[2mms[22m[39m
[36m@n8n/instance-ai:test: [0m [32m✓[39m src/tools/workflows/__tests__/credential-utils.test.ts [2m([22m[2m19 tests[22m[2m)[22m[32m 8[2mms[22m[39m
[36m@n8n/instance-ai:test: [0m [32m✓[39m evaluations/__tests__/write-eval-results.test.ts [2m([22m[2m2 tests[22m[2m)[22m[32m 8[2mms[22m[39m
[36m@n8n/instance-ai:test: [0m [32m✓[39m evaluations/binaryChecks/checks/google-sheets-rlc-default-mode.test.ts [2m([22m[2m6 tests[22m[2m)[22m[32m 4[2mms[22m[39m
[36m@n8n/instance-ai:test: [0m [32m✓[39m src/parsers/__tests__/xlsx-parser.test.ts [2m([22m[2m6 tests[22m[2m)[22m[32m 59[2mms[22m[39m
[36m@n8n/instance-ai:test: [0m [32m✓[39m src/tools/evals/__tests__/column-ref-utils.test.ts [2m([22m[2m12 tests[22m[2m)[22m[32m 8[2mms[22m[39m
[36m@n8n/instance-ai:test: [0m [32m✓[39m evaluations/__tests__/langtracer-normalize.test.ts [2m([22m[2m9 tests[22m[2m)[22m[32m 5[2mms[22m[39m
[36m@n8n/instance-ai:test: [0m [32m✓[39m src/utils/__tests__/generate-validated-json.test.ts [2m([22m[2m8 tests[22m[2m)[22m[32m 8[2mms[22m[39m
[36m@n8n/instance-ai:test: [0m [32m✓[39m evaluations/__tests__/run-debug-report.test.ts [2m([22m[2m4 tests[22m[2m)[22m[32m 19[2mms[22m[39m
[36m@n8n/instance-ai:test: [0m [32m✓[39m evaluations/__tests__/agent-scenario-artifact.test.ts [2m([22m[2m2 tests[22m[2m)[22m[32m 3[2mms[22m[39m
[36m@n8n/instance-ai:test: [0m [32m✓[39m src/tools/attachments/__tests__/parse-file-registration.test.ts [2m([22m[2m12 tests[22m[2m)[22m[32m 4[2mms[22m[39m
[36m@n8n/instance-ai:test: [0m [32m✓[39m evaluations/__tests__/scenario-budget-stop.test.ts [2m([22m[2m4 tests[22m[2m)[22m[32m 4[2mms[22m[39m
[36m@n8n/instance-ai:test: [0m [32m✓[39m evaluations/__tests__/mcp-builder-timeout.test.ts [2m([22m[2m2 tests[22m[2m)[22m[32m 45[2mms[22m[39m
[36m@n8n/instance-ai:test: [0m [32m✓[39m src/parsers/__tests__/docx-parser.test.ts [2m([22m[2m5 tests[22m[2m)[22m[32m 8[2mms[22m[39m
[36m@n8n/instance-ai:test: [0m [32m✓[39m src/workflow-loop/__tests__/remediation.test.ts [2m([22m[2m5 tests[22m[2m)[22m[32m 3[2mms[22m[39m
[36m@n8n/instance-ai:test: [0m [32m✓[39m evaluations/__tests__/workflow-checks-feedback.test.ts [2m([22m[2m5 tests[22m[2m)[22m[32m 4[2mms[22m[39m
[36m@n8n/instance-ai:test: [0m [32m✓[39m src/parsers/__tests__/ooxml-guard.test.ts [2m([22m[2m5 tests[22m[2m)[22m[32m 8[2mms[22m[39m
[36m@n8n/instance-ai:test: [0m [32m✓[39m src/storage/__tests__/thread-task-storage.test.ts [2m([22m[2m6 tests[22m[2m)[22m[32m 5[2mms[22m[39m
[36m@n8n/instance-ai:test: [0m [32m✓[39m evaluations/binaryChecks/checks/no-excessive-build-failures.test.ts [2m([22m[2m9 tests[22m[2m)[22m[32m 11[2mms[22m[39m
[36m@n8n/instance-ai:test: [0m [32m✓[39m evaluations/__tests__/workflow-context.test.ts [2m([22m[2m5 tests[22m[2m)[22m[32m 9[2mms[22m[39m
[36m@n8n/instance-ai:test: [0m [32m✓[39m evaluations/__tests__/external-workflow-edits.test.ts [2m([22m[2m10 tests[22m[2m)[22m[33m 8877[2mms[22m[39m
[36m@n8n/instance-ai:test: [0m     [33m[2m✓[22m[39m renames the last saved workflow when the proxy asks for it [33m 807[2mms[22m[39m
[36m@n8n/instance-ai:test: [0m     [33m[2m✓[22m[39m reports a successful rename at info, so its absence is a readable signal [33m 811[2mms[22m[39m
[36m@n8n/instance-ai:test: [0m     [33m[2m✓[22m[39m does nothing on a turn the proxy did not ask for a rename [33m 804[2mms[22m[39m
[36m@n8n/instance-ai:test: [0m     [33m[2m✓[22m[39m does not rename on the boundary that ends the conversation [33m 403[2mms[22m[39m
[36m@n8n/instance-ai:test: [0m     [33m[2m✓[22m[39m targets the most recently saved workflow [33m 1211[2mms[22m[39m
[36m@n8n/instance-ai:test: [0m     [33m[2m✓[22m[39m follows save order, not first-seen order, when a workflow is re-saved [33m 1613[2mms[22m[39m
[36m@n8n/instance-ai:test: [0m     [33m[2m✓[22m[39m ignores a failed build — it reports a workflowId but saved nothing [33m 806[2mms[22m[39m
[36m@n8n/instance-ai:test: [0m     [33m[2m✓[22m[39m skips the rename when the workflow already carries that name [33m 806[2mms[22m[39m
[36m@n8n/instance-ai:test: [0m     [33m[2m✓[22m[39m warns and keeps the conversation going when the rename fails [33m 807[2mms[22m[39m
[36m@n8n/instance-ai:test: [0m     [33m[2m✓[22m[39m warns and keeps going when the current name cannot be read [33m 806[2mms[22m[39m
[36m@n8n/instance-ai:test: [0m [32m✓[39m src/runtime/__tests__/memory-task-registry.test.ts [2m([22m[2m3 tests[22m[2m)[22m[32m 3[2mms[22m[39m
[36m@n8n/instance-ai:test: [0m [32m✓[39m src/knowledge-base/__tests__/build-templates-index.test.ts [2m([22m[2m6 tests[22m[2m)[22m[32m 4[2mms[22m[39m
[36m@n8n/instance-ai:test: [0m [32m✓[39m evaluations/__tests__/artifact-workflow-handler.test.ts [2m([22m[2m7 tests[22m[2m)[22m[32m 9[2mms[22m[39m
[36m@n8n/instance-ai:test: [0m [32m✓[39m src/workspace/__tests__/workspace-paths.test.ts [2m([22m[2m14 tests[22m[2m)[22m[32m 9[2mms[22m[39m
[36m@n8n/instance-ai:test: [0m [32m✓[39m src/tracing/__tests__/redact-structural-ids.test.ts [2m([22m[2m3 tests[22m[2m)[22m[32m 5[2mms[22m[39m
[36m@n8n/instance-ai:test: [0m [32m✓[39m evaluations/binaryChecks/checks/memory-session-key-expression.test.ts [2m([22m[2m4 tests[22m[2m)[22m[32m 4[2mms[22m[39m
[36m@n8n/instance-ai:test: [0m [32m✓[39m evaluations/__tests__/langtracer-client.test.ts [2m([22m[2m4 tests[22m[2m)[22m[32m 7[2mms[22m[39m
[36m@n8n/instance-ai:test: [0m [32m✓[39m src/storage/__tests__/iteration-log.test.ts [2m([22m[2m6 tests[22m[2m)[22m[32m 6[2mms[22m[39m
[36m@n8n/instance-ai:test: [0m [32m✓[39m evaluations/__tests__/iterations.test.ts [2m([22m[2m6 tests[22m[2m)[22m[32m 3[2mms[22m[39m
[36m@n8n/instance-ai:test: [0m [32m✓[39m src/tools/evals/__tests__/analyze-agent-input-columns.service.test.ts [2m([22m[2m5 tests[22m[2m)[22m[32m 5[2mms[22m[39m
[36m@n8n/instance-ai:test: [0m [32m✓[39m src/tools/workflows/__tests__/workflow-build-remediation.test.ts [2m([22m[2m6 tests[22m[2m)[22m[32m 7[2mms[22m[39m
[36m@n8n/instance-ai:test: [0m [32m✓[39m evaluations/computer-use/__tests__/graders-security.test.ts [2m([22m[2m4 tests[22m[2m)[22m[32m 3[2mms[22m[39m
[36m@n8n/instance-ai:test: [0m [32m✓[39m src/parsers/__tests__/html-parser.test.ts [2m([22m[2m6 tests[22m[2m)[22m[32m 270[2mms[22m[39m
[36m@n8n/instance-ai:test: [0m [32m✓[39m evaluations/__tests__/workflow-checks-applicability.test.ts [2m([22m[2m3 tests[22m[2m)[22m[32m 6[2mms[22m[39m
[36m@n8n/instance-ai:test: [0m [32m✓[39m src/utils/__tests__/modal-session.test.ts [2m([22m[2m6 tests[22m[2m)[22m[32m 4[2mms[22m[39m
[36m@n8n/instance-ai:test: [0m [32m✓[39m src/tools/orchestration/__tests__/agent-persistence.test.ts [2m([22m[2m3 tests[22m[2m)[22m[32m 4[2mms[22m[39m
[36m@n8n/instance-ai:test: [0m [32m✓[39m evaluations/__tests__/runner-workflow-checks.test.ts [2m([22m[2m4 tests[22m[2m)[22m[32m 5[2mms[22m[39m
[36m@n8n/instance-ai:test: [0m [32m✓[39m src/tools/evals/__tests__/apply-pin-data.service.test.ts [2m([22m[2m6 tests[22m[2m)[22m[32m 3[2mms[22m[39m
[36m@n8n/instance-ai:test: [0m [32m✓[39m evaluations/__tests__/execution-scenario-seed-data-tables.test.ts [2m([22m[2m4 tests[22m[2m)[22m[32m 4[2mms[22m[39m
[36m@n8n/instance-ai:test: [0m [32m✓[39m src/tools/__tests__/workflows.tool.setup-integration.test.ts [2m([22m[2m2 tests[22m[2m)[22m[32m 6[2mms[22m[39m
[36m@n8n/instance-ai:test: [0m [32m✓[39m src/knowledge-base/__tests__/extract-builder-templates-archive.test.ts [2m([22m[2m6 tests[22m[2m)[22m[32m 57[2mms[22m[39m
[36m@n8n/instance-ai:test: [0m [32m✓[39m evaluations/discovery/__tests__/stream-status.test.ts [2m([22m[2m13 tests[22m[2m)[22m[32m 4[2mms[22m[39m
[36m@n8n/instance-ai:test: [0m [32m✓[39m evaluations/binaryChecks/checks/create-llm-check.test.ts [2m([22m[2m2 tests[22m[2m)[22m[32m 4[2mms[22m[39m
[36m@n8n/instance-ai:test: [0m [32m✓[39m src/tools/__tests__/workflows.get-as-code.integration.test.ts [2m([22m[2m1 test[22m[2m)[22m[32m 7[2mms[22m[39m
[36m@n8n/instance-ai:test: [0m [32m✓[39m evaluations/binaryChecks/checks/switch-fallback-output-enabled.test.ts [2m([22m[2m2 tests[22m[2m)[22m[32m 4[2mms[22m[39m
[36m@n8n/instance-ai:test: [0m [32m✓[39m src/tools/web-research/sanitize-web-content.test.ts [2m([22m[2m13 tests[22m[2m)[22m[32m 22[2mms[22m[39m
[36m@n8n/instance-ai:test: [0m [32m✓[39m src/mcp/connected-mcp-services.test.ts [2m([22m[2m3 tests[22m[2m)[22m[32m 3[2mms[22m[39m
[36m@n8n/instance-ai:test: [0m [32m✓[39m evaluations/__tests__/workspace-tool-contract.test.ts [2m([22m[2m3 tests[22m[2m)[22m[32m 19[2mms[22m[39m
[36m@n8n/instance-ai:test: [0m [32m✓[39m evaluations/__tests__/n8n-client-data-tables.test.ts [2m([22m[2m4 tests[22m[2m)[22m[32m 17[2mms[22m[39m
[36m@n8n/instance-ai:test: [0m [32m✓[39m src/agent/__tests__/sub-agent-factory.discovery.test.ts [2m([22m[2m5 tests[22m[2m)[22m[32m 23[2mms[22m[39m
[36m@n8n/instance-ai:test: [0m [32m✓[39m src/tools/evals/__tests__/metric-catalog.test.ts [2m([22m[2m3 tests[22m[2m)[22m[32m 2[2mms[22m[39m
[36m@n8n/instance-ai:test: [0m [32m✓[39m evaluations/binaryChecks/checks/no-hardcoded-credentials.test.ts [2m([22m[2m3 tests[22m[2m)[22m[32m 6[2mms[22m[39m
[36m@n8n/instance-ai:test: [0m [32m✓[39m src/agent/__tests__/system-prompt.project-scope.test.ts [2m([22m[2m4 tests[22m[2m)[22m[32m 5[2mms[22m[39m
[36m@n8n/instance-ai:test: [0m [32m✓[39m src/memory/__tests__/title-utils.test.ts [2m([22m[2m9 tests[22m[2m)[22m[32m 5[2mms[22m[39m
[36m@n8n/instance-ai:test: [0m [32m✓[39m src/tools/__tests__/provider-schema.test.ts [2m([22m[2m1 test[22m[2m)[22m[32m 94[2mms[22m[39m
[36m@n8n/instance-ai:test: [0m [32m✓[39m evaluations/__tests__/workflow-checks-errors.test.ts [2m([22m[2m1 test[22m[2m)[22m[32m 6[2mms[22m[39m
[36m@n8n/instance-ai:test: [0m [32m✓[39m evaluations/clients/__tests__/wedged-lane.test.ts [2m([22m[2m1 test[22m[2m)[22m[33m 306[2mms[22m[39m
[36m@n8n/instance-ai:test: [0m [32m✓[39m evaluations/__tests__/capture-run-debug.test.ts [2m([22m[2m2 tests[22m[2m)[22m[32m 6[2mms[22m[39m
[36m@n8n/instance-ai:test: [0m [32m✓[39m evaluations/__tests__/credential-setup-lane.test.ts [2m([22m[2m6 tests[22m[2m)[22m[32m 39[2mms[22m[39m
[36m@n8n/instance-ai:test: [0m [32m✓[39m evaluations/__tests__/rows.test.ts [2m([22m[2m3 tests[22m[2m)[22m[32m 48[2mms[22m[39m
[36m@n8n/instance-ai:test: [0m [32m✓[39m src/tools/__tests__/agents.tool.test.ts [2m([22m[2m2 tests[22m[2m)[22m[32m 6[2mms[22m[39m
[36m@n8n/instance-ai:test: [0m [32m✓[39m src/runtime/__tests__/orchestrator-run-control.test.ts [2m([22m[2m3 tests[22m[2m)[22m[32m 4[2mms[22m[39m
[36m@n8n/instance-ai:test: [0m [32m✓[39m evaluations/computer-use/__tests__/path-utils.test.ts [2m([22m[2m7 tests[22m[2m)[22m[32m 3[2mms[22m[39m
[36m@n8n/instance-ai:test: [0m [32m✓[39m src/tools/workflows/__tests__/workflow-build-telemetry.test.ts [2m([22m[2m2 tests[22m[2m)[22m[32m 4[2mms[22m[39m
[36m@n8n/instance-ai:test: [0m [32m✓[39m evaluations/__tests__/mcp-registry-seeder.test.ts [2m([22m[2m4 tests[22m[2m)[22m[32m 3[2mms[22m[39m
[36m@n8n/instance-ai:test: [0m [32m✓[39m src/workspace/__tests__/workspace-manifest.test.ts [2m([22m[2m4 tests[22m[2m)[22m[32m 4[2mms[22m[39m
[36m@n8n/instance-ai:test: [0m [32m✓[39m evaluations/__tests__/export-latest-verifier-request.test.ts [2m([22m[2m2 tests[22m[2m)[22m[32m 17[2mms[22m[39m
[36m@n8n/instance-ai:test: [0m [32m✓[39m evaluations/__tests__/stub-workspace.test.ts [2m([22m[2m5 tests[22m[2m)[22m[32m 4[2mms[22m[39m
[36m@n8n/instance-ai:test: [0m [32m✓[39m src/utils/__tests__/format-timestamp.test.ts [2m([22m[2m4 tests[22m[2m)[22m[32m 18[2mms[22m[39m
[36m@n8n/instance-ai:test: [0m [32m✓[39m src/agent/__tests__/aia-model-defaults.test.ts [2m([22m[2m6 tests[22m[2m)[22m[32m 3[2mms[22m[39m
[36m@n8n/instance-ai:test: [0m [32m✓[39m src/utils/__tests__/agent-feature-enabled.test.ts [2m([22m[2m4 tests[22m[2m)[22m[32m 3[2mms[22m[39m
[36m@n8n/instance-ai:test: [0m [32m✓[39m evaluations/__tests__/prebuilt-coverage.test.ts [2m([22m[2m3 tests[22m[2m)[22m[32m 3[2mms[22m[39m
[36m@n8n/instance-ai:test: [0m [32m✓[39m src/agent/__tests__/mcp-tool-name-validation.test.ts [2m([22m[2m2 tests[22m[2m)[22m[32m 3[2mms[22m[39m
[36m@n8n/instance-ai:test: [0m [32m✓[39m evaluations/__tests__/collect-expectations.test.ts [2m([22m[2m5 tests[22m[2m)[22m[32m 2[2mms[22m[39m
[36m@n8n/instance-ai:test: [0m [32m✓[39m src/workspace/__tests__/compute-workspace-content-hash.test.ts [2m([22m[2m2 tests[22m[2m)[22m[32m 8[2mms[22m[39m
[36m@n8n/instance-ai:test: [0m [32m✓[39m evaluations/__tests__/missing-workflow-error.test.ts [2m([22m[2m5 tests[22m[2m)[22m[32m 3[2mms[22m[39m
[36m@n8n/instance-ai:test: [0m [32m✓[39m src/workspace/__tests__/workspace-file-content.test.ts [2m([22m[2m3 tests[22m[2m)[22m[32m 4[2mms[22m[39m
[36m@n8n/instance-ai:test: [0m [32m✓[39m src/tools/workflows/__tests__/workflow-validation-warnings.test.ts [2m([22m[2m2 tests[22m[2m)[22m[32m 14[2mms[22m[39m
[36m@n8n/instance-ai:test: [0m [32m✓[39m src/errors/__tests__/workflow-not-found.error.test.ts [2m([22m[2m3 tests[22m[2m)[22m[32m 5[2mms[22m[39m
[36m@n8n/instance-ai:test: [0m [32m✓[39m src/skills/__tests__/skill-gates.test.ts [2m([22m[2m2 tests[22m[2m)[22m[32m 3[2mms[22m[39m
[36m@n8n/instance-ai:test: [0m [32m✓[39m evaluations/__tests__/case-files-schema.test.ts [2m([22m[2m6 tests[22m[2m)[22m[32m 8[2mms[22m[39m
[36m@n8n/instance-ai:test: [0m [32m✓[39m evaluations/computer-use/__tests__/runner.test.ts [2m([22m[2m6 tests[22m[2m)[22m[32m 3[2mms[22m[39m
[36m@n8n/instance-ai:test: [0m [32m✓[39m evaluations/__tests__/verifier.test.ts [2m([22m[2m2 tests[22m[2m)[22m[32m 5[2mms[22m[39m
[36m@n8n/instance-ai:test: [0m [32m✓[39m evaluations/__tests__/runner-thread-id.test.ts [2m([22m[2m1 test[22m[2m)[22m[32m 3[2mms[22m[39m
[36m@n8n/instance-ai:test: [0m [32m✓[39m evaluations/__tests__/effective-timeout.test.ts [2m([22m[2m3 tests[22m[2m)[22m[32m 2[2mms[22m[39m
[36m@n8n/instance-ai:test: [0m [32m✓[39m evaluations/__tests__/browser-lane-serialisation.test.ts [2m([22m[2m4 tests[22m[2m)[22m[32m 2[2mms[22m[39m
[36m@n8n/instance-ai:test: [0m [32m✓[39m evaluations/__tests__/workflow-expected.test.ts [2m([22m[2m3 tests[22m[2m)[22m[32m 2[2mms[22m[39m
[36m@n8n/instance-ai:test: [0m [32m✓[39m evaluations/__tests__/fixture-server.test.ts [2m([22m[2m51 tests[22m[2m)[22m[33m 21633[2mms[22m[39m
[36m@n8n/instance-ai:test: [0m     [33m[2m✓[22m[39m answers as the real hostname, so the agent never sees loopback [33m 329[2mms[22m[39m
[36m@n8n/instance-ai:test: [0m     [33m[2m✓[22m[39m hands out exactly the ledger secret through the create-key flow [33m 490[2mms[22m[39m
[36m@n8n/instance-ai:test: [0m     [33m[2m✓[22m[39m surfaces the disabled submit AS disabled, so the gap is diagnosable [33m 375[2mms[22m[39m
[36m@n8n/instance-ai:test: [0m     [33m[2m✓[22m[39m answers as the real hostname, so the agent never sees loopback [33m 344[2mms[22m[39m
[36m@n8n/instance-ai:test: [0m     [33m[2m✓[22m[39m hands out exactly the ledger secret through the create-key flow [33m 442[2mms[22m[39m
[36m@n8n/instance-ai:test: [0m     [33m[2m✓[22m[39m shows the new key TRUNCATED in the list, never in full [33m 329[2mms[22m[39m
[36m@n8n/instance-ai:test: [0m     [33m[2m✓[22m[39m renders a name containing markup as text, not as markup [33m 410[2mms[22m[39m
[36m@n8n/instance-ai:test: [0m     [33m[2m✓[22m[39m blocks the page behind BOTH overlays until each is dismissed [33m 386[2mms[22m[39m
[36m@n8n/instance-ai:test: [0m     [33m[2m✓[22m[39m hands out exactly the ledger secret, as TEXT rather than a field [33m 483[2mms[22m[39m
[36m@n8n/instance-ai:test: [0m     [33m[2m✓[22m[39m keeps the reveal panel findable even though it is not a role=dialog [33m 363[2mms[22m[39m
[36m@n8n/instance-ai:test: [0m     [33m[2m✓[22m[39m renders a name containing markup as text, not as markup [33m 398[2mms[22m[39m
[36m@n8n/instance-ai:test: [0m     [33m[2m✓[22m[39m shows only the last four characters in the list [33m 500[2mms[22m[39m
[36m@n8n/instance-ai:test: [0m     [33m[2m✓[22m[39m keeps the manifest editor click-trapped but typeable [33m 1393[2mms[22m[39m
[36m@n8n/instance-ai:test: [0m     [33m[2m✓[22m[39m mangles a manifest entered key by key, and Next refuses it [33m 538[2mms[22m[39m
[36m@n8n/instance-ai:test: [0m     [33m[2m✓[22m[39m accepts the same manifest inserted in one operation [33m 338[2mms[22m[39m
[36m@n8n/instance-ai:test: [0m
[36m@n8n/instance-ai:test: [0m[2m Test Files [22m [1m[32m291 passed[39m[22m[90m (291)[39m
[36m@n8n/instance-ai:test: [0m[2m      Tests [22m [1m[32m4505 passed[39m[22m[90m (4505)[39m
[36m@n8n/instance-ai:test: [0m[2m   Start at [22m 13:34:26
[36m@n8n/instance-ai:test: [0m[2m   Duration [22m 24.48s[2m (transform 26.26s, setup 0ms, import 176.92s, tests 43.18s, environment 20ms)[22m
[36m@n8n/instance-ai:test: [0m
[35m@n8n/node-cli:test: [0mcache hit, replaying logs [2m7981c168dd8ff39c[0m
[35m@n8n/node-cli:test: [0m
[35m@n8n/node-cli:test: [0m> @n8n/node-cli@0.45.0 test /Users/romeobalta/work/n8n/worktrees/nudge-manual-builders-to-aia/packages/@n8n/node-cli
[35m@n8n/node-cli:test: [0m> vitest run
[35m@n8n/node-cli:test: [0m
[35m@n8n/node-cli:test: [0m
[35m@n8n/node-cli:test: [0m[1m[30m[46m RUN [49m[39m[22m [36mv4.1.9 [39m[90m/Users/romeobalta/work/n8n/worktrees/nudge-manual-builders-to-aia/packages/@n8n/node-cli[39m
[35m@n8n/node-cli:test: [0m
[35m@n8n/node-cli:test: [0m [32m✓[39m src/utils/filesystem.test.ts [2m([22m[2m19 tests[22m[2m)[22m[32m 9[2mms[22m[39m
[35m@n8n/node-cli:test: [0m [32m✓[39m src/utils/package-manager.test.ts [2m([22m[2m15 tests[22m[2m)[22m[32m 35[2mms[22m[39m
[35m@n8n/node-cli:test: [0m [32m✓[39m src/commands/dev/utils.test.ts [2m([22m[2m8 tests[22m[2m)[22m[32m 5[2mms[22m[39m
[35m@n8n/node-cli:test: [0m [32m✓[39m src/utils/git.test.ts [2m([22m[2m4 tests[22m[2m)[22m[32m 14[2mms[22m[39m
[35m@n8n/node-cli:test: [0m [32m✓[39m src/template/core.test.ts [2m([22m[2m5 tests[22m[2m)[22m[32m 4[2mms[22m[39m
[35m@n8n/node-cli:test: [0m [32m✓[39m src/utils/prompts.test.ts [2m([22m[2m3 tests[22m[2m)[22m[32m 10[2mms[22m[39m
[35m@n8n/node-cli:test: [0m [32m✓[39m src/utils/ast.test.ts [2m([22m[2m5 tests[22m[2m)[22m[32m 11[2mms[22m[39m
[35m@n8n/node-cli:test: [0m [32m✓[39m src/commands/dev/index.test.ts [2m([22m[2m8 tests[22m[2m)[22m[32m 144[2mms[22m[39m
[35m@n8n/node-cli:test: [0m [32m✓[39m src/commands/new/index.test.ts [2m([22m[2m11 tests[22m[2m)[22m[33m 687[2mms[22m[39m
[35m@n8n/node-cli:test: [0m     [33m[2m✓[22m[39m creates new node project with custom template [33m 458[2mms[22m[39m
[35m@n8n/node-cli:test: [0m [32m✓[39m src/commands/release.test.ts [2m([22m[2m8 tests[22m[2m)[22m[32m 65[2mms[22m[39m
[35m@n8n/node-cli:test: [0m [32m✓[39m src/commands/lint.test.ts [2m([22m[2m11 tests[22m[2m)[22m[32m 81[2mms[22m[39m
[35m@n8n/node-cli:test: [0m [32m✓[39m src/commands/build.test.ts [2m([22m[2m7 tests[22m[2m)[22m[32m 58[2mms[22m[39m
[35m@n8n/node-cli:test: [0m [32m✓[39m src/commands/prerelease.test.ts [2m([22m[2m2 tests[22m[2m)[22m[32m 3[2mms[22m[39m
[35m@n8n/node-cli:test: [0m [32m✓[39m src/commands/cloud-support.test.ts [2m([22m[2m6 tests[22m[2m)[22m[32m 75[2mms[22m[39m
[35m@n8n/node-cli:test: [0m [32m✓[39m src/configs/eslint.test.ts [2m([22m[2m3 tests[22m[2m)[22m[32m 31[2mms[22m[39m
[35m@n8n/node-cli:test: [0m
[35m@n8n/node-cli:test: [0m[2m Test Files [22m [1m[32m15 passed[39m[22m[90m (15)[39m
[35m@n8n/node-cli:test: [0m[2m      Tests [22m [1m[32m115 passed[39m[22m[90m (115)[39m
[35m@n8n/node-cli:test: [0m[2m   Start at [22m 13:34:23
[35m@n8n/node-cli:test: [0m[2m   Duration [22m 2.38s[2m (transform 572ms, setup 274ms, import 4.73s, tests 1.23s, environment 1ms)[22m
[35m@n8n/node-cli:test: [0m
[35m@n8n/node-cli:test: [0mRelease failed: Git working directory is not clean
[32m@n8n/n8n-nodes-langchain:test: [0mcache hit, replaying logs [2mfb0e95e002e21c78[0m
[32m@n8n/n8n-nodes-langchain:test: [0m
[32m@n8n/n8n-nodes-langchain:test: [0m> @n8n/n8n-nodes-langchain@2.36.0 test /Users/romeobalta/work/n8n/worktrees/nudge-manual-builders-to-aia/packages/@n8n/nodes-langchain
[32m@n8n/n8n-nodes-langchain:test: [0m> vitest run
[32m@n8n/n8n-nodes-langchain:test: [0m
[32m@n8n/n8n-nodes-langchain:test: [0m
[32m@n8n/n8n-nodes-langchain:test: [0m[1m[30m[46m RUN [49m[39m[22m [36mv4.1.9 [39m[90m/Users/romeobalta/work/n8n/worktrees/nudge-manual-builders-to-aia/packages/@n8n/nodes-langchain[39m
[32m@n8n/n8n-nodes-langchain:test: [0m
[32m@n8n/n8n-nodes-langchain:test: [0mWarning: A vi.hoisted() call in "/Users/romeobalta/work/n8n/worktrees/nudge-manual-builders-to-aia/packages/@n8n/nodes-langchain/nodes/vendors/Microsoft/__tests__/microsoft-utils.test.ts" is not at the top level of the module. Although it appears nested, it will be hoisted and executed before any tests run. Move it to the top level to reflect its actual execution order. This will become an error in a future version.
[32m@n8n/n8n-nodes-langchain:test: [0mSee: https://vitest.dev/guide/mocking/modules#how-it-works
[32m@n8n/n8n-nodes-langchain:test: [0mWarning: A vi.mock("../../../mcp/McpClientTool/utils") call in "/Users/romeobalta/work/n8n/worktrees/nudge-manual-builders-to-aia/packages/@n8n/nodes-langchain/nodes/vendors/Microsoft/__tests__/microsoft-utils.test.ts" is not at the top level of the module. Although it appears nested, it will be hoisted and executed before any tests run. Move it to the top level to reflect its actual execution order. This will become an error in a future version.
[32m@n8n/n8n-nodes-langchain:test: [0mSee: https://vitest.dev/guide/mocking/modules#how-it-works
[32m@n8n/n8n-nodes-langchain:test: [0m [32m✓[39m nodes/vendors/OpenAi/test/v2/actions/text/responses.test.ts [2m([22m[2m38 tests[22m[2m)[22m[32m 14[2mms[22m[39m
[32m@n8n/n8n-nodes-langchain:test: [0m [32m✓[39m utils/agent-execution/test/buildSteps.test.ts [2m([22m[2m36 tests[22m[2m)[22m[32m 13[2mms[22m[39m
[32m@n8n/n8n-nodes-langchain:test: [0m [32m✓[39m nodes/mcp/McpTrigger/__tests__/McpTrigger.node.test.ts [2m([22m[2m43 tests[22m[2m)[22m[32m 37[2mms[22m[39m
[32m@n8n/n8n-nodes-langchain:test: [0m [32m✓[39m utils/agent-execution/test/memoryManagement.test.ts [2m([22m[2m51 tests[22m[2m)[22m[32m 9[2mms[22m[39m
[32m@n8n/n8n-nodes-langchain:test: [0m [32m✓[39m nodes/mcp/McpTrigger/__tests__/McpServer.test.ts [2m([22m[2m56 tests[22m[2m)[22m[32m 187[2mms[22m[39m
[32m@n8n/n8n-nodes-langchain:test: [0m [32m✓[39m nodes/tools/ToolWorkflow/v2/ToolWorkflowV2.test.ts [2m([22m[2m32 tests[22m[2m)[22m[32m 77[2mms[22m[39m
[32m@n8n/n8n-nodes-langchain:test: [0m [32m✓[39m nodes/vendors/GoogleGemini/helpers/utils.test.ts [2m([22m[2m32 tests[22m[2m)[22m[32m 39[2mms[22m[39m
[32m@n8n/n8n-nodes-langchain:test: [0m [32m✓[39m nodes/llms/LMChatAnthropic/test/LmChatAnthropic.test.ts [2m([22m[2m65 tests[22m[2m)[22m[32m 39[2mms[22m[39m
[32m@n8n/n8n-nodes-langchain:test: [0m [32m✓[39m nodes/vendors/Microsoft/__tests__/microsoft-utils.test.ts [2m([22m[2m65 tests[22m[2m)[22m[32m 56[2mms[22m[39m
[32m@n8n/n8n-nodes-langchain:test: [0m [32m✓[39m nodes/agents/Agent/test/ToolsAgent/commons.test.ts [2m([22m[2m59 tests[22m[2m)[22m[32m 24[2mms[22m[39m
[32m@n8n/n8n-nodes-langchain:test: [0m [32m✓[39m nodes/llms/LmChatAwsBedrock/test/LmChatAwsBedrock.test.ts [2m([22m[2m37 tests[22m[2m)[22m[32m 19[2mms[22m[39m
[32m@n8n/n8n-nodes-langchain:test: [0m [32m✓[39m nodes/vendors/GoogleGemini/GoogleGemini.node.test.ts [2m([22m[2m41 tests[22m[2m)[22m[32m 33[2mms[22m[39m
[32m@n8n/n8n-nodes-langchain:test: [0m [32m✓[39m utils/agent-execution/test/createEngineRequests.test.ts [2m([22m[2m36 tests[22m[2m)[22m[32m 9[2mms[22m[39m
[32m@n8n/n8n-nodes-langchain:test: [0m [32m✓[39m nodes/mcp/McpClientTool/__test__/McpClientTool.node.test.ts [2m([22m[2m51 tests[22m[2m)[22m[32m 106[2mms[22m[39m
[32m@n8n/n8n-nodes-langchain:test: [0m [32m✓[39m nodes/agents/Agent/test/ToolsAgent/ToolsAgentV2.test.ts [2m([22m[2m23 tests[22m[2m)[22m[32m 128[2mms[22m[39m
[32m@n8n/n8n-nodes-langchain:test: [0m [32m✓[39m nodes/mcp/shared/__test__/utils.test.ts [2m([22m[2m65 tests[22m[2m)[22m[32m 31[2mms[22m[39m
[32m@n8n/n8n-nodes-langchain:test: [0m [32m✓[39m nodes/vendors/OpenAi/test/v2/actions/image/analyze.test.ts [2m([22m[2m18 tests[22m[2m)[22m[32m 13[2mms[22m[39m
[32m@n8n/n8n-nodes-langchain:test: [0m [32m✓[39m nodes/vendors/Anthropic/Anthropic.node.test.ts [2m([22m[2m19 tests[22m[2m)[22m[32m 12[2mms[22m[39m
[32m@n8n/n8n-nodes-langchain:test: [0m [32m✓[39m nodes/vendors/MiniMax/test/operations.test.ts [2m([22m[2m19 tests[22m[2m)[22m[32m 14[2mms[22m[39m
[32m@n8n/n8n-nodes-langchain:test: [0m [32m✓[39m nodes/vendors/OpenAi/test/v2/actions/image/edit.operation.test.ts [2m([22m[2m12 tests[22m[2m)[22m[32m 10[2mms[22m[39m
[32m@n8n/n8n-nodes-langchain:test: [0m [32m✓[39m nodes/output_parser/OutputParserStructured/test/OutputParserStructured.node.test.ts [2m([22m[2m26 tests[22m[2m)[22m[32m 18[2mms[22m[39m
[32m@n8n/n8n-nodes-langchain:test: [0m [32m✓[39m nodes/chains/ChainLLM/test/ChainLlm.node.test.ts [2m([22m[2m20 tests[22m[2m)[22m[32m 14[2mms[22m[39m
[32m@n8n/n8n-nodes-langchain:test: [0m [32m✓[39m utils/tests/helpers.test.ts [2m([22m[2m64 tests[22m[2m)[22m[32m 16[2mms[22m[39m
[32m@n8n/n8n-nodes-langchain:test: [0m [32m✓[39m nodes/vendors/OpenAi/test/v2/actions/text/response.operation.test.ts [2m([22m[2m19 tests[22m[2m)[22m[32m 11[2mms[22m[39m
[32m@n8n/n8n-nodes-langchain:test: [0m [32m✓[39m nodes/vendors/AlibabaCloud/test/operations.test.ts [2m([22m[2m13 tests[22m[2m)[22m[32m 13[2mms[22m[39m
[32m@n8n/n8n-nodes-langchain:test: [0m [32m✓[39m nodes/trigger/ChatTrigger/__test__/templates.test.ts [2m([22m[2m50 tests[22m[2m)[22m[32m 22[2mms[22m[39m
[32m@n8n/n8n-nodes-langchain:test: [0m [32m✓[39m nodes/mcp/McpClient/__test__/McpClient.node.test.ts [2m([22m[2m26 tests[22m[2m)[22m[32m 14[2mms[22m[39m
[32m@n8n/n8n-nodes-langchain:test: [0m [32m✓[39m utils/aws/test/aws-sdk-client-credentials.test.ts [2m([22m[2m16 tests[22m[2m)[22m[32m 273[2mms[22m[39m
[32m@n8n/n8n-nodes-langchain:test: [0m [32m✓[39m nodes/vector_store/VectorStoreOracleDB/VectorStoreOracleDB.node.test.ts [2m([22m[2m13 tests[22m[2m)[22m[32m 8[2mms[22m[39m
[32m@n8n/n8n-nodes-langchain:test: [0m [32m✓[39m nodes/llms/test/LmChatOpenAi.test.ts [2m([22m[2m31 tests[22m[2m)[22m[32m 48[2mms[22m[39m
[32m@n8n/n8n-nodes-langchain:test: [0m [32m✓[39m nodes/tools/ToolHttpRequest/test/ToolHttpRequest.node.test.ts [2m([22m[2m28 tests[22m[2m)[22m[32m 43[2mms[22m[39m
[32m@n8n/n8n-nodes-langchain:test: [0m [32m✓[39m nodes/chains/ChainLLM/test/chainExecutor.test.ts [2m([22m[2m23 tests[22m[2m)[22m[32m 10[2mms[22m[39m
[32m@n8n/n8n-nodes-langchain:test: [0m [32m✓[39m nodes/agents/Agent/test/ToolsAgent/ToolsAgentV3.test.ts [2m([22m[2m11 tests[22m[2m)[22m[32m 7[2mms[22m[39m
[32m@n8n/n8n-nodes-langchain:test: [0m [32m✓[39m nodes/agents/Agent/agents/ToolsAgent/V3/helpers/tests/runAgent.test.ts [2m([22m[2m11 tests[22m[2m)[22m[32m 16[2mms[22m[39m
[32m@n8n/n8n-nodes-langchain:test: [0m [32m✓[39m nodes/mcp/shared/runtime.test.ts [2m([22m[2m27 tests[22m[2m)[22m[32m 67[2mms[22m[39m
[32m@n8n/n8n-nodes-langchain:test: [0m [32m✓[39m nodes/ToolExecutor/test/ToolExecutor.node.test.ts [2m([22m[2m18 tests[22m[2m)[22m[32m 37[2mms[22m[39m
[32m@n8n/n8n-nodes-langchain:test: [0m [32m✓[39m nodes/vector_store/VectorStoreRedis/VectorStoreRedis.node.test.ts [2m([22m[2m12 tests[22m[2m)[22m[32m 12[2mms[22m[39m
[32m@n8n/n8n-nodes-langchain:test: [0m [32m✓[39m nodes/vendors/Microsoft/MicrosoftAgent365Trigger.node.test.ts [2m([22m[2m19 tests[22m[2m)[22m[32m 16[2mms[22m[39m
[32m@n8n/n8n-nodes-langchain:test: [0m [32m✓[39m nodes/vendors/Microsoft/__tests__/langchain-utils.test.ts [2m([22m[2m13 tests[22m[2m)[22m[32m 9[2mms[22m[39m
[32m@n8n/n8n-nodes-langchain:test: [0m [32m✓[39m nodes/mcp/McpTrigger/protocol/__tests__/MessageFormatter.test.ts [2m([22m[2m46 tests[22m[2m)[22m[32m 6[2mms[22m[39m
[32m@n8n/n8n-nodes-langchain:test: [0m [32m✓[39m nodes/vendors/OpenAi/test/v2/actions/video/generate.operation.test.ts [2m([22m[2m9 tests[22m[2m)[22m[32m 8[2mms[22m[39m
[32m@n8n/n8n-nodes-langchain:test: [0m [32m✓[39m nodes/vendors/Ollama/Ollama.node.test.ts [2m([22m[2m11 tests[22m[2m)[22m[32m 14[2mms[22m[39m
[32m@n8n/n8n-nodes-langchain:test: [0m [32m✓[39m nodes/vector_store/VectorStoreQdrant/VectorStoreQdrant.node.test.ts [2m([22m[2m9 tests[22m[2m)[22m[32m 6[2mms[22m[39m
[32m@n8n/n8n-nodes-langchain:test: [0m [32m✓[39m nodes/embeddings/EmbeddingsAwsBedrock/test/EmbeddingsAwsBedrock.test.ts [2m([22m[2m30 tests[22m[2m)[22m[32m 30[2mms[22m[39m
[32m@n8n/n8n-nodes-langchain:test: [0m [32m✓[39m utils/tracing.test.ts [2m([22m[2m26 tests[22m[2m)[22m[32m 11[2mms[22m[39m
[32m@n8n/n8n-nodes-langchain:test: [0m [32m✓[39m utils/aws/test/resolveAwsCredentials.test.ts [2m([22m[2m16 tests[22m[2m)[22m[32m 11[2mms[22m[39m
[32m@n8n/n8n-nodes-langchain:test: [0m [32m✓[39m nodes/vendors/OpenAi/test/v1/OpenAi.node.test.ts [2m([22m[2m24 tests[22m[2m)[22m[32m 13[2mms[22m[39m
[32m@n8n/n8n-nodes-langchain:test: [0m [32m✓[39m nodes/llms/test/LmChatAnthropic.test.ts [2m([22m[2m18 tests[22m[2m)[22m[32m 25[2mms[22m[39m
[32m@n8n/n8n-nodes-langchain:test: [0m [32m✓[39m nodes/Guardrails/test/Guardrails.node.test.ts [2m([22m[2m8 tests[22m[2m)[22m[32m 8[2mms[22m[39m
[32m@n8n/n8n-nodes-langchain:test: [0m [32m✓[39m nodes/agents/Agent/agents/ToolsAgent/V3/helpers/tests/resolveSubAgentRequest.test.ts [2m([22m[2m10 tests[22m[2m)[22m[32m 46[2mms[22m[39m
[32m@n8n/n8n-nodes-langchain:test: [0m [32m✓[39m nodes/mcp/shared/__test__/McpClientsManager.test.ts [2m([22m[2m21 tests[22m[2m)[22m[32m 14[2mms[22m[39m
[32m@n8n/n8n-nodes-langchain:test: [0m [32m✓[39m nodes/chains/ChainLLM/test/promptUtils.test.ts [2m([22m[2m17 tests[22m[2m)[22m[32m 25[2mms[22m[39m
[32m@n8n/n8n-nodes-langchain:test: [0m [32m✓[39m nodes/trigger/ChatTrigger/__test__/Chat.node.test.ts [2m([22m[2m12 tests[22m[2m)[22m[32m 15[2mms[22m[39m
[32m@n8n/n8n-nodes-langchain:test: [0m [32m✓[39m nodes/llms/LmChatOpenRouter/test/LmChatOpenRouter.test.ts [2m([22m[2m26 tests[22m[2m)[22m[32m 74[2mms[22m[39m
[32m@n8n/n8n-nodes-langchain:test: [0m [32m✓[39m nodes/trigger/ChatTrigger/__test__/ChatTrigger.node.test.ts [2m([22m[2m11 tests[22m[2m)[22m[32m 18[2mms[22m[39m
[32m@n8n/n8n-nodes-langchain:test: [0m [32m✓[39m nodes/vector_store/VectorStoreAzureAISearch/VectorStoreAzureAISearch.node.test.ts [2m([22m[2m15 tests[22m[2m)[22m[32m 35[2mms[22m[39m
[32m@n8n/n8n-nodes-langchain:test: [0m [32m✓[39m nodes/vendors/OpenAi/test/utils.test.ts [2m([22m[2m15 tests[22m[2m)[22m[32m 7[2mms[22m[39m
[32m@n8n/n8n-nodes-langchain:test: [0m [32m✓[39m nodes/mcp/McpTrigger/session/__tests__/SessionManager.test.ts [2m([22m[2m28 tests[22m[2m)[22m[32m 17[2mms[22m[39m
[32m@n8n/n8n-nodes-langchain:test: [0m [32m✓[39m nodes/Guardrails/test/process.test.ts [2m([22m[2m8 tests[22m[2m)[22m[32m 12[2mms[22m[39m
[32m@n8n/n8n-nodes-langchain:test: [0m [32m✓[39m nodes/vector_store/ChatHubVectorStoreQdrant/ChatHubVectorStoreQdrant.node.test.ts [2m([22m[2m9 tests[22m[2m)[22m[32m 6[2mms[22m[39m
[32m@n8n/n8n-nodes-langchain:test: [0m [32m✓[39m nodes/text_splitters/TextSplitterTokenSplitter/tests/TokenTextSplitter.test.ts [2m([22m[2m19 tests[22m[2m)[22m[32m 48[2mms[22m[39m
[32m@n8n/n8n-nodes-langchain:test: [0m [32m✓[39m nodes/mcp/McpTrigger/protocol/__tests__/MessageParser.test.ts [2m([22m[2m44 tests[22m[2m)[22m[32m 13[2mms[22m[39m
[32m@n8n/n8n-nodes-langchain:test: [0m [32m✓[39m nodes/chains/InformationExtractor/test/InformationExtraction.node.test.ts [2m([22m[2m8 tests[22m[2m)[22m[32m 22[2mms[22m[39m
[32m@n8n/n8n-nodes-langchain:test: [0m [32m✓[39m nodes/vector_store/VectorStoreChromaDB/VectorStoreChromaDB.node.test.ts [2m([22m[2m6 tests[22m[2m)[22m[32m 8[2mms[22m[39m
[32m@n8n/n8n-nodes-langchain:test: [0m [32m✓[39m nodes/vendors/MiniMax/test/transport.test.ts [2m([22m[2m16 tests[22m[2m)[22m[32m 16[2mms[22m[39m
[32m@n8n/n8n-nodes-langchain:test: [0m [32m✓[39m nodes/agents/Agent/test/ToolsAgent/ToolsAgentV1.test.ts [2m([22m[2m7 tests[22m[2m)[22m[32m 13[2mms[22m[39m
[32m@n8n/n8n-nodes-langchain:test: [0m [32m✓[39m nodes/vector_store/VectorStoreMongoDBAtlas/VectorStoreMongoDBAtlas.node.test.ts [2m([22m[2m16 tests[22m[2m)[22m[32m 9[2mms[22m[39m
[32m@n8n/n8n-nodes-langchain:test: [0m [32m✓[39m nodes/chains/SentimentAnalysis/test/SentimentAnalysis.node.test.ts [2m([22m[2m11 tests[22m[2m)[22m[32m 36[2mms[22m[39m
[32m@n8n/n8n-nodes-langchain:test: [0m [32m✓[39m nodes/mcp/McpTrigger/execution/__tests__/PendingCallsManager.test.ts [2m([22m[2m25 tests[22m[2m)[22m[32m 13[2mms[22m[39m
[32m@n8n/n8n-nodes-langchain:test: [0m [32m✓[39m utils/tests/schemaParsing.test.ts [2m([22m[2m19 tests[22m[2m)[22m[32m 44[2mms[22m[39m
[32m@n8n/n8n-nodes-langchain:test: [0m [32m✓[39m nodes/llms/test/N8nLlmTracing.test.ts [2m([22m[2m11 tests[22m[2m)[22m[33m 773[2mms[22m[39m
[32m@n8n/n8n-nodes-langchain:test: [0m       [33m[2m✓[22m[39m should process LLM output and use token usage when available [33m 751[2mms[22m[39m
[32m@n8n/n8n-nodes-langchain:test: [0m [32m✓[39m nodes/vendors/OpenAi/test/v2/actions/image/generate.operation.test.ts [2m([22m[2m12 tests[22m[2m)[22m[32m 10[2mms[22m[39m
[32m@n8n/n8n-nodes-langchain:test: [0m [32m✓[39m nodes/ModelSelector/test/ModelSelector.node.test.ts [2m([22m[2m15 tests[22m[2m)[22m[32m 12[2mms[22m[39m
[32m@n8n/n8n-nodes-langchain:test: [0m [32m✓[39m nodes/memory/MemoryManager/test/MemoryManager.execute.test.ts [2m([22m[2m6 tests[22m[2m)[22m[32m 8[2mms[22m[39m
[32m@n8n/n8n-nodes-langchain:test: [0m [32m✓[39m nodes/mcp/McpRegistryClientTool/McpRegistryClientTool.node.test.ts [2m([22m[2m9 tests[22m[2m)[22m[32m 8[2mms[22m[39m
[32m@n8n/n8n-nodes-langchain:test: [0m [32m✓[39m nodes/mcp/McpClient/__test__/utils.test.ts [2m([22m[2m36 tests[22m[2m)[22m[32m 8[2mms[22m[39m
[32m@n8n/n8n-nodes-langchain:test: [0m [32m✓[39m nodes/chains/ChainRetrievalQA/test/ChainRetrievalQa.node.test.ts [2m([22m[2m23 tests[22m[2m)[22m[32m 169[2mms[22m[39m
[32m@n8n/n8n-nodes-langchain:test: [0m [32m✓[39m utils/output_parsers/langchainParserError.test.ts [2m([22m[2m24 tests[22m[2m)[22m[32m 5[2mms[22m[39m
[32m@n8n/n8n-nodes-langchain:test: [0m [32m✓[39m nodes/llms/LmChatAlibabaCloud/test/LmChatAlibabaCloud.test.ts [2m([22m[2m15 tests[22m[2m)[22m[32m 29[2mms[22m[39m
[32m@n8n/n8n-nodes-langchain:test: [0m [32m✓[39m nodes/vendors/OpenAi/test/v2/conversation.test.ts [2m([22m[2m8 tests[22m[2m)[22m[32m 8[2mms[22m[39m
[32m@n8n/n8n-nodes-langchain:test: [0m [32m✓[39m nodes/llms/LmChatGoogleVertex/test/LmChatGoogleVertex.test.ts [2m([22m[2m9 tests[22m[2m)[22m[32m 12[2mms[22m[39m
[32m@n8n/n8n-nodes-langchain:test: [0m [32m✓[39m nodes/embeddings/EmbeddingsAwsBedrock/test/BedrockInvokeModelEmbeddings.test.ts [2m([22m[2m15 tests[22m[2m)[22m[32m 38[2mms[22m[39m
[32m@n8n/n8n-nodes-langchain:test: [0m [32m✓[39m nodes/vendors/GoogleGemini/actions/image/edit.operation.test.ts [2m([22m[2m10 tests[22m[2m)[22m[32m 17[2mms[22m[39m
[32m@n8n/n8n-nodes-langchain:test: [0m [32m✓[39m nodes/code/Code.node.test.ts [2m([22m[2m27 tests[22m[2m)[22m[32m 6[2mms[22m[39m
[32m@n8n/n8n-nodes-langchain:test: [0m [32m✓[39m nodes/Guardrails/test/helpers/mappers.test.ts [2m([22m[2m13 tests[22m[2m)[22m[32m 4[2mms[22m[39m
[32m@n8n/n8n-nodes-langchain:test: [0m [32m✓[39m nodes/agents/Agent/test/integration/agent-v3.workflow.test.ts [2m([22m[2m10 tests[22m[2m)[22m[33m 2008[2mms[22m[39m
[32m@n8n/n8n-nodes-langchain:test: [0m       [33m[2m✓[22m[39m should return basic completion from Agent V3 [33m 1691[2mms[22m[39m
[32m@n8n/n8n-nodes-langchain:test: [0m [32m✓[39m utils/agent-execution/test/processHitlResponses.test.ts [2m([22m[2m10 tests[22m[2m)[22m[32m 5[2mms[22m[39m
[32m@n8n/n8n-nodes-langchain:test: [0m [32m✓[39m nodes/Guardrails/test/helpers/base.test.ts [2m([22m[2m7 tests[22m[2m)[22m[32m 5[2mms[22m[39m
[32m@n8n/n8n-nodes-langchain:test: [0m [32m✓[39m nodes/vendors/Anthropic/transport/index.test.ts [2m([22m[2m10 tests[22m[2m)[22m[32m 5[2mms[22m[39m
[32m@n8n/n8n-nodes-langchain:test: [0m [32m✓[39m nodes/tools/ToolCode/ToolCode.node.test.ts [2m([22m[2m6 tests[22m[2m)[22m[32m 16[2mms[22m[39m
[32m@n8n/n8n-nodes-langchain:test: [0m [32m✓[39m nodes/vendors/Ollama/transport/index.test.ts [2m([22m[2m9 tests[22m[2m)[22m[32m 12[2mms[22m[39m
[32m@n8n/n8n-nodes-langchain:test: [0m [32m✓[39m nodes/agents/Agent/agents/ToolsAgent/V3/helpers/tests/createAgentSequence.test.ts [2m([22m[2m7 tests[22m[2m)[22m[32m 10[2mms[22m[39m
[32m@n8n/n8n-nodes-langchain:test: [0m [32m✓[39m nodes/vendors/Ollama/actions/router.test.ts [2m([22m[2m8 tests[22m[2m)[22m[32m 6[2mms[22m[39m
[32m@n8n/n8n-nodes-langchain:test: [0m [32m✓[39m utils/output_parsers/N8nStructuredOutputParser.test.ts [2m([22m[2m13 tests[22m[2m)[22m[32m 19[2mms[22m[39m
[32m@n8n/n8n-nodes-langchain:test: [0m [32m✓[39m nodes/chains/TextClassifier/test/TextClassifier.node.test.ts [2m([22m[2m8 tests[22m[2m)[22m[32m 20[2mms[22m[39m
[32m@n8n/n8n-nodes-langchain:test: [0m [32m✓[39m nodes/chains/ChainLLM/test/imageUtils.test.ts [2m([22m[2m10 tests[22m[2m)[22m[32m 10[2mms[22m[39m
[32m@n8n/n8n-nodes-langchain:test: [0m [32m✓[39m nodes/rerankers/RerankerCohere/test/RerankerCohere.node.test.ts [2m([22m[2m8 tests[22m[2m)[22m[32m 5[2mms[22m[39m
[32m@n8n/n8n-nodes-langchain:test: [0m [32m✓[39m nodes/agents/Agent/agents/ToolsAgent/V3/helpers/tests/prepareItemContext.test.ts [2m([22m[2m7 tests[22m[2m)[22m[32m 11[2mms[22m[39m
[32m@n8n/n8n-nodes-langchain:test: [0m [32m✓[39m nodes/vendors/AlibabaCloud/test/transport.test.ts [2m([22m[2m10 tests[22m[2m)[22m[32m 12[2mms[22m[39m
[32m@n8n/n8n-nodes-langchain:test: [0m [32m✓[39m nodes/agents/Agent/test/utils.test.ts [2m([22m[2m10 tests[22m[2m)[22m[32m 9[2mms[22m[39m
[32m@n8n/n8n-nodes-langchain:test: [0m [32m✓[39m nodes/Guardrails/test/helpers/model.test.ts [2m([22m[2m7 tests[22m[2m)[22m[32m 5[2mms[22m[39m
[32m@n8n/n8n-nodes-langchain:test: [0m [32m✓[39m nodes/Guardrails/test/checks/keywords.test.ts [2m([22m[2m22 tests[22m[2m)[22m[32m 75[2mms[22m[39m
[32m@n8n/n8n-nodes-langchain:test: [0m [32m✓[39m nodes/vendors/GoogleGemini/methods/listSearch.test.ts [2m([22m[2m8 tests[22m[2m)[22m[32m 4[2mms[22m[39m
[32m@n8n/n8n-nodes-langchain:test: [0m [32m✓[39m nodes/tools/ToolSearXng/ToolSearXng.node.test.ts [2m([22m[2m8 tests[22m[2m)[22m[32m 19[2mms[22m[39m
[32m@n8n/n8n-nodes-langchain:test: [0m [32m✓[39m nodes/embeddings/test/EmbeddingsNvidia.test.ts [2m([22m[2m12 tests[22m[2m)[22m[32m 16[2mms[22m[39m
[32m@n8n/n8n-nodes-langchain:test: [0m [32m✓[39m nodes/vendors/Anthropic/helpers/utils.test.ts [2m([22m[2m16 tests[22m[2m)[22m[32m 7[2mms[22m[39m
[32m@n8n/n8n-nodes-langchain:test: [0m [32m✓[39m nodes/llms/LmChatNvidia/test/LmChatNvidia.test.ts [2m([22m[2m11 tests[22m[2m)[22m[32m 28[2mms[22m[39m
[32m@n8n/n8n-nodes-langchain:test: [0m [32m✓[39m nodes/Guardrails/test/helpers/preflight.test.ts [2m([22m[2m10 tests[22m[2m)[22m[32m 5[2mms[22m[39m
[32m@n8n/n8n-nodes-langchain:test: [0m [32m✓[39m nodes/Guardrails/test/helpers/common.test.ts [2m([22m[2m26 tests[22m[2m)[22m[32m 4[2mms[22m[39m
[32m@n8n/n8n-nodes-langchain:test: [0m [32m✓[39m nodes/tools/ToolWorkflow/ToolWorkflow.node.test.ts [2m([22m[2m5 tests[22m[2m)[22m[32m 8[2mms[22m[39m
[32m@n8n/n8n-nodes-langchain:test: [0m [32m✓[39m nodes/agents/Agent/agents/ToolsAgent/V3/helpers/tests/buildExecutionContext.test.ts [2m([22m[2m6 tests[22m[2m)[22m[32m 15[2mms[22m[39m
[32m@n8n/n8n-nodes-langchain:test: [0m [32m✓[39m nodes/vendors/MiniMax/test/router.test.ts [2m([22m[2m7 tests[22m[2m)[22m[32m 7[2mms[22m[39m
[32m@n8n/n8n-nodes-langchain:test: [0m [32m✓[39m nodes/trigger/ChatTrigger/__test__/GenericFunctions.test.ts [2m([22m[2m11 tests[22m[2m)[22m[32m 7[2mms[22m[39m
[32m@n8n/n8n-nodes-langchain:test: [0m [32m✓[39m nodes/output_parser/OutputParserAutofixing/test/OutputParserAutofixing.node.test.ts [2m([22m[2m8 tests[22m[2m)[22m[32m 7[2mms[22m[39m
[32m@n8n/n8n-nodes-langchain:test: [0m [32m✓[39m nodes/vendors/Ollama/methods/listSearch.test.ts [2m([22m[2m10 tests[22m[2m)[22m[32m 5[2mms[22m[39m
[32m@n8n/n8n-nodes-langchain:test: [0m [32m✓[39m credentials/test/AnthropicApi.credentials.test.ts [2m([22m[2m8 tests[22m[2m)[22m[32m 4[2mms[22m[39m
[32m@n8n/n8n-nodes-langchain:test: [0m [32m✓[39m nodes/tools/ToolWikipedia/ToolWikipedia.node.test.ts [2m([22m[2m8 tests[22m[2m)[22m[32m 35[2mms[22m[39m
[32m@n8n/n8n-nodes-langchain:test: [0m [32m✓[39m nodes/llms/LmChatMinimax/test/LmChatMinimax.test.ts [2m([22m[2m10 tests[22m[2m)[22m[32m 11[2mms[22m[39m
[32m@n8n/n8n-nodes-langchain:test: [0m [32m✓[39m nodes/vendors/OpenAi/methods/__tests__/listSearch.test.ts [2m([22m[2m7 tests[22m[2m)[22m[32m 13[2mms[22m[39m
[32m@n8n/n8n-nodes-langchain:test: [0m [32m✓[39m nodes/llms/LMChatOpenAi/test/common.test.ts [2m([22m[2m15 tests[22m[2m)[22m[32m 5[2mms[22m[39m
[32m@n8n/n8n-nodes-langchain:test: [0m [32m✓[39m nodes/mcp/McpTrigger/execution/__tests__/QueuedExecutionStrategy.test.ts [2m([22m[2m12 tests[22m[2m)[22m[32m 9[2mms[22m[39m
[32m@n8n/n8n-nodes-langchain:test: [0m [32m✓[39m nodes/tools/ToolVectorStore/ToolVectorStore.node.test.ts [2m([22m[2m4 tests[22m[2m)[22m[32m 6[2mms[22m[39m
[32m@n8n/n8n-nodes-langchain:test: [0m [32m✓[39m nodes/llms/test/LmOpenAi.test.ts [2m([22m[2m7 tests[22m[2m)[22m[32m 17[2mms[22m[39m
[32m@n8n/n8n-nodes-langchain:test: [0m [32m✓[39m nodes/chains/InformationExtractor/test/processItem.test.ts [2m([22m[2m5 tests[22m[2m)[22m[32m 44[2mms[22m[39m
[32m@n8n/n8n-nodes-langchain:test: [0m [32m✓[39m nodes/chains/TextClassifier/test/processItem.test.ts [2m([22m[2m4 tests[22m[2m)[22m[32m 11[2mms[22m[39m
[32m@n8n/n8n-nodes-langchain:test: [0m [32m✓[39m nodes/mcp/McpTrigger/execution/__tests__/ExecutionCoordinator.test.ts [2m([22m[2m14 tests[22m[2m)[22m[32m 5[2mms[22m[39m
[32m@n8n/n8n-nodes-langchain:test: [0m [32m✓[39m nodes/llms/LmChatMoonshot/test/LmChatMoonshot.test.ts [2m([22m[2m9 tests[22m[2m)[22m[32m 10[2mms[22m[39m
[32m@n8n/n8n-nodes-langchain:test: [0m [32m✓[39m nodes/retrievers/RetrieverVectorStore/test/RetrieverVectorStore.node.test.ts [2m([22m[2m5 tests[22m[2m)[22m[32m 49[2mms[22m[39m
[32m@n8n/n8n-nodes-langchain:test: [0m [32m✓[39m nodes/tools/ToolThink/test/ToolThink.node.test.ts [2m([22m[2m6 tests[22m[2m)[22m[32m 10[2mms[22m[39m
[32m@n8n/n8n-nodes-langchain:test: [0m [32m✓[39m nodes/Guardrails/helpers/__tests__/model.test.ts [2m([22m[2m8 tests[22m[2m)[22m[32m 8[2mms[22m[39m
[32m@n8n/n8n-nodes-langchain:test: [0m [32m✓[39m nodes/vendors/OpenAi/test/v2/actions/audio/transcribe.operation.test.ts [2m([22m[2m3 tests[22m[2m)[22m[32m 6[2mms[22m[39m
[32m@n8n/n8n-nodes-langchain:test: [0m [32m✓[39m nodes/mcp/McpTrigger/session/__tests__/InMemorySessionStore.test.ts [2m([22m[2m18 tests[22m[2m)[22m[32m 5[2mms[22m[39m
[32m@n8n/n8n-nodes-langchain:test: [0m [32m✓[39m nodes/vendors/GoogleGemini/actions/router.test.ts [2m([22m[2m14 tests[22m[2m)[22m[32m 24[2mms[22m[39m
[32m@n8n/n8n-nodes-langchain:test: [0m [32m✓[39m nodes/agents/Agent/agents/ToolsAgent/V3/helpers/tests/finalizeResult.test.ts [2m([22m[2m10 tests[22m[2m)[22m[32m 7[2mms[22m[39m
[32m@n8n/n8n-nodes-langchain:test: [0m [32m✓[39m nodes/llms/LMChatOpenAi/methods/__tests__/loadModels.test.ts [2m([22m[2m8 tests[22m[2m)[22m[32m 45[2mms[22m[39m
[32m@n8n/n8n-nodes-langchain:test: [0m [32m✓[39m utils/N8nTool.test.ts [2m([22m[2m8 tests[22m[2m)[22m[32m 11[2mms[22m[39m
[32m@n8n/n8n-nodes-langchain:test: [0m [32m✓[39m utils/agent-execution/test/buildResponseMetadata.test.ts [2m([22m[2m8 tests[22m[2m)[22m[32m 7[2mms[22m[39m
[32m@n8n/n8n-nodes-langchain:test: [0m [32m✓[39m utils/agent-execution/test/processEventStream.test.ts [2m([22m[2m6 tests[22m[2m)[22m[32m 5[2mms[22m[39m
[32m@n8n/n8n-nodes-langchain:test: [0m [32m✓[39m nodes/vendors/AlibabaCloud/test/listSearch.test.ts [2m([22m[2m7 tests[22m[2m)[22m[32m 7[2mms[22m[39m
[32m@n8n/n8n-nodes-langchain:test: [0m [32m✓[39m utils/agent-execution/test/serializeIntermediateSteps.test.ts [2m([22m[2m6 tests[22m[2m)[22m[32m 3[2mms[22m[39m
[32m@n8n/n8n-nodes-langchain:test: [0m [32m✓[39m nodes/llms/LMChatAnthropic/methods/__tests__/searchModels.test.ts [2m([22m[2m8 tests[22m[2m)[22m[32m 6[2mms[22m[39m
[32m@n8n/n8n-nodes-langchain:test: [0m [32m✓[39m nodes/tools/ToolSerpApi/ToolSerpApi.node.test.ts [2m([22m[2m5 tests[22m[2m)[22m[32m 10[2mms[22m[39m
[32m@n8n/n8n-nodes-langchain:test: [0m [32m✓[39m nodes/vendors/OpenAi/helpers/error-handling.test.ts [2m([22m[2m13 tests[22m[2m)[22m[32m 17[2mms[22m[39m
[32m@n8n/n8n-nodes-langchain:test: [0m [32m✓[39m nodes/vendors/AlibabaCloud/test/router.test.ts [2m([22m[2m5 tests[22m[2m)[22m[32m 4[2mms[22m[39m
[32m@n8n/n8n-nodes-langchain:test: [0m [32m✓[39m utils/embeddings/embeddingInputValidation.test.ts [2m([22m[2m17 tests[22m[2m)[22m[32m 5[2mms[22m[39m
[32m@n8n/n8n-nodes-langchain:test: [0m [32m✓[39m nodes/output_parser/OutputParserItemList/test/OutputParserItemList.node.test.ts [2m([22m[2m8 tests[22m[2m)[22m[32m 6[2mms[22m[39m
[32m@n8n/n8n-nodes-langchain:test: [0m [32m✓[39m nodes/agents/Agent/agents/ToolsAgent/V3/helpers/tests/executeBatch.test.ts [2m([22m[2m5 tests[22m[2m)[22m[32m 7[2mms[22m[39m
[32m@n8n/n8n-nodes-langchain:test: [0m [32m✓[39m nodes/embeddings/test/EmbeddingsOracleDb.test.ts [2m([22m[2m2 tests[22m[2m)[22m[32m 7[2mms[22m[39m
[32m@n8n/n8n-nodes-langchain:test: [0m [32m✓[39m nodes/agents/Agent/test/integration/agent-tool-v3.workflow.test.ts [2m([22m[2m2 tests[22m[2m)[22m[33m 1754[2mms[22m[39m
[32m@n8n/n8n-nodes-langchain:test: [0m       [33m[2m✓[22m[39m should execute sub-agent tool and return parent final answer [33m 1464[2mms[22m[39m
[32m@n8n/n8n-nodes-langchain:test: [0m [32m✓[39m nodes/embeddings/test/NvidiaEmbeddings.test.ts [2m([22m[2m7 tests[22m[2m)[22m[32m 6[2mms[22m[39m
[32m@n8n/n8n-nodes-langchain:test: [0m [32m✓[39m nodes/mcp/McpTrigger/transport/__tests__/TransportFactory.test.ts [2m([22m[2m10 tests[22m[2m)[22m[32m 8[2mms[22m[39m
[32m@n8n/n8n-nodes-langchain:test: [0m [32m✓[39m nodes/mcp/McpClientTool/__test__/utils.test.ts [2m([22m[2m17 tests[22m[2m)[22m[32m 7[2mms[22m[39m
[32m@n8n/n8n-nodes-langchain:test: [0m [32m✓[39m nodes/agents/Agent/agents/SqlAgent/other/handlers/postgres.test.ts [2m([22m[2m9 tests[22m[2m)[22m[32m 6[2mms[22m[39m
[32m@n8n/n8n-nodes-langchain:test: [0m [32m✓[39m utils/chatModelMessageWrapper.test.ts [2m([22m[2m5 tests[22m[2m)[22m[32m 27[2mms[22m[39m
[32m@n8n/n8n-nodes-langchain:test: [0m [32m✓[39m nodes/mcp/McpTrigger/transport/__tests__/StreamableHttpTransport.test.ts [2m([22m[2m9 tests[22m[2m)[22m[32m 6[2mms[22m[39m
[32m@n8n/n8n-nodes-langchain:test: [0m [32m✓[39m nodes/llms/LmChatAzureOpenAi/__tests__/N8nOAuth2TokenCredential.test.ts [2m([22m[2m4 tests[22m[2m)[22m[32m 5[2mms[22m[39m
[32m@n8n/n8n-nodes-langchain:test: [0m [32m✓[39m nodes/agents/Agent/agents/ToolsAgent/V3/helpers/tests/checkMaxIterations.test.ts [2m([22m[2m9 tests[22m[2m)[22m[32m 4[2mms[22m[39m
[32m@n8n/n8n-nodes-langchain:test: [0m [32m✓[39m nodes/mcp/McpTrigger/session/__tests__/RedisSessionStore.test.ts [2m([22m[2m9 tests[22m[2m)[22m[32m 6[2mms[22m[39m
[32m@n8n/n8n-nodes-langchain:test: [0m [32m✓[39m utils/descriptions.test.ts [2m([22m[2m9 tests[22m[2m)[22m[32m 3[2mms[22m[39m
[32m@n8n/n8n-nodes-langchain:test: [0m [32m✓[39m nodes/ToolExecutor/test/convertToSchema.test.ts [2m([22m[2m10 tests[22m[2m)[22m[32m 21[2mms[22m[39m
[32m@n8n/n8n-nodes-langchain:test: [0m [32m✓[39m nodes/llms/test/deepSeekReasoningContentPatch.test.ts [2m([22m[2m5 tests[22m[2m)[22m[32m 6[2mms[22m[39m
[32m@n8n/n8n-nodes-langchain:test: [0m [32m✓[39m nodes/mcp/McpTrigger/execution/__tests__/DirectExecutionStrategy.test.ts [2m([22m[2m7 tests[22m[2m)[22m[32m 5[2mms[22m[39m
[32m@n8n/n8n-nodes-langchain:test: [0m [32m✓[39m nodes/embeddings/test/EmbeddingsOpenAi.test.ts [2m([22m[2m3 tests[22m[2m)[22m[32m 12[2mms[22m[39m
[32m@n8n/n8n-nodes-langchain:test: [0m [32m✓[39m nodes/ModelSelector/test/helpers.test.ts [2m([22m[2m6 tests[22m[2m)[22m[32m 4[2mms[22m[39m
[32m@n8n/n8n-nodes-langchain:test: [0m [32m✓[39m nodes/vendors/Anthropic/actions/router.test.ts [2m([22m[2m9 tests[22m[2m)[22m[32m 7[2mms[22m[39m
[32m@n8n/n8n-nodes-langchain:test: [0m [32m✓[39m nodes/vendors/OpenAi/test/v2/actions/text/classify.operation.test.ts [2m([22m[2m3 tests[22m[2m)[22m[32m 4[2mms[22m[39m
[32m@n8n/n8n-nodes-langchain:test: [0m [32m✓[39m nodes/tools/ToolWolframAlpha/ToolWolframAlpha.node.test.ts [2m([22m[2m4 tests[22m[2m)[22m[32m 19[2mms[22m[39m
[32m@n8n/n8n-nodes-langchain:test: [0m [32m✓[39m nodes/embeddings/EmbeddingsOracleDB/listModels.test.ts [2m([22m[2m3 tests[22m[2m)[22m[32m 7[2mms[22m[39m
[32m@n8n/n8n-nodes-langchain:test: [0m [32m✓[39m nodes/document_loaders/DocumentGithubLoader/test/DocumentGithubLoader.node.test.ts [2m([22m[2m2 tests[22m[2m)[22m[32m 4[2mms[22m[39m
[32m@n8n/n8n-nodes-langchain:test: [0m [32m✓[39m nodes/vector_store/VectorStoreZep/VectorStoreZep.node.test.ts [2m([22m[2m2 tests[22m[2m)[22m[32m 2[2mms[22m[39m
[32m@n8n/n8n-nodes-langchain:test: [0m [32m✓[39m nodes/llms/LmChatGroq/test/LmChatGroq.test.ts [2m([22m[2m3 tests[22m[2m)[22m[32m 7[2mms[22m[39m
[32m@n8n/n8n-nodes-langchain:test: [0m [32m✓[39m utils/output_parsers/N8nOutputParser.test.ts [2m([22m[2m5 tests[22m[2m)[22m[32m 7[2mms[22m[39m
[32m@n8n/n8n-nodes-langchain:test: [0m [32m✓[39m nodes/memory/MemoryManager/test/MemoryManager.node.test.ts [2m([22m[2m7 tests[22m[2m)[22m[32m 3[2mms[22m[39m
[32m@n8n/n8n-nodes-langchain:test: [0m [32m✓[39m nodes/vendors/Moonshot/actions/router.test.ts [2m([22m[2m6 tests[22m[2m)[22m[32m 11[2mms[22m[39m
[32m@n8n/n8n-nodes-langchain:test: [0m [32m✓[39m nodes/llms/LmChatGoogleVertex/test/error-handling.test.ts [2m([22m[2m8 tests[22m[2m)[22m[32m 6[2mms[22m[39m
[32m@n8n/n8n-nodes-langchain:test: [0m [32m✓[39m nodes/llms/LmChatAzureOpenAi/__tests__/oauth2.handler.test.ts [2m([22m[2m2 tests[22m[2m)[22m[32m 7[2mms[22m[39m
[32m@n8n/n8n-nodes-langchain:test: [0m [32m✓[39m nodes/tools/ToolCalculator/ToolCalculator.node.test.ts [2m([22m[2m4 tests[22m[2m)[22m[32m 8[2mms[22m[39m
[32m@n8n/n8n-nodes-langchain:test: [0m [32m✓[39m nodes/vector_store/shared/userScoped.test.ts [2m([22m[2m7 tests[22m[2m)[22m[32m 5[2mms[22m[39m
[32m@n8n/n8n-nodes-langchain:test: [0m [32m✓[39m nodes/embeddings/test/EmbeddingsAzureOpenAi.test.ts [2m([22m[2m1 test[22m[2m)[22m[32m 7[2mms[22m[39m
[32m@n8n/n8n-nodes-langchain:test: [0m [32m✓[39m nodes/llms/test/LmChatCohere.test.ts [2m([22m[2m1 test[22m[2m)[22m[32m 8[2mms[22m[39m
[32m@n8n/n8n-nodes-langchain:test: [0m [32m✓[39m nodes/memory/MemoryMongoDbChat/test/MemoryMongoDbChat.node.test.ts [2m([22m[2m2 tests[22m[2m)[22m[32m 4[2mms[22m[39m
[32m@n8n/n8n-nodes-langchain:test: [0m [32m✓[39m nodes/embeddings/EmbeddingsGoogleVertex/test/EmbeddingsGoogleVertex.test.ts [2m([22m[2m2 tests[22m[2m)[22m[32m 3[2mms[22m[39m
[32m@n8n/n8n-nodes-langchain:test: [0m [32m✓[39m nodes/chains/ChainLLM/test/config.test.ts [2m([22m[2m6 tests[22m[2m)[22m[32m 5[2mms[22m[39m
[32m@n8n/n8n-nodes-langchain:test: [0m [32m✓[39m nodes/chains/ChainLLM/test/responseFormatter.test.ts [2m([22m[2m8 tests[22m[2m)[22m[32m 2[2mms[22m[39m
[32m@n8n/n8n-nodes-langchain:test: [0m [32m✓[39m nodes/vendors/OpenAi/transport/test/transport.test.ts [2m([22m[2m3 tests[22m[2m)[22m[32m 3[2mms[22m[39m
[32m@n8n/n8n-nodes-langchain:test: [0m [32m✓[39m nodes/Guardrails/test/helpers/configureNodeInputs.test.ts [2m([22m[2m8 tests[22m[2m)[22m[32m 3[2mms[22m[39m
[32m@n8n/n8n-nodes-langchain:test: [0m [32m✓[39m nodes/document_loaders/DocumentDefaultDataLoader/test/DocumentDefaultDataLoader.node.test.ts [2m([22m[2m2 tests[22m[2m)[22m[32m 3[2mms[22m[39m
[32m@n8n/n8n-nodes-langchain:test: [0m [32m✓[39m nodes/vendors/Moonshot/transport/index.test.ts [2m([22m[2m3 tests[22m[2m)[22m[32m 4[2mms[22m[39m
[32m@n8n/n8n-nodes-langchain:test: [0m [32m✓[39m credentials/test/ChromaCloudApi.credentials.test.ts [2m([22m[2m3 tests[22m[2m)[22m[32m 3[2mms[22m[39m
[32m@n8n/n8n-nodes-langchain:test: [0m [32m✓[39m nodes/vendors/GoogleGemini/transport/index.test.ts [2m([22m[2m3 tests[22m[2m)[22m[32m 4[2mms[22m[39m
[32m@n8n/n8n-nodes-langchain:test: [0m [32m✓[39m nodes/vendors/Anthropic/methods/listSearch.test.ts [2m([22m[2m2 tests[22m[2m)[22m[32m 5[2mms[22m[39m
[32m@n8n/n8n-nodes-langchain:test: [0m [32m✓[39m nodes/mcp/McpTrigger/transport/__tests__/SSETransport.test.ts [2m([22m[2m5 tests[22m[2m)[22m[32m 7[2mms[22m[39m
[32m@n8n/n8n-nodes-langchain:test: [0m [32m✓[39m nodes/embeddings/test/EmbeddingsHuggingFaceInference.test.ts [2m([22m[2m2 tests[22m[2m)[22m[32m 6[2mms[22m[39m
[32m@n8n/n8n-nodes-langchain:test: [0m [32m✓[39m nodes/agents/Agent/agents/SqlAgent/execute.test.ts [2m([22m[2m19 tests[22m[2m)[22m[32m 5[2mms[22m[39m
[32m@n8n/n8n-nodes-langchain:test: [0m [32m✓[39m nodes/llms/gemini-common/test/vertex-location.test.ts [2m([22m[2m6 tests[22m[2m)[22m[32m 4[2mms[22m[39m
[32m@n8n/n8n-nodes-langchain:test: [0m [32m✓[39m nodes/llms/LmChatAzureOpenAi/__tests__/api-key.handler.test.ts [2m([22m[2m3 tests[22m[2m)[22m[32m 4[2mms[22m[39m
[32m@n8n/n8n-nodes-langchain:test: [0m [32m✓[39m nodes/trigger/ChatTrigger/__test__/util.test.ts [2m([22m[2m3 tests[22m[2m)[22m[32m 3[2mms[22m[39m
[32m@n8n/n8n-nodes-langchain:test: [0m [32m✓[39m nodes/chains/TextClassifier/test/processItem.contentBlocks.test.ts [2m([22m[2m1 test[22m[2m)[22m[32m 10[2mms[22m[39m
[32m@n8n/n8n-nodes-langchain:test: [0m [32m✓[39m nodes/Guardrails/test/checks/pii.test.ts [2m([22m[2m3 tests[22m[2m)[22m[32m 5[2mms[22m[39m
[32m@n8n/n8n-nodes-langchain:test: [0m [32m✓[39m utils/output_parsers/parserInput.test.ts [2m([22m[2m4 tests[22m[2m)[22m[32m 5[2mms[22m[39m
[32m@n8n/n8n-nodes-langchain:test: [0m [32m✓[39m utils/aws/test/resolveBedrockRegion.test.ts [2m([22m[2m6 tests[22m[2m)[22m[32m 3[2mms[22m[39m
[32m@n8n/n8n-nodes-langchain:test: [0m [32m✓[39m nodes/Guardrails/test/checks/secretKeys.test.ts [2m([22m[2m2 tests[22m[2m)[22m[32m 4[2mms[22m[39m
[32m@n8n/n8n-nodes-langchain:test: [0m [32m✓[39m nodes/llms/test/LmOpenHuggingFaceInference.test.ts [2m([22m[2m2 tests[22m[2m)[22m[32m 5[2mms[22m[39m
[32m@n8n/n8n-nodes-langchain:test: [0m [32m✓[39m nodes/vendors/OpenAi/v2/actions/router.test.ts [2m([22m[2m1 test[22m[2m)[22m[32m 3[2mms[22m[39m
[32m@n8n/n8n-nodes-langchain:test: [0m [32m✓[39m nodes/vendors/OpenAi/test/v1/OpenAI.workflow.test.ts [2m([22m[2m1 test[22m[2m)[22m[33m 304[2mms[22m[39m
[32m@n8n/n8n-nodes-langchain:test: [0m [32m✓[39m nodes/vendors/OpenAi/v1/actions/router.test.ts [2m([22m[2m1 test[22m[2m)[22m[32m 3[2mms[22m[39m
[32m@n8n/n8n-nodes-langchain:test: [0m
[32m@n8n/n8n-nodes-langchain:test: [0m[2m Test Files [22m [1m[32m206 passed[39m[22m[90m (206)[39m
[32m@n8n/n8n-nodes-langchain:test: [0m[2m      Tests [22m [1m[32m2873 passed[39m[22m[90m (2873)[39m
[32m@n8n/n8n-nodes-langchain:test: [0m[2m   Start at [22m 13:37:52
[32m@n8n/n8n-nodes-langchain:test: [0m[2m   Duration [22m 18.80s[2m (transform 13.34s, setup 2.73s, import 162.38s, tests 8.44s, environment 12ms)[22m
[32m@n8n/n8n-nodes-langchain:test: [0m
[33m@n8n/node-engine-compatibility:test: [0mcache hit, replaying logs [2m5ab6cbacf97c5c7c[0m
[33m@n8n/node-engine-compatibility:test: [0m
[33m@n8n/node-engine-compatibility:test: [0m> @n8n/node-engine-compatibility@0.4.0 test /Users/romeobalta/work/n8n/worktrees/nudge-manual-builders-to-aia/packages/@n8n/node-engine-compatibility
[33m@n8n/node-engine-compatibility:test: [0m> vitest run --passWithNoTests
[33m@n8n/node-engine-compatibility:test: [0m
[33m@n8n/node-engine-compatibility:test: [0m
[33m@n8n/node-engine-compatibility:test: [0m[1m[30m[46m RUN [49m[39m[22m [36mv4.1.9 [39m[90m/Users/romeobalta/work/n8n/worktrees/nudge-manual-builders-to-aia/packages/@n8n/node-engine-compatibility[39m
[33m@n8n/node-engine-compatibility:test: [0m
[33m@n8n/node-engine-compatibility:test: [0m [32m✓[39m src/__tests__/engine-step-data-loader.test.ts [2m([22m[2m1 test[22m[2m)[22m[32m 32[2mms[22m[39m
[33m@n8n/node-engine-compatibility:test: [0m [32m✓[39m src/__tests__/io.test.ts [2m([22m[2m12 tests[22m[2m)[22m[32m 29[2mms[22m[39m
[33m@n8n/node-engine-compatibility:test: [0m [32m✓[39m src/__tests__/v1-workflow-converter.test.ts [2m([22m[2m32 tests[22m[2m)[22m[32m 34[2mms[22m[39m
[33m@n8n/node-engine-compatibility:test: [0m [32m✓[39m src/__tests__/v1-adapters.test.ts [2m([22m[2m5 tests[22m[2m)[22m[32m 29[2mms[22m[39m
[33m@n8n/node-engine-compatibility:test: [0m [32m✓[39m src/__tests__/v1-step-executor.test.ts [2m([22m[2m27 tests[22m[2m)[22m[33m 344[2mms[22m[39m
[33m@n8n/node-engine-compatibility:test: [0m
[33m@n8n/node-engine-compatibility:test: [0m[2m Test Files [22m [1m[32m5 passed[39m[22m[90m (5)[39m
[33m@n8n/node-engine-compatibility:test: [0m[2m      Tests [22m [1m[32m77 passed[39m[22m[90m (77)[39m
[33m@n8n/node-engine-compatibility:test: [0m[2m   Start at [22m 13:37:50
[33m@n8n/node-engine-compatibility:test: [0m[2m   Duration [22m 1.44s[2m (transform 2.26s, setup 3.56s, import 622ms, tests 468ms, environment 0ms)[22m
[33m@n8n/node-engine-compatibility:test: [0m
[34mn8n:build: [0mcache miss, executing [2m83a44dc733c4fcc1[0m
[34mn8n:build: [0m[43m[30m WARN [39m[49m Unsupported engine: wanted: {"node":">=24.0.0"} (current: {"node":"v22.22.3","pnpm":"10.32.1"})
[34mn8n:build: [0m
[34mn8n:build: [0m> n8n@2.36.0 build /Users/romeobalta/work/n8n/worktrees/nudge-manual-builders-to-aia/packages/cli
[34mn8n:build: [0m> tsc -p tsconfig.build.json && tsc-alias -p tsconfig.build.json && pnpm run build:data && pnpm run build:agent-library
[34mn8n:build: [0m
[34mn8n:build: [0m../..                                    | [43m[30m WARN [39m[49m Unsupported engine: wanted: {"node":">=24.0.0"} (current: {"node":"v22.22.3","pnpm":"10.32.1"})
[34mn8n:build: [0m../@n8n/agents                           | [43m[30m WARN [39m[49m Unsupported engine: wanted: {"node":">=24.0.0"} (current: {"node":"v22.22.3","pnpm":"10.32.1"})
[34mn8n:build: [0m../@n8n/benchmark                        | [43m[30m WARN [39m[49m Unsupported engine: wanted: {"node":">=24.0.0"} (current: {"node":"v22.22.3","pnpm":"10.32.1"})
[34mn8n:build: [0m[43m[30m WARN [39m[49m Unsupported engine: wanted: {"node":">=24.0.0"} (current: {"node":"v22.22.3","pnpm":"10.32.1"})
[34mn8n:build: [0m[43m[30m WARN [39m[49m Unsupported engine: wanted: {"node":">=24.0.0"} (current: {"node":"v22.22.3","pnpm":"10.32.1"})
[34mn8n:build: [0m
[34mn8n:build: [0m> n8n@2.36.0 build:data /Users/romeobalta/work/n8n/worktrees/nudge-manual-builders-to-aia/packages/cli
[34mn8n:build: [0m> node scripts/build.mjs
[34mn8n:build: [0m
[34mn8n:build: [0m../..                                    | [43m[30m WARN [39m[49m Unsupported engine: wanted: {"node":">=24.0.0"} (current: {"node":"v22.22.3","pnpm":"10.32.1"})
[34mn8n:build: [0m../@n8n/agents                           | [43m[30m WARN [39m[49m Unsupported engine: wanted: {"node":">=24.0.0"} (current: {"node":"v22.22.3","pnpm":"10.32.1"})
[34mn8n:build: [0m../@n8n/benchmark                        | [43m[30m WARN [39m[49m Unsupported engine: wanted: {"node":">=24.0.0"} (current: {"node":"v22.22.3","pnpm":"10.32.1"})
[34mn8n:build: [0m[43m[30m WARN [39m[49m Unsupported engine: wanted: {"node":">=24.0.0"} (current: {"node":"v22.22.3","pnpm":"10.32.1"})
[34mn8n:build: [0m[43m[30m WARN [39m[49m Unsupported engine: wanted: {"node":">=24.0.0"} (current: {"node":"v22.22.3","pnpm":"10.32.1"})
[34mn8n:build: [0m../..                                    | [43m[30m WARN [39m[49m Unsupported engine: wanted: {"node":">=24.0.0"} (current: {"node":"v22.22.3","pnpm":"10.32.1"})
[34mn8n:build: [0m../@n8n/agents                           | [43m[30m WARN [39m[49m Unsupported engine: wanted: {"node":">=24.0.0"} (current: {"node":"v22.22.3","pnpm":"10.32.1"})
[34mn8n:build: [0m../@n8n/benchmark                        | [43m[30m WARN [39m[49m Unsupported engine: wanted: {"node":">=24.0.0"} (current: {"node":"v22.22.3","pnpm":"10.32.1"})
[34mn8n:build: [0m[43m[30m WARN [39m[49m Unsupported engine: wanted: {"node":">=24.0.0"} (current: {"node":"v22.22.3","pnpm":"10.32.1"})
[34mn8n:build: [0m../..                                    | [43m[30m WARN [39m[49m Unsupported engine: wanted: {"node":">=24.0.0"} (current: {"node":"v22.22.3","pnpm":"10.32.1"})
[34mn8n:build: [0m../@n8n/agents                           | [43m[30m WARN [39m[49m Unsupported engine: wanted: {"node":">=24.0.0"} (current: {"node":"v22.22.3","pnpm":"10.32.1"})
[34mn8n:build: [0m../@n8n/benchmark                        | [43m[30m WARN [39m[49m Unsupported engine: wanted: {"node":">=24.0.0"} (current: {"node":"v22.22.3","pnpm":"10.32.1"})
[34mn8n:build: [0m[43m[30m WARN [39m[49m Unsupported engine: wanted: {"node":">=24.0.0"} (current: {"node":"v22.22.3","pnpm":"10.32.1"})
[34mn8n:build: [0m[43m[30m WARN [39m[49m Unsupported engine: wanted: {"node":">=24.0.0"} (current: {"node":"v22.22.3","pnpm":"10.32.1"})
[34mn8n:build: [0m../..                                    | [43m[30m WARN [39m[49m Unsupported engine: wanted: {"node":">=24.0.0"} (current: {"node":"v22.22.3","pnpm":"10.32.1"})
[34mn8n:build: [0m../@n8n/agents                           | [43m[30m WARN [39m[49m Unsupported engine: wanted: {"node":">=24.0.0"} (current: {"node":"v22.22.3","pnpm":"10.32.1"})
[34mn8n:build: [0m../@n8n/benchmark                        | [43m[30m WARN [39m[49m Unsupported engine: wanted: {"node":">=24.0.0"} (current: {"node":"v22.22.3","pnpm":"10.32.1"})
[34mn8n:build: [0m[43m[30m WARN [39m[49m Unsupported engine: wanted: {"node":">=24.0.0"} (current: {"node":"v22.22.3","pnpm":"10.32.1"})
[34mn8n:build: [0m../..                                    | [43m[30m WARN [39m[49m Unsupported engine: wanted: {"node":">=24.0.0"} (current: {"node":"v22.22.3","pnpm":"10.32.1"})
[34mn8n:build: [0m../@n8n/agents                           | [43m[30m WARN [39m[49m Unsupported engine: wanted: {"node":">=24.0.0"} (current: {"node":"v22.22.3","pnpm":"10.32.1"})
[34mn8n:build: [0m../@n8n/benchmark                        | [43m[30m WARN [39m[49m Unsupported engine: wanted: {"node":">=24.0.0"} (current: {"node":"v22.22.3","pnpm":"10.32.1"})
[34mn8n:build: [0m[43m[30m WARN [39m[49m Unsupported engine: wanted: {"node":">=24.0.0"} (current: {"node":"v22.22.3","pnpm":"10.32.1"})
[34mn8n:build: [0m[43m[30m WARN [39m[49m Unsupported engine: wanted: {"node":">=24.0.0"} (current: {"node":"v22.22.3","pnpm":"10.32.1"})
[34mn8n:build: [0m../..                                    | [43m[30m WARN [39m[49m Unsupported engine: wanted: {"node":">=24.0.0"} (current: {"node":"v22.22.3","pnpm":"10.32.1"})
[34mn8n:build: [0m../@n8n/agents                           | [43m[30m WARN [39m[49m Unsupported engine: wanted: {"node":">=24.0.0"} (current: {"node":"v22.22.3","pnpm":"10.32.1"})
[34mn8n:build: [0m../@n8n/benchmark                        | [43m[30m WARN [39m[49m Unsupported engine: wanted: {"node":">=24.0.0"} (current: {"node":"v22.22.3","pnpm":"10.32.1"})
[34mn8n:build: [0m[43m[30m WARN [39m[49m Unsupported engine: wanted: {"node":">=24.0.0"} (current: {"node":"v22.22.3","pnpm":"10.32.1"})
[34mn8n:build: [0m../..                                    | [43m[30m WARN [39m[49m Unsupported engine: wanted: {"node":">=24.0.0"} (current: {"node":"v22.22.3","pnpm":"10.32.1"})
[34mn8n:build: [0m../@n8n/agents                           | [43m[30m WARN [39m[49m Unsupported engine: wanted: {"node":">=24.0.0"} (current: {"node":"v22.22.3","pnpm":"10.32.1"})
[34mn8n:build: [0m../@n8n/benchmark                        | [43m[30m WARN [39m[49m Unsupported engine: wanted: {"node":">=24.0.0"} (current: {"node":"v22.22.3","pnpm":"10.32.1"})
[34mn8n:build: [0m[43m[30m WARN [39m[49m Unsupported engine: wanted: {"node":">=24.0.0"} (current: {"node":"v22.22.3","pnpm":"10.32.1"})
[34mn8n:build: [0m[43m[30m WARN [39m[49m Unsupported engine: wanted: {"node":">=24.0.0"} (current: {"node":"v22.22.3","pnpm":"10.32.1"})
[34mn8n:build: [0m../..                                    | [43m[30m WARN [39m[49m Unsupported engine: wanted: {"node":">=24.0.0"} (current: {"node":"v22.22.3","pnpm":"10.32.1"})
[34mn8n:build: [0m../@n8n/agents                           | [43m[30m WARN [39m[49m Unsupported engine: wanted: {"node":">=24.0.0"} (current: {"node":"v22.22.3","pnpm":"10.32.1"})
[34mn8n:build: [0m../@n8n/benchmark                        | [43m[30m WARN [39m[49m Unsupported engine: wanted: {"node":">=24.0.0"} (current: {"node":"v22.22.3","pnpm":"10.32.1"})
[34mn8n:build: [0m[43m[30m WARN [39m[49m Unsupported engine: wanted: {"node":">=24.0.0"} (current: {"node":"v22.22.3","pnpm":"10.32.1"})
[34mn8n:build: [0m../..                                    | [43m[30m WARN [39m[49m Unsupported engine: wanted: {"node":">=24.0.0"} (current: {"node":"v22.22.3","pnpm":"10.32.1"})
[34mn8n:build: [0m../@n8n/agents                           | [43m[30m WARN [39m[49m Unsupported engine: wanted: {"node":">=24.0.0"} (current: {"node":"v22.22.3","pnpm":"10.32.1"})
[34mn8n:build: [0m../@n8n/benchmark                        | [43m[30m WARN [39m[49m Unsupported engine: wanted: {"node":">=24.0.0"} (current: {"node":"v22.22.3","pnpm":"10.32.1"})
[34mn8n:build: [0m[43m[30m WARN [39m[49m Unsupported engine: wanted: {"node":">=24.0.0"} (current: {"node":"v22.22.3","pnpm":"10.32.1"})
[34mn8n:build: [0m[43m[30m WARN [39m[49m Unsupported engine: wanted: {"node":">=24.0.0"} (current: {"node":"v22.22.3","pnpm":"10.32.1"})
[34mn8n:build: [0m../..                                    | [43m[30m WARN [39m[49m Unsupported engine: wanted: {"node":">=24.0.0"} (current: {"node":"v22.22.3","pnpm":"10.32.1"})
[34mn8n:build: [0m../@n8n/agents                           | [43m[30m WARN [39m[49m Unsupported engine: wanted: {"node":">=24.0.0"} (current: {"node":"v22.22.3","pnpm":"10.32.1"})
[34mn8n:build: [0m../@n8n/benchmark                        | [43m[30m WARN [39m[49m Unsupported engine: wanted: {"node":">=24.0.0"} (current: {"node":"v22.22.3","pnpm":"10.32.1"})
[34mn8n:build: [0m[43m[30m WARN [39m[49m Unsupported engine: wanted: {"node":">=24.0.0"} (current: {"node":"v22.22.3","pnpm":"10.32.1"})
[34mn8n:build: [0m../..                                    | [43m[30m WARN [39m[49m Unsupported engine: wanted: {"node":">=24.0.0"} (current: {"node":"v22.22.3","pnpm":"10.32.1"})
[34mn8n:build: [0m../@n8n/agents                           | [43m[30m WARN [39m[49m Unsupported engine: wanted: {"node":">=24.0.0"} (current: {"node":"v22.22.3","pnpm":"10.32.1"})
[34mn8n:build: [0m../@n8n/benchmark                        | [43m[30m WARN [39m[49m Unsupported engine: wanted: {"node":">=24.0.0"} (current: {"node":"v22.22.3","pnpm":"10.32.1"})
[34mn8n:build: [0m[43m[30m WARN [39m[49m Unsupported engine: wanted: {"node":">=24.0.0"} (current: {"node":"v22.22.3","pnpm":"10.32.1"})
[34mn8n:build: [0m[43m[30m WARN [39m[49m Unsupported engine: wanted: {"node":">=24.0.0"} (current: {"node":"v22.22.3","pnpm":"10.32.1"})
[34mn8n:build: [0m../..                                    | [43m[30m WARN [39m[49m Unsupported engine: wanted: {"node":">=24.0.0"} (current: {"node":"v22.22.3","pnpm":"10.32.1"})
[34mn8n:build: [0m../@n8n/agents                           | [43m[30m WARN [39m[49m Unsupported engine: wanted: {"node":">=24.0.0"} (current: {"node":"v22.22.3","pnpm":"10.32.1"})
[34mn8n:build: [0m../@n8n/benchmark                        | [43m[30m WARN [39m[49m Unsupported engine: wanted: {"node":">=24.0.0"} (current: {"node":"v22.22.3","pnpm":"10.32.1"})
[34mn8n:build: [0m[43m[30m WARN [39m[49m Unsupported engine: wanted: {"node":">=24.0.0"} (current: {"node":"v22.22.3","pnpm":"10.32.1"})
[34mn8n:build: [0m../..                                    | [43m[30m WARN [39m[49m Unsupported engine: wanted: {"node":">=24.0.0"} (current: {"node":"v22.22.3","pnpm":"10.32.1"})
[34mn8n:build: [0m../@n8n/agents                           | [43m[30m WARN [39m[49m Unsupported engine: wanted: {"node":">=24.0.0"} (current: {"node":"v22.22.3","pnpm":"10.32.1"})
[34mn8n:build: [0m../@n8n/benchmark                        | [43m[30m WARN [39m[49m Unsupported engine: wanted: {"node":">=24.0.0"} (current: {"node":"v22.22.3","pnpm":"10.32.1"})
[34mn8n:build: [0m[43m[30m WARN [39m[49m Unsupported engine: wanted: {"node":">=24.0.0"} (current: {"node":"v22.22.3","pnpm":"10.32.1"})
[34mn8n:build: [0m[43m[30m WARN [39m[49m Unsupported engine: wanted: {"node":">=24.0.0"} (current: {"node":"v22.22.3","pnpm":"10.32.1"})
[34mn8n:build: [0m../..                                    | [43m[30m WARN [39m[49m Unsupported engine: wanted: {"node":">=24.0.0"} (current: {"node":"v22.22.3","pnpm":"10.32.1"})
[34mn8n:build: [0m../@n8n/agents                           | [43m[30m WARN [39m[49m Unsupported engine: wanted: {"node":">=24.0.0"} (current: {"node":"v22.22.3","pnpm":"10.32.1"})
[34mn8n:build: [0m../@n8n/benchmark                        | [43m[30m WARN [39m[49m Unsupported engine: wanted: {"node":">=24.0.0"} (current: {"node":"v22.22.3","pnpm":"10.32.1"})
[34mn8n:build: [0m[43m[30m WARN [39m[49m Unsupported engine: wanted: {"node":">=24.0.0"} (current: {"node":"v22.22.3","pnpm":"10.32.1"})
[34mn8n:build: [0m../..                                    | [43m[30m WARN [39m[49m Unsupported engine: wanted: {"node":">=24.0.0"} (current: {"node":"v22.22.3","pnpm":"10.32.1"})
[34mn8n:build: [0m../@n8n/agents                           | [43m[30m WARN [39m[49m Unsupported engine: wanted: {"node":">=24.0.0"} (current: {"node":"v22.22.3","pnpm":"10.32.1"})
[34mn8n:build: [0m../@n8n/benchmark                        | [43m[30m WARN [39m[49m Unsupported engine: wanted: {"node":">=24.0.0"} (current: {"node":"v22.22.3","pnpm":"10.32.1"})
[34mn8n:build: [0m[43m[30m WARN [39m[49m Unsupported engine: wanted: {"node":">=24.0.0"} (current: {"node":"v22.22.3","pnpm":"10.32.1"})
[34mn8n:build: [0m[43m[30m WARN [39m[49m Unsupported engine: wanted: {"node":">=24.0.0"} (current: {"node":"v22.22.3","pnpm":"10.32.1"})
[34mn8n:build: [0m../..                                    | [43m[30m WARN [39m[49m Unsupported engine: wanted: {"node":">=24.0.0"} (current: {"node":"v22.22.3","pnpm":"10.32.1"})
[34mn8n:build: [0m../@n8n/agents                           | [43m[30m WARN [39m[49m Unsupported engine: wanted: {"node":">=24.0.0"} (current: {"node":"v22.22.3","pnpm":"10.32.1"})
[34mn8n:build: [0m../@n8n/benchmark                        | [43m[30m WARN [39m[49m Unsupported engine: wanted: {"node":">=24.0.0"} (current: {"node":"v22.22.3","pnpm":"10.32.1"})
[34mn8n:build: [0m[43m[30m WARN [39m[49m Unsupported engine: wanted: {"node":">=24.0.0"} (current: {"node":"v22.22.3","pnpm":"10.32.1"})
[34mn8n:build: [0m../..                                    | [43m[30m WARN [39m[49m Unsupported engine: wanted: {"node":">=24.0.0"} (current: {"node":"v22.22.3","pnpm":"10.32.1"})
[34mn8n:build: [0m../@n8n/agents                           | [43m[30m WARN [39m[49m Unsupported engine: wanted: {"node":">=24.0.0"} (current: {"node":"v22.22.3","pnpm":"10.32.1"})
[34mn8n:build: [0m../@n8n/benchmark                        | [43m[30m WARN [39m[49m Unsupported engine: wanted: {"node":">=24.0.0"} (current: {"node":"v22.22.3","pnpm":"10.32.1"})
[34mn8n:build: [0m[43m[30m WARN [39m[49m Unsupported engine: wanted: {"node":">=24.0.0"} (current: {"node":"v22.22.3","pnpm":"10.32.1"})
[34mn8n:build: [0m[43m[30m WARN [39m[49m Unsupported engine: wanted: {"node":">=24.0.0"} (current: {"node":"v22.22.3","pnpm":"10.32.1"})
[34mn8n:build: [0m../..                                    | [43m[30m WARN [39m[49m Unsupported engine: wanted: {"node":">=24.0.0"} (current: {"node":"v22.22.3","pnpm":"10.32.1"})
[34mn8n:build: [0m../@n8n/agents                           | [43m[30m WARN [39m[49m Unsupported engine: wanted: {"node":">=24.0.0"} (current: {"node":"v22.22.3","pnpm":"10.32.1"})
[34mn8n:build: [0m../@n8n/benchmark                        | [43m[30m WARN [39m[49m Unsupported engine: wanted: {"node":">=24.0.0"} (current: {"node":"v22.22.3","pnpm":"10.32.1"})
[34mn8n:build: [0m[43m[30m WARN [39m[49m Unsupported engine: wanted: {"node":">=24.0.0"} (current: {"node":"v22.22.3","pnpm":"10.32.1"})
[34mn8n:build: [0m../..                                    | [43m[30m WARN [39m[49m Unsupported engine: wanted: {"node":">=24.0.0"} (current: {"node":"v22.22.3","pnpm":"10.32.1"})
[34mn8n:build: [0m../@n8n/agents                           | [43m[30m WARN [39m[49m Unsupported engine: wanted: {"node":">=24.0.0"} (current: {"node":"v22.22.3","pnpm":"10.32.1"})
[34mn8n:build: [0m../@n8n/benchmark                        | [43m[30m WARN [39m[49m Unsupported engine: wanted: {"node":">=24.0.0"} (current: {"node":"v22.22.3","pnpm":"10.32.1"})
[34mn8n:build: [0m[43m[30m WARN [39m[49m Unsupported engine: wanted: {"node":">=24.0.0"} (current: {"node":"v22.22.3","pnpm":"10.32.1"})
[34mn8n:build: [0m[43m[30m WARN [39m[49m Unsupported engine: wanted: {"node":">=24.0.0"} (current: {"node":"v22.22.3","pnpm":"10.32.1"})
[34mn8n:build: [0m
[34mn8n:build: [0m> n8n@2.36.0 build:agent-library /Users/romeobalta/work/n8n/worktrees/nudge-manual-builders-to-aia/packages/cli
[34mn8n:build: [0m> node scripts/bundle-agent-library.mjs
[34mn8n:build: [0m
[34mn8n:build: [0m[bundle-agent-library] Wrote dist/agent-library-bundle.js — 221.6 KB (0.22 MB)
[36m@n8n/backend-test-utils:test: [0mcache hit, replaying logs [2mdfc1e602e359482f[0m
[36m@n8n/backend-test-utils:test: [0m
[36m@n8n/backend-test-utils:test: [0m> @n8n/backend-test-utils@1.36.0 test /Users/romeobalta/work/n8n/worktrees/nudge-manual-builders-to-aia/packages/@n8n/backend-test-utils
[36m@n8n/backend-test-utils:test: [0m> node -e "process.exit(0)"
[36m@n8n/backend-test-utils:test: [0m
[35mn8n:test: [0mcache miss, executing [2m4b27be156912b987[0m
[35mn8n:test: [0m[43m[30m WARN [39m[49m Unsupported engine: wanted: {"node":">=24.0.0"} (current: {"node":"v22.22.3","pnpm":"10.32.1"})
[35mn8n:test: [0m
[35mn8n:test: [0m> n8n@2.36.0 test /Users/romeobalta/work/n8n/worktrees/nudge-manual-builders-to-aia/packages/cli
[35mn8n:test: [0m> N8N_LOG_LEVEL=silent DB_SQLITE_POOL_SIZE=4 DB_TYPE=sqlite vitest run
[35mn8n:test: [0m
[35mn8n:test: [0m
[35mn8n:test: [0m[1m[30m[46m RUN [49m[39m[22m [36mv4.1.9 [39m[90m/Users/romeobalta/work/n8n/worktrees/nudge-manual-builders-to-aia/packages/cli[39m
[35mn8n:test: [0m
[35mn8n:test: [0m [32m✓[39m src/modules/insights/__tests__/insights.module.test.ts [2m([22m[2m3 tests[22m[2m)[22m[33m 1036[2mms[22m[39m
[35mn8n:test: [0m [32m✓[39m src/modules/oauth-server/__tests__/oauth-consent.controller.api.test.ts [2m([22m[2m22 tests[22m[2m)[22m[33m 3044[2mms[22m[39m
[35mn8n:test: [0m [32m✓[39m src/modules/oauth-server/__tests__/workflow-mcp-trigger-resource.resolver.api.test.ts [2m([22m[2m20 tests[22m[2m)[22m[33m 2564[2mms[22m[39m
[35mn8n:test: [0m [32m✓[39m src/modules/oauth-server/__tests__/oauth.controller.api.test.ts [2m([22m[2m53 tests[22m[2m)[22m[33m 3501[2mms[22m[39m
[35mn8n:test: [0m [32m✓[39m src/modules/oauth-server/__tests__/oauth-flow.service.api.test.ts [2m([22m[2m10 tests[22m[2m)[22m[33m 2554[2mms[22m[39m
[35mn8n:test: [0m [32m✓[39m src/modules/oauth-server/__tests__/oauth-clients.controller.api.test.ts [2m([22m[2m22 tests[22m[2m)[22m[33m 2619[2mms[22m[39m
[35mn8n:test: [0m [32m✓[39m src/modules/oauth-server/__tests__/form-trigger-resource.resolver.api.test.ts [2m([22m[2m22 tests[22m[2m)[22m[33m 2621[2mms[22m[39m
[35mn8n:test: [0m [32m✓[39m src/modules/oauth-server/__tests__/workflow-webhook-trigger-resource.resolver.api.test.ts [2m([22m[2m38 tests[22m[2m)[22m[33m 2586[2mms[22m[39m
[35mn8n:test: [0m [32m✓[39m src/modules/mcp/__tests__/mcp.settings.controller.api.test.ts [2m([22m[2m29 tests[22m[2m)[22m[33m 4031[2mms[22m[39m
[35mn8n:test: [0m [32m✓[39m src/modules/instance-ai/eval/__tests__/execution.service.test.ts [2m([22m[2m65 tests[22m[2m)[22m[33m 5159[2mms[22m[39m
[35mn8n:test: [0m       [33m[2m✓[22m[39m returns error result with descriptive message [33m 1704[2mms[22m[39m
[35mn8n:test: [0m       [33m[2m✓[22m[39m returns empty nodeResults [33m 1704[2mms[22m[39m
[35mn8n:test: [0m       [33m[2m✓[22m[39m returns empty hints with defaults [33m 1702[2mms[22m[39m
[35mn8n:test: [0m [32m✓[39m src/modules/oauth-server/__tests__/workflow-webhook-test-trigger-resource.resolver.api.test.ts [2m([22m[2m22 tests[22m[2m)[22m[33m 2598[2mms[22m[39m
[35mn8n:test: [0m [32m✓[39m src/public-api/v1/handlers/discover/__tests__/discover.service.test.ts [2m([22m[2m24 tests[22m[2m)[22m[33m 8792[2mms[22m[39m
[35mn8n:test: [0m [32m✓[39m src/modules/insights/__tests__/insights-raw-migration.test.ts [2m([22m[2m2 tests[22m[2m)[22m[33m 673[2mms[22m[39m
[35mn8n:test: [0m [32m✓[39m src/modules/insights/__tests__/insights-by-period-migration.test.ts [2m([22m[2m2 tests[22m[2m)[22m[33m 639[2mms[22m[39m
[35mn8n:test: [0m [32m✓[39m src/task-runners/__tests__/node-process-oom-detector.test.ts [2m([22m[2m2 tests[22m[2m)[22m[32m 221[2mms[22m[39m
[35mn8n:test: [0m [32m✓[39m src/controllers/__tests__/me.controller.test.ts [2m([22m[2m47 tests[22m[2m)[22m[33m 917[2mms[22m[39m
[35mn8n:test: [0m [32m✓[39m src/modules/git-connections.ee/__tests__/git-connections-git.utils.test.ts [2m([22m[2m11 tests[22m[2m)[22m[32m 133[2mms[22m[39m
[35mn8n:test: [0m [32m✓[39m src/modules/agents/__tests__/agent-secure-runtime.test.ts [2m([22m[2m22 tests[22m[2m)[22m[33m 1056[2mms[22m[39m
[35mn8n:test: [0m     [33m[2m✓[22m[39m replenish retries on slot creation failure [33m 504[2mms[22m[39m
[35mn8n:test: [0m [32m✓[39m src/modules/insights/__tests__/insights.controller.test.ts [2m([22m[2m30 tests[22m[2m)[22m[33m 1694[2mms[22m[39m
[35mn8n:test: [0m [32m✓[39m src/public-api/v1/__tests__/scope-parity.test.ts [2m([22m[2m4 tests[22m[2m)[22m[33m 1528[2mms[22m[39m
[35mn8n:test: [0m     [33m[2m✓[22m[39m every x-required-scope matches eov handler or @PublicApiController @ApiKeyScope [33m 1462[2mms[22m[39m
[35mn8n:test: [0m [32m✓[39m src/modules/oauth-server/__tests__/test-trigger-resource-lifetime.api.test.ts [2m([22m[2m8 tests[22m[2m)[22m[33m 2942[2mms[22m[39m
[35mn8n:test: [0m [32m✓[39m src/modules/oauth-server/__tests__/form-trigger-test-resource.resolver.api.test.ts [2m([22m[2m15 tests[22m[2m)[22m[33m 2837[2mms[22m[39m
[35mn8n:test: [0m [32m✓[39m src/__tests__/workflow-runner.test.ts [2m([22m[2m32 tests[22m[2m)[22m[33m 1595[2mms[22m[39m
[35mn8n:test: [0m [32m✓[39m test/unit/no-source-import-cycles.test.ts [2m([22m[2m1 test[22m[2m)[22m[33m 461[2mms[22m[39m
[35mn8n:test: [0m   [33m[2m✓[22m[39m packages/cli/src has no value-import cycles [33m 461[2mms[22m[39m
[35mn8n:test: [0m [32m✓[39m src/modules/oauth-server/__tests__/workflow-mcp-test-trigger-resource.resolver.api.test.ts [2m([22m[2m10 tests[22m[2m)[22m[33m 2739[2mms[22m[39m
[35mn8n:test: [0m [32m✓[39m src/modules/sso-saml/__tests__/saml-validator.test.ts [2m([22m[2m8 tests[22m[2m)[22m[33m 580[2mms[22m[39m
[35mn8n:test: [0m [32m✓[39m src/modules/oauth-server/__tests__/workflow-mcp-trigger-authorization.api.test.ts [2m([22m[2m7 tests[22m[2m)[22m[33m 3523[2mms[22m[39m
[35mn8n:test: [0m [32m✓[39m src/modules/agents/integrations/__tests__/discord-integration.test.ts [2m([22m[2m21 tests[22m[2m)[22m[33m 596[2mms[22m[39m
[35mn8n:test: [0m       [33m[2m✓[22m[39m forwards adapter initialization through the n8n logger without metadata [33m 587[2mms[22m[39m
[35mn8n:test: [0m [32m✓[39m src/modules/instance-ai/__tests__/telemetry-redaction.test.ts [2m([22m[2m14 tests[22m[2m)[22m[33m 472[2mms[22m[39m
[35mn8n:test: [0m     [33m[2m✓[22m[39m caps long text so the event stays under the RudderStack payload limit [33m 466[2mms[22m[39m
[35mn8n:test: [0m [32m✓[39m src/modules/runtime-credentials/__tests__/runtime-credentials.module.test.ts [2m([22m[2m2 tests[22m[2m)[22m[33m 722[2mms[22m[39m
[35mn8n:test: [0m       [33m[2m✓[22m[39m loads without error when the feature flag is on [33m 718[2mms[22m[39m
[35mn8n:test: [0m [32m✓[39m src/services/cache/__tests__/cache.service.test.ts [2m([22m[2m61 tests[22m[2m)[22m[33m 481[2mms[22m[39m
[35mn8n:test: [0m [32m✓[39m src/modules/instance-ai/web-research/__tests__/fetch-and-extract.test.ts [2m([22m[2m16 tests[22m[2m)[22m[32m 290[2mms[22m[39m
[35mn8n:test: [0m [32m✓[39m src/modules/sso-saml/__tests__/saml.service.ee.test.ts [2m([22m[2m91 tests[22m[2m)[22m[33m 666[2mms[22m[39m
[35mn8n:test: [0m [32m✓[39m src/modules/external-secrets.ee/__tests__/external-secrets-provider-connection-manager.ee.test.ts [2m([22m[2m22 tests[22m[2m)[22m[33m 478[2mms[22m[39m
[35mn8n:test: [0m [32m✓[39m src/modules/agents/integrations/platforms/__tests__/linear/recorded-integration.test.ts [2m([22m[2m2 tests[22m[2m)[22m[33m 388[2mms[22m[39m
[35mn8n:test: [0m     [33m[2m✓[22m[39m replays the captured Linear agent session webhook and outbound activity [33m 382[2mms[22m[39m
[35mn8n:test: [0m [32m✓[39m src/scaling/__tests__/webhook-response-relay.test.ts [2m([22m[2m91 tests[22m[2m)[22m[32m 173[2mms[22m[39m
[35mn8n:test: [0m [32m✓[39m src/services/ownership-transfer/__tests__/ownership-transfer.manifest.test.ts [2m([22m[2m6 tests[22m[2m)[22m[33m 8200[2mms[22m[39m
[35mn8n:test: [0m [32m✓[39m src/__tests__/controller.registry.test.ts [2m([22m[2m26 tests[22m[2m)[22m[33m 315[2mms[22m[39m
[35mn8n:test: [0m [32m✓[39m src/modules/agents/integrations/platforms/__tests__/telegram/synthetic-integration.test.ts [2m([22m[2m4 tests[22m[2m)[22m[32m 273[2mms[22m[39m
[35mn8n:test: [0m [32m✓[39m src/__tests__/credentials-helper.test.ts [2m([22m[2m50 tests[22m[2m)[22m[32m 115[2mms[22m[39m
[35mn8n:test: [0m [32m✓[39m src/modules/agents/integrations/platforms/__tests__/slack/synthetic-integration.test.ts [2m([22m[2m4 tests[22m[2m)[22m[32m 215[2mms[22m[39m
[35mn8n:test: [0m [32m✓[39m src/modules/instance-ai/__tests__/instance-ai-error-reporter.service.test.ts [2m([22m[2m21 tests[22m[2m)[22m[32m 255[2mms[22m[39m
[35mn8n:test: [0m [32m✓[39m src/modules/agents/integrations/platforms/__tests__/slack/recorded-integration.test.ts [2m([22m[2m4 tests[22m[2m)[22m[33m 375[2mms[22m[39m
[35mn8n:test: [0m [32m✓[39m src/modules/agents/integrations/__tests__/channel-integration-contract.test.ts [2m([22m[2m8 tests[22m[2m)[22m[33m 512[2mms[22m[39m
[35mn8n:test: [0m     [33m[2m✓[22m[39m handles mention, subscribes the thread, and routes follow-up messages [33m 335[2mms[22m[39m
[35mn8n:test: [0m [32m✓[39m src/modules/oauth-jwe/__tests__/oauth-jwe-key.service.test.ts [2m([22m[2m14 tests[22m[2m)[22m[32m 145[2mms[22m[39m
[35mn8n:test: [0m [32m✓[39m src/modules/agents/__tests__/agent-knowledge-mirror.service.test.ts [2m([22m[2m16 tests[22m[2m)[22m[33m 361[2mms[22m[39m
[35mn8n:test: [0m [32m✓[39m src/modules/mcp/__tests__/mcp.settings.service.test.ts [2m([22m[2m48 tests[22m[2m)[22m[32m 241[2mms[22m[39m
[35mn8n:test: [0m [32m✓[39m src/modules/instance-ai/__tests__/workflow-verification-obligation-service.test.ts [2m([22m[2m3 tests[22m[2m)[22m[32m 178[2mms[22m[39m
[35mn8n:test: [0m [32m✓[39m src/modules/agents/__tests__/agents-builder-tools.service.test.ts [2m([22m[2m73 tests[22m[2m)[22m[33m 783[2mms[22m[39m
[35mn8n:test: [0m       [33m[2m✓[22m[39m suspends for a target approval and resumes the same test run with the human decision [33m 642[2mms[22m[39m
[35mn8n:test: [0m [32m✓[39m src/modules/agents/__tests__/from-json-config.test.ts [2m([22m[2m87 tests[22m[2m)[22m[33m 382[2mms[22m[39m
[35mn8n:test: [0m     [33m[2m✓[22m[39m routes fallback SearXNG search through the injected webSearchFetch [33m 359[2mms[22m[39m
[35mn8n:test: [0m [32m✓[39m src/executions/__tests__/execution-persistence.test.ts [2m([22m[2m121 tests[22m[2m)[22m[33m 643[2mms[22m[39m
[35mn8n:test: [0m       [33m[2m✓[22m[39m should succeed when the deletion converges exactly on the last allowed batch [33m 316[2mms[22m[39m
[35mn8n:test: [0m [32m✓[39m src/modules/instance-ai/storage/__tests__/typeorm-observation-log-store.test.ts [2m([22m[2m3 tests[22m[2m)[22m[32m 217[2mms[22m[39m
[35mn8n:test: [0mWarning: A vi.unmock("node:fs/promises") call in "/Users/romeobalta/work/n8n/worktrees/nudge-manual-builders-to-aia/packages/cli/src/modules/source-control.ee/__tests__/source-control-helper.ee.test.ts" is not at the top level of the module. Although it appears nested, it will be hoisted and executed before any tests run. Move it to the top level to reflect its actual execution order. This will become an error in a future version.
[35mn8n:test: [0mSee: https://vitest.dev/guide/mocking/modules#how-it-works
[35mn8n:test: [0mWarning: A vi.unmock("node:fs/promises") call in "/Users/romeobalta/work/n8n/worktrees/nudge-manual-builders-to-aia/packages/cli/src/modules/source-control.ee/__tests__/source-control-helper.ee.test.ts" is not at the top level of the module. Although it appears nested, it will be hoisted and executed before any tests run. Move it to the top level to reflect its actual execution order. This will become an error in a future version.
[35mn8n:test: [0mSee: https://vitest.dev/guide/mocking/modules#how-it-works
[35mn8n:test: [0mWarning: A vi.unmock("node:fs/promises") call in "/Users/romeobalta/work/n8n/worktrees/nudge-manual-builders-to-aia/packages/cli/src/modules/source-control.ee/__tests__/source-control-helper.ee.test.ts" is not at the top level of the module. Although it appears nested, it will be hoisted and executed before any tests run. Move it to the top level to reflect its actual execution order. This will become an error in a future version.
[35mn8n:test: [0mSee: https://vitest.dev/guide/mocking/modules#how-it-works
[35mn8n:test: [0m [32m✓[39m src/task-runners/task-broker/auth/__tests__/task-broker-auth.service.test.ts [2m([22m[2m10 tests[22m[2m)[22m[33m 308[2mms[22m[39m
[35mn8n:test: [0m       [33m[2m✓[22m[39m should be invalid for an expired grant token [33m 302[2mms[22m[39m
[35mn8n:test: [0m [32m✓[39m src/modules/agents/integrations/__tests__/n8n-memory.test.ts [2m([22m[2m57 tests[22m[2m)[22m[33m 350[2mms[22m[39m
[35mn8n:test: [0m [32m✓[39m src/modules/mcp/__tests__/mcp-scopes.test.ts [2m([22m[2m16 tests[22m[2m)[22m[32m 181[2mms[22m[39m
[35mn8n:test: [0m [32m✓[39m src/evaluation.ee/test-runner/__tests__/test-runner.service.ee.test.ts [2m([22m[2m85 tests[22m[2m)[22m[33m 326[2mms[22m[39m
[35mn8n:test: [0m [32m✓[39m src/__tests__/credentials-overwrites.test.ts [2m([22m[2m56 tests[22m[2m)[22m[32m 277[2mms[22m[39m
[35mn8n:test: [0m [32m✓[39m src/modules/source-control.ee/__tests__/source-control-helper.ee.test.ts [2m([22m[2m114 tests[22m[2m)[22m[33m 542[2mms[22m[39m
[35mn8n:test: [0m       [33m[2m✓[22m[39m should generate an RSA key pair [33m 399[2mms[22m[39m
[35mn8n:test: [0m [32m✓[39m src/modules/agents/integrations/platforms/__tests__/telegram/recorded-integration.test.ts [2m([22m[2m8 tests[22m[2m)[22m[32m 192[2mms[22m[39m
[35mn8n:test: [0m [32m✓[39m src/modules/mcp/__tests__/mcp.service.test.ts [2m([22m[2m47 tests[22m[2m)[22m[33m 304[2mms[22m[39m
[35mn8n:test: [0m [32m✓[39m src/modules/instance-ai/__tests__/agent-tree-builder.test.ts [2m([22m[2m14 tests[22m[2m)[22m[32m 227[2mms[22m[39m
[35mn8n:test: [0m [32m✓[39m src/modules/agents/__tests__/agent-knowledge-file-store.test.ts [2m([22m[2m8 tests[22m[2m)[22m[32m 80[2mms[22m[39m
[35mn8n:test: [0m [32m✓[39m src/modules/mcp/__tests__/update-workflow.tool.test.ts [2m([22m[2m121 tests[22m[2m)[22m[32m 136[2mms[22m[39m
[35mn8n:test: [0m [32m✓[39m src/node-execution/__tests__/ephemeral-node-executor.test.ts [2m([22m[2m47 tests[22m[2m)[22m[32m 235[2mms[22m[39m
[35mn8n:test: [0m [32m✓[39m src/scaling/__tests__/scaling.service.test.ts [2m([22m[2m31 tests[22m[2m)[22m[32m 295[2mms[22m[39m
[35mn8n:test: [0m [32m✓[39m src/modules/agents/json-config/__tests__/vector-store-factory.test.ts [2m([22m[2m21 tests[22m[2m)[22m[32m 141[2mms[22m[39m
[35mn8n:test: [0m [32m✓[39m src/modules/instance-ai/eval/__tests__/eval-mocked-credentials-helper.test.ts [2m([22m[2m37 tests[22m[2m)[22m[32m 74[2mms[22m[39m
[35mn8n:test: [0m [32m✓[39m src/scheduling/schedule-trigger-node/__tests__/schedule-trigger-job-registrar.test.ts [2m([22m[2m82 tests[22m[2m)[22m[32m 93[2mms[22m[39m
[35mn8n:test: [0m [32m✓[39m src/modules/agents/integrations/__tests__/chat-integration.service.test.ts [2m([22m[2m62 tests[22m[2m)[22m[32m 246[2mms[22m[39m
[35mn8n:test: [0m [32m✓[39m src/modules/community-packages/__tests__/npm-utils.test.ts [2m([22m[2m80 tests[22m[2m)[22m[32m 275[2mms[22m[39m
[35mn8n:test: [0m [32m✓[39m src/modules/instance-ai/eval/__tests__/llm-wire-server.test.ts [2m([22m[2m37 tests[22m[2m)[22m[32m 108[2mms[22m[39m
[35mn8n:test: [0m [32m✓[39m src/modules/source-control.ee/__tests__/source-control-preferences.service.ee.test.ts [2m([22m[2m27 tests[22m[2m)[22m[32m 82[2mms[22m[39m
[35mn8n:test: [0m [32m✓[39m src/modules/quick-connect/__tests__/quick-connect.service.test.ts [2m([22m[2m8 tests[22m[2m)[22m[32m 137[2mms[22m[39m
[35mn8n:test: [0m [32m✓[39m src/modules/instance-ai/__tests__/browser-use-server.test.ts [2m([22m[2m4 tests[22m[2m)[22m[32m 218[2mms[22m[39m
[35mn8n:test: [0m [32m✓[39m src/webhooks/__tests__/webhook-form-data.test.ts [2m([22m[2m13 tests[22m[2m)[22m[32m 156[2mms[22m[39m
[35mn8n:test: [0m [32m✓[39m src/modules/agents/__tests__/agent-execution-update-broadcaster.test.ts [2m([22m[2m3 tests[22m[2m)[22m[32m 162[2mms[22m[39m
[35mn8n:test: [0m [32m✓[39m src/modules/provisioning.ee/__tests__/role-resolver.service.ee.test.ts [2m([22m[2m33 tests[22m[2m)[22m[32m 134[2mms[22m[39m
[35mn8n:test: [0m [32m✓[39m src/modules/oauth-jwe/__tests__/oauth-jwe.utils.test.ts [2m([22m[2m26 tests[22m[2m)[22m[32m 167[2mms[22m[39m
[35mn8n:test: [0m [32m✓[39m src/__tests__/workflow-helpers.test.ts [2m([22m[2m78 tests[22m[2m)[22m[32m 128[2mms[22m[39m
[35mn8n:test: [0m [32m✓[39m src/modules/data-table/__tests__/data-table-file-cleanup.service.test.ts [2m([22m[2m17 tests[22m[2m)[22m[32m 48[2mms[22m[39m
[35mn8n:test: [0m [32m✓[39m src/modules/n8n-packages/io/__tests__/directory-package-writer.test.ts [2m([22m[2m5 tests[22m[2m)[22m[32m 105[2mms[22m[39m
[35mn8n:test: [0m [32m✓[39m src/modules/agents/integrations/platforms/__tests__/telegram/bridge-behavior.test.ts [2m([22m[2m10 tests[22m[2m)[22m[32m 58[2mms[22m[39m
[35mn8n:test: [0m [32m✓[39m src/modules/agents/__tests__/agent-run-tracing.service.otel.test.ts [2m([22m[2m4 tests[22m[2m)[22m[32m 54[2mms[22m[39m
[35mn8n:test: [0m [32m✓[39m src/modules/oauth-server/__tests__/oauth.controller.test.ts [2m([22m[2m8 tests[22m[2m)[22m[32m 135[2mms[22m[39m
[35mn8n:test: [0m [32m✓[39m src/modules/source-control.ee/__tests__/source-control-export.service.test.ts [2m([22m[2m22 tests[22m[2m)[22m[32m 149[2mms[22m[39m
[35mn8n:test: [0m [32m✓[39m src/modules/instance-ai/__tests__/instance-ai.adapter.service.test.ts [2m([22m[2m218 tests[22m[2m)[22m[32m 280[2mms[22m[39m
[35mn8n:test: [0m [32m✓[39m src/modules/agents/__tests__/agent-workflow-execution.service.test.ts [2m([22m[2m33 tests[22m[2m)[22m[32m 140[2mms[22m[39m
[35mn8n:test: [0m [32m✓[39m src/modules/instance-registry/__tests__/instance-registry.service.test.ts [2m([22m[2m25 tests[22m[2m)[22m[32m 35[2mms[22m[39m
[35mn8n:test: [0m [32m✓[39m src/__tests__/active-workflow-manager.test.ts [2m([22m[2m38 tests[22m[2m)[22m[32m 121[2mms[22m[39m
[35mn8n:test: [0m [32m✓[39m src/public-api/v1/handlers/n8n-packages/__tests__/n8n-packages.handler.test.ts [2m([22m[2m34 tests[22m[2m)[22m[32m 71[2mms[22m[39m
[35mn8n:test: [0m [32m✓[39m src/user-management/email/__tests__/node-mailer.test.ts [2m([22m[2m13 tests[22m[2m)[22m[32m 55[2mms[22m[39m
[35mn8n:test: [0m [32m✓[39m src/modules/external-secrets.ee/__tests__/external-secrets-manager.ee.test.ts [2m([22m[2m58 tests[22m[2m)[22m[32m 147[2mms[22m[39m
[35mn8n:test: [0m [32m✓[39m src/modules/instance-ai/__tests__/extract-resolved-node-parameters.test.ts [2m([22m[2m15 tests[22m[2m)[22m[32m 106[2mms[22m[39m
[35mn8n:test: [0m [32m✓[39m src/metrics/prometheus/__tests__/execution-data-metrics.service.test.ts [2m([22m[2m30 tests[22m[2m)[22m[32m 29[2mms[22m[39m
[35mn8n:test: [0m [32m✓[39m src/modules/instance-ai/eval/__tests__/m3-fixtures.test.ts [2m([22m[2m4 tests[22m[2m)[22m[32m 58[2mms[22m[39m
[35mn8n:test: [0m [32m✓[39m src/workflows/publication/__tests__/workflow-publication-notifier.test.ts [2m([22m[2m4 tests[22m[2m)[22m[32m 123[2mms[22m[39m
[35mn8n:test: [0m [32m✓[39m src/events/__tests__/telemetry-event-relay.test.ts [2m([22m[2m141 tests[22m[2m)[22m[32m 108[2mms[22m[39m
[35mn8n:test: [0m [32m✓[39m src/workflows/triggers/__tests__/trigger-execution-context.factory.test.ts [2m([22m[2m56 tests[22m[2m)[22m[32m 117[2mms[22m[39m
[35mn8n:test: [0m [32m✓[39m src/modules/git-connections.ee/__tests__/git-connections.service.test.ts [2m([22m[2m27 tests[22m[2m)[22m[32m 120[2mms[22m[39m
[35mn8n:test: [0m [32m✓[39m src/modules/agents/__tests__/agent-run-tracing.service.test.ts [2m([22m[2m11 tests[22m[2m)[22m[32m 64[2mms[22m[39m
[35mn8n:test: [0m [32m✓[39m src/modules/dynamic-credentials.ee/credential-resolvers/identifiers/__tests__/oauth2-userinfo-identifier.test.ts [2m([22m[2m38 tests[22m[2m)[22m[32m 155[2mms[22m[39m
[35mn8n:test: [0m [32m✓[39m src/modules/oauth-jwe/__tests__/oauth-jwe-decrypt.service.test.ts [2m([22m[2m10 tests[22m[2m)[22m[32m 49[2mms[22m[39m
[35mn8n:test: [0m [32m✓[39m src/modules/agents/builder/__tests__/agents-builder.service.session.test.ts [2m([22m[2m18 tests[22m[2m)[22m[32m 84[2mms[22m[39m
[35mn8n:test: [0m [32m✓[39m src/modules/instance-ai/eval/__tests__/mock-handler.test.ts [2m([22m[2m62 tests[22m[2m)[22m[32m 40[2mms[22m[39m
[35mn8n:test: [0m [32m✓[39m src/modules/agents/__tests__/agent-sandbox-runtime.service.test.ts [2m([22m[2m10 tests[22m[2m)[22m[32m 116[2mms[22m[39m
[35mn8n:test: [0m [32m✓[39m src/modules/agents/tools/__tests__/node-tool-factory.test.ts [2m([22m[2m14 tests[22m[2m)[22m[32m 35[2mms[22m[39m
[35mn8n:test: [0m [32m✓[39m src/modules/instance-ai/__tests__/instance-ai-sandbox.service.test.ts [2m([22m[2m38 tests[22m[2m)[22m[32m 108[2mms[22m[39m
[35mn8n:test: [0m [32m✓[39m src/eventbus/message-event-bus-writer/__tests__/message-event-bus-log-writer.test.ts [2m([22m[2m11 tests[22m[2m)[22m[32m 128[2mms[22m[39m
[35mn8n:test: [0m [32m✓[39m src/modules/agents/integrations/__tests__/agent-chat-bridge.test.ts [2m([22m[2m66 tests[22m[2m)[22m[32m 90[2mms[22m[39m
[35mn8n:test: [0m [32m✓[39m src/modules/agents/__tests__/agent-integration-management.service.test.ts [2m([22m[2m31 tests[22m[2m)[22m[32m 39[2mms[22m[39m
[35mn8n:test: [0m [32m✓[39m src/credentials/__tests__/credentials.service.test.ts [2m([22m[2m184 tests[22m[2m)[22m[32m 123[2mms[22m[39m
[35mn8n:test: [0m [32m✓[39m src/scaling/__tests__/redis-lock.service.test.ts [2m([22m[2m7 tests[22m[2m)[22m[32m 101[2mms[22m[39m
[35mn8n:test: [0m(node:5682) MaxListenersExceededWarning: Possible EventEmitter memory leak detected. 11 SIGTERM listeners added to [process]. MaxListeners is 10. Use emitter.setMaxListeners() to increase limit
[35mn8n:test: [0m(Use `node --trace-warnings ...` to show where the warning was created)
[35mn8n:test: [0m(node:5682) MaxListenersExceededWarning: Possible EventEmitter memory leak detected. 11 SIGINT listeners added to [process]. MaxListeners is 10. Use emitter.setMaxListeners() to increase limit
[35mn8n:test: [0m [32m✓[39m src/commands/__tests__/start.test.ts [2m([22m[2m14 tests[22m[2m)[22m[32m 236[2mms[22m[39m
[35mn8n:test: [0m [32m✓[39m src/public-api/v1/openapi-gen/__tests__/request-body-schema-parity.test.ts [2m([22m[2m12 tests[22m[2m)[22m[32m 73[2mms[22m[39m
[35mn8n:test: [0m [32m✓[39m src/modules/agents/__tests__/agent-config.service.test.ts [2m([22m[2m35 tests[22m[2m)[22m[32m 92[2mms[22m[39m
[35mn8n:test: [0m [32m✓[39m src/modules/sso-oidc/__tests__/oidc.service.ee.test.ts [2m([22m[2m41 tests[22m[2m)[22m[32m 178[2mms[22m[39m
[35mn8n:test: [0m [32m✓[39m src/workflows/publication/__tests__/workflow-publication-outbox-consumer.test.ts [2m([22m[2m41 tests[22m[2m)[22m[32m 67[2mms[22m[39m
[35mn8n:test: [0m [32m✓[39m src/public-api/v1/handlers/workflows/__tests__/workflow-publish-blocked.openapi.test.ts [2m([22m[2m4 tests[22m[2m)[22m[32m 59[2mms[22m[39m
[35mn8n:test: [0m [32m✓[39m src/credentials/__tests__/validation.test.ts [2m([22m[2m66 tests[22m[2m)[22m[32m 12[2mms[22m[39m
[35mn8n:test: [0m [32m✓[39m src/task-runners/task-broker/__tests__/task-broker-server.test.ts [2m([22m[2m9 tests[22m[2m)[22m[32m 27[2mms[22m[39m
[35mn8n:test: [0m [32m✓[39m src/services/__tests__/auth.roles.service.test.ts [2m([22m[2m32 tests[22m[2m)[22m[32m 75[2mms[22m[39m
[35mn8n:test: [0m [32m✓[39m src/modules/external-secrets.ee/providers/__tests__/aws-secrets-manager.test.ts [2m([22m[2m11 tests[22m[2m)[22m[32m 17[2mms[22m[39m
[35mn8n:test: [0m [32m✓[39m src/modules/agents/__tests__/agent-session-langsmith-export.service.test.ts [2m([22m[2m8 tests[22m[2m)[22m[32m 63[2mms[22m[39m
[35mn8n:test: [0m [32m✓[39m src/credentials/__tests__/credentials.controller.test.ts [2m([22m[2m35 tests[22m[2m)[22m[32m 29[2mms[22m[39m
[35mn8n:test: [0m [32m✓[39m src/scaling/__tests__/worker-server.test.ts [2m([22m[2m11 tests[22m[2m)[22m[32m 14[2mms[22m[39m
[35mn8n:test: [0m [32m✓[39m src/modules/agents/integrations/__tests__/integration-tools.test.ts [2m([22m[2m36 tests[22m[2m)[22m[32m 29[2mms[22m[39m
[35mn8n:test: [0m [32m✓[39m src/user-management/email/__tests__/user-management-mailer.test.ts [2m([22m[2m11 tests[22m[2m)[22m[32m 36[2mms[22m[39m
[35mn8n:test: [0m [32m✓[39m src/modules/community-packages/__tests__/community-packages.service.test.ts [2m([22m[2m74 tests[22m[2m)[22m[32m 85[2mms[22m[39m
[35mn8n:test: [0m [32m✓[39m src/workflows/__tests__/workflow-execution.service.test.ts [2m([22m[2m37 tests[22m[2m)[22m[32m 31[2mms[22m[39m
[35mn8n:test: [0m [32m✓[39m src/modules/instance-ai/eval/__tests__/mock-handler-integration.test.ts [2m([22m[2m4 tests[22m[2m)[22m[32m 54[2mms[22m[39m
[35mn8n:test: [0m [32m✓[39m src/public-api/v1/handlers/data-tables/__tests__/data-tables.handler.test.ts [2m([22m[2m26 tests[22m[2m)[22m[32m 25[2mms[22m[39m
[35mn8n:test: [0m [32m✓[39m src/modules/insights/database/repositories/__tests__/insights-by-period-query.helper.test.ts [2m([22m[2m54 tests[22m[2m)[22m[32m 52[2mms[22m[39m
[35mn8n:test: [0m [32m✓[39m src/services/__tests__/ai-workflow-builder.service.test.ts [2m([22m[2m22 tests[22m[2m)[22m[32m 30[2mms[22m[39m
[35mn8n:test: [0m [32m✓[39m src/controllers/__tests__/ai.controller.test.ts [2m([22m[2m33 tests[22m[2m)[22m[32m 138[2mms[22m[39m
[35mn8n:test: [0m [32m✓[39m src/scaling/__tests__/job-processor.service.test.ts [2m([22m[2m45 tests[22m[2m)[22m[32m 89[2mms[22m[39m
[35mn8n:test: [0m [32m✓[39m src/__tests__/workflow-execute-additional-data.test.ts [2m([22m[2m92 tests[22m[2m)[22m[32m 81[2mms[22m[39m
[35mn8n:test: [0m [32m✓[39m src/push/__tests__/index.test.ts [2m([22m[2m42 tests[22m[2m)[22m[32m 15[2mms[22m[39m
[35mn8n:test: [0m [32m✓[39m src/workflows/publication/__tests__/workflow-publication-applier.test.ts [2m([22m[2m41 tests[22m[2m)[22m[32m 16[2mms[22m[39m
[35mn8n:test: [0m [32m✓[39m src/workflows/__tests__/workflow-creation.service.test.ts [2m([22m[2m30 tests[22m[2m)[22m[32m 45[2mms[22m[39m
[35mn8n:test: [0m [32m✓[39m src/modules/instance-ai/event-bus/__tests__/in-process-event-bus.test.ts [2m([22m[2m47 tests[22m[2m)[22m[32m 76[2mms[22m[39m
[35mn8n:test: [0m [32m✓[39m src/executions/__tests__/execution.service.test.ts [2m([22m[2m38 tests[22m[2m)[22m[32m 36[2mms[22m[39m
[35mn8n:test: [0m [32m✓[39m src/modules/agents/__tests__/agent-validation.service.test.ts [2m([22m[2m25 tests[22m[2m)[22m[32m 61[2mms[22m[39m
[35mn8n:test: [0m [32m✓[39m src/modules/mcp/__tests__/list-n8n-connect-services.tool.test.ts [2m([22m[2m4 tests[22m[2m)[22m[32m 7[2mms[22m[39m
[35mn8n:test: [0m [32m✓[39m src/services/__tests__/last-active-at.service.test.ts [2m([22m[2m3 tests[22m[2m)[22m[32m 65[2mms[22m[39m
[35mn8n:test: [0m [32m✓[39m src/services/__tests__/frontend.service.test.ts [2m([22m[2m48 tests[22m[2m)[22m[32m 36[2mms[22m[39m
[35mn8n:test: [0m [32m✓[39m src/modules/quick-connect/handlers/__tests__/firecrawl.handler.test.ts [2m([22m[2m10 tests[22m[2m)[22m[32m 85[2mms[22m[39m
[35mn8n:test: [0m [32m✓[39m src/modules/agents/__tests__/agent-execution.service.test.ts [2m([22m[2m31 tests[22m[2m)[22m[32m 77[2mms[22m[39m
[35mn8n:test: [0m [32m✓[39m src/modules/instance-ai/__tests__/instance-ai-browser-session.service.test.ts [2m([22m[2m23 tests[22m[2m)[22m[32m 31[2mms[22m[39m
[35mn8n:test: [0m [32m✓[39m src/services/__tests__/ai.service.test.ts [2m([22m[2m20 tests[22m[2m)[22m[32m 18[2mms[22m[39m
[35mn8n:test: [0m [32m✓[39m src/modules/chat-hub/__tests__/chat-stream-state.service.test.ts [2m([22m[2m38 tests[22m[2m)[22m[32m 29[2mms[22m[39m
[35mn8n:test: [0m [32m✓[39m src/oauth/__tests__/oauth.service.test.ts [2m([22m[2m200 tests[22m[2m)[22m[32m 118[2mms[22m[39m
[35mn8n:test: [0m [32m✓[39m src/workflows/triggers/__tests__/workflow-trigger-activator.test.ts [2m([22m[2m30 tests[22m[2m)[22m[32m 58[2mms[22m[39m
[35mn8n:test: [0m [32m✓[39m src/executions/__tests__/parse-range-query.middleware.test.ts [2m([22m[2m10 tests[22m[2m)[22m[32m 12[2mms[22m[39m
[35mn8n:test: [0m [32m✓[39m src/metrics/prometheus/__tests__/workflow-publication-metrics.service.test.ts [2m([22m[2m16 tests[22m[2m)[22m[32m 17[2mms[22m[39m
[35mn8n:test: [0m [32m✓[39m src/modules/agents/__tests__/agent-publish.service.test.ts [2m([22m[2m24 tests[22m[2m)[22m[32m 30[2mms[22m[39m
[35mn8n:test: [0m [32m✓[39m src/modules/instance-ai/__tests__/instance-ai.service.test.ts [2m([22m[2m165 tests[22m[2m)[22m[32m 94[2mms[22m[39m
[35mn8n:test: [0m [32m✓[39m src/modules/agents/__tests__/agent-skills.service.test.ts [2m([22m[2m16 tests[22m[2m)[22m[32m 13[2mms[22m[39m
[35mn8n:test: [0m [32m✓[39m src/modules/redaction/executions/__tests__/execution-redaction.service.test.ts [2m([22m[2m66 tests[22m[2m)[22m[32m 18[2mms[22m[39m
[35mn8n:test: [0m [32m✓[39m src/modules/instance-ai/__tests__/instance-ai-setup-telemetry.service.test.ts [2m([22m[2m11 tests[22m[2m)[22m[32m 66[2mms[22m[39m
[35mn8n:test: [0m [32m✓[39m src/modules/dynamic-credentials.ee/services/__tests__/dynamic-credential-web.service.test.ts [2m([22m[2m18 tests[22m[2m)[22m[32m 11[2mms[22m[39m
[35mn8n:test: [0m [32m✓[39m src/modules/runtime-credentials/__tests__/runtime-credentials-access.service.test.ts [2m([22m[2m5 tests[22m[2m)[22m[32m 5[2mms[22m[39m
[35mn8n:test: [0m [32m✓[39m src/modules/log-streaming.ee/destinations/__tests__/message-event-bus-destination.ee.test.ts [2m([22m[2m14 tests[22m[2m)[22m[32m 21[2mms[22m[39m
[35mn8n:test: [0m [32m✓[39m src/services/__tests__/node-resource-explorer.service.test.ts [2m([22m[2m32 tests[22m[2m)[22m[32m 14[2mms[22m[39m
[35mn8n:test: [0m [32m✓[39m src/modules/mcp/__tests__/agent-tools.service.test.ts [2m([22m[2m94 tests[22m[2m)[22m[32m 62[2mms[22m[39m
[35mn8n:test: [0m [32m✓[39m src/modules/instance-ai/eval/__tests__/credential-rewrite-roundtrip.test.ts [2m([22m[2m3 tests[22m[2m)[22m[32m 38[2mms[22m[39m
[35mn8n:test: [0m [32m✓[39m src/services/__tests__/credentials-finder.service.test.ts [2m([22m[2m55 tests[22m[2m)[22m[32m 98[2mms[22m[39m
[35mn8n:test: [0m [32m✓[39m src/metrics/prometheus/__tests__/workflow-statistics-metrics.service.test.ts [2m([22m[2m21 tests[22m[2m)[22m[32m 15[2mms[22m[39m
[35mn8n:test: [0m [32m✓[39m src/modules/instance-ai/__tests__/credit-counting.test.ts [2m([22m[2m19 tests[22m[2m)[22m[32m 27[2mms[22m[39m
[35mn8n:test: [0m [32m✓[39m src/modules/data-table/__tests__/data-table.service.test.ts [2m([22m[2m26 tests[22m[2m)[22m[32m 26[2mms[22m[39m
[35mn8n:test: [0m [32m✓[39m src/workflows/publication/__tests__/workflow-publication-reconciler.service.test.ts [2m([22m[2m27 tests[22m[2m)[22m[32m 60[2mms[22m[39m
[35mn8n:test: [0m [32m✓[39m src/posthog/__tests__/posthog.test.ts [2m([22m[2m31 tests[22m[2m)[22m[32m 17[2mms[22m[39m
[35mn8n:test: [0m [32m✓[39m src/modules/agents/sub-agents/__tests__/sub-agent-foreground-runner.test.ts [2m([22m[2m16 tests[22m[2m)[22m[32m 40[2mms[22m[39m
[35mn8n:test: [0m [32m✓[39m src/services/__tests__/user.service.test.ts [2m([22m[2m32 tests[22m[2m)[22m[32m 10[2mms[22m[39m
[35mn8n:test: [0m [32m✓[39m src/modules/agents/__tests__/agents-service-reconstruct-gating.test.ts [2m([22m[2m27 tests[22m[2m)[22m[32m 39[2mms[22m[39m
[35mn8n:test: [0m [32m✓[39m src/modules/mcp/__tests__/search-executions.tool.test.ts [2m([22m[2m12 tests[22m[2m)[22m[32m 7[2mms[22m[39m
[35mn8n:test: [0m [32m✓[39m src/modules/agents/integrations/__tests__/slack-app-setup.service.test.ts [2m([22m[2m29 tests[22m[2m)[22m[32m 46[2mms[22m[39m
[35mn8n:test: [0m [32m✓[39m src/modules/oauth-server/__tests__/oauth-consent.service.test.ts [2m([22m[2m28 tests[22m[2m)[22m[32m 10[2mms[22m[39m
[35mn8n:test: [0m [32m✓[39m src/concurrency/__tests__/concurrency-control.service.test.ts [2m([22m[2m70 tests[22m[2m)[22m[32m 11[2mms[22m[39m
[35mn8n:test: [0m [32m✓[39m src/modules/insights/__tests__/insights-collection.service.test.ts [2m([22m[2m8 tests[22m[2m)[22m[32m 22[2mms[22m[39m
[35mn8n:test: [0m [32m✓[39m src/modules/mcp/__tests__/credentials-auto-assign.test.ts [2m([22m[2m30 tests[22m[2m)[22m[32m 13[2mms[22m[39m
[35mn8n:test: [0m [32m✓[39m src/modules/mcp/__tests__/mcp.settings.controller.test.ts [2m([22m[2m33 tests[22m[2m)[22m[32m 16[2mms[22m[39m
[35mn8n:test: [0m [32m✓[39m src/modules/mcp/__tests__/mcp-server-middleware.service.test.ts [2m([22m[2m18 tests[22m[2m)[22m[32m 11[2mms[22m[39m
[35mn8n:test: [0m [32m✓[39m src/modules/instance-ai/eval/__tests__/eval-timings.test.ts [2m([22m[2m5 tests[22m[2m)[22m[32m 5[2mms[22m[39m
[35mn8n:test: [0m [32m✓[39m src/execution-lifecycle/__tests__/execution-lifecycle-hooks.test.ts [2m([22m[2m113 tests[22m[2m)[22m[32m 48[2mms[22m[39m
[35mn8n:test: [0m [32m✓[39m src/modules/data-table/__tests__/csv-parser.service.test.ts [2m([22m[2m9 tests[22m[2m)[22m[32m 47[2mms[22m[39m
[35mn8n:test: [0m [32m✓[39m src/oauth/__tests__/oauth-jwe-service.proxy.test.ts [2m([22m[2m6 tests[22m[2m)[22m[32m 16[2mms[22m[39m
[35mn8n:test: [0m [32m✓[39m src/modules/agents/__tests__/agent-knowledge.service.test.ts [2m([22m[2m13 tests[22m[2m)[22m[32m 54[2mms[22m[39m
[35mn8n:test: [0m [32m✓[39m src/webhooks/__tests__/live-webhooks.test.ts [2m([22m[2m24 tests[22m[2m)[22m[32m 17[2mms[22m[39m
[35mn8n:test: [0m [32m✓[39m src/node-catalog/__tests__/node-catalog.service.test.ts [2m([22m[2m36 tests[22m[2m)[22m[32m 70[2mms[22m[39m
[35mn8n:test: [0m [32m✓[39m src/modules/agents/__tests__/agent-integration-persistence.service.test.ts [2m([22m[2m30 tests[22m[2m)[22m[32m 27[2mms[22m[39m
[35mn8n:test: [0m [32m✓[39m src/modules/agents/integrations/__tests__/channel-integration-recorder.test.ts [2m([22m[2m4 tests[22m[2m)[22m[32m 49[2mms[22m[39m
[35mn8n:test: [0m [32m✓[39m src/modules/instance-registry/__tests__/checks/hostid-clash.check.test.ts [2m([22m[2m8 tests[22m[2m)[22m[32m 14[2mms[22m[39m
[35mn8n:test: [0m [32m✓[39m src/modules/n8n-packages/entities/project/__tests__/project-importer.test.ts [2m([22m[2m10 tests[22m[2m)[22m[32m 8[2mms[22m[39m
[35mn8n:test: [0m [32m✓[39m src/commands/__tests__/execute.test.ts [2m([22m[2m6 tests[22m[2m)[22m[32m 27[2mms[22m[39m
[35mn8n:test: [0m [32m✓[39m src/services/__tests__/project.service.ee.test.ts [2m([22m[2m30 tests[22m[2m)[22m[32m 66[2mms[22m[39m
[35mn8n:test: [0m [32m✓[39m src/__tests__/license.test.ts [2m([22m[2m46 tests[22m[2m)[22m[32m 51[2mms[22m[39m
[35mn8n:test: [0m [32m✓[39m src/modules/agents/sub-agents/__tests__/delegate-sub-agent-tool.test.ts [2m([22m[2m15 tests[22m[2m)[22m[32m 10[2mms[22m[39m
[35mn8n:test: [0m [32m✓[39m src/modules/mcp/__tests__/test-workflow.tool.test.ts [2m([22m[2m26 tests[22m[2m)[22m[32m 43[2mms[22m[39m
[35mn8n:test: [0m [32m✓[39m src/modules/agents/__tests__/agent-task.service.test.ts [2m([22m[2m47 tests[22m[2m)[22m[32m 84[2mms[22m[39m
[35mn8n:test: [0m [32m✓[39m src/modules/instance-ai/eval/__tests__/agent-execution.service.test.ts [2m([22m[2m30 tests[22m[2m)[22m[32m 21[2mms[22m[39m
[35mn8n:test: [0m [32m✓[39m src/modules/instance-ai/__tests__/instance-ai-verification.service.test.ts [2m([22m[2m36 tests[22m[2m)[22m[32m 15[2mms[22m[39m
[35mn8n:test: [0m [32m✓[39m src/modules/workflow-reviews.ee/__tests__/workflow-review-request.service.test.ts [2m([22m[2m38 tests[22m[2m)[22m[32m 18[2mms[22m[39m
[35mn8n:test: [0m [32m✓[39m src/modules/mcp/__tests__/list-tags.tool.test.ts [2m([22m[2m7 tests[22m[2m)[22m[32m 20[2mms[22m[39m
[35mn8n:test: [0m [32m✓[39m src/modules/mcp/__tests__/workflow-operations.test.ts [2m([22m[2m141 tests[22m[2m)[22m[32m 89[2mms[22m[39m
[35mn8n:test: [0m [32m✓[39m src/scheduling/schedule-trigger-node/__tests__/schedule-trigger-job-registrar.deviations.test.ts [2m([22m[2m8 tests[22m[2m)[22m[32m 105[2mms[22m[39m
[35mn8n:test: [0m [32m✓[39m src/metrics/prometheus/__tests__/scheduler-metrics.service.test.ts [2m([22m[2m23 tests[22m[2m)[22m[32m 36[2mms[22m[39m
[35mn8n:test: [0m [32m✓[39m src/modules/redaction/__tests__/redaction.module.test.ts [2m([22m[2m1 test[22m[2m)[22m[32m 88[2mms[22m[39m
[35mn8n:test: [0m [32m✓[39m src/task-runners/__tests__/task-runner-process.test.ts [2m([22m[2m45 tests[22m[2m)[22m[32m 46[2mms[22m[39m
[35mn8n:test: [0m [32m✓[39m src/modules/agent-evals/__tests__/agent-evals.controller.test.ts [2m([22m[2m75 tests[22m[2m)[22m[32m 15[2mms[22m[39m
[35mn8n:test: [0m [32m✓[39m src/evaluation.ee/__tests__/evaluation-collection.service.test.ts [2m([22m[2m42 tests[22m[2m)[22m[32m 62[2mms[22m[39m
[35mn8n:test: [0m [32m✓[39m src/scheduling/poll-trigger-node/__tests__/poll-trigger-task-handler.test.ts [2m([22m[2m44 tests[22m[2m)[22m[32m 101[2mms[22m[39m
[35mn8n:test: [0m [32m✓[39m src/modules/agents/__tests__/agent-vector-stores.service.test.ts [2m([22m[2m6 tests[22m[2m)[22m[32m 12[2mms[22m[39m
[35mn8n:test: [0m [32m✓[39m src/public-api/__tests__/public-api-controller.registry.test.ts [2m([22m[2m4 tests[22m[2m)[22m[32m 59[2mms[22m[39m
[35mn8n:test: [0m [32m✓[39m src/modules/chat-hub/__tests__/chat-hub-workflow.service.test.ts [2m([22m[2m33 tests[22m[2m)[22m[32m 36[2mms[22m[39m
[35mn8n:test: [0m [32m✓[39m src/__tests__/command-registry.test.ts [2m([22m[2m9 tests[22m[2m)[22m[32m 25[2mms[22m[39m
[35mn8n:test: [0m [32m✓[39m src/task-runners/task-broker/__tests__/task-broker.service.test.ts [2m([22m[2m91 tests[22m[2m)[22m[32m 63[2mms[22m[39m
[35mn8n:test: [0m [32m✓[39m src/modules/source-control.ee/__tests__/source-control-import.service.ee.test.ts [2m([22m[2m117 tests[22m[2m)[22m[32m 61[2mms[22m[39m
[35mn8n:test: [0m [32m✓[39m src/modules/agents/builder/interactive/__tests__/resolve-llm.tool.test.ts [2m([22m[2m43 tests[22m[2m)[22m[32m 18[2mms[22m[39m
[35mn8n:test: [0m [32m✓[39m src/webhooks/__tests__/test-webhooks.test.ts [2m([22m[2m26 tests[22m[2m)[22m[32m 34[2mms[22m[39m
[35mn8n:test: [0m [32m✓[39m src/modules/n8n-packages/io/__tests__/tar-package-reader.test.ts [2m([22m[2m21 tests[22m[2m)[22m[32m 47[2mms[22m[39m
[35mn8n:test: [0m [32m✓[39m src/webhooks/__tests__/waiting-webhooks.test.ts [2m([22m[2m32 tests[22m[2m)[22m[32m 21[2mms[22m[39m
[35mn8n:test: [0m [32m✓[39m src/telemetry/__tests__/telemetry.test.ts [2m([22m[2m38 tests[22m[2m)[22m[32m 26[2mms[22m[39m
[35mn8n:test: [0m [32m✓[39m src/modules/ldap.ee/__tests__/ldap.service.test.ts [2m([22m[2m67 tests[22m[2m)[22m[32m 32[2mms[22m[39m
[35mn8n:test: [0m [32m✓[39m src/modules/sso-oidc/__tests__/oidc.controller.ee.test.ts [2m([22m[2m21 tests[22m[2m)[22m[32m 11[2mms[22m[39m
[35mn8n:test: [0m [32m✓[39m src/modules/agents/utils/__tests__/inbound-attachments.test.ts [2m([22m[2m8 tests[22m[2m)[22m[32m 54[2mms[22m[39m
[35mn8n:test: [0m [32m✓[39m src/modules/otel/__tests__/otel-lifecycle-handler.test.ts [2m([22m[2m55 tests[22m[2m)[22m[32m 80[2mms[22m[39m
[35mn8n:test: [0m [32m✓[39m src/modules/chat-hub/__tests__/chat-hub.attachment.service.test.ts [2m([22m[2m11 tests[22m[2m)[22m[32m 4[2mms[22m[39m
[35mn8n:test: [0m [32m✓[39m src/modules/instance-ai/__tests__/instance-ai-settings.service.test.ts [2m([22m[2m141 tests[22m[2m)[22m[32m 45[2mms[22m[39m
[35mn8n:test: [0m [32m✓[39m src/modules/external-secrets.ee/providers/__tests__/gcp-secrets-manager.test.ts [2m([22m[2m16 tests[22m[2m)[22m[32m 16[2mms[22m[39m
[35mn8n:test: [0m [32m✓[39m src/scheduling/poll-trigger-node/__tests__/poll-trigger-job-registrar.test.ts [2m([22m[2m24 tests[22m[2m)[22m[32m 56[2mms[22m[39m
[35mn8n:test: [0m [32m✓[39m src/__tests__/manual-execution.service.test.ts [2m([22m[2m20 tests[22m[2m)[22m[32m 27[2mms[22m[39m
[35mn8n:test: [0m [32m✓[39m src/modules/dynamic-credentials.ee/__tests__/workflow-status.controller.test.ts [2m([22m[2m11 tests[22m[2m)[22m[32m 7[2mms[22m[39m
[35mn8n:test: [0m [32m✓[39m src/modules/source-control.ee/__tests__/source-control-status.service.test.ts [2m([22m[2m71 tests[22m[2m)[22m[32m 54[2mms[22m[39m
[35mn8n:test: [0m [32m✓[39m src/__tests__/active-executions.test.ts [2m([22m[2m30 tests[22m[2m)[22m[32m 15[2mms[22m[39m
[35mn8n:test: [0m [32m✓[39m src/modules/dynamic-credentials.ee/services/__tests__/dynamic-credential.service.test.ts [2m([22m[2m40 tests[22m[2m)[22m[32m 71[2mms[22m[39m
[35mn8n:test: [0m [32m✓[39m src/workflows/publication/__tests__/workflow-publication-status.service.test.ts [2m([22m[2m10 tests[22m[2m)[22m[32m 7[2mms[22m[39m
[35mn8n:test: [0m [32m✓[39m src/modules/instance-ai/__tests__/instance-ai.controller.test.ts [2m([22m[2m121 tests[22m[2m)[22m[32m 73[2mms[22m[39m
[35mn8n:test: [0m [32m✓[39m src/modules/agents/__tests__/instance-ai-builder-delegate.adapter.test.ts [2m([22m[2m27 tests[22m[2m)[22m[32m 13[2mms[22m[39m
[35mn8n:test: [0m [32m✓[39m src/modules/agents/__tests__/agent-chat-attachment.service.test.ts [2m([22m[2m11 tests[22m[2m)[22m[32m 8[2mms[22m[39m
[35mn8n:test: [0m [32m✓[39m src/modules/mcp/__tests__/data-table/search-data-tables.tool.test.ts [2m([22m[2m6 tests[22m[2m)[22m[32m 24[2mms[22m[39m
[35mn8n:test: [0m [32m✓[39m src/auth/__tests__/auth.service.test.ts [2m([22m[2m94 tests[22m[2m)[22m[32m 117[2mms[22m[39m
[35mn8n:test: [0m [32m✓[39m src/modules/favorites/__tests__/user-favorite.repository.test.ts [2m([22m[2m6 tests[22m[2m)[22m[32m 9[2mms[22m[39m
[35mn8n:test: [0m [32m✓[39m src/controllers/oauth/__tests__/oauth2-credential.controller.test.ts [2m([22m[2m28 tests[22m[2m)[22m[32m 13[2mms[22m[39m
[35mn8n:test: [0m [32m✓[39m src/modules/agent-evals/__tests__/agent-eval-case-generation.service.test.ts [2m([22m[2m16 tests[22m[2m)[22m[32m 11[2mms[22m[39m
[35mn8n:test: [0m [32m✓[39m src/modules/dynamic-credentials.ee/context-establishment-hooks/__tests__/http-header-extractor.test.ts [2m([22m[2m35 tests[22m[2m)[22m[32m 66[2mms[22m[39m
[35mn8n:test: [0m [32m✓[39m src/modules/dynamic-credentials.ee/__tests__/dynamic-credentials.controller.test.ts [2m([22m[2m30 tests[22m[2m)[22m[32m 41[2mms[22m[39m
[35mn8n:test: [0m [32m✓[39m src/modules/dynamic-credentials.ee/services/__tests__/credential-resolver.service.test.ts [2m([22m[2m37 tests[22m[2m)[22m[32m 21[2mms[22m[39m
[35mn8n:test: [0m [32m✓[39m src/task-runners/__tests__/forward-to-logger.test.ts [2m([22m[2m9 tests[22m[2m)[22m[32m 13[2mms[22m[39m
[35mn8n:test: [0m [32m✓[39m src/modules/agent-evals/__tests__/agent-eval-runner.service.test.ts [2m([22m[2m36 tests[22m[2m)[22m[32m 77[2mms[22m[39m
[35mn8n:test: [0m(node:8536) MaxListenersExceededWarning: Possible EventEmitter memory leak detected. 11 end listeners added to [EventEmitter]. MaxListeners is 10. Use emitter.setMaxListeners() to increase limit
[35mn8n:test: [0m(Use `node --trace-warnings ...` to show where the warning was created)
[35mn8n:test: [0m(node:8536) MaxListenersExceededWarning: Possible EventEmitter memory leak detected. 11 close listeners added to [EventEmitter]. MaxListeners is 10. Use emitter.setMaxListeners() to increase limit
[35mn8n:test: [0m(node:8536) MaxListenersExceededWarning: Possible EventEmitter memory leak detected. 11 finish listeners added to [EventEmitter]. MaxListeners is 10. Use emitter.setMaxListeners() to increase limit
[35mn8n:test: [0m(node:8536) MaxListenersExceededWarning: Possible EventEmitter memory leak detected. 11 end listeners added to [EventEmitter]. MaxListeners is 10. Use emitter.setMaxListeners() to increase limit
[35mn8n:test: [0m [32m✓[39m src/push/__tests__/sse.push.test.ts [2m([22m[2m12 tests[22m[2m)[22m[32m 9[2mms[22m[39m
[35mn8n:test: [0m [32m✓[39m src/modules/chat-hub/__tests__/chat-hub-execution-watcher.service.test.ts [2m([22m[2m19 tests[22m[2m)[22m[32m 11[2mms[22m[39m
[35mn8n:test: [0m [32m✓[39m src/modules/agents/builder/__tests__/verify-mcp-server.tool.test.ts [2m([22m[2m17 tests[22m[2m)[22m[32m 11[2mms[22m[39m
[35mn8n:test: [0m [32m✓[39m src/modules/mcp/__tests__/validate-node.tool.test.ts [2m([22m[2m10 tests[22m[2m)[22m[32m 13[2mms[22m[39m
[35mn8n:test: [0m [32m✓[39m src/scheduling/schedule-trigger-node/__tests__/schedule-trigger-task-handler.test.ts [2m([22m[2m14 tests[22m[2m)[22m[32m 14[2mms[22m[39m
[35mn8n:test: [0m [32m✓[39m src/modules/dynamic-credentials.ee/credential-resolvers/__tests__/oauth-credential-resolver.test.ts [2m([22m[2m33 tests[22m[2m)[22m[32m 20[2mms[22m[39m
[35mn8n:test: [0m [32m✓[39m src/__tests__/load-nodes-and-credentials.test.ts [2m([22m[2m30 tests[22m[2m)[22m[32m 42[2mms[22m[39m
[35mn8n:test: [0m [32m✓[39m src/services/__tests__/import.service.test.ts [2m([22m[2m89 tests[22m[2m)[22m[32m 60[2mms[22m[39m
[35mn8n:test: [0m [32m✓[39m src/modules/mcp/__tests__/move-workflows-to-folder.tool.test.ts [2m([22m[2m7 tests[22m[2m)[22m[32m 6[2mms[22m[39m
[35mn8n:test: [0m [32m✓[39m src/services/__tests__/ai-gateway.service.test.ts [2m([22m[2m67 tests[22m[2m)[22m[32m 133[2mms[22m[39m
[35mn8n:test: [0m [32m✓[39m src/sso.ee/__tests__/sso-helpers.test.ts [2m([22m[2m7 tests[22m[2m)[22m[32m 8[2mms[22m[39m
[35mn8n:test: [0m [32m✓[39m src/workflows/__tests__/workflow.service.test.ts [2m([22m[2m79 tests[22m[2m)[22m[32m 53[2mms[22m[39m
[35mn8n:test: [0m [32m✓[39m src/public-api/__tests__/public-api-route-resolver.test.ts [2m([22m[2m30 tests[22m[2m)[22m[32m 7[2mms[22m[39m
[35mn8n:test: [0m [32m✓[39m src/modules/instance-registry/__tests__/stale-member-cleanup.service.test.ts [2m([22m[2m9 tests[22m[2m)[22m[32m 48[2mms[22m[39m
[35mn8n:test: [0m [32m✓[39m src/metrics/prometheus/__tests__/instance-ai-metrics.service.test.ts [2m([22m[2m14 tests[22m[2m)[22m[32m 26[2mms[22m[39m
[35mn8n:test: [0m [32m✓[39m src/__tests__/wait-tracker.test.ts [2m([22m[2m21 tests[22m[2m)[22m[32m 52[2mms[22m[39m
[35mn8n:test: [0m [32m✓[39m src/chat/__tests__/chat-service.test.ts [2m([22m[2m27 tests[22m[2m)[22m[32m 15[2mms[22m[39m
[35mn8n:test: [0m [32m✓[39m src/modules/agents/__tests__/workflow-tool-factory.test.ts [2m([22m[2m12 tests[22m[2m)[22m[32m 26[2mms[22m[39m
[35mn8n:test: [0m [32m✓[39m src/modules/mcp-registry/registry/__tests__/mcp-registry.service.test.ts [2m([22m[2m16 tests[22m[2m)[22m[32m 18[2mms[22m[39m
[35mn8n:test: [0m [32m✓[39m src/modules/instance-ai/__tests__/instance-ai.service.refineTitle.test.ts [2m([22m[2m7 tests[22m[2m)[22m[32m 6[2mms[22m[39m
[35mn8n:test: [0m [32m✓[39m src/public-api/v1/__tests__/public-api-controllers.test.ts [2m([22m[2m2 tests[22m[2m)[22m[32m 26[2mms[22m[39m
[35mn8n:test: [0m [32m✓[39m src/modules/mcp/__tests__/create-workflow-from-code.tool.test.ts [2m([22m[2m56 tests[22m[2m)[22m[32m 96[2mms[22m[39m
[35mn8n:test: [0m [32m✓[39m src/instance-settings-loader/__tests__/sso/provisioning.instance-settings-loader.test.ts [2m([22m[2m7 tests[22m[2m)[22m[32m 9[2mms[22m[39m
[35mn8n:test: [0m [32m✓[39m src/modules/mcp/__tests__/get-workflow-details.tool.test.ts [2m([22m[2m15 tests[22m[2m)[22m[32m 31[2mms[22m[39m
[35mn8n:test: [0m [32m✓[39m src/modules/agents/__tests__/execution-recorder.test.ts [2m([22m[2m41 tests[22m[2m)[22m[32m 15[2mms[22m[39m
[35mn8n:test: [0m [32m✓[39m src/controllers/__tests__/user-settings.controller.test.ts [2m([22m[2m14 tests[22m[2m)[22m[32m 8[2mms[22m[39m
[35mn8n:test: [0m [32m✓[39m src/modules/workflow-reviews.ee/__tests__/workflow-review-request.decide.service.test.ts [2m([22m[2m34 tests[22m[2m)[22m[32m 68[2mms[22m[39m
[35mn8n:test: [0m [32m✓[39m src/modules/data-table/__tests__/data-table-ddl.service.test.ts [2m([22m[2m16 tests[22m[2m)[22m[32m 15[2mms[22m[39m
[35mn8n:test: [0m [32m✓[39m src/modules/dynamic-credentials.ee/credential-resolvers/identifiers/__tests__/oauth2-metadata-http-client.test.ts [2m([22m[2m5 tests[22m[2m)[22m[32m 5[2mms[22m[39m
[35mn8n:test: [0m [32m✓[39m src/modules/data-table/__tests__/data-table-size-validator.service.test.ts [2m([22m[2m12 tests[22m[2m)[22m[32m 10[2mms[22m[39m
[35mn8n:test: [0m [32m✓[39m src/modules/breaking-changes/__tests__/breaking-changes.migration.service.test.ts [2m([22m[2m10 tests[22m[2m)[22m[32m 18[2mms[22m[39m
[35mn8n:test: [0m [32m✓[39m src/modules/mcp/__tests__/data-table/add-data-table-rows.tool.test.ts [2m([22m[2m5 tests[22m[2m)[22m[32m 6[2mms[22m[39m
[35mn8n:test: [0m [32m✓[39m src/metrics/prometheus/__tests__/route-metrics.service.test.ts [2m([22m[2m11 tests[22m[2m)[22m[32m 22[2mms[22m[39m
[35mn8n:test: [0m [32m✓[39m src/modules/instance-ai/__tests__/instance-ai-memory.service.test.ts [2m([22m[2m43 tests[22m[2m)[22m[32m 49[2mms[22m[39m
[35mn8n:test: [0m [32m✓[39m src/utils/__tests__/ai-service-retry.test.ts [2m([22m[2m8 tests[22m[2m)[22m[32m 14[2mms[22m[39m
[35mn8n:test: [0m [32m✓[39m src/modules/insights/__tests__/insights.service.test.ts [2m([22m[2m47 tests[22m[2m)[22m[32m 97[2mms[22m[39m
[35mn8n:test: [0m [32m✓[39m src/services/__tests__/credentials-tester.service.test.ts [2m([22m[2m15 tests[22m[2m)[22m[32m 12[2mms[22m[39m
[35mn8n:test: [0m [32m✓[39m src/evaluation.ee/__tests__/test-runs.controller.ee.test.ts [2m([22m[2m27 tests[22m[2m)[22m[32m 31[2mms[22m[39m
[35mn8n:test: [0m [32m✓[39m src/modules/agents/integrations/__tests__/leader-channel-relay.service.test.ts [2m([22m[2m14 tests[22m[2m)[22m[32m 11[2mms[22m[39m
[35mn8n:test: [0m [32m✓[39m src/modules/provisioning.ee/__tests__/provisioning.service.ee.test.ts [2m([22m[2m83 tests[22m[2m)[22m[32m 83[2mms[22m[39m
[35mn8n:test: [0m [32m✓[39m src/controllers/__tests__/api-keys.controller.test.ts [2m([22m[2m7 tests[22m[2m)[22m[32m 7[2mms[22m[39m
[35mn8n:test: [0m [32m✓[39m src/modules/agents/integrations/platforms/__tests__/telegram/integration.test.ts [2m([22m[2m30 tests[22m[2m)[22m[32m 9[2mms[22m[39m
[35mn8n:test: [0m [32m✓[39m src/modules/otel/__tests__/otel.service.test.ts [2m([22m[2m25 tests[22m[2m)[22m[32m 14[2mms[22m[39m
[35mn8n:test: [0m [32m✓[39m src/modules/community-packages/__tests__/community-node-types.service.test.ts [2m([22m[2m51 tests[22m[2m)[22m[32m 22[2mms[22m[39m
[35mn8n:test: [0m [32m✓[39m src/modules/mcp/__tests__/execute-workflow.tool.test.ts [2m([22m[2m35 tests[22m[2m)[22m[32m 26[2mms[22m[39m
[35mn8n:test: [0m [32m✓[39m src/modules/data-table/__tests__/multer-upload-middleware.test.ts [2m([22m[2m9 tests[22m[2m)[22m[32m 9[2mms[22m[39m
[35mn8n:test: [0m [32m✓[39m src/modules/agents/__tests__/agent-execution-orchestrator.service.test.ts [2m([22m[2m29 tests[22m[2m)[22m[32m 56[2mms[22m[39m
[35mn8n:test: [0m [32m✓[39m src/tool-generation/__tests__/hitl-tools.test.ts [2m([22m[2m28 tests[22m[2m)[22m[32m 7[2mms[22m[39m
[35mn8n:test: [0m [32m✓[39m src/modules/data-table/__tests__/sql-utils.test.ts [2m([22m[2m45 tests[22m[2m)[22m[32m 14[2mms[22m[39m
[35mn8n:test: [0m [32m✓[39m src/metrics/prometheus/__tests__/event-bus-metrics.service.test.ts [2m([22m[2m19 tests[22m[2m)[22m[32m 9[2mms[22m[39m
[35mn8n:test: [0m [32m✓[39m src/chat/__tests__/utils.test.ts [2m([22m[2m52 tests[22m[2m)[22m[32m 6[2mms[22m[39m
[35mn8n:test: [0m [32m✓[39m src/scheduling/__tests__/durable-job-provisioner.test.ts [2m([22m[2m57 tests[22m[2m)[22m[32m 82[2mms[22m[39m
[35mn8n:test: [0m [32m✓[39m src/collaboration/__tests__/collaboration.state.test.ts [2m([22m[2m6 tests[22m[2m)[22m[32m 9[2mms[22m[39m
[35mn8n:test: [0m [32m✓[39m src/modules/breaking-changes/rules/v3/__tests__/agent-node-version.rule.test.ts [2m([22m[2m8 tests[22m[2m)[22m[32m 4[2mms[22m[39m
[35mn8n:test: [0m [32m✓[39m src/modules/instance-ai/__tests__/node-definition-resolver.test.ts [2m([22m[2m6 tests[22m[2m)[22m[32m 13[2mms[22m[39m
[35mn8n:test: [0m [32m✓[39m src/modules/chat-hub/__tests__/chat-hub-execution-store.service.test.ts [2m([22m[2m30 tests[22m[2m)[22m[32m 12[2mms[22m[39m
[35mn8n:test: [0m [32m✓[39m src/modules/agents/__tests__/agent-json-config.test.ts [2m([22m[2m29 tests[22m[2m)[22m[32m 8[2mms[22m[39m
[35mn8n:test: [0m [32m✓[39m src/modules/instance-ai/event-bus/__tests__/durable-event-log.test.ts [2m([22m[2m23 tests[22m[2m)[22m[32m 88[2mms[22m[39m
[35mn8n:test: [0m [32m✓[39m src/modules/oauth-server/__tests__/oauth-token.service.test.ts [2m([22m[2m46 tests[22m[2m)[22m[32m 30[2mms[22m[39m
[35mn8n:test: [0m [32m✓[39m src/modules/log-streaming.ee/destinations/__tests__/message-event-bus-destination-webhook.ee.test.ts [2m([22m[2m23 tests[22m[2m)[22m[32m 12[2mms[22m[39m
[35mn8n:test: [0m [32m✓[39m src/controllers/__tests__/invitation.controller.test.ts [2m([22m[2m10 tests[22m[2m)[22m[32m 19[2mms[22m[39m
[35mn8n:test: [0m [32m✓[39m src/modules/n8n-packages/io/__tests__/tar-package-writer.test.ts [2m([22m[2m3 tests[22m[2m)[22m[32m 18[2mms[22m[39m
[35mn8n:test: [0m [32m✓[39m src/modules/quick-connect/__tests__/quick-connect.module.test.ts [2m([22m[2m6 tests[22m[2m)[22m[32m 30[2mms[22m[39m
[35mn8n:test: [0m [32m✓[39m src/modules/mcp/__tests__/version-metadata.test.ts [2m([22m[2m16 tests[22m[2m)[22m[32m 12[2mms[22m[39m
[35mn8n:test: [0m [32m✓[39m src/webhooks/__tests__/webhook.service.test.ts [2m([22m[2m58 tests[22m[2m)[22m[32m 31[2mms[22m[39m
[35mn8n:test: [0m [32m✓[39m src/modules/mcp-registry/__tests__/node-description-transform.test.ts [2m([22m[2m32 tests[22m[2m)[22m[32m 15[2mms[22m[39m
[35mn8n:test: [0m [32m✓[39m src/modules/instance-ai/__tests__/instance-ai-terminal-outcome.service.test.ts [2m([22m[2m18 tests[22m[2m)[22m[32m 14[2mms[22m[39m
[35mn8n:test: [0m [32m✓[39m src/modules/mcp/__tests__/search-projects.tool.test.ts [2m([22m[2m19 tests[22m[2m)[22m[32m 16[2mms[22m[39m
[35mn8n:test: [0m [32m✓[39m src/modules/policy-infrastructure/__tests__/policy-decision.service.test.ts [2m([22m[2m19 tests[22m[2m)[22m[32m 16[2mms[22m[39m
[35mn8n:test: [0m [32m✓[39m src/services/__tests__/tag.service.test.ts [2m([22m[2m13 tests[22m[2m)[22m[32m 19[2mms[22m[39m
[35mn8n:test: [0m [32m✓[39m src/modules/log-streaming.ee/__tests__/log-streaming-destination.service.test.ts [2m([22m[2m20 tests[22m[2m)[22m[32m 9[2mms[22m[39m
[35mn8n:test: [0m [32m✓[39m src/modules/community-packages/__tests__/community-packages.lifecycle.service.test.ts [2m([22m[2m21 tests[22m[2m)[22m[32m 48[2mms[22m[39m
[35mn8n:test: [0m [32m✓[39m src/middlewares/__tests__/jitter.test.ts [2m([22m[2m4 tests[22m[2m)[22m[32m 8[2mms[22m[39m
[35mn8n:test: [0m [32m✓[39m src/modules/agent-evals/__tests__/agent-eval.service.test.ts [2m([22m[2m58 tests[22m[2m)[22m[32m 82[2mms[22m[39m
[35mn8n:test: [0m [32m✓[39m src/modules/instance-ai/__tests__/browser-local-mcp-server.test.ts [2m([22m[2m9 tests[22m[2m)[22m[32m 10[2mms[22m[39m
[35mn8n:test: [0m [32m✓[39m src/modules/agents/builder/__tests__/agents-builder-model-recommendations.test.ts [2m([22m[2m7 tests[22m[2m)[22m[32m 15[2mms[22m[39m
[35mn8n:test: [0m [32m✓[39m src/task-runners/__tests__/sliding-window-signal.test.ts [2m([22m[2m4 tests[22m[2m)[22m[32m 6[2mms[22m[39m
[35mn8n:test: [0m [32m✓[39m src/modules/instance-ai/__tests__/instance-ai.adapter.service.security.test.ts [2m([22m[2m24 tests[22m[2m)[22m[32m 134[2mms[22m[39m
[35mn8n:test: [0m [32m✓[39m src/modules/agents/builder/interactive/__tests__/configure-channel.tool.test.ts [2m([22m[2m5 tests[22m[2m)[22m[32m 8[2mms[22m[39m
[35mn8n:test: [0m [32m✓[39m src/modules/agents/integrations/__tests__/n8n-chat-integration.test.ts [2m([22m[2m18 tests[22m[2m)[22m[32m 12[2mms[22m[39m
[35mn8n:test: [0m [32m✓[39m src/events/__tests__/log-streaming-event-relay.test.ts [2m([22m[2m120 tests[22m[2m)[22m[32m 23[2mms[22m[39m
[35mn8n:test: [0m [32m✓[39m src/modules/encryption-key-manager/__tests__/encryption-key.controller.test.ts [2m([22m[2m8 tests[22m[2m)[22m[32m 13[2mms[22m[39m
[35mn8n:test: [0m [32m✓[39m src/modules/token-exchange/services/__tests__/jwks-resolver.test.ts [2m([22m[2m30 tests[22m[2m)[22m[32m 10[2mms[22m[39m
[35mn8n:test: [0m [32m✓[39m src/services/__tests__/dynamic-node-parameters.service.test.ts [2m([22m[2m33 tests[22m[2m)[22m[32m 68[2mms[22m[39m
[35mn8n:test: [0m [32m✓[39m src/modules/provisioning.ee/__tests__/role-mapping-rule.service.ee.test.ts [2m([22m[2m34 tests[22m[2m)[22m[32m 12[2mms[22m[39m
[35mn8n:test: [0m [32m✓[39m src/modules/agents/json-config/__tests__/embedding-credential.test.ts [2m([22m[2m3 tests[22m[2m)[22m[32m 8[2mms[22m[39m
[35mn8n:test: [0m [32m✓[39m src/modules/chat-hub/__tests__/chat-hub-agent.service.test.ts [2m([22m[2m33 tests[22m[2m)[22m[32m 37[2mms[22m[39m
[35mn8n:test: [0m [32m✓[39m src/webhooks/__tests__/webhook-helpers.test.ts [2m([22m[2m54 tests[22m[2m)[22m[32m 77[2mms[22m[39m
[35mn8n:test: [0m [32m✓[39m src/modules/dynamic-credentials.ee/credential-resolvers/__tests__/slack-credential-resolver.test.ts [2m([22m[2m29 tests[22m[2m)[22m[32m 14[2mms[22m[39m
[35mn8n:test: [0m [32m✓[39m src/modules/breaking-changes/rules/v2/__tests__/oauth-callback-auth.rule.test.ts [2m([22m[2m5 tests[22m[2m)[22m[32m 6[2mms[22m[39m
[35mn8n:test: [0m [32m✓[39m src/modules/instance-ai/eval/__tests__/request-sanitizer.test.ts [2m([22m[2m89 tests[22m[2m)[22m[32m 12[2mms[22m[39m
[35mn8n:test: [0m [32m✓[39m src/modules/instance-ai/eval/__tests__/openai-envelope.test.ts [2m([22m[2m40 tests[22m[2m)[22m[32m 7[2mms[22m[39m
[35mn8n:test: [0m [32m✓[39m src/modules/instance-ai/__tests__/local-gateway.test.ts [2m([22m[2m23 tests[22m[2m)[22m[32m 10[2mms[22m[39m
[35mn8n:test: [0m [32m✓[39m src/modules/instance-ai/__tests__/instance-ai-run-pin-data.test.ts [2m([22m[2m6 tests[22m[2m)[22m[32m 10[2mms[22m[39m
[35mn8n:test: [0m [32m✓[39m src/workflows/publication/__tests__/workflow-publication-outbox-worker-pool.test.ts [2m([22m[2m8 tests[22m[2m)[22m[32m 5[2mms[22m[39m
[35mn8n:test: [0m [32m✓[39m src/modules/chat-hub/__tests__/chat-hub-extractor.test.ts [2m([22m[2m12 tests[22m[2m)[22m[32m 20[2mms[22m[39m
[35mn8n:test: [0m [32m✓[39m src/modules/agents/integrations/__tests__/component-mapper.test.ts [2m([22m[2m30 tests[22m[2m)[22m[32m 39[2mms[22m[39m
[35mn8n:test: [0m [32m✓[39m src/evaluation.ee/__tests__/evaluation-config-validator.test.ts [2m([22m[2m36 tests[22m[2m)[22m[32m 9[2mms[22m[39m
[35mn8n:test: [0m [32m✓[39m src/modules/mcp/__tests__/get-workflow-best-practices.tool.test.ts [2m([22m[2m6 tests[22m[2m)[22m[32m 6[2mms[22m[39m
[35mn8n:test: [0m [32m✓[39m src/modules/agents/__tests__/agent-runtime-cache.service.test.ts [2m([22m[2m13 tests[22m[2m)[22m[32m 16[2mms[22m[39m
[35mn8n:test: [0m [32m✓[39m src/workflows/triggers/__tests__/webhook-trigger-registrar.test.ts [2m([22m[2m14 tests[22m[2m)[22m[32m 10[2mms[22m[39m
[35mn8n:test: [0m [32m✓[39m src/modules/mcp/__tests__/get-execution.tool.test.ts [2m([22m[2m15 tests[22m[2m)[22m[32m 10[2mms[22m[39m
[35mn8n:test: [0m [32m✓[39m src/modules/agents/__tests__/agent-mcp-access.service.test.ts [2m([22m[2m12 tests[22m[2m)[22m[32m 7[2mms[22m[39m
[35mn8n:test: [0m [32m✓[39m src/modules/workflow-reviews.ee/__tests__/workflow-review-request.update.service.test.ts [2m([22m[2m30 tests[22m[2m)[22m[32m 12[2mms[22m[39m
[35mn8n:test: [0m [32m✓[39m src/executions/pre-execution-checks/__tests__/credentials-permission-checker.test.ts [2m([22m[2m21 tests[22m[2m)[22m[32m 27[2mms[22m[39m
[35mn8n:test: [0m [32m✓[39m src/modules/workflow-reviews.ee/__tests__/workflow-review-lifecycle.service.test.ts [2m([22m[2m26 tests[22m[2m)[22m[32m 11[2mms[22m[39m
[35mn8n:test: [0m [32m✓[39m src/modules/n8n-packages/entities/credential/__tests__/credential.exporter.test.ts [2m([22m[2m9 tests[22m[2m)[22m[32m 11[2mms[22m[39m
[35mn8n:test: [0m [32m✓[39m src/public-api/v1/openapi-gen/__tests__/generate.test.ts [2m([22m[2m9 tests[22m[2m)[22m[32m 9[2mms[22m[39m
[35mn8n:test: [0m [32m✓[39m src/modules/instance-ai/mcp/__tests__/instance-ai-mcp-registry.service.test.ts [2m([22m[2m42 tests[22m[2m)[22m[32m 17[2mms[22m[39m
[35mn8n:test: [0m [32m✓[39m src/modules/mcp/__tests__/data-table/get-data-table-rows.tool.test.ts [2m([22m[2m8 tests[22m[2m)[22m[32m 12[2mms[22m[39m
[35mn8n:test: [0m [32m✓[39m src/modules/instance-ai/__tests__/internal-messages.test.ts [2m([22m[2m26 tests[22m[2m)[22m[32m 8[2mms[22m[39m
[35mn8n:test: [0m [32m✓[39m src/modules/agents/__tests__/agent-sse-stream.test.ts [2m([22m[2m24 tests[22m[2m)[22m[32m 13[2mms[22m[39m
[35mn8n:test: [0m [32m✓[39m src/modules/n8n-packages/entities/variable/__tests__/variable-requirements.extractor.test.ts [2m([22m[2m20 tests[22m[2m)[22m[32m 6[2mms[22m[39m
[35mn8n:test: [0m [32m✓[39m src/modules/instance-ai/eval/__tests__/thread-restore.service.test.ts [2m([22m[2m20 tests[22m[2m)[22m[32m 37[2mms[22m[39m
[35mn8n:test: [0m [32m✓[39m src/modules/instance-ai/eval/__tests__/pin-data-generator.test.ts [2m([22m[2m10 tests[22m[2m)[22m[32m 10[2mms[22m[39m
[35mn8n:test: [0m [32m✓[39m src/metrics/prometheus/__tests__/workflow-info-metrics.service.test.ts [2m([22m[2m13 tests[22m[2m)[22m[32m 16[2mms[22m[39m
[35mn8n:test: [0m [32m✓[39m src/modules/breaking-changes/rules/v3/__tests__/offload-manual-executions.rule.test.ts [2m([22m[2m4 tests[22m[2m)[22m[32m 9[2mms[22m[39m
[35mn8n:test: [0m [32m✓[39m src/controllers/__tests__/users.controller.test.ts [2m([22m[2m7 tests[22m[2m)[22m[32m 9[2mms[22m[39m
[35mn8n:test: [0m [32m✓[39m src/modules/oauth-server/__tests__/oauth-server.service.test.ts [2m([22m[2m49 tests[22m[2m)[22m[32m 18[2mms[22m[39m
[35mn8n:test: [0m [32m✓[39m src/modules/data-table/__tests__/data-table-csv-import.service.test.ts [2m([22m[2m11 tests[22m[2m)[22m[32m 16[2mms[22m[39m
[35mn8n:test: [0m [32m✓[39m src/modules/instance-ai/eval/__tests__/web-search-mock.test.ts [2m([22m[2m4 tests[22m[2m)[22m[32m 8[2mms[22m[39m
[35mn8n:test: [0m [32m✓[39m src/modules/instance-ai/__tests__/instance-ai-event-relay.service.test.ts [2m([22m[2m3 tests[22m[2m)[22m[32m 9[2mms[22m[39m
[35mn8n:test: [0m [32m✓[39m src/modules/agents/integrations/__tests__/agent-chat-subscription-state.service.test.ts [2m([22m[2m13 tests[22m[2m)[22m[32m 8[2mms[22m[39m
[35mn8n:test: [0m [32m✓[39m src/modules/favorites/__tests__/favorites.service.test.ts [2m([22m[2m38 tests[22m[2m)[22m[32m 16[2mms[22m[39m
[35mn8n:test: [0m [32m✓[39m src/modules/otel/__tests__/execution-level-tracer.test.ts [2m([22m[2m33 tests[22m[2m)[22m[32m 17[2mms[22m[39m
[35mn8n:test: [0m [32m✓[39m src/execution-lifecycle/__tests__/restore-binary-data-id.test.ts [2m([22m[2m23 tests[22m[2m)[22m[32m 28[2mms[22m[39m
[35mn8n:test: [0m [32m✓[39m src/modules/agents/builder/__tests__/builder-model-live-lookup.service.test.ts [2m([22m[2m14 tests[22m[2m)[22m[32m 40[2mms[22m[39m
[35mn8n:test: [0m [32m✓[39m src/modules/n8n-packages/spec/serialized/__tests__/credential.schema.test.ts [2m([22m[2m6 tests[22m[2m)[22m[32m 8[2mms[22m[39m
[35mn8n:test: [0m [32m✓[39m src/public-api/v1/__tests__/global.middleware.test.ts [2m([22m[2m8 tests[22m[2m)[22m[32m 6[2mms[22m[39m
[35mn8n:test: [0m [32m✓[39m src/auth/__tests__/auth-handler.registry.test.ts [2m([22m[2m7 tests[22m[2m)[22m[32m 9[2mms[22m[39m
[35mn8n:test: [0m [32m✓[39m src/modules/agents/tools/__tests__/workflow-tool-factory.test.ts [2m([22m[2m13 tests[22m[2m)[22m[32m 8[2mms[22m[39m
[35mn8n:test: [0m [32m✓[39m src/modules/instance-ai/eval/__tests__/workflow-analysis.test.ts [2m([22m[2m87 tests[22m[2m)[22m[32m 19[2mms[22m[39m
[35mn8n:test: [0m [32m✓[39m src/modules/mcp/__tests__/get-workflow-versions-diff.tool.test.ts [2m([22m[2m19 tests[22m[2m)[22m[32m 11[2mms[22m[39m
[35mn8n:test: [0m [32m✓[39m src/modules/n8n-packages/entities/workflow/__tests__/auto-included-workflow.exporter.test.ts [2m([22m[2m13 tests[22m[2m)[22m[32m 10[2mms[22m[39m
[35mn8n:test: [0m [32m✓[39m src/metrics/prometheus/__tests__/token-exchange-metrics.service.test.ts [2m([22m[2m21 tests[22m[2m)[22m[32m 15[2mms[22m[39m
[35mn8n:test: [0m [32m✓[39m src/modules/mcp/__tests__/mcp.utils.test.ts [2m([22m[2m40 tests[22m[2m)[22m[32m 6[2mms[22m[39m
[35mn8n:test: [0m [32m✓[39m src/modules/instance-ai/eval/__tests__/provider-shapes.test.ts [2m([22m[2m37 tests[22m[2m)[22m[32m 7[2mms[22m[39m
[35mn8n:test: [0m [32m✓[39m src/workflows/publication/__tests__/published-workflow-trigger-deactivator.test.ts [2m([22m[2m17 tests[22m[2m)[22m[32m 9[2mms[22m[39m
[35mn8n:test: [0m [32m✓[39m src/controllers/__tests__/project.controller.test.ts [2m([22m[2m15 tests[22m[2m)[22m[32m 9[2mms[22m[39m
[35mn8n:test: [0m [32m✓[39m src/modules/token-exchange/services/__tests__/trusted-key.service.test.ts [2m([22m[2m13 tests[22m[2m)[22m[32m 13[2mms[22m[39m
[35mn8n:test: [0m [32m✓[39m src/modules/encryption-key-manager/__tests__/key-manager.service.test.ts [2m([22m[2m21 tests[22m[2m)[22m[32m 11[2mms[22m[39m
[35mn8n:test: [0m [32m✓[39m src/modules/breaking-changes/rules/v2/__tests__/wait-node-subworkflow.rule.test.ts [2m([22m[2m21 tests[22m[2m)[22m[32m 5[2mms[22m[39m
[35mn8n:test: [0m [32m✓[39m src/modules/instance-ai/__tests__/instance-ai-model-catalog.service.test.ts [2m([22m[2m5 tests[22m[2m)[22m[32m 12[2mms[22m[39m
[35mn8n:test: [0m [32m✓[39m src/modules/agents/integrations/__tests__/discord-gateway-lifecycle.test.ts [2m([22m[2m14 tests[22m[2m)[22m[32m 17[2mms[22m[39m
[35mn8n:test: [0m [32m✓[39m src/modules/data-table/__tests__/data-table-column.repository.test.ts [2m([22m[2m8 tests[22m[2m)[22m[32m 13[2mms[22m[39m
[35mn8n:test: [0m [32m✓[39m src/utils/__tests__/ai-proxy-language-model.test.ts [2m([22m[2m8 tests[22m[2m)[22m[32m 9[2mms[22m[39m
[35mn8n:test: [0m [32m✓[39m src/modules/source-control.ee/__tests__/source-control.service.test.ts [2m([22m[2m48 tests[22m[2m)[22m[32m 25[2mms[22m[39m
[35mn8n:test: [0m [32m✓[39m src/modules/agents/__tests__/agent.repository.test.ts [2m([22m[2m20 tests[22m[2m)[22m[32m 9[2mms[22m[39m
[35mn8n:test: [0m [32m✓[39m src/modules/agents/json-config/__tests__/mcp-client-factory.test.ts [2m([22m[2m31 tests[22m[2m)[22m[32m 15[2mms[22m[39m
[35mn8n:test: [0m [32m✓[39m src/modules/agents/integrations/__tests__/integration-action-executor.test.ts [2m([22m[2m27 tests[22m[2m)[22m[32m 12[2mms[22m[39m
[35mn8n:test: [0m [32m✓[39m src/task-runners/task-broker/auth/__tests__/task-broker-auth.controller.test.ts [2m([22m[2m9 tests[22m[2m)[22m[32m 9[2mms[22m[39m
[35mn8n:test: [0m [32m✓[39m src/modules/instance-ai/storage/__tests__/typeorm-agent-memory.test.ts [2m([22m[2m13 tests[22m[2m)[22m[32m 20[2mms[22m[39m
[35mn8n:test: [0m [32m✓[39m src/modules/instance-ai/__tests__/message-parser.test.ts [2m([22m[2m46 tests[22m[2m)[22m[32m 19[2mms[22m[39m
[35mn8n:test: [0m [32m✓[39m src/services/__tests__/jwt.service.test.ts [2m([22m[2m9 tests[22m[2m)[22m[32m 11[2mms[22m[39m
[35mn8n:test: [0m [32m✓[39m src/evaluation.ee/insights/__tests__/eval-insights.service.test.ts [2m([22m[2m24 tests[22m[2m)[22m[32m 17[2mms[22m[39m
[35mn8n:test: [0m [32m✓[39m src/modules/breaking-changes/rules/v2/__tests__/pyodide-removed.rule.test.ts [2m([22m[2m11 tests[22m[2m)[22m[32m 5[2mms[22m[39m
[35mn8n:test: [0m [32m✓[39m src/scaling/pubsub/__tests__/subscriber.service.test.ts [2m([22m[2m15 tests[22m[2m)[22m[32m 10[2mms[22m[39m
[35mn8n:test: [0m [32m✓[39m src/modules/mcp/__tests__/data-table/delete-data-table-column.tool.test.ts [2m([22m[2m2 tests[22m[2m)[22m[32m 6[2mms[22m[39m
[35mn8n:test: [0m [32m✓[39m src/modules/dynamic-credentials.ee/credential-resolvers/identifiers/__tests__/oauth2-introspection-identifier.test.ts [2m([22m[2m27 tests[22m[2m)[22m[32m 12[2mms[22m[39m
[35mn8n:test: [0m [32m✓[39m src/modules/instance-registry/__tests__/check.service.test.ts [2m([22m[2m9 tests[22m[2m)[22m[32m 12[2mms[22m[39m
[35mn8n:test: [0m [32m✓[39m src/workflows/publication/__tests__/workflow-publication-outbox-cleanup.service.test.ts [2m([22m[2m14 tests[22m[2m)[22m[32m 15[2mms[22m[39m
[35mn8n:test: [0m [32m✓[39m src/modules/breaking-changes/rules/v2/__tests__/tunnel-option.rule.test.ts [2m([22m[2m2 tests[22m[2m)[22m[32m 3[2mms[22m[39m
[35mn8n:test: [0m [32m✓[39m src/modules/agents/__tests__/agents.service.test.ts [2m([22m[2m22 tests[22m[2m)[22m[32m 19[2mms[22m[39m
[35mn8n:test: [0m [32m✓[39m src/metrics/prometheus/__tests__/ssrf-metrics.service.test.ts [2m([22m[2m13 tests[22m[2m)[22m[32m 10[2mms[22m[39m
[35mn8n:test: [0m [32m✓[39m src/__tests__/node-types.test.ts [2m([22m[2m32 tests[22m[2m)[22m[32m 12[2mms[22m[39m
[35mn8n:test: [0m [32m✓[39m src/modules/instance-ai/eval/__tests__/mcp-mock-fetch.test.ts [2m([22m[2m10 tests[22m[2m)[22m[32m 19[2mms[22m[39m
[35mn8n:test: [0m [32m✓[39m src/modules/external-secrets.ee/__tests__/settings-store.service.test.ts [2m([22m[2m31 tests[22m[2m)[22m[32m 17[2mms[22m[39m
[35mn8n:test: [0m [32m✓[39m src/modules/chat-hub/__tests__/chat-hub-settings.service.test.ts [2m([22m[2m12 tests[22m[2m)[22m[32m 10[2mms[22m[39m
[35mn8n:test: [0m [32m✓[39m src/webhooks/__tests__/webhook-request-handler.test.ts [2m([22m[2m18 tests[22m[2m)[22m[32m 12[2mms[22m[39m
[35mn8n:test: [0m [32m✓[39m src/modules/instance-ai/__tests__/instance-ai.service.builderAskedForInput.test.ts [2m([22m[2m11 tests[22m[2m)[22m[32m 8[2mms[22m[39m
[35mn8n:test: [0m [32m✓[39m src/modules/redaction/executions/strategies/__tests__/node-defined-field-redaction.strategy.test.ts [2m([22m[2m14 tests[22m[2m)[22m[32m 8[2mms[22m[39m
[35mn8n:test: [0m [32m✓[39m src/modules/mcp/__tests__/prepare-workflow-pin-data.tool.test.ts [2m([22m[2m19 tests[22m[2m)[22m[32m 28[2mms[22m[39m
[35mn8n:test: [0m [32m✓[39m src/modules/mcp/__tests__/data-table/create-data-table.tool.test.ts [2m([22m[2m5 tests[22m[2m)[22m[32m 8[2mms[22m[39m
[35mn8n:test: [0m [32m✓[39m src/services/__tests__/ownership.service.test.ts [2m([22m[2m21 tests[22m[2m)[22m[32m 15[2mms[22m[39m
[35mn8n:test: [0m [32m✓[39m src/services/__tests__/engine-data-plane-proxy.service.test.ts [2m([22m[2m2 tests[22m[2m)[22m[32m 4[2mms[22m[39m
[35mn8n:test: [0m [32m✓[39m src/modules/mcp/__tests__/validate-workflow-code.tool.test.ts [2m([22m[2m16 tests[22m[2m)[22m[32m 9[2mms[22m[39m
[35mn8n:test: [0m [32m✓[39m src/modules/dynamic-credentials.ee/services/__tests__/shared-fields.test.ts [2m([22m[2m27 tests[22m[2m)[22m[32m 8[2mms[22m[39m
[35mn8n:test: [0m [32m✓[39m src/workflows/__tests__/workflow-validation.service.test.ts [2m([22m[2m63 tests[22m[2m)[22m[32m 64[2mms[22m[39m
[35mn8n:test: [0m [32m✓[39m src/modules/source-control.ee/__tests__/source-control-git.service.test.ts [2m([22m[2m25 tests[22m[2m)[22m[32m 14[2mms[22m[39m
[35mn8n:test: [0m [32m✓[39m src/modules/n8n-packages/entities/workflow/__tests__/workflow.exporter.test.ts [2m([22m[2m16 tests[22m[2m)[22m[32m 10[2mms[22m[39m
[35mn8n:test: [0m [32m✓[39m src/workflows/triggers/__tests__/poll-backoff.service.test.ts [2m([22m[2m33 tests[22m[2m)[22m[32m 12[2mms[22m[39m
[35mn8n:test: [0m [32m✓[39m src/modules/instance-ai/eval/__tests__/api-docs.test.ts [2m([22m[2m14 tests[22m[2m)[22m[32m 14[2mms[22m[39m
[35mn8n:test: [0m [32m✓[39m src/modules/mcp/__tests__/mcp.controller.test.ts [2m([22m[2m15 tests[22m[2m)[22m[32m 11[2mms[22m[39m
[35mn8n:test: [0m [32m✓[39m src/modules/agents/sub-agents/__tests__/sub-agent-source-resolver.test.ts [2m([22m[2m8 tests[22m[2m)[22m[32m 9[2mms[22m[39m
[35mn8n:test: [0m [32m✓[39m src/workflows/workflow-history/__tests__/workflow-history.controller.test.ts [2m([22m[2m10 tests[22m[2m)[22m[32m 8[2mms[22m[39m
[35mn8n:test: [0m [32m✓[39m src/modules/external-secrets.ee/providers/__tests__/vault.test.ts [2m([22m[2m28 tests[22m[2m)[22m[32m 12[2mms[22m[39m
[35mn8n:test: [0m [32m✓[39m src/modules/instance-ai/__tests__/instance-ai.service.errorMessage.test.ts [2m([22m[2m27 tests[22m[2m)[22m[32m 18[2mms[22m[39m
[35mn8n:test: [0m [32m✓[39m src/utils/__tests__/circuit-breaker.test.ts [2m([22m[2m17 tests[22m[2m)[22m[32m 17[2mms[22m[39m
[35mn8n:test: [0m [32m✓[39m src/modules/dynamic-credentials.ee/services/__tests__/credential-resolver-workflow.service.test.ts [2m([22m[2m26 tests[22m[2m)[22m[32m 18[2mms[22m[39m
[35mn8n:test: [0m [32m✓[39m src/utils/__tests__/get-item-count-by-connection-type.test.ts [2m([22m[2m11 tests[22m[2m)[22m[32m 9[2mms[22m[39m
[35mn8n:test: [0m [32m✓[39m src/middlewares/list-query/__tests__/list-query.test.ts [2m([22m[2m30 tests[22m[2m)[22m[32m 20[2mms[22m[39m
[35mn8n:test: [0m [32m✓[39m src/webhooks/__tests__/test-webhook-registrations.service.test.ts [2m([22m[2m10 tests[22m[2m)[22m[32m 6[2mms[22m[39m
[35mn8n:test: [0m [32m✓[39m src/public-api/v1/handlers/community-packages/__tests__/community-packages.handler.test.ts [2m([22m[2m10 tests[22m[2m)[22m[32m 12[2mms[22m[39m
[35mn8n:test: [0m [32m✓[39m src/metrics/__tests__/prometheus-metrics.service.test.ts [2m([22m[2m6 tests[22m[2m)[22m[32m 10[2mms[22m[39m
[35mn8n:test: [0m [32m✓[39m src/modules/git-connections.ee/__tests__/git-connections-git.service.test.ts [2m([22m[2m27 tests[22m[2m)[22m[32m 5[2mms[22m[39m
[35mn8n:test: [0m [32m✓[39m src/modules/agent-evals/__tests__/agent-eval-rating.service.test.ts [2m([22m[2m26 tests[22m[2m)[22m[32m 16[2mms[22m[39m
[35mn8n:test: [0m [32m✓[39m src/webhooks/__tests__/webhook-response-headers.test.ts [2m([22m[2m19 tests[22m[2m)[22m[32m 6[2mms[22m[39m
[35mn8n:test: [0m [32m✓[39m src/services/__tests__/role-cache.service.test.ts [2m([22m[2m12 tests[22m[2m)[22m[32m 7[2mms[22m[39m
[35mn8n:test: [0m [32m✓[39m src/modules/instance-ai/eval/__tests__/agent-model-turn-recorder.test.ts [2m([22m[2m6 tests[22m[2m)[22m[32m 11[2mms[22m[39m
[35mn8n:test: [0m [32m✓[39m src/modules/workflow-reviews.ee/__tests__/workflow-review-inbox.detail.service.test.ts [2m([22m[2m24 tests[22m[2m)[22m[32m 16[2mms[22m[39m
[35mn8n:test: [0m [32m✓[39m src/modules/external-secrets.ee/__tests__/secrets-providers-connections.service.ee.test.ts [2m([22m[2m40 tests[22m[2m)[22m[32m 12[2mms[22m[39m
[35mn8n:test: [0m [32m✓[39m src/metrics/prometheus/__tests__/cache-metrics.service.test.ts [2m([22m[2m10 tests[22m[2m)[22m[32m 7[2mms[22m[39m
[35mn8n:test: [0m [32m✓[39m src/services/__tests__/workflow-statistics-rollup.service.test.ts [2m([22m[2m16 tests[22m[2m)[22m[32m 21[2mms[22m[39m
[35mn8n:test: [0m [32m✓[39m src/modules/agents/adapters/__tests__/agents-credential-provider.test.ts [2m([22m[2m2 tests[22m[2m)[22m[32m 4[2mms[22m[39m
[35mn8n:test: [0m [32m✓[39m src/modules/insights/__tests__/insights-pruning.service.test.ts [2m([22m[2m3 tests[22m[2m)[22m[32m 12[2mms[22m[39m
[35mn8n:test: [0m [32m✓[39m src/modules/agents/builder/__tests__/get-resource-locator-options.tool.test.ts [2m([22m[2m6 tests[22m[2m)[22m[32m 5[2mms[22m[39m
[35mn8n:test: [0m [32m✓[39m src/modules/breaking-changes/rules/v3/__tests__/removed-nodes-with-replacements.rule.test.ts [2m([22m[2m28 tests[22m[2m)[22m[32m 6[2mms[22m[39m
[35mn8n:test: [0m [32m✓[39m src/modules/instance-ai/__tests__/trace-replay-state.test.ts [2m([22m[2m28 tests[22m[2m)[22m[32m 14[2mms[22m[39m
[35mn8n:test: [0m [32m✓[39m src/modules/breaking-changes/rules/v3/__tests__/caller-policy-any-removed.rule.test.ts [2m([22m[2m7 tests[22m[2m)[22m[32m 4[2mms[22m[39m
[35mn8n:test: [0m [32m✓[39m src/modules/instance-ai/repositories/__tests__/instance-ai-thread-grant.repository.test.ts [2m([22m[2m3 tests[22m[2m)[22m[32m 3[2mms[22m[39m
[35mn8n:test: [0m [32m✓[39m src/modules/mcp/__tests__/skills-used.test.ts [2m([22m[2m16 tests[22m[2m)[22m[32m 6[2mms[22m[39m
[35mn8n:test: [0m [32m✓[39m src/evaluation.ee/__tests__/evaluation-dataset.service.test.ts [2m([22m[2m18 tests[22m[2m)[22m[32m 13[2mms[22m[39m
[35mn8n:test: [0m [32m✓[39m src/modules/instance-ai/__tests__/suspended-thread-persistence.service.test.ts [2m([22m[2m6 tests[22m[2m)[22m[32m 9[2mms[22m[39m
[35mn8n:test: [0m [32m✓[39m src/workflows/__tests__/workflow.service.ee.test.ts [2m([22m[2m20 tests[22m[2m)[22m[32m 11[2mms[22m[39m
[35mn8n:test: [0m [32m✓[39m src/evaluation.ee/__tests__/evaluation-config.service.test.ts [2m([22m[2m12 tests[22m[2m)[22m[32m 7[2mms[22m[39m
[35mn8n:test: [0m [32m✓[39m src/modules/workflow-reviews.ee/__tests__/workflow-review-inbox.list.service.test.ts [2m([22m[2m11 tests[22m[2m)[22m[32m 13[2mms[22m[39m
[35mn8n:test: [0m [32m✓[39m src/metrics/prometheus/__tests__/db-pool-metrics.service.test.ts [2m([22m[2m11 tests[22m[2m)[22m[32m 7[2mms[22m[39m
[35mn8n:test: [0m [32m✓[39m src/public-api/v1/handlers/credentials/__tests__/credentials.mapper.test.ts [2m([22m[2m3 tests[22m[2m)[22m[32m 4[2mms[22m[39m
[35mn8n:test: [0m [32m✓[39m src/commands/export/__tests__/entities.test.ts [2m([22m[2m5 tests[22m[2m)[22m[32m 4[2mms[22m[39m
[35mn8n:test: [0m [32m✓[39m src/instance-settings-loader/__tests__/community-packages.instance-settings-loader.test.ts [2m([22m[2m33 tests[22m[2m)[22m[32m 26[2mms[22m[39m
[35mn8n:test: [0m [32m✓[39m src/modules/instance-ai/storage/__tests__/typeorm-agent-checkpoint-store.test.ts [2m([22m[2m13 tests[22m[2m)[22m[32m 18[2mms[22m[39m
[35mn8n:test: [0m [32m✓[39m src/workflows/publication/__tests__/publication-status-reporter.test.ts [2m([22m[2m11 tests[22m[2m)[22m[32m 20[2mms[22m[39m
[35mn8n:test: [0m [32m✓[39m src/modules/agents/__tests__/agent-model-catalog.service.test.ts [2m([22m[2m18 tests[22m[2m)[22m[32m 10[2mms[22m[39m
[35mn8n:test: [0m [32m✓[39m src/modules/agents/__tests__/workflow-agent-stream.test.ts [2m([22m[2m11 tests[22m[2m)[22m[32m 5[2mms[22m[39m
[35mn8n:test: [0m [32m✓[39m src/modules/favorites/__tests__/favorites.event-relay.test.ts [2m([22m[2m5 tests[22m[2m)[22m[32m 4[2mms[22m[39m
[35mn8n:test: [0m [32m✓[39m src/modules/n8n-packages/entities/workflow/__tests__/workflow-publisher.test.ts [2m([22m[2m15 tests[22m[2m)[22m[32m 9[2mms[22m[39m
[35mn8n:test: [0m [32m✓[39m src/modules/external-secrets.ee/providers/__tests__/one-password.test.ts [2m([22m[2m18 tests[22m[2m)[22m[32m 11[2mms[22m[39m
[35mn8n:test: [0m [32m✓[39m src/utils/__tests__/strapi-utils.test.ts [2m([22m[2m19 tests[22m[2m)[22m[32m 15[2mms[22m[39m
[35mn8n:test: [0m [32m✓[39m src/modules/mcp/__tests__/workflow-validation.utils.test.ts [2m([22m[2m20 tests[22m[2m)[22m[32m 11[2mms[22m[39m
[35mn8n:test: [0m [32m✓[39m src/credentials/__tests__/credentials.service.ee.test.ts [2m([22m[2m10 tests[22m[2m)[22m[32m 15[2mms[22m[39m
[35mn8n:test: [0m [32m✓[39m src/modules/instance-ai/eval/__tests__/llm-completion-mock.test.ts [2m([22m[2m12 tests[22m[2m)[22m[32m 10[2mms[22m[39m
[35mn8n:test: [0m [32m✓[39m src/executions/__tests__/executions.controller.test.ts [2m([22m[2m17 tests[22m[2m)[22m[32m 8[2mms[22m[39m
[35mn8n:test: [0m [32m✓[39m src/modules/token-exchange/services/__tests__/jti-cleanup.service.test.ts [2m([22m[2m10 tests[22m[2m)[22m[32m 13[2mms[22m[39m
[35mn8n:test: [0m [32m✓[39m src/task-runners/task-broker/__tests__/task-broker-ws-server.test.ts [2m([22m[2m26 tests[22m[2m)[22m[32m 61[2mms[22m[39m
[35mn8n:test: [0m [32m✓[39m src/modules/workflow-reviews.ee/__tests__/workflow-review-access.service.test.ts [2m([22m[2m25 tests[22m[2m)[22m[32m 9[2mms[22m[39m
[35mn8n:test: [0m [32m✓[39m src/modules/token-exchange/services/__tests__/identity-resolution.service.test.ts [2m([22m[2m23 tests[22m[2m)[22m[32m 57[2mms[22m[39m
[35mn8n:test: [0m [32m✓[39m src/modules/agents/__tests__/agents-tools.service.test.ts [2m([22m[2m15 tests[22m[2m)[22m[32m 7[2mms[22m[39m
[35mn8n:test: [0m [32m✓[39m src/workflows/__tests__/workflows.controller.test.ts [2m([22m[2m11 tests[22m[2m)[22m[32m 7[2mms[22m[39m
[35mn8n:test: [0m [32m✓[39m src/workflows/__tests__/workflow-published-data.service.test.ts [2m([22m[2m12 tests[22m[2m)[22m[32m 5[2mms[22m[39m
[35mn8n:test: [0m [32m✓[39m src/modules/breaking-changes/rules/v2/__tests__/removed-nodes.rule.test.ts [2m([22m[2m7 tests[22m[2m)[22m[32m 4[2mms[22m[39m
[35mn8n:test: [0m [32m✓[39m src/modules/external-secrets.ee/__tests__/secrets-cache.service.test.ts [2m([22m[2m25 tests[22m[2m)[22m[32m 10[2mms[22m[39m
[35mn8n:test: [0m [32m✓[39m src/services/__tests__/export.service.test.ts [2m([22m[2m19 tests[22m[2m)[22m[32m 27[2mms[22m[39m
[35mn8n:test: [0m [32m✓[39m src/modules/external-secrets.ee/__tests__/provider-registry.service.test.ts [2m([22m[2m23 tests[22m[2m)[22m[32m 8[2mms[22m[39m
[35mn8n:test: [0m [32m✓[39m src/modules/mcp/__tests__/connection-structure-check.test.ts [2m([22m[2m13 tests[22m[2m)[22m[32m 4[2mms[22m[39m
[35mn8n:test: [0m [32m✓[39m src/__tests__/abstract-server.test.ts [2m([22m[2m4 tests[22m[2m)[22m[32m 5[2mms[22m[39m
[35mn8n:test: [0m [32m✓[39m src/credentials/__tests__/dynamic-credentials-proxy.test.ts [2m([22m[2m16 tests[22m[2m)[22m[32m 15[2mms[22m[39m
[35mn8n:test: [0m [32m✓[39m src/instance-settings-loader/__tests__/log-streaming.instance-settings-loader.test.ts [2m([22m[2m20 tests[22m[2m)[22m[32m 56[2mms[22m[39m
[35mn8n:test: [0m [32m✓[39m src/modules/dynamic-credentials.ee/services/__tests__/credential-resolver-registry.service.test.ts [2m([22m[2m14 tests[22m[2m)[22m[32m 10[2mms[22m[39m
[35mn8n:test: [0m [32m✓[39m src/modules/dynamic-credentials.ee/credential-resolvers/identifiers/__tests__/n8n-identifier.test.ts [2m([22m[2m40 tests[22m[2m)[22m[32m 19[2mms[22m[39m
[35mn8n:test: [0m [32m✓[39m src/modules/workflow-index/__tests__/workflow-index.service.test.ts [2m([22m[2m19 tests[22m[2m)[22m[32m 10[2mms[22m[39m
[35mn8n:test: [0m [32m✓[39m src/scheduling/poll-trigger-node/__tests__/poll-job-provider.test.ts [2m([22m[2m7 tests[22m[2m)[22m[32m 8[2mms[22m[39m
[35mn8n:test: [0m [32m✓[39m src/modules/mcp/__tests__/search-workflows.tool.test.ts [2m([22m[2m26 tests[22m[2m)[22m[32m 10[2mms[22m[39m
[35mn8n:test: [0m [32m✓[39m src/modules/instance-ai/__tests__/local-gateway-registry.test.ts [2m([22m[2m15 tests[22m[2m)[22m[32m 10[2mms[22m[39m
[35mn8n:test: [0m [32m✓[39m src/modules/agents/__tests__/agent-custom-tools.service.test.ts [2m([22m[2m6 tests[22m[2m)[22m[32m 12[2mms[22m[39m
[35mn8n:test: [0m [32m✓[39m src/modules/dynamic-credentials.ee/__tests__/credential-resolvers.controller.test.ts [2m([22m[2m18 tests[22m[2m)[22m[32m 12[2mms[22m[39m
[35mn8n:test: [0m [32m✓[39m src/modules/workflow-builder/__tests__/workflow-builder-session.repository.test.ts [2m([22m[2m14 tests[22m[2m)[22m[32m 14[2mms[22m[39m
[35mn8n:test: [0m [32m✓[39m src/scheduling/__tests__/durable-scheduler.test.ts [2m([22m[2m19 tests[22m[2m)[22m[32m 10[2mms[22m[39m
[35mn8n:test: [0m [32m✓[39m src/modules/agents/__tests__/agent-default-model-resolver.service.test.ts [2m([22m[2m10 tests[22m[2m)[22m[32m 4[2mms[22m[39m
[35mn8n:test: [0m [32m✓[39m src/modules/external-secrets.ee/providers/__tests__/infisical.test.ts [2m([22m[2m20 tests[22m[2m)[22m[32m 10[2mms[22m[39m
[35mn8n:test: [0m [32m✓[39m src/modules/n8n-packages/spec/serialized/__tests__/project.schema.test.ts [2m([22m[2m4 tests[22m[2m)[22m[32m 9[2mms[22m[39m
[35mn8n:test: [0m [32m✓[39m src/modules/agents/integrations/__tests__/slack-integration.test.ts [2m([22m[2m29 tests[22m[2m)[22m[32m 9[2mms[22m[39m
[35mn8n:test: [0m [32m✓[39m src/modules/agents/__tests__/agent-credential-index.service.test.ts [2m([22m[2m3 tests[22m[2m)[22m[32m 7[2mms[22m[39m
[35mn8n:test: [0m [32m✓[39m src/modules/oauth-server/__tests__/oauth-server.config.test.ts [2m([22m[2m6 tests[22m[2m)[22m[32m 4[2mms[22m[39m
[35mn8n:test: [0m [32m✓[39m src/events/__tests__/workflow-failure-notification-event-relay.test.ts [2m([22m[2m6 tests[22m[2m)[22m[32m 16[2mms[22m[39m
[35mn8n:test: [0m [32m✓[39m src/services/__tests__/sandbox-settings.service.test.ts [2m([22m[2m9 tests[22m[2m)[22m[32m 6[2mms[22m[39m
[35mn8n:test: [0m [32m✓[39m src/modules/n8n-packages/entities/credential/__tests__/credential-matcher.test.ts [2m([22m[2m33 tests[22m[2m)[22m[32m 10[2mms[22m[39m
[35mn8n:test: [0m [32m✓[39m src/webhooks/__tests__/webhook-blank-file-inputs.test.ts [2m([22m[2m7 tests[22m[2m)[22m[32m 6[2mms[22m[39m
[35mn8n:test: [0m [32m✓[39m src/controllers/oauth/__tests__/oauth1-credential.controller.test.ts [2m([22m[2m10 tests[22m[2m)[22m[32m 9[2mms[22m[39m
[35mn8n:test: [0m [32m✓[39m src/modules/breaking-changes/rules/v2/__tests__/file-access.rule.test.ts [2m([22m[2m7 tests[22m[2m)[22m[32m 5[2mms[22m[39m
[35mn8n:test: [0m [32m✓[39m src/modules/instance-ai/__tests__/instance-ai-test.controller.test.ts [2m([22m[2m15 tests[22m[2m)[22m[32m 8[2mms[22m[39m
[35mn8n:test: [0m [32m✓[39m src/modules/agents/json-config/__tests__/reconcile-node-tool-gateway-credentials.test.ts [2m([22m[2m23 tests[22m[2m)[22m[32m 8[2mms[22m[39m
[35mn8n:test: [0m [32m✓[39m src/modules/agents/integrations/__tests__/integration-context-query-executor.test.ts [2m([22m[2m12 tests[22m[2m)[22m[32m 10[2mms[22m[39m
[35mn8n:test: [0m [32m✓[39m src/public-api/v1/handlers/credentials/__tests__/credentials.utils.test.ts [2m([22m[2m8 tests[22m[2m)[22m[32m 11[2mms[22m[39m
[35mn8n:test: [0m [32m✓[39m src/modules/mcp/__tests__/data-table/add-data-table-column.tool.test.ts [2m([22m[2m2 tests[22m[2m)[22m[32m 5[2mms[22m[39m
[35mn8n:test: [0m [32m✓[39m src/scheduling/schedule-trigger-node/__tests__/schedule-trigger-task.test.ts [2m([22m[2m9 tests[22m[2m)[22m[32m 14[2mms[22m[39m
[35mn8n:test: [0m [32m✓[39m src/modules/runtime-credentials/__tests__/runtime-credentials.service.test.ts [2m([22m[2m23 tests[22m[2m)[22m[32m 11[2mms[22m[39m
[35mn8n:test: [0m [32m✓[39m src/modules/instance-ai/__tests__/instance-ai-tracing.service.test.ts [2m([22m[2m14 tests[22m[2m)[22m[32m 22[2mms[22m[39m
[35mn8n:test: [0m [32m✓[39m src/modules/redaction/__tests__/instance-redaction-enforcement.service.test.ts [2m([22m[2m13 tests[22m[2m)[22m[32m 8[2mms[22m[39m
[35mn8n:test: [0m [32m✓[39m src/modules/chat-hub/__tests__/chat-stream.service.test.ts [2m([22m[2m34 tests[22m[2m)[22m[32m 11[2mms[22m[39m
[35mn8n:test: [0m [32m✓[39m src/modules/instance-ai/__tests__/suspended-run-restorer.service.test.ts [2m([22m[2m8 tests[22m[2m)[22m[32m 6[2mms[22m[39m
[35mn8n:test: [0m [32m✓[39m src/public-api/v1/openapi-gen/__tests__/generated-spec-drift.test.ts [2m([22m[2m38 tests[22m[2m)[22m[32m 14[2mms[22m[39m
[35mn8n:test: [0m [32m✓[39m src/modules/agents/integrations/__tests__/callback-store.test.ts [2m([22m[2m4 tests[22m[2m)[22m[32m 6[2mms[22m[39m
[35mn8n:test: [0m [32m✓[39m src/modules/mcp/__tests__/publish-workflow.tool.test.ts [2m([22m[2m10 tests[22m[2m)[22m[32m 8[2mms[22m[39m
[35mn8n:test: [0m [32m✓[39m src/modules/instance-registry/__tests__/checks/split-brain.check.test.ts [2m([22m[2m8 tests[22m[2m)[22m[32m 12[2mms[22m[39m
[35mn8n:test: [0m [32m✓[39m src/scaling/__tests__/multi-main-setup.ee.test.ts [2m([22m[2m16 tests[22m[2m)[22m[32m 8[2mms[22m[39m
[35mn8n:test: [0m [32m✓[39m src/modules/source-control.ee/__tests__/source-control.controller.ee.test.ts [2m([22m[2m18 tests[22m[2m)[22m[32m 12[2mms[22m[39m
[35mn8n:test: [0m [32m✓[39m src/modules/external-secrets.ee/providers/__tests__/azure-key-vault.test.ts [2m([22m[2m17 tests[22m[2m)[22m[32m 11[2mms[22m[39m
[35mn8n:test: [0m [32m✓[39m src/executions/__tests__/enqueued-execution-recovery.service.test.ts [2m([22m[2m8 tests[22m[2m)[22m[32m 8[2mms[22m[39m
[35mn8n:test: [0m [32m✓[39m src/chat/__tests__/chat-execution-manager.test.ts [2m([22m[2m25 tests[22m[2m)[22m[32m 14[2mms[22m[39m
[35mn8n:test: [0m [32m✓[39m src/expression-observability/__tests__/expression-observability.provider.test.ts [2m([22m[2m14 tests[22m[2m)[22m[32m 10[2mms[22m[39m
[35mn8n:test: [0m [32m✓[39m src/eventbus/message-event-bus-writer/__tests__/resolve-event-log-path.test.ts [2m([22m[2m7 tests[22m[2m)[22m[32m 10[2mms[22m[39m
[35mn8n:test: [0m [32m✓[39m src/evaluation.ee/test-runner/__tests__/workflow-compiler.service.test.ts [2m([22m[2m29 tests[22m[2m)[22m[32m 9[2mms[22m[39m
[35mn8n:test: [0m [32m✓[39m src/commands/__tests__/worker.test.ts [2m([22m[2m7 tests[22m[2m)[22m[32m 10[2mms[22m[39m
[35mn8n:test: [0m [32m✓[39m src/executions/execution-data/__tests__/execution-data-json-store.test.ts [2m([22m[2m5 tests[22m[2m)[22m[32m 8[2mms[22m[39m
[35mn8n:test: [0m [32m✓[39m src/public-api/v1/openapi-gen/__tests__/decorator-routes.test.ts [2m([22m[2m15 tests[22m[2m)[22m[32m 14[2mms[22m[39m
[35mn8n:test: [0m [32m✓[39m src/metrics/prometheus/__tests__/workflow-execution-duration-metrics.service.test.ts [2m([22m[2m13 tests[22m[2m)[22m[32m 8[2mms[22m[39m
[35mn8n:test: [0m [32m✓[39m src/workflows/workflow-history/__tests__/workflow-history.service.test.ts [2m([22m[2m26 tests[22m[2m)[22m[32m 14[2mms[22m[39m
[35mn8n:test: [0m [32m✓[39m src/modules/dynamic-credentials.ee/services/__tests__/dynamic-credential-storage.service.test.ts [2m([22m[2m10 tests[22m[2m)[22m[32m 24[2mms[22m[39m
[35mn8n:test: [0m [32m✓[39m src/modules/n8n-packages/__tests__/utils/import-package-upload.test.ts [2m([22m[2m15 tests[22m[2m)[22m[32m 4[2mms[22m[39m
[35mn8n:test: [0m [32m✓[39m src/public-api/v1/handlers/discover/__tests__/discover.handler.test.ts [2m([22m[2m7 tests[22m[2m)[22m[32m 11[2mms[22m[39m
[35mn8n:test: [0m [32m✓[39m src/services/__tests__/ai-gateway-eligibility.test.ts [2m([22m[2m22 tests[22m[2m)[22m[32m 5[2mms[22m[39m
[35mn8n:test: [0m [32m✓[39m src/auth/handlers/__tests__/email.auth-handler.test.ts [2m([22m[2m8 tests[22m[2m)[22m[32m 5[2mms[22m[39m
[35mn8n:test: [0m [32m✓[39m src/workflows/triggers/__tests__/non-webhook-trigger-registrar.test.ts [2m([22m[2m8 tests[22m[2m)[22m[32m 8[2mms[22m[39m
[35mn8n:test: [0m [32m✓[39m src/modules/agents/__tests__/agent-runtime-reconstruction-tool-filtering.test.ts [2m([22m[2m7 tests[22m[2m)[22m[32m 11[2mms[22m[39m
[35mn8n:test: [0m [32m✓[39m src/modules/instance-ai/repositories/__tests__/instance-ai-run-snapshot.repository.test.ts [2m([22m[2m4 tests[22m[2m)[22m[32m 6[2mms[22m[39m
[35mn8n:test: [0m [32m✓[39m src/modules/instance-ai/__tests__/instance-ai-model.service.test.ts [2m([22m[2m9 tests[22m[2m)[22m[32m 8[2mms[22m[39m
[35mn8n:test: [0m [32m✓[39m src/shutdown/__tests__/shutdown.service.test.ts [2m([22m[2m10 tests[22m[2m)[22m[32m 90[2mms[22m[39m
[35mn8n:test: [0m [32m✓[39m src/modules/mcp/__tests__/restore-workflow-version.tool.test.ts [2m([22m[2m8 tests[22m[2m)[22m[32m 7[2mms[22m[39m
[35mn8n:test: [0m [32m✓[39m src/modules/dynamic-credentials.ee/services/__tests__/dynamic-credential-cors.service.test.ts [2m([22m[2m9 tests[22m[2m)[22m[32m 6[2mms[22m[39m
[35mn8n:test: [0m [32m✓[39m src/modules/n8n-packages/spec/__tests__/manifest.schema.test.ts [2m([22m[2m14 tests[22m[2m)[22m[32m 9[2mms[22m[39m
[35mn8n:test: [0m [32m✓[39m src/services/__tests__/protected-resource.registry.test.ts [2m([22m[2m14 tests[22m[2m)[22m[32m 10[2mms[22m[39m
[35mn8n:test: [0m [32m✓[39m src/instance-settings-loader/__tests__/sso/saml.instance-settings-loader.test.ts [2m([22m[2m5 tests[22m[2m)[22m[32m 5[2mms[22m[39m
[35mn8n:test: [0m [32m✓[39m src/modules/n8n-packages/entities/workflow/__tests__/auto-included-workflow-resolver.test.ts [2m([22m[2m13 tests[22m[2m)[22m[32m 8[2mms[22m[39m
[35mn8n:test: [0m [32m✓[39m src/modules/provisioning.ee/__tests__/role-mapping-rule.controller.ee.test.ts [2m([22m[2m10 tests[22m[2m)[22m[32m 8[2mms[22m[39m
[35mn8n:test: [0m [32m✓[39m src/modules/instance-ai/event-bus/__tests__/interrupted-run-sweeper.test.ts [2m([22m[2m18 tests[22m[2m)[22m[32m 8[2mms[22m[39m
[35mn8n:test: [0m [32m✓[39m src/public-api/v1/__tests__/public-api-error-response.test.ts [2m([22m[2m10 tests[22m[2m)[22m[32m 5[2mms[22m[39m
[35mn8n:test: [0m [32m✓[39m src/modules/n8n-packages/entities/data-table/__tests__/data-table.exporter.test.ts [2m([22m[2m10 tests[22m[2m)[22m[32m 8[2mms[22m[39m
[35mn8n:test: [0m [32m✓[39m src/modules/mcp-registry/__tests__/mcp-registry-node-loader.test.ts [2m([22m[2m19 tests[22m[2m)[22m[32m 27[2mms[22m[39m
[35mn8n:test: [0m [32m✓[39m src/modules/instance-registry/storage/__tests__/redis-instance-storage.test.ts [2m([22m[2m28 tests[22m[2m)[22m[32m 52[2mms[22m[39m
[35mn8n:test: [0m [32m✓[39m src/evaluation.ee/__tests__/evaluation-config.controller.test.ts [2m([22m[2m13 tests[22m[2m)[22m[32m 22[2mms[22m[39m
[35mn8n:test: [0m [32m✓[39m src/modules/agents/__tests__/agent-setup-completion.service.test.ts [2m([22m[2m7 tests[22m[2m)[22m[32m 6[2mms[22m[39m
[35mn8n:test: [0m [32m✓[39m src/utils/__tests__/auth-fetch.test.ts [2m([22m[2m14 tests[22m[2m)[22m[32m 7[2mms[22m[39m
[35mn8n:test: [0m [32m✓[39m src/commands/__tests__/execute-batch.test.ts [2m([22m[2m2 tests[22m[2m)[22m[32m 7[2mms[22m[39m
[35mn8n:test: [0m [32m✓[39m src/modules/dynamic-credentials.ee/services/__tests__/credential-check-proxy.service.test.ts [2m([22m[2m20 tests[22m[2m)[22m[32m 27[2mms[22m[39m
[35mn8n:test: [0m [32m✓[39m src/modules/external-secrets.ee/__tests__/external-secrets-providers.ee.test.ts [2m([22m[2m3 tests[22m[2m)[22m[32m 12[2mms[22m[39m
[35mn8n:test: [0m [32m✓[39m src/modules/sso-saml/__tests__/saml.controller.ee.test.ts [2m([22m[2m22 tests[22m[2m)[22m[32m 10[2mms[22m[39m
[35mn8n:test: [0m [32m✓[39m src/modules/instance-ai/storage/__tests__/db-snapshot-storage.test.ts [2m([22m[2m9 tests[22m[2m)[22m[32m 19[2mms[22m[39m
[35mn8n:test: [0m [32m✓[39m src/modules/agents/__tests__/agent-test-run.service.test.ts [2m([22m[2m10 tests[22m[2m)[22m[32m 9[2mms[22m[39m
[35mn8n:test: [0m [32m✓[39m src/public-api/v1/handlers/data-tables/__tests__/data-table-column-name.openapi.test.ts [2m([22m[2m1 test[22m[2m)[22m[32m 6[2mms[22m[39m
[35mn8n:test: [0m [32m✓[39m src/permissions.ee/__tests__/check-access.test.ts [2m([22m[2m23 tests[22m[2m)[22m[32m 10[2mms[22m[39m
[35mn8n:test: [0mWarning: A vi.mock("/path/to/non-existent-hook.js") call in "/Users/romeobalta/work/n8n/worktrees/nudge-manual-builders-to-aia/packages/cli/src/__tests__/external-hooks.test.ts" is not at the top level of the module. Although it appears nested, it will be hoisted and executed before any tests run. Move it to the top level to reflect its actual execution order. This will become an error in a future version.
[35mn8n:test: [0mSee: https://vitest.dev/guide/mocking/modules#how-it-works
[35mn8n:test: [0m [32m✓[39m src/controllers/__tests__/auth.controller.test.ts [2m([22m[2m14 tests[22m[2m)[22m[32m 11[2mms[22m[39m
[35mn8n:test: [0m [32m✓[39m src/modules/agents/builder/interactive/__tests__/ask-credential.tool.test.ts [2m([22m[2m17 tests[22m[2m)[22m[32m 10[2mms[22m[39m
[35mn8n:test: [0m [32m✓[39m src/modules/n8n-packages/entities/variable/__tests__/variable.exporter.test.ts [2m([22m[2m19 tests[22m[2m)[22m[32m 9[2mms[22m[39m
[35mn8n:test: [0m [32m✓[39m src/modules/dynamic-credentials.ee/credential-resolvers/__tests__/n8n-credential-resolver.test.ts [2m([22m[2m21 tests[22m[2m)[22m[32m 10[2mms[22m[39m
[35mn8n:test: [0m [32m✓[39m src/modules/agents/utils/__tests__/node-tool-validation.test.ts [2m([22m[2m4 tests[22m[2m)[22m[32m 7[2mms[22m[39m
[35mn8n:test: [0m [32m✓[39m src/execution-lifecycle/shared/__tests__/shared-hook-functions.test.ts [2m([22m[2m9 tests[22m[2m)[22m[32m 9[2mms[22m[39m
[35mn8n:test: [0m [32m✓[39m src/__tests__/external-hooks.test.ts [2m([22m[2m10 tests[22m[2m)[22m[32m 6[2mms[22m[39m
[35mn8n:test: [0m [32m✓[39m src/workflows/triggers/__tests__/poll-cursor.service.test.ts [2m([22m[2m29 tests[22m[2m)[22m[32m 27[2mms[22m[39m
[35mn8n:test: [0m [32m✓[39m src/modules/agents/builder/interactive/__tests__/finish-setup.tool.test.ts [2m([22m[2m10 tests[22m[2m)[22m[32m 18[2mms[22m[39m
[35mn8n:test: [0m [32m✓[39m src/modules/chat-hub/__tests__/chat-hub-tool.service.test.ts [2m([22m[2m20 tests[22m[2m)[22m[32m 11[2mms[22m[39m
[35mn8n:test: [0m [32m✓[39m src/modules/instance-ai/__tests__/stream-transport-error.test.ts [2m([22m[2m20 tests[22m[2m)[22m[32m 8[2mms[22m[39m
[35mn8n:test: [0m [32m✓[39m src/task-runners/__tests__/task-runner-process-py.test.ts [2m([22m[2m10 tests[22m[2m)[22m[32m 5[2mms[22m[39m
[35mn8n:test: [0m [32m✓[39m src/modules/redaction/__tests__/redaction-context-hook.test.ts [2m([22m[2m29 tests[22m[2m)[22m[32m 15[2mms[22m[39m
[35mn8n:test: [0m [32m✓[39m src/modules/agents/__tests__/schema-text-serializer.test.ts [2m([22m[2m54 tests[22m[2m)[22m[32m 8[2mms[22m[39m
[35mn8n:test: [0m [32m✓[39m src/modules/mcp/__tests__/search-workflow-nodes.tool.test.ts [2m([22m[2m5 tests[22m[2m)[22m[32m 6[2mms[22m[39m
[35mn8n:test: [0m [32m✓[39m src/services/__tests__/ai-usage.service.test.ts [2m([22m[2m7 tests[22m[2m)[22m[32m 6[2mms[22m[39m
[35mn8n:test: [0m [32m✓[39m src/webhooks/__tests__/waiting-forms.test.ts [2m([22m[2m26 tests[22m[2m)[22m[32m 17[2mms[22m[39m
[35mn8n:test: [0m [32m✓[39m src/webhooks/__tests__/slack-interaction-webhooks.test.ts [2m([22m[2m12 tests[22m[2m)[22m[32m 7[2mms[22m[39m
[35mn8n:test: [0m [32m✓[39m src/services/__tests__/hooks.service.test.ts [2m([22m[2m11 tests[22m[2m)[22m[32m 5[2mms[22m[39m
[35mn8n:test: [0m [32m✓[39m src/modules/agents/__tests__/execution-failure-summary.test.ts [2m([22m[2m10 tests[22m[2m)[22m[32m 6[2mms[22m[39m
[35mn8n:test: [0m [32m✓[39m src/controllers/__tests__/dynamic-node-parameters.controller.test.ts [2m([22m[2m9 tests[22m[2m)[22m[32m 6[2mms[22m[39m
[35mn8n:test: [0m [32m✓[39m src/instance-settings-loader/__tests__/security-policy.instance-settings-loader.test.ts [2m([22m[2m12 tests[22m[2m)[22m[32m 7[2mms[22m[39m
[35mn8n:test: [0m [32m✓[39m src/modules/mcp/__tests__/credential-validation.test.ts [2m([22m[2m11 tests[22m[2m)[22m[32m 7[2mms[22m[39m
[35mn8n:test: [0m [32m✓[39m src/evaluation.ee/insights/__tests__/insights-context-builder.test.ts [2m([22m[2m4 tests[22m[2m)[22m[32m 5[2mms[22m[39m
[35mn8n:test: [0m [32m✓[39m src/modules/mcp/__tests__/unpublish-workflow.tool.test.ts [2m([22m[2m7 tests[22m[2m)[22m[32m 7[2mms[22m[39m
[35mn8n:test: [0m [32m✓[39m src/modules/dynamic-credentials.ee/credential-resolvers/identifiers/__tests__/slack-signature-identifier.test.ts [2m([22m[2m24 tests[22m[2m)[22m[32m 11[2mms[22m[39m
[35mn8n:test: [0m [32m✓[39m src/services/__tests__/proxy-token-manager.test.ts [2m([22m[2m9 tests[22m[2m)[22m[32m 7[2mms[22m[39m
[35mn8n:test: [0m [32m✓[39m src/modules/agents/integrations/__tests__/n8n-checkpoint-storage.test.ts [2m([22m[2m12 tests[22m[2m)[22m[32m 9[2mms[22m[39m
[35mn8n:test: [0m [32m✓[39m src/modules/agents/tools/__tests__/workflow-context-tool.test.ts [2m([22m[2m15 tests[22m[2m)[22m[32m 8[2mms[22m[39m
[35mn8n:test: [0m [32m✓[39m src/modules/breaking-changes/rules/v2/__tests__/process-env-access.rule.test.ts [2m([22m[2m26 tests[22m[2m)[22m[32m 9[2mms[22m[39m
[35mn8n:test: [0m [32m✓[39m src/modules/breaking-changes/__tests__/breaking-changes.rule-discovery.test.ts [2m([22m[2m3 tests[22m[2m)[22m[32m 7[2mms[22m[39m
[35mn8n:test: [0m [32m✓[39m src/modules/token-exchange/controllers/__tests__/embed-auth.controller.test.ts [2m([22m[2m11 tests[22m[2m)[22m[32m 10[2mms[22m[39m
[35mn8n:test: [0m [32m✓[39m src/modules/external-secrets.ee/__tests__/provider-lifecycle.service.test.ts [2m([22m[2m16 tests[22m[2m)[22m[32m 14[2mms[22m[39m
[35mn8n:test: [0m [32m✓[39m src/task-runners/task-managers/__tests__/task-manager.test.ts [2m([22m[2m12 tests[22m[2m)[22m[32m 9[2mms[22m[39m
[35mn8n:test: [0m [32m✓[39m src/modules/instance-version-history/__tests__/instance-version-history.types.test.ts [2m([22m[2m11 tests[22m[2m)[22m[32m 4[2mms[22m[39m
[35mn8n:test: [0m [32m✓[39m src/__tests__/utils.test.ts [2m([22m[2m63 tests[22m[2m)[22m[32m 12[2mms[22m[39m
[35mn8n:test: [0m [32m✓[39m src/controllers/__tests__/telemetry.controller.test.ts [2m([22m[2m12 tests[22m[2m)[22m[32m 8[2mms[22m[39m
[35mn8n:test: [0m [32m✓[39m src/modules/n8n-packages/entities/workflow/__tests__/workflow-import-match.service.test.ts [2m([22m[2m12 tests[22m[2m)[22m[32m 15[2mms[22m[39m
[35mn8n:test: [0m [32m✓[39m src/modules/agents/builder/interactive/__tests__/ask-questions.tool.test.ts [2m([22m[2m11 tests[22m[2m)[22m[32m 8[2mms[22m[39m
[35mn8n:test: [0m [32m✓[39m src/services/__tests__/role.service.assignments.test.ts [2m([22m[2m8 tests[22m[2m)[22m[32m 19[2mms[22m[39m
[35mn8n:test: [0m [32m✓[39m src/modules/agents/__tests__/agent-slack-integrations.controller.test.ts [2m([22m[2m19 tests[22m[2m)[22m[32m 7[2mms[22m[39m
[35mn8n:test: [0m [32m✓[39m src/public-api/__tests__/public-api-validation-error.test.ts [2m([22m[2m10 tests[22m[2m)[22m[32m 7[2mms[22m[39m
[35mn8n:test: [0m [32m✓[39m src/workflows/__tests__/workflow-finder.service.test.ts [2m([22m[2m16 tests[22m[2m)[22m[32m 7[2mms[22m[39m
[35mn8n:test: [0m [32m✓[39m src/metrics/prometheus/__tests__/dns-cache-metrics.service.test.ts [2m([22m[2m13 tests[22m[2m)[22m[32m 76[2mms[22m[39m
[35mn8n:test: [0m [32m✓[39m src/workflows/publication/__tests__/heal-node-ids.test.ts [2m([22m[2m12 tests[22m[2m)[22m[32m 8[2mms[22m[39m
[35mn8n:test: [0m [32m✓[39m src/modules/agents/__tests__/agents-catalog.controller.test.ts [2m([22m[2m8 tests[22m[2m)[22m[32m 4[2mms[22m[39m
[35mn8n:test: [0m [32m✓[39m src/modules/agents/integrations/__tests__/discord-operations.test.ts [2m([22m[2m8 tests[22m[2m)[22m[32m 13[2mms[22m[39m
[35mn8n:test: [0m [32m✓[39m src/modules/agents/__tests__/agent-chat.controller.test.ts [2m([22m[2m26 tests[22m[2m)[22m[32m 24[2mms[22m[39m
[35mn8n:test: [0m [32m✓[39m src/modules/instance-ai/eval/__tests__/mock-quirks.test.ts [2m([22m[2m30 tests[22m[2m)[22m[32m 6[2mms[22m[39m
[35mn8n:test: [0m [32m✓[39m src/policy/__tests__/policy-violation.error.test.ts [2m([22m[2m9 tests[22m[2m)[22m[32m 5[2mms[22m[39m
[35mn8n:test: [0m [32m✓[39m src/modules/instance-ai/eval/__tests__/openai-responses-envelope.test.ts [2m([22m[2m32 tests[22m[2m)[22m[32m 8[2mms[22m[39m
[35mn8n:test: [0m [32m✓[39m src/modules/token-exchange/__tests__/token-exchange.schemas.test.ts [2m([22m[2m36 tests[22m[2m)[22m[32m 7[2mms[22m[39m
[35mn8n:test: [0m [32m✓[39m src/modules/dynamic-credentials.ee/services/__tests__/credential-connection-status.service.test.ts [2m([22m[2m20 tests[22m[2m)[22m[32m 8[2mms[22m[39m
[35mn8n:test: [0m [32m✓[39m src/modules/favorites/__tests__/favorites.controller.test.ts [2m([22m[2m4 tests[22m[2m)[22m[32m 4[2mms[22m[39m
[35mn8n:test: [0m [32m✓[39m src/modules/mcp/__tests__/get-workflow-version.tool.test.ts [2m([22m[2m5 tests[22m[2m)[22m[32m 9[2mms[22m[39m
[35mn8n:test: [0m [32m✓[39m src/modules/quick-connect/__tests__/quick-connect.config.test.ts [2m([22m[2m17 tests[22m[2m)[22m[32m 41[2mms[22m[39m
[35mn8n:test: [0m [32m✓[39m src/services/__tests__/folder-finder.service.test.ts [2m([22m[2m15 tests[22m[2m)[22m[32m 14[2mms[22m[39m
[35mn8n:test: [0m [32m✓[39m src/commands/__tests__/community-node.test.ts [2m([22m[2m8 tests[22m[2m)[22m[32m 19[2mms[22m[39m
[35mn8n:test: [0m [32m✓[39m src/evaluation.ee/__tests__/evaluation-concurrency.helper.test.ts [2m([22m[2m16 tests[22m[2m)[22m[32m 5[2mms[22m[39m
[35mn8n:test: [0m [32m✓[39m src/public-api/v1/openapi-gen/__tests__/error-response-descriptions.test.ts [2m([22m[2m8 tests[22m[2m)[22m[32m 13[2mms[22m[39m
[35mn8n:test: [0m [32m✓[39m src/services/__tests__/security-settings.service.test.ts [2m([22m[2m27 tests[22m[2m)[22m[32m 11[2mms[22m[39m
[35mn8n:test: [0m [32m✓[39m src/modules/engine-v2/__tests__/engine-v2.runtime.test.ts [2m([22m[2m15 tests[22m[2m)[22m[32m 13[2mms[22m[39m
[35mn8n:test: [0m [32m✓[39m src/modules/token-exchange/controllers/__tests__/token-exchange.controller.test.ts [2m([22m[2m14 tests[22m[2m)[22m[32m 8[2mms[22m[39m
[35mn8n:test: [0m [32m✓[39m src/modules/n8n-packages/entities/tag/__tests__/tag-import-decision.test.ts [2m([22m[2m22 tests[22m[2m)[22m[32m 5[2mms[22m[39m
[35mn8n:test: [0m [32m✓[39m src/execution-lifecycle/__tests__/save-execution-progress.test.ts [2m([22m[2m5 tests[22m[2m)[22m[32m 7[2mms[22m[39m
[35mn8n:test: [0m [32m✓[39m src/modules/n8n-packages/entities/workflow/__tests__/workflow-remover.test.ts [2m([22m[2m16 tests[22m[2m)[22m[32m 6[2mms[22m[39m
[35mn8n:test: [0m [32m✓[39m src/modules/mcp/__tests__/get-workflow-history.tool.test.ts [2m([22m[2m4 tests[22m[2m)[22m[32m 7[2mms[22m[39m
[35mn8n:test: [0m [32m✓[39m src/modules/token-exchange/services/__tests__/scoped-jwt.strategy.test.ts [2m([22m[2m15 tests[22m[2m)[22m[32m 11[2mms[22m[39m
[35mn8n:test: [0m [32m✓[39m src/scaling/pubsub/__tests__/publisher.service.test.ts [2m([22m[2m18 tests[22m[2m)[22m[32m 8[2mms[22m[39m
[35mn8n:test: [0m [32m✓[39m src/modules/instance-ai/__tests__/instance-ai-temporary-workflow.service.test.ts [2m([22m[2m10 tests[22m[2m)[22m[32m 8[2mms[22m[39m
[35mn8n:test: [0m [32m✓[39m src/modules/agents/__tests__/agent-knowledge-commands.test.ts [2m([22m[2m20 tests[22m[2m)[22m[32m 11[2mms[22m[39m
[35mn8n:test: [0m [32m✓[39m src/modules/workflow-reviews.ee/__tests__/workflow-review.mapper.test.ts [2m([22m[2m8 tests[22m[2m)[22m[32m 7[2mms[22m[39m
[35mn8n:test: [0m [32m✓[39m src/modules/oauth-server/__tests__/oauth.helpers.test.ts [2m([22m[2m16 tests[22m[2m)[22m[32m 6[2mms[22m[39m
[35mn8n:test: [0m [32m✓[39m src/modules/chat-hub/__tests__/chat-hub.settings.controller.test.ts [2m([22m[2m3 tests[22m[2m)[22m[32m 4[2mms[22m[39m
[35mn8n:test: [0m [32m✓[39m src/__tests__/response-helper.test.ts [2m([22m[2m6 tests[22m[2m)[22m[32m 7[2mms[22m[39m
[35mn8n:test: [0m [32m✓[39m src/databases/repositories/__tests__/credentials.repository.test.ts [2m([22m[2m14 tests[22m[2m)[22m[32m 12[2mms[22m[39m
[35mn8n:test: [0m [32m✓[39m src/modules/n8n-packages/entities/__tests__/requirements.types.test.ts [2m([22m[2m3 tests[22m[2m)[22m[32m 3[2mms[22m[39m
[35mn8n:test: [0m [32m✓[39m src/workflows/publication/__tests__/trigger-diff.test.ts [2m([22m[2m8 tests[22m[2m)[22m[32m 3[2mms[22m[39m
[35mn8n:test: [0m [32m✓[39m src/modules/oauth-jwe/__tests__/oauth-jwe.controller.test.ts [2m([22m[2m6 tests[22m[2m)[22m[32m 8[2mms[22m[39m
[35mn8n:test: [0m [32m✓[39m src/credentials/__tests__/credential-dependency.service.test.ts [2m([22m[2m11 tests[22m[2m)[22m[32m 6[2mms[22m[39m
[35mn8n:test: [0m [32m✓[39m src/concurrency/__tests__/concurrency-queue.test.ts [2m([22m[2m2 tests[22m[2m)[22m[32m 8[2mms[22m[39m
[35mn8n:test: [0m [32m✓[39m src/modules/agents/__tests__/agent-publish.controller.test.ts [2m([22m[2m12 tests[22m[2m)[22m[32m 4[2mms[22m[39m
[35mn8n:test: [0m [32m✓[39m src/modules/instance-ai/__tests__/instance-ai-activation-lock.test.ts [2m([22m[2m18 tests[22m[2m)[22m[32m 6[2mms[22m[39m
[35mn8n:test: [0m [32m✓[39m src/webhooks/__tests__/telegram-interaction-webhooks.test.ts [2m([22m[2m8 tests[22m[2m)[22m[32m 7[2mms[22m[39m
[35mn8n:test: [0m [32m✓[39m src/modules/n8n-packages/entities/credential/__tests__/credential-importer.test.ts [2m([22m[2m9 tests[22m[2m)[22m[32m 6[2mms[22m[39m
[35mn8n:test: [0m [32m✓[39m src/modules/breaking-changes/__tests__/breaking-changes.rule-registry.service.test.ts [2m([22m[2m12 tests[22m[2m)[22m[32m 10[2mms[22m[39m
[35mn8n:test: [0m [32m✓[39m src/modules/n8n-packages/entities/workflow/__tests__/workflow.serializer.test.ts [2m([22m[2m7 tests[22m[2m)[22m[32m 4[2mms[22m[39m
[35mn8n:test: [0m [32m✓[39m src/modules/agents/__tests__/messages-envelope.test.ts [2m([22m[2m7 tests[22m[2m)[22m[32m 4[2mms[22m[39m
[35mn8n:test: [0m [32m✓[39m src/modules/instance-version-history/__tests__/instance-version-history.service.test.ts [2m([22m[2m18 tests[22m[2m)[22m[32m 7[2mms[22m[39m
[35mn8n:test: [0m [32m✓[39m src/tool-generation/__tests__/ai-tools.test.ts [2m([22m[2m22 tests[22m[2m)[22m[32m 7[2mms[22m[39m
[35mn8n:test: [0m [32m✓[39m src/eventbus/message-event-bus/__tests__/message-event-bus.test.ts [2m([22m[2m4 tests[22m[2m)[22m[32m 9[2mms[22m[39m
[35mn8n:test: [0m [32m✓[39m src/modules/breaking-changes/__tests__/breaking-changes.service.test.ts [2m([22m[2m8 tests[22m[2m)[22m[32m 7[2mms[22m[39m
[35mn8n:test: [0m [32m✓[39m src/modules/log-streaming.ee/__tests__/log-streaming.controller.test.ts [2m([22m[2m12 tests[22m[2m)[22m[32m 7[2mms[22m[39m
[35mn8n:test: [0m [32m✓[39m src/modules/n8n-packages/entities/data-table/__tests__/data-table-schema-conflict-policy.test.ts [2m([22m[2m6 tests[22m[2m)[22m[32m 3[2mms[22m[39m
[35mn8n:test: [0m [32m✓[39m src/services/__tests__/naming.service.test.ts [2m([22m[2m6 tests[22m[2m)[22m[32m 5[2mms[22m[39m
[35mn8n:test: [0m [32m✓[39m src/oauth/__tests__/oauth-browser-binding.service.test.ts [2m([22m[2m16 tests[22m[2m)[22m[32m 6[2mms[22m[39m
[35mn8n:test: [0m [32m✓[39m src/modules/token-exchange/services/__tests__/token-exchange.service.test.ts [2m([22m[2m11 tests[22m[2m)[22m[32m 10[2mms[22m[39m
[35mn8n:test: [0m [32m✓[39m src/modules/n8n-packages/engine/__tests__/package-layout.test.ts [2m([22m[2m13 tests[22m[2m)[22m[32m 7[2mms[22m[39m
[35mn8n:test: [0m [32m✓[39m src/metrics/prometheus/__tests__/webhook-and-form-metrics.service.test.ts [2m([22m[2m14 tests[22m[2m)[22m[32m 15[2mms[22m[39m
[35mn8n:test: [0m [32m✓[39m src/modules/external-secrets.ee/__tests__/retry-manager.service.test.ts [2m([22m[2m15 tests[22m[2m)[22m[32m 10[2mms[22m[39m
[35mn8n:test: [0m [32m✓[39m src/modules/agents/__tests__/agent-upload.middleware.test.ts [2m([22m[2m13 tests[22m[2m)[22m[32m 8[2mms[22m[39m
[35mn8n:test: [0m [32m✓[39m src/evaluation.ee/__tests__/evaluation-collections.controller.test.ts [2m([22m[2m25 tests[22m[2m)[22m[32m 10[2mms[22m[39m
[35mn8n:test: [0m [32m✓[39m src/modules/agents/tools/__tests__/environment-tool.test.ts [2m([22m[2m4 tests[22m[2m)[22m[32m 7[2mms[22m[39m
[35mn8n:test: [0m [32m✓[39m src/modules/mcp-registry/registry/__tests__/mcp-registry-api.client.test.ts [2m([22m[2m15 tests[22m[2m)[22m[32m 37[2mms[22m[39m
[35mn8n:test: [0m [32m✓[39m src/modules/agents/json-config/__tests__/model-config.test.ts [2m([22m[2m3 tests[22m[2m)[22m[32m 5[2mms[22m[39m
[35mn8n:test: [0m [32m✓[39m src/evaluation.ee/__tests__/metric-scales.test.ts [2m([22m[2m2 tests[22m[2m)[22m[32m 2[2mms[22m[39m
[35mn8n:test: [0m [32m✓[39m src/modules/oauth-server/__tests__/oauth-authorization-code.service.test.ts [2m([22m[2m12 tests[22m[2m)[22m[32m 8[2mms[22m[39m
[35mn8n:test: [0m [32m✓[39m src/modules/chat-hub/__tests__/chat-hub-execution.service.test.ts [2m([22m[2m24 tests[22m[2m)[22m[32m 7[2mms[22m[39m
[35mn8n:test: [0m [32m✓[39m src/modules/mcp/__tests__/get-workflow-node-types.tool.test.ts [2m([22m[2m3 tests[22m[2m)[22m[32m 4[2mms[22m[39m
[35mn8n:test: [0m [32m✓[39m src/license/__tests__/license.service.test.ts [2m([22m[2m16 tests[22m[2m)[22m[32m 9[2mms[22m[39m
[35mn8n:test: [0m [32m✓[39m src/services/pruning/__tests__/workflow-history-compaction.service.test.ts [2m([22m[2m10 tests[22m[2m)[22m[32m 10[2mms[22m[39m
[35mn8n:test: [0m [32m✓[39m src/modules/mcp/__tests__/explore-node-resources.tool.test.ts [2m([22m[2m6 tests[22m[2m)[22m[32m 6[2mms[22m[39m
[35mn8n:test: [0m [32m✓[39m src/modules/instance-ai/web-research/__tests__/cache.test.ts [2m([22m[2m8 tests[22m[2m)[22m[32m 4[2mms[22m[39m
[35mn8n:test: [0m [32m✓[39m src/modules/instance-ai/__tests__/instance-ai-liveness.service.test.ts [2m([22m[2m5 tests[22m[2m)[22m[32m 7[2mms[22m[39m
[35mn8n:test: [0m [32m✓[39m src/modules/workflow-reviews.ee/__tests__/workflow-review-publish-guard.service.test.ts [2m([22m[2m5 tests[22m[2m)[22m[32m 9[2mms[22m[39m
[35mn8n:test: [0m [32m✓[39m src/middlewares/__tests__/body-parser.test.ts [2m([22m[2m4 tests[22m[2m)[22m[32m 5[2mms[22m[39m
[35mn8n:test: [0m [32m✓[39m src/instance-settings-loader/__tests__/owner.instance-settings-loader.test.ts [2m([22m[2m9 tests[22m[2m)[22m[32m 7[2mms[22m[39m
[35mn8n:test: [0m [32m✓[39m src/modules/redaction/__tests__/redaction-policy.test.ts [2m([22m[2m17 tests[22m[2m)[22m[32m 18[2mms[22m[39m
[35mn8n:test: [0m [32m✓[39m src/metrics/prometheus/__tests__/queue-metrics.service.test.ts [2m([22m[2m12 tests[22m[2m)[22m[32m 7[2mms[22m[39m
[35mn8n:test: [0m [32m✓[39m src/webhooks/__tests__/webhook-last-node-response-extractor.test.ts [2m([22m[2m24 tests[22m[2m)[22m[32m 17[2mms[22m[39m
[35mn8n:test: [0m [32m✓[39m src/modules/mcp/__tests__/mcp.config.test.ts [2m([22m[2m12 tests[22m[2m)[22m[32m 5[2mms[22m[39m
[35mn8n:test: [0m [32m✓[39m src/instance-settings-loader/__tests__/sso/sso.instance-settings-loader.test.ts [2m([22m[2m12 tests[22m[2m)[22m[32m 6[2mms[22m[39m
[35mn8n:test: [0m [32m✓[39m src/modules/mcp/__tests__/delete-workflow.tool.test.ts [2m([22m[2m8 tests[22m[2m)[22m[32m 10[2mms[22m[39m
[35mn8n:test: [0m [32m✓[39m src/modules/workflow-reviews.ee/__tests__/workflow-review-requests.controller.test.ts [2m([22m[2m20 tests[22m[2m)[22m[32m 34[2mms[22m[39m
[35mn8n:test: [0m [32m✓[39m src/modules/agents/__tests__/agent-integrations.controller.test.ts [2m([22m[2m16 tests[22m[2m)[22m[32m 8[2mms[22m[39m
[35mn8n:test: [0m [32m✓[39m src/workflows/triggers/__tests__/poll-backoff-policy.test.ts [2m([22m[2m68 tests[22m[2m)[22m[32m 7[2mms[22m[39m
[35mn8n:test: [0m [32m✓[39m src/modules/otel/__tests__/otel-settings.service.test.ts [2m([22m[2m11 tests[22m[2m)[22m[32m 12[2mms[22m[39m
[35mn8n:test: [0m [32m✓[39m src/commands/import/__tests__/entities.test.ts [2m([22m[2m11 tests[22m[2m)[22m[32m 8[2mms[22m[39m
[35mn8n:test: [0m [32m✓[39m src/modules/agents/__tests__/agent-sandbox-principal.test.ts [2m([22m[2m2 tests[22m[2m)[22m[32m 2[2mms[22m[39m
[35mn8n:test: [0m [32m✓[39m src/modules/engine-v2/__tests__/engine-v2.module.test.ts [2m([22m[2m4 tests[22m[2m)[22m[32m 18[2mms[22m[39m
[35mn8n:test: [0m [32m✓[39m src/modules/breaking-changes/rules/v3/__tests__/removed-nodes.rule.test.ts [2m([22m[2m10 tests[22m[2m)[22m[32m 5[2mms[22m[39m
[35mn8n:test: [0m [32m✓[39m src/modules/agents/__tests__/agent-checkpoint.repository.test.ts [2m([22m[2m3 tests[22m[2m)[22m[32m 4[2mms[22m[39m
[35mn8n:test: [0m [32m✓[39m src/modules/mcp/__tests__/list-credentials.tool.test.ts [2m([22m[2m11 tests[22m[2m)[22m[32m 8[2mms[22m[39m
[35mn8n:test: [0m [32m✓[39m src/commands/__tests__/webhook.test.ts [2m([22m[2m5 tests[22m[2m)[22m[32m 5[2mms[22m[39m
[35mn8n:test: [0m [32m✓[39m src/services/__tests__/redis-client.service.test.ts [2m([22m[2m12 tests[22m[2m)[22m[32m 7[2mms[22m[39m
[35mn8n:test: [0m [32m✓[39m src/modules/oauth-server/protected-resource-resolvers/__tests__/utils.test.ts [2m([22m[2m14 tests[22m[2m)[22m[32m 6[2mms[22m[39m
[35mn8n:test: [0m [32m✓[39m src/modules/mcp/__tests__/data-table/rename-data-table-column.tool.test.ts [2m([22m[2m2 tests[22m[2m)[22m[32m 4[2mms[22m[39m
[35mn8n:test: [0m [32m✓[39m src/modules/redaction/executions/strategies/__tests__/full-item-redaction.strategy.test.ts [2m([22m[2m25 tests[22m[2m)[22m[32m 8[2mms[22m[39m
[35mn8n:test: [0m [32m✓[39m src/controllers/__tests__/owner.controller.test.ts [2m([22m[2m3 tests[22m[2m)[22m[32m 3[2mms[22m[39m
[35mn8n:test: [0m [32m✓[39m src/policy/__tests__/policy-enforcement.service.test.ts [2m([22m[2m21 tests[22m[2m)[22m[32m 7[2mms[22m[39m
[35mn8n:test: [0m [32m✓[39m src/push/__tests__/websocket.push.test.ts [2m([22m[2m10 tests[22m[2m)[22m[32m 21[2mms[22m[39m
[35mn8n:test: [0m [32m✓[39m src/services/__tests__/public-api-key.service.test.ts [2m([22m[2m7 tests[22m[2m)[22m[32m 7[2mms[22m[39m
[35mn8n:test: [0m [32m✓[39m src/services/__tests__/role.service.customRoles.test.ts [2m([22m[2m6 tests[22m[2m)[22m[32m 10[2mms[22m[39m
[35mn8n:test: [0m [32m✓[39m src/modules/agents/__tests__/agents-credential-provider.test.ts [2m([22m[2m10 tests[22m[2m)[22m[32m 8[2mms[22m[39m
[35mn8n:test: [0m [32m✓[39m src/modules/n8n-packages/entities/workflow/__tests__/missing-node-type-mode.test.ts [2m([22m[2m9 tests[22m[2m)[22m[32m 8[2mms[22m[39m
[35mn8n:test: [0m [32m✓[39m src/modules/breaking-changes/rules/v3/__tests__/unverified-packages.rule.test.ts [2m([22m[2m4 tests[22m[2m)[22m[32m 4[2mms[22m[39m
[35mn8n:test: [0m [32m✓[39m src/controllers/__tests__/binary-data.controller.test.ts [2m([22m[2m20 tests[22m[2m)[22m[32m 7[2mms[22m[39m
[35mn8n:test: [0m [32m✓[39m src/credentials/__tests__/instance-credential-broker.test.ts [2m([22m[2m10 tests[22m[2m)[22m[32m 8[2mms[22m[39m
[35mn8n:test: [0m [32m✓[39m src/utils/__tests__/cors.util.test.ts [2m([22m[2m9 tests[22m[2m)[22m[32m 5[2mms[22m[39m
[35mn8n:test: [0m [32m✓[39m src/modules/external-secrets.ee/__tests__/secret-provider-access-check.service.ee.test.ts [2m([22m[2m8 tests[22m[2m)[22m[32m 5[2mms[22m[39m
[35mn8n:test: [0m [32m✓[39m src/metrics/prometheus/__tests__/poll-trigger-metrics.service.test.ts [2m([22m[2m10 tests[22m[2m)[22m[32m 6[2mms[22m[39m
[35mn8n:test: [0m [32m✓[39m src/modules/mcp/__tests__/mcp-protected-resource.test.ts [2m([22m[2m17 tests[22m[2m)[22m[32m 6[2mms[22m[39m
[35mn8n:test: [0m [32m✓[39m src/execution-lifecycle/__tests__/execute-error-workflow.test.ts [2m([22m[2m2 tests[22m[2m)[22m[32m 5[2mms[22m[39m
[35mn8n:test: [0m [32m✓[39m src/modules/instance-ai/__tests__/agent-preview-handoff.test.ts [2m([22m[2m9 tests[22m[2m)[22m[32m 6[2mms[22m[39m
[35mn8n:test: [0m [32m✓[39m src/modules/ldap.ee/__tests__/helpers.test.ts [2m([22m[2m17 tests[22m[2m)[22m[32m 7[2mms[22m[39m
[35mn8n:test: [0m [32m✓[39m src/modules/community-packages/__tests__/community-packages.controller.test.ts [2m([22m[2m9 tests[22m[2m)[22m[32m 7[2mms[22m[39m
[35mn8n:test: [0m [32m✓[39m src/modules/n8n-packages/entities/data-table/__tests__/data-table-importer.test.ts [2m([22m[2m6 tests[22m[2m)[22m[32m 9[2mms[22m[39m
[35mn8n:test: [0m [32m✓[39m src/workflows/__tests__/utils.test.ts [2m([22m[2m5 tests[22m[2m)[22m[32m 6[2mms[22m[39m
[35mn8n:test: [0m [32m✓[39m src/modules/engine-v2/__tests__/engine-data-plane-client.test.ts [2m([22m[2m11 tests[22m[2m)[22m[32m 7[2mms[22m[39m
[35mn8n:test: [0m [32m✓[39m src/modules/instance-ai/__tests__/drop-rejected-attachments.test.ts [2m([22m[2m10 tests[22m[2m)[22m[32m 5[2mms[22m[39m
[35mn8n:test: [0m [32m✓[39m src/modules/instance-ai/eval/__tests__/agent-scenario-seed.test.ts [2m([22m[2m5 tests[22m[2m)[22m[32m 10[2mms[22m[39m
[35mn8n:test: [0m [32m✓[39m src/modules/chat-hub/__tests__/chat-hub.controller.test.ts [2m([22m[2m3 tests[22m[2m)[22m[32m 7[2mms[22m[39m
[35mn8n:test: [0m [32m✓[39m src/mfa/__tests__/mfa.service.test.ts [2m([22m[2m12 tests[22m[2m)[22m[32m 38[2mms[22m[39m
[35mn8n:test: [0m [32m✓[39m src/metrics/prometheus/__tests__/version-metrics.service.test.ts [2m([22m[2m5 tests[22m[2m)[22m[32m 7[2mms[22m[39m
[35mn8n:test: [0m [32m✓[39m src/public-api/v1/__tests__/public-api-scope-lookup.test.ts [2m([22m[2m7 tests[22m[2m)[22m[32m 2[2mms[22m[39m
[35mn8n:test: [0m [32m✓[39m src/modules/mcp/__tests__/search-folders.tool.test.ts [2m([22m[2m5 tests[22m[2m)[22m[32m 7[2mms[22m[39m
[35mn8n:test: [0m [32m✓[39m src/security-audit/risk-reporters/__tests__/instance-risk-reporter.test.ts [2m([22m[2m3 tests[22m[2m)[22m[32m 4[2mms[22m[39m
[35mn8n:test: [0m [32m✓[39m src/errors/__tests__/http-error-classifier.test.ts [2m([22m[2m11 tests[22m[2m)[22m[32m 9[2mms[22m[39m
[35mn8n:test: [0m [32m✓[39m src/modules/provisioning.ee/__tests__/role-deletion-checker.ee.test.ts [2m([22m[2m5 tests[22m[2m)[22m[32m 5[2mms[22m[39m
[35mn8n:test: [0m [32m✓[39m src/metrics/prometheus/__tests__/cached-metric-query.test.ts [2m([22m[2m4 tests[22m[2m)[22m[32m 23[2mms[22m[39m
[35mn8n:test: [0m [32m✓[39m src/task-runners/task-managers/__tests__/data-request-response-stripper.test.ts [2m([22m[2m22 tests[22m[2m)[22m[32m 6[2mms[22m[39m
[35mn8n:test: [0m [32m✓[39m src/modules/instance-ai/eval/__tests__/request-binary-redactor.test.ts [2m([22m[2m13 tests[22m[2m)[22m[32m 5[2mms[22m[39m
[35mn8n:test: [0m [32m✓[39m src/push/__tests__/origin-validator.test.ts [2m([22m[2m54 tests[22m[2m)[22m[32m 6[2mms[22m[39m
[35mn8n:test: [0m [32m✓[39m src/webhooks/__tests__/webhook-request-sanitizer.test.ts [2m([22m[2m23 tests[22m[2m)[22m[32m 5[2mms[22m[39m
[35mn8n:test: [0m [32m✓[39m src/modules/agents/__tests__/agents.controller.test.ts [2m([22m[2m16 tests[22m[2m)[22m[32m 8[2mms[22m[39m
[35mn8n:test: [0m [32m✓[39m src/modules/instance-ai/__tests__/sandbox-provider.test.ts [2m([22m[2m5 tests[22m[2m)[22m[32m 4[2mms[22m[39m
[35mn8n:test: [0m [32m✓[39m src/modules/instance-ai/__tests__/canvas-node-context-flag-gate.test.ts [2m([22m[2m4 tests[22m[2m)[22m[32m 3[2mms[22m[39m
[35mn8n:test: [0m [32m✓[39m src/modules/agents/tools/__tests__/workflow-tool-workflow-loader.service.test.ts [2m([22m[2m3 tests[22m[2m)[22m[32m 20[2mms[22m[39m
[35mn8n:test: [0m [32m✓[39m src/executions/pre-execution-checks/__tests__/subworkflow-policy-checker.test.ts [2m([22m[2m10 tests[22m[2m)[22m[32m 7[2mms[22m[39m
[35mn8n:test: [0m [32m✓[39m src/modules/workflow-reviews.ee/__tests__/workflow-review-eligibility.service.test.ts [2m([22m[2m18 tests[22m[2m)[22m[32m 7[2mms[22m[39m
[35mn8n:test: [0m [32m✓[39m src/modules/redaction/__tests__/redaction-enforcement.service.test.ts [2m([22m[2m24 tests[22m[2m)[22m[32m 7[2mms[22m[39m
[35mn8n:test: [0m [32m✓[39m src/modules/otel/__tests__/otel-settings.controller.test.ts [2m([22m[2m10 tests[22m[2m)[22m[32m 5[2mms[22m[39m
[35mn8n:test: [0m [32m✓[39m src/modules/agents/integrations/__tests__/agent-chat-hitl-resume-handler.test.ts [2m([22m[2m2 tests[22m[2m)[22m[32m 6[2mms[22m[39m
[35mn8n:test: [0m [32m✓[39m src/modules/n8n-packages/entities/variable/__tests__/variable.serializer.test.ts [2m([22m[2m4 tests[22m[2m)[22m[32m 3[2mms[22m[39m
[35mn8n:test: [0m [32m✓[39m src/modules/n8n-packages/entities/project/__tests__/project.exporter.test.ts [2m([22m[2m7 tests[22m[2m)[22m[32m 8[2mms[22m[39m
[35mn8n:test: [0m [32m✓[39m src/modules/n8n-packages/entities/credential/__tests__/credential-export-policy.test.ts [2m([22m[2m7 tests[22m[2m)[22m[32m 3[2mms[22m[39m
[35mn8n:test: [0m [32m✓[39m src/instance-settings-loader/__tests__/sso/oidc.instance-settings-loader.test.ts [2m([22m[2m10 tests[22m[2m)[22m[32m 8[2mms[22m[39m
[35mn8n:test: [0m [32m✓[39m src/evaluation.ee/test-runner/__tests__/evaluation-metrics.ee.test.ts [2m([22m[2m8 tests[22m[2m)[22m[32m 8[2mms[22m[39m
[35mn8n:test: [0m [32m✓[39m src/modules/breaking-changes/rules/v3/__tests__/gmail-trigger-version.rule.test.ts [2m([22m[2m5 tests[22m[2m)[22m[32m 3[2mms[22m[39m
[35mn8n:test: [0m [32m✓[39m src/modules/dynamic-credentials.ee/context-establishment-hooks/__tests__/bearer-token-extractor.test.ts [2m([22m[2m8 tests[22m[2m)[22m[32m 5[2mms[22m[39m
[35mn8n:test: [0m [32m✓[39m src/services/__tests__/instance-activation.service.test.ts [2m([22m[2m7 tests[22m[2m)[22m[32m 5[2mms[22m[39m
[35mn8n:test: [0m [32m✓[39m src/scaling/pubsub/__tests__/pubsub.registry.test.ts [2m([22m[2m7 tests[22m[2m)[22m[32m 5[2mms[22m[39m
[35mn8n:test: [0m [32m✓[39m src/services/__tests__/auth-strategy.registry.test.ts [2m([22m[2m12 tests[22m[2m)[22m[32m 5[2mms[22m[39m
[35mn8n:test: [0m [32m✓[39m src/controllers/__tests__/security-settings.controller.test.ts [2m([22m[2m7 tests[22m[2m)[22m[32m 5[2mms[22m[39m
[35mn8n:test: [0m [32m✓[39m src/modules/instance-ai/repositories/__tests__/instance-ai-pending-confirmation.repository.test.ts [2m([22m[2m8 tests[22m[2m)[22m[32m 7[2mms[22m[39m
[35mn8n:test: [0m [32m✓[39m src/modules/n8n-packages/engine/__tests__/import-result.test.ts [2m([22m[2m7 tests[22m[2m)[22m[32m 3[2mms[22m[39m
[35mn8n:test: [0m [32m✓[39m src/services/__tests__/role.service.rolesWithScope.test.ts [2m([22m[2m10 tests[22m[2m)[22m[32m 6[2mms[22m[39m
[35mn8n:test: [0m [32m✓[39m src/workflows/__tests__/workflow-mutation-hooks-proxy.service.test.ts [2m([22m[2m2 tests[22m[2m)[22m[32m 5[2mms[22m[39m
[35mn8n:test: [0m [32m✓[39m src/evaluation.ee/__tests__/llm-judge-provider-registry.test.ts [2m([22m[2m10 tests[22m[2m)[22m[32m 18[2mms[22m[39m
[35mn8n:test: [0m [32m✓[39m src/modules/instance-ai/eval/__tests__/structured-output-conformance.test.ts [2m([22m[2m16 tests[22m[2m)[22m[32m 4[2mms[22m[39m
[35mn8n:test: [0m [32m✓[39m src/modules/provisioning.ee/__tests__/claims-context.builder.test.ts [2m([22m[2m14 tests[22m[2m)[22m[32m 4[2mms[22m[39m
[35mn8n:test: [0m [32m✓[39m src/modules/dynamic-credentials.ee/context-establishment-hooks/__tests__/slack-signature-extractor.test.ts [2m([22m[2m11 tests[22m[2m)[22m[32m 6[2mms[22m[39m
[35mn8n:test: [0m [32m✓[39m src/modules/agents/__tests__/execution-to-message-mapper.test.ts [2m([22m[2m10 tests[22m[2m)[22m[32m 6[2mms[22m[39m
[35mn8n:test: [0m [32m✓[39m src/modules/instance-ai/mcp/__tests__/instance-ai-mcp-connection.controller.test.ts [2m([22m[2m9 tests[22m[2m)[22m[32m 9[2mms[22m[39m
[35mn8n:test: [0m [32m✓[39m src/deprecation/__tests__/deprecation.service.test.ts [2m([22m[2m36 tests[22m[2m)[22m[32m 6[2mms[22m[39m
[35mn8n:test: [0m [32m✓[39m src/modules/n8n-packages/entities/data-table/__tests__/data-table-compat.test.ts [2m([22m[2m7 tests[22m[2m)[22m[32m 3[2mms[22m[39m
[35mn8n:test: [0m [32m✓[39m src/modules/agents/integrations/__tests__/linear-integration.test.ts [2m([22m[2m9 tests[22m[2m)[22m[32m 7[2mms[22m[39m
[35mn8n:test: [0m [32m✓[39m src/modules/chat-hub/__tests__/chat-hub-credentials.service.test.ts [2m([22m[2m7 tests[22m[2m)[22m[32m 12[2mms[22m[39m
[35mn8n:test: [0m [32m✓[39m src/modules/community-packages/__tests__/community-node-types-utils.test.ts [2m([22m[2m9 tests[22m[2m)[22m[32m 7[2mms[22m[39m
[35mn8n:test: [0m [32m✓[39m src/modules/mcp/__tests__/get-workflow-sdk-reference.tool.test.ts [2m([22m[2m14 tests[22m[2m)[22m[32m 7[2mms[22m[39m
[35mn8n:test: [0m [32m✓[39m src/metrics/prometheus/__tests__/pss-metrics.service.test.ts [2m([22m[2m8 tests[22m[2m)[22m[32m 8[2mms[22m[39m
[35mn8n:test: [0m [32m✓[39m src/services/__tests__/active-workflows.service.test.ts [2m([22m[2m5 tests[22m[2m)[22m[32m 7[2mms[22m[39m
[35mn8n:test: [0m [32m✓[39m src/instance-settings-loader/__tests__/mcp-settings.loader.test.ts [2m([22m[2m3 tests[22m[2m)[22m[32m 4[2mms[22m[39m
[35mn8n:test: [0m [32m✓[39m src/modules/mcp/__tests__/mcp-instructions.test.ts [2m([22m[2m8 tests[22m[2m)[22m[32m 5[2mms[22m[39m
[35mn8n:test: [0m [32m✓[39m src/modules/external-secrets.ee/__tests__/secrets-providers-connections.controller.ee.test.ts [2m([22m[2m8 tests[22m[2m)[22m[32m 6[2mms[22m[39m
[35mn8n:test: [0m [32m✓[39m src/modules/n8n-packages/entities/variable/__tests__/variable-importer.test.ts [2m([22m[2m2 tests[22m[2m)[22m[32m 4[2mms[22m[39m
[35mn8n:test: [0m [32m✓[39m src/modules/n8n-packages/entities/workflow/__tests__/workflow-dependency-resolver.test.ts [2m([22m[2m7 tests[22m[2m)[22m[32m 5[2mms[22m[39m
[35mn8n:test: [0m [32m✓[39m src/modules/n8n-packages/engine/__tests__/n8n-package-parser.project.test.ts [2m([22m[2m2 tests[22m[2m)[22m[32m 3[2mms[22m[39m
[35mn8n:test: [0m [32m✓[39m src/modules/mcp-registry/registry/__tests__/mcp-registry-search.test.ts [2m([22m[2m7 tests[22m[2m)[22m[32m 11[2mms[22m[39m
[35mn8n:test: [0m [32m✓[39m src/modules/agents/__tests__/agent-tasks.controller.test.ts [2m([22m[2m18 tests[22m[2m)[22m[32m 24[2mms[22m[39m
[35mn8n:test: [0m [32m✓[39m src/modules/instance-ai/__tests__/instance-ai.adapter.eval-config.test.ts [2m([22m[2m8 tests[22m[2m)[22m[32m 6[2mms[22m[39m
[35mn8n:test: [0m [32m✓[39m src/modules/agent-evals/case-generation/__tests__/case-generation-prompt.test.ts [2m([22m[2m8 tests[22m[2m)[22m[32m 5[2mms[22m[39m
[35mn8n:test: [0m [32m✓[39m src/modules/instance-ai/__tests__/run-debug-gating.test.ts [2m([22m[2m2 tests[22m[2m)[22m[32m 4[2mms[22m[39m
[35mn8n:test: [0m [32m✓[39m src/modules/instance-registry/__tests__/checks/lifecycle.check.test.ts [2m([22m[2m7 tests[22m[2m)[22m[32m 3[2mms[22m[39m
[35mn8n:test: [0m [32m✓[39m src/modules/agents/integrations/__tests__/integration-message-context.service.test.ts [2m([22m[2m9 tests[22m[2m)[22m[32m 5[2mms[22m[39m
[35mn8n:test: [0m [32m✓[39m src/modules/workflow-reviews.ee/__tests__/workflow-review-feature-gate.service.test.ts [2m([22m[2m3 tests[22m[2m)[22m[32m 4[2mms[22m[39m
[35mn8n:test: [0m [32m✓[39m src/modules/agents/__tests__/agent-knowledge.controller.test.ts [2m([22m[2m11 tests[22m[2m)[22m[32m 6[2mms[22m[39m
[35mn8n:test: [0m [32m✓[39m src/services/cache/__tests__/cache-mock.service.test.ts [2m([22m[2m5 tests[22m[2m)[22m[32m 7[2mms[22m[39m
[35mn8n:test: [0m [32m✓[39m src/metrics/prometheus/__tests__/instance-role-metrics.service.test.ts [2m([22m[2m9 tests[22m[2m)[22m[32m 11[2mms[22m[39m
[35mn8n:test: [0m [32m✓[39m src/controllers/__tests__/posthog.controller.test.ts [2m([22m[2m10 tests[22m[2m)[22m[32m 6[2mms[22m[39m
[35mn8n:test: [0m [32m✓[39m src/modules/n8n-packages/entities/folder/__tests__/folder.exporter.test.ts [2m([22m[2m3 tests[22m[2m)[22m[32m 8[2mms[22m[39m
[35mn8n:test: [0m [32m✓[39m src/modules/agents/tools/__tests__/input-data-tool.test.ts [2m([22m[2m8 tests[22m[2m)[22m[32m 7[2mms[22m[39m
[35mn8n:test: [0m [32m✓[39m src/modules/agents/__tests__/agent-threads.controller.test.ts [2m([22m[2m13 tests[22m[2m)[22m[32m 5[2mms[22m[39m
[35mn8n:test: [0m [32m✓[39m src/modules/agents/integrations/__tests__/slack-methods.service.test.ts [2m([22m[2m6 tests[22m[2m)[22m[32m 7[2mms[22m[39m
[35mn8n:test: [0m [32m✓[39m src/modules/agents/tools/__tests__/agent-data-utils.test.ts [2m([22m[2m11 tests[22m[2m)[22m[32m 7[2mms[22m[39m
[35mn8n:test: [0m [32m✓[39m src/modules/mcp-registry/__tests__/mcp-registry.controller.test.ts [2m([22m[2m2 tests[22m[2m)[22m[32m 6[2mms[22m[39m
[35mn8n:test: [0m [32m✓[39m src/scaling/__tests__/worker-status.service.test.ts [2m([22m[2m2 tests[22m[2m)[22m[32m 9[2mms[22m[39m
[35mn8n:test: [0m [32m✓[39m src/metrics/prometheus/__tests__/active-workflow-metrics.service.test.ts [2m([22m[2m6 tests[22m[2m)[22m[32m 7[2mms[22m[39m
[35mn8n:test: [0m [32m✓[39m src/modules/mcp/__tests__/create-folder.tool.test.ts [2m([22m[2m7 tests[22m[2m)[22m[32m 5[2mms[22m[39m
[35mn8n:test: [0m [32m✓[39m src/utils/__tests__/object-to-error.test.ts [2m([22m[2m2 tests[22m[2m)[22m[32m 6[2mms[22m[39m
[35mn8n:test: [0m [32m✓[39m src/modules/n8n-packages/entities/workflow/__tests__/workflow-conflict-policy.test.ts [2m([22m[2m6 tests[22m[2m)[22m[32m 3[2mms[22m[39m
[35mn8n:test: [0m [32m✓[39m src/modules/agents/__tests__/agents-list.controller.test.ts [2m([22m[2m3 tests[22m[2m)[22m[32m 5[2mms[22m[39m
[35mn8n:test: [0m [32m✓[39m src/__tests__/credential-types.test.ts [2m([22m[2m11 tests[22m[2m)[22m[32m 14[2mms[22m[39m
[35mn8n:test: [0m [32m✓[39m src/modules/n8n-packages/spec/__tests__/requirements.schema.test.ts [2m([22m[2m8 tests[22m[2m)[22m[32m 6[2mms[22m[39m
[35mn8n:test: [0m [32m✓[39m src/modules/n8n-packages/spec/serialized/__tests__/tag.schema.test.ts [2m([22m[2m4 tests[22m[2m)[22m[32m 3[2mms[22m[39m
[35mn8n:test: [0m [32m✓[39m src/modules/agents/integrations/__tests__/slack-manual-setup.service.test.ts [2m([22m[2m3 tests[22m[2m)[22m[32m 5[2mms[22m[39m
[35mn8n:test: [0m [32m✓[39m src/__tests__/workflow-hook-context.service.test.ts [2m([22m[2m3 tests[22m[2m)[22m[32m 3[2mms[22m[39m
[35mn8n:test: [0m [32m✓[39m src/services/__tests__/role-deletion-check-proxy.service.test.ts [2m([22m[2m2 tests[22m[2m)[22m[32m 3[2mms[22m[39m
[35mn8n:test: [0m [32m✓[39m src/modules/provisioning.ee/__tests__/provisioning.controller.ee.test.ts [2m([22m[2m5 tests[22m[2m)[22m[32m 6[2mms[22m[39m
[35mn8n:test: [0m [32m✓[39m src/errors/__tests__/http-error-serializers.test.ts [2m([22m[2m8 tests[22m[2m)[22m[32m 4[2mms[22m[39m
[35mn8n:test: [0m [32m✓[39m src/modules/agents/sub-agents/__tests__/sub-agent-cleanup.service.test.ts [2m([22m[2m6 tests[22m[2m)[22m[32m 8[2mms[22m[39m
[35mn8n:test: [0m [32m✓[39m src/credentials/__tests__/external-secrets.utils.test.ts [2m([22m[2m36 tests[22m[2m)[22m[32m 9[2mms[22m[39m
[35mn8n:test: [0m [32m✓[39m src/modules/dynamic-credentials.ee/services/__tests__/n8n-resolver-seeder.service.test.ts [2m([22m[2m4 tests[22m[2m)[22m[32m 10[2mms[22m[39m
[35mn8n:test: [0m [32m✓[39m src/modules/mcp-registry/__tests__/synthesize-type-def.test.ts [2m([22m[2m5 tests[22m[2m)[22m[32m 6[2mms[22m[39m
[35mn8n:test: [0m [32m✓[39m src/modules/sso-saml/__tests__/saml-helpers.test.ts [2m([22m[2m15 tests[22m[2m)[22m[32m 7[2mms[22m[39m
[35mn8n:test: [0m [32m✓[39m src/modules/breaking-changes/rules/v3/__tests__/ai-transform-deprecated.rule.test.ts [2m([22m[2m2 tests[22m[2m)[22m[32m 4[2mms[22m[39m
[35mn8n:test: [0m [32m✓[39m src/modules/quick-connect/__tests__/quick-connect.controller.test.ts [2m([22m[2m3 tests[22m[2m)[22m[32m 7[2mms[22m[39m
[35mn8n:test: [0m [32m✓[39m src/modules/instance-ai/__tests__/instance-ai-credit-display.test.ts [2m([22m[2m9 tests[22m[2m)[22m[32m 6[2mms[22m[39m
[35mn8n:test: [0m [32m✓[39m src/modules/breaking-changes/rules/v2/__tests__/binary-data-storage.rule.test.ts [2m([22m[2m3 tests[22m[2m)[22m[32m 64[2mms[22m[39m
[35mn8n:test: [0m [32m✓[39m src/modules/agents/__tests__/agent-workspace.service.test.ts [2m([22m[2m3 tests[22m[2m)[22m[32m 5[2mms[22m[39m
[35mn8n:test: [0m [32m✓[39m src/modules/agents/__tests__/tool-registry.test.ts [2m([22m[2m8 tests[22m[2m)[22m[32m 7[2mms[22m[39m
[35mn8n:test: [0m [32m✓[39m src/modules/breaking-changes/rules/v2/__tests__/cli-replace-update-workflow-command.rule.test.ts [2m([22m[2m4 tests[22m[2m)[22m[32m 3[2mms[22m[39m
[35mn8n:test: [0m [32m✓[39m src/modules/instance-ai/__tests__/composite-local-mcp-server.test.ts [2m([22m[2m9 tests[22m[2m)[22m[32m 8[2mms[22m[39m
[35mn8n:test: [0m [32m✓[39m src/modules/breaking-changes/rules/v3/__tests__/execute-workflow-each-mode.rule.test.ts [2m([22m[2m6 tests[22m[2m)[22m[32m 4[2mms[22m[39m
[35mn8n:test: [0m [32m✓[39m src/services/ownership-transfer/__tests__/ownership-transfer.service.test.ts [2m([22m[2m5 tests[22m[2m)[22m[32m 6[2mms[22m[39m
[35mn8n:test: [0m [32m✓[39m src/modules/breaking-changes/__tests__/breaking-changes.migration-registry.service.test.ts [2m([22m[2m3 tests[22m[2m)[22m[32m 3[2mms[22m[39m
[35mn8n:test: [0m [32m✓[39m src/modules/agents/__tests__/agent-execution-thread.repository.test.ts [2m([22m[2m4 tests[22m[2m)[22m[32m 6[2mms[22m[39m
[35mn8n:test: [0m [32m✓[39m src/modules/community-packages/__tests__/npm-utils.ssrf.test.ts [2m([22m[2m4 tests[22m[2m)[22m[32m 4[2mms[22m[39m
[35mn8n:test: [0m [32m✓[39m src/workflows/triggers/__tests__/trigger-count.service.test.ts [2m([22m[2m1 test[22m[2m)[22m[32m 5[2mms[22m[39m
[35mn8n:test: [0m [32m✓[39m src/modules/agents/__tests__/attachable-workflows.service.test.ts [2m([22m[2m8 tests[22m[2m)[22m[32m 5[2mms[22m[39m
[35mn8n:test: [0m [32m✓[39m src/utils/__tests__/sliding-window.test.ts [2m([22m[2m7 tests[22m[2m)[22m[32m 7[2mms[22m[39m
[35mn8n:test: [0m [32m✓[39m src/modules/mcp/__tests__/data-table/rename-data-table.tool.test.ts [2m([22m[2m2 tests[22m[2m)[22m[32m 4[2mms[22m[39m
[35mn8n:test: [0m [32m✓[39m src/modules/agents/__tests__/agents-config.controller.test.ts [2m([22m[2m9 tests[22m[2m)[22m[32m 5[2mms[22m[39m
[35mn8n:test: [0m [32m✓[39m src/permissions.ee/__tests__/project-scope.service.test.ts [2m([22m[2m2 tests[22m[2m)[22m[32m 4[2mms[22m[39m
[35mn8n:test: [0m [32m✓[39m src/services/__tests__/role-authorization.test.ts [2m([22m[2m8 tests[22m[2m)[22m[32m 7[2mms[22m[39m
[35mn8n:test: [0m [32m✓[39m src/modules/mcp/__tests__/update-folder.tool.test.ts [2m([22m[2m7 tests[22m[2m)[22m[32m 6[2mms[22m[39m
[35mn8n:test: [0m [32m✓[39m src/modules/agents/tools/__tests__/infer-input-schema.test.ts [2m([22m[2m9 tests[22m[2m)[22m[32m 5[2mms[22m[39m
[35mn8n:test: [0m [32m✓[39m src/modules/agents/__tests__/observation-log-observer.test.ts [2m([22m[2m3 tests[22m[2m)[22m[32m 4[2mms[22m[39m
[35mn8n:test: [0m [32m✓[39m src/evaluation.ee/insights/__tests__/eval-insights.controller.test.ts [2m([22m[2m7 tests[22m[2m)[22m[32m 5[2mms[22m[39m
[35mn8n:test: [0m [32m✓[39m src/workflows/triggers/__tests__/trigger-activation-retry.test.ts [2m([22m[2m6 tests[22m[2m)[22m[32m 8[2mms[22m[39m
[35mn8n:test: [0m [32m✓[39m src/modules/n8n-packages/entities/workflow/__tests__/workflow-requirement.exporter.test.ts [2m([22m[2m3 tests[22m[2m)[22m[32m 4[2mms[22m[39m
[35mn8n:test: [0m [32m✓[39m src/services/__tests__/banner.service.test.ts [2m([22m[2m4 tests[22m[2m)[22m[32m 5[2mms[22m[39m
[35mn8n:test: [0m [32m✓[39m src/modules/instance-registry/storage/__tests__/memory-storage.test.ts [2m([22m[2m17 tests[22m[2m)[22m[32m 5[2mms[22m[39m
[35mn8n:test: [0m [32m✓[39m src/modules/breaking-changes/rules/v2/__tests__/task-runner-docker-image.rule.test.ts [2m([22m[2m6 tests[22m[2m)[22m[32m 6[2mms[22m[39m
[35mn8n:test: [0m [32m✓[39m src/modules/mcp-registry/__tests__/mcp-registry-test.controller.test.ts [2m([22m[2m3 tests[22m[2m)[22m[32m 5[2mms[22m[39m
[35mn8n:test: [0m [32m✓[39m src/modules/n8n-packages/entities/data-table/__tests__/data-table.serializer.test.ts [2m([22m[2m2 tests[22m[2m)[22m[32m 5[2mms[22m[39m
[35mn8n:test: [0m [32m✓[39m src/modules/instance-ai/__tests__/instance-ai-gateway.service.test.ts [2m([22m[2m7 tests[22m[2m)[22m[32m 21[2mms[22m[39m
[35mn8n:test: [0m [32m✓[39m src/modules/breaking-changes/rules/v3/__tests__/always-output-data-multi-output.rule.test.ts [2m([22m[2m11 tests[22m[2m)[22m[32m 15[2mms[22m[39m
[35mn8n:test: [0m [32m✓[39m src/modules/otel/__tests__/tracing-context.test.ts [2m([22m[2m6 tests[22m[2m)[22m[32m 7[2mms[22m[39m
[35mn8n:test: [0m [32m✓[39m src/chat/__tests__/chat-server.test.ts [2m([22m[2m3 tests[22m[2m)[22m[32m 5[2mms[22m[39m
[35mn8n:test: [0m [32m✓[39m src/modules/agents/integrations/__tests__/integration-helpers.test.ts [2m([22m[2m2 tests[22m[2m)[22m[32m 9[2mms[22m[39m
[35mn8n:test: [0m [32m✓[39m src/modules/n8n-packages/entities/data-table/__tests__/data-table-requirements.extractor.test.ts [2m([22m[2m9 tests[22m[2m)[22m[32m 5[2mms[22m[39m
[35mn8n:test: [0m [32m✓[39m src/modules/log-streaming.ee/destinations/__tests__/message-event-bus-destination-syslog.ee.test.ts [2m([22m[2m3 tests[22m[2m)[22m[32m 2[2mms[22m[39m
[35mn8n:test: [0m [32m✓[39m src/modules/n8n-packages/entities/credential/__tests__/credential-requirements.extractor.test.ts [2m([22m[2m5 tests[22m[2m)[22m[32m 3[2mms[22m[39m
[35mn8n:test: [0m [32m✓[39m src/modules/n8n-packages/__tests__/package-failure-classifier.test.ts [2m([22m[2m11 tests[22m[2m)[22m[32m 3[2mms[22m[39m
[35mn8n:test: [0m [32m✓[39m src/modules/agent-evals/case-generation/__tests__/dimensions.test.ts [2m([22m[2m9 tests[22m[2m)[22m[32m 5[2mms[22m[39m
[35mn8n:test: [0m [32m✓[39m src/modules/instance-ai/repositories/__tests__/instance-ai-event-log.repository.test.ts [2m([22m[2m4 tests[22m[2m)[22m[32m 5[2mms[22m[39m
[35mn8n:test: [0m [32m✓[39m src/executions/__tests__/failed-run-factory.test.ts [2m([22m[2m2 tests[22m[2m)[22m[32m 4[2mms[22m[39m
[35mn8n:test: [0m [32m✓[39m src/modules/breaking-changes/rules/v2/__tests__/start-node-removed.rule.test.ts [2m([22m[2m7 tests[22m[2m)[22m[32m 6[2mms[22m[39m
[35mn8n:test: [0m [32m✓[39m src/modules/mcp/__tests__/tool-schema.util.test.ts [2m([22m[2m6 tests[22m[2m)[22m[32m 4[2mms[22m[39m
[35mn8n:test: [0m [32m✓[39m src/modules/source-control.ee/__tests__/source-control-scoped.service.test.ts [2m([22m[2m4 tests[22m[2m)[22m[32m 4[2mms[22m[39m
[35mn8n:test: [0m [32m✓[39m src/modules/provisioning.ee/__tests__/role-mapping-rule.validation.test.ts [2m([22m[2m9 tests[22m[2m)[22m[32m 6[2mms[22m[39m
[35mn8n:test: [0m [32m✓[39m src/modules/agents/__tests__/agent-credential-dependency.repository.test.ts [2m([22m[2m4 tests[22m[2m)[22m[32m 6[2mms[22m[39m
[35mn8n:test: [0m [32m✓[39m src/modules/external-secrets.ee/__tests__/redaction.service.ee.test.ts [2m([22m[2m17 tests[22m[2m)[22m[32m 4[2mms[22m[39m
[35mn8n:test: [0m [32m✓[39m src/modules/breaking-changes/migrations/__tests__/ai-transform-to-code.migration.test.ts [2m([22m[2m3 tests[22m[2m)[22m[32m 4[2mms[22m[39m
[35mn8n:test: [0m [32m✓[39m src/modules/breaking-changes/rules/v3/__tests__/in-memory-binary-data.rule.test.ts [2m([22m[2m4 tests[22m[2m)[22m[32m 4[2mms[22m[39m
[35mn8n:test: [0m [32m✓[39m src/modules/instance-ai/__tests__/workflow-templates.service.test.ts [2m([22m[2m6 tests[22m[2m)[22m[32m 4[2mms[22m[39m
[35mn8n:test: [0m [32m✓[39m src/modules/n8n-packages/spec/serialized/__tests__/workflow.schema.test.ts [2m([22m[2m5 tests[22m[2m)[22m[32m 4[2mms[22m[39m
[35mn8n:test: [0m [32m✓[39m src/modules/agents/integrations/__tests__/recording-adapter.test.ts [2m([22m[2m2 tests[22m[2m)[22m[32m 5[2mms[22m[39m
[35mn8n:test: [0m [32m✓[39m src/modules/mcp/__tests__/webhook-utils.test.ts [2m([22m[2m13 tests[22m[2m)[22m[32m 9[2mms[22m[39m
[35mn8n:test: [0m [32m✓[39m src/modules/n8n-packages/entities/folder/__tests__/folder-remover.test.ts [2m([22m[2m10 tests[22m[2m)[22m[32m 5[2mms[22m[39m
[35mn8n:test: [0m [32m✓[39m src/policy/__tests__/policy-cleared.test.ts [2m([22m[2m7 tests[22m[2m)[22m[32m 4[2mms[22m[39m
[35mn8n:test: [0m [32m✓[39m src/license/__tests__/license.controller.test.ts [2m([22m[2m4 tests[22m[2m)[22m[32m 3[2mms[22m[39m
[35mn8n:test: [0m [32m✓[39m src/modules/instance-ai/eval/__tests__/thread-credential-allowlist.service.test.ts [2m([22m[2m7 tests[22m[2m)[22m[32m 3[2mms[22m[39m
[35mn8n:test: [0m [32m✓[39m src/modules/n8n-packages/spec/serialized/__tests__/variable.schema.test.ts [2m([22m[2m5 tests[22m[2m)[22m[32m 3[2mms[22m[39m
[35mn8n:test: [0m [32m✓[39m src/commands/db/__tests__/revert.test.ts [2m([22m[2m6 tests[22m[2m)[22m[32m 5[2mms[22m[39m
[35mn8n:test: [0m [32m✓[39m src/services/pruning/__tests__/executions-pruning.service.test.ts [2m([22m[2m9 tests[22m[2m)[22m[32m 5[2mms[22m[39m
[35mn8n:test: [0m [32m✓[39m src/modules/agents/__tests__/agent-execution.repository.test.ts [2m([22m[2m2 tests[22m[2m)[22m[32m 5[2mms[22m[39m
[35mn8n:test: [0m [32m✓[39m src/services/__tests__/cors-service.test.ts [2m([22m[2m5 tests[22m[2m)[22m[32m 4[2mms[22m[39m
[35mn8n:test: [0m [32m✓[39m src/modules/agents/__tests__/agent-runtime-reconstruction-integration-tools.test.ts [2m([22m[2m1 test[22m[2m)[22m[32m 7[2mms[22m[39m
[35mn8n:test: [0m [32m✓[39m src/modules/n8n-packages/engine/__tests__/import-telemetry.test.ts [2m([22m[2m5 tests[22m[2m)[22m[32m 8[2mms[22m[39m
[35mn8n:test: [0m [32m✓[39m src/modules/agents/json-config/__tests__/sanitize-unknown-agent-credentials.test.ts [2m([22m[2m17 tests[22m[2m)[22m[32m 4[2mms[22m[39m
[35mn8n:test: [0m [32m✓[39m src/instance-settings-loader/__tests__/instance-settings-loader.service.test.ts [2m([22m[2m2 tests[22m[2m)[22m[32m 6[2mms[22m[39m
[35mn8n:test: [0m [32m✓[39m src/modules/mcp/__tests__/workflow-inputs.test.ts [2m([22m[2m5 tests[22m[2m)[22m[32m 5[2mms[22m[39m
[35mn8n:test: [0m [32m✓[39m src/modules/n8n-packages/entities/project/__tests__/project-conflict-policy.test.ts [2m([22m[2m3 tests[22m[2m)[22m[32m 5[2mms[22m[39m
[35mn8n:test: [0m [32m✓[39m src/modules/instance-registry/__tests__/checks/version-mismatch.check.test.ts [2m([22m[2m9 tests[22m[2m)[22m[32m 6[2mms[22m[39m
[35mn8n:test: [0m [32m✓[39m src/modules/instance-ai/web-research/__tests__/summarize-content.test.ts [2m([22m[2m4 tests[22m[2m)[22m[32m 4[2mms[22m[39m
[35mn8n:test: [0m [32m✓[39m src/modules/breaking-changes/rules/v3/__tests__/workflow-import-url-removed.rule.test.ts [2m([22m[2m1 test[22m[2m)[22m[32m 3[2mms[22m[39m
[35mn8n:test: [0m [32m✓[39m src/modules/n8n-packages/entities/workflow/__tests__/sub-workflow-ordering.test.ts [2m([22m[2m7 tests[22m[2m)[22m[32m 6[2mms[22m[39m
[35mn8n:test: [0m [32m✓[39m src/services/__tests__/oauth-token-verifier-proxy.service.test.ts [2m([22m[2m5 tests[22m[2m)[22m[32m 4[2mms[22m[39m
[35mn8n:test: [0m [32m✓[39m src/modules/n8n-packages/entities/tag/__tests__/tag-importer.test.ts [2m([22m[2m4 tests[22m[2m)[22m[32m 5[2mms[22m[39m
[35mn8n:test: [0m [32m✓[39m src/modules/runtime-credentials/__tests__/path-traversal.test.ts [2m([22m[2m18 tests[22m[2m)[22m[32m 7[2mms[22m[39m
[35mn8n:test: [0m [32m✓[39m src/modules/instance-ai/__tests__/run-trace-metadata.test.ts [2m([22m[2m5 tests[22m[2m)[22m[32m 3[2mms[22m[39m
[35mn8n:test: [0m [32m✓[39m src/modules/agents/utils/__tests__/structured-output-error.test.ts [2m([22m[2m8 tests[22m[2m)[22m[32m 3[2mms[22m[39m
[35mn8n:test: [0m [32m✓[39m src/modules/n8n-packages/entities/workflow/__tests__/static-sub-workflow-requirements.test.ts [2m([22m[2m4 tests[22m[2m)[22m[32m 3[2mms[22m[39m
[35mn8n:test: [0m [32m✓[39m src/modules/breaking-changes/rules/v2/__tests__/queue-worker-max-stalled-count.rule.test.ts [2m([22m[2m2 tests[22m[2m)[22m[32m 4[2mms[22m[39m
[35mn8n:test: [0m [32m✓[39m src/scaling/__tests__/execution-stop.service.test.ts [2m([22m[2m4 tests[22m[2m)[22m[32m 8[2mms[22m[39m
[35mn8n:test: [0m [32m✓[39m src/modules/agents/builder/__tests__/format-preview-context.test.ts [2m([22m[2m8 tests[22m[2m)[22m[32m 6[2mms[22m[39m
[35mn8n:test: [0m [32m✓[39m src/modules/breaking-changes/rules/v3/__tests__/compression-node-limits.rule.test.ts [2m([22m[2m4 tests[22m[2m)[22m[32m 5[2mms[22m[39m
[35mn8n:test: [0m [32m✓[39m src/modules/mcp/__tests__/mcp-api-key.service.test.ts [2m([22m[2m6 tests[22m[2m)[22m[32m 4[2mms[22m[39m
[35mn8n:test: [0m [32m✓[39m src/evaluation.ee/insights/__tests__/insights-model-resolver.test.ts [2m([22m[2m8 tests[22m[2m)[22m[32m 4[2mms[22m[39m
[35mn8n:test: [0m [32m✓[39m src/services/__tests__/free-ai-credits.service.test.ts [2m([22m[2m7 tests[22m[2m)[22m[32m 5[2mms[22m[39m
[35mn8n:test: [0m [32m✓[39m src/modules/oauth-server/__tests__/resource-gate.test.ts [2m([22m[2m6 tests[22m[2m)[22m[32m 4[2mms[22m[39m
[35mn8n:test: [0m [32m✓[39m src/modules/n8n-packages/entities/workflow/references/__tests__/extract-workflow-requirements.test.ts [2m([22m[2m11 tests[22m[2m)[22m[32m 7[2mms[22m[39m
[35mn8n:test: [0m [32m✓[39m src/modules/instance-registry/__tests__/instance-registry.controller.test.ts [2m([22m[2m3 tests[22m[2m)[22m[32m 4[2mms[22m[39m
[35mn8n:test: [0m [32m✓[39m src/modules/breaking-changes/rules/v3/__tests__/get-paired-item.rule.test.ts [2m([22m[2m4 tests[22m[2m)[22m[32m 5[2mms[22m[39m
[35mn8n:test: [0m [32m✓[39m src/modules/agents/__tests__/episodic-memory.test.ts [2m([22m[2m4 tests[22m[2m)[22m[32m 7[2mms[22m[39m
[35mn8n:test: [0m [32m✓[39m src/controllers/__tests__/role.controller.test.ts [2m([22m[2m5 tests[22m[2m)[22m[32m 7[2mms[22m[39m
[35mn8n:test: [0m [32m✓[39m src/evaluation.ee/test-runner/__tests__/utils.ee.test.ts [2m([22m[2m11 tests[22m[2m)[22m[32m 5[2mms[22m[39m
[35mn8n:test: [0m [32m✓[39m src/workflows/__tests__/workflow-publish-guard-proxy.service.test.ts [2m([22m[2m2 tests[22m[2m)[22m[32m 4[2mms[22m[39m
[35mn8n:test: [0m [32m✓[39m src/services/__tests__/instance-registry-proxy.service.test.ts [2m([22m[2m6 tests[22m[2m)[22m[32m 4[2mms[22m[39m
[35mn8n:test: [0m [32m✓[39m src/modules/agents/builder/__tests__/resolve-integration.tool.test.ts [2m([22m[2m3 tests[22m[2m)[22m[32m 5[2mms[22m[39m
[35mn8n:test: [0m [32m✓[39m src/commands/import/__tests__/workflow.test.ts [2m([22m[2m4 tests[22m[2m)[22m[32m 3[2mms[22m[39m
[35mn8n:test: [0m [32m✓[39m src/modules/encryption-key-manager/__tests__/encryption-bootstrap.service.test.ts [2m([22m[2m5 tests[22m[2m)[22m[32m 5[2mms[22m[39m
[35mn8n:test: [0m [32m✓[39m src/modules/agents/__tests__/observation-log-reflector.test.ts [2m([22m[2m2 tests[22m[2m)[22m[32m 4[2mms[22m[39m
[35mn8n:test: [0m [32m✓[39m src/modules/n8n-packages/entities/project/__tests__/project.serializer.test.ts [2m([22m[2m6 tests[22m[2m)[22m[32m 4[2mms[22m[39m
[35mn8n:test: [0m [32m✓[39m src/modules/runtime-credentials/__tests__/runtime-credentials-context-hook.test.ts [2m([22m[2m3 tests[22m[2m)[22m[32m 3[2mms[22m[39m
[35mn8n:test: [0m [32m✓[39m src/task-runners/task-managers/__tests__/data-request-response-builder.test.ts [2m([22m[2m3 tests[22m[2m)[22m[32m 3[2mms[22m[39m
[35mn8n:test: [0m [32m✓[39m src/modules/n8n-packages/entities/workflow/references/__tests__/sub-workflow-node.reference.test.ts [2m([22m[2m19 tests[22m[2m)[22m[32m 6[2mms[22m[39m
[35mn8n:test: [0m [32m✓[39m src/executions/__tests__/execution-redaction-proxy.service.test.ts [2m([22m[2m3 tests[22m[2m)[22m[32m 6[2mms[22m[39m
[35mn8n:test: [0m [32m✓[39m src/modules/n8n-packages/entities/__tests__/package-export.errors.test.ts [2m([22m[2m4 tests[22m[2m)[22m[32m 5[2mms[22m[39m
[35mn8n:test: [0m [32m✓[39m src/executions/__tests__/sum-binary-data-bytes.test.ts [2m([22m[2m13 tests[22m[2m)[22m[32m 4[2mms[22m[39m
[35mn8n:test: [0m [32m✓[39m src/utils/__tests__/ai-proxy-fetch.test.ts [2m([22m[2m5 tests[22m[2m)[22m[32m 6[2mms[22m[39m
[35mn8n:test: [0m [32m✓[39m src/modules/n8n-packages/entities/credential/__tests__/credential.serializer.test.ts [2m([22m[2m3 tests[22m[2m)[22m[32m 4[2mms[22m[39m
[35mn8n:test: [0m [32m✓[39m test/unit/utils/health-endpoint.util.test.ts [2m([22m[2m9 tests[22m[2m)[22m[32m 4[2mms[22m[39m
[35mn8n:test: [0m [32m✓[39m src/task-runners/__tests__/task-runner-process-restart-loop-detector.test.ts [2m([22m[2m2 tests[22m[2m)[22m[32m 3[2mms[22m[39m
[35mn8n:test: [0m [32m✓[39m src/modules/instance-ai/eval/__tests__/ledger-snapshot.test.ts [2m([22m[2m5 tests[22m[2m)[22m[32m 5[2mms[22m[39m
[35mn8n:test: [0m [32m✓[39m src/webhooks/__tests__/webhook-server.test.ts [2m([22m[2m1 test[22m[2m)[22m[32m 4[2mms[22m[39m
[35mn8n:test: [0m [32m✓[39m src/oauth/__tests__/account-identifier.test.ts [2m([22m[2m16 tests[22m[2m)[22m[32m 5[2mms[22m[39m
[35mn8n:test: [0m [32m✓[39m src/modules/n8n-packages/entities/workflow/__tests__/workflow-publishing-policy.test.ts [2m([22m[2m9 tests[22m[2m)[22m[32m 4[2mms[22m[39m
[35mn8n:test: [0m [32m✓[39m src/modules/agents/__tests__/agent-test-chat.service.test.ts [2m([22m[2m3 tests[22m[2m)[22m[32m 5[2mms[22m[39m
[35mn8n:test: [0m [32m✓[39m src/modules/dynamic-credentials.ee/services/__tests__/authorize-intent.service.test.ts [2m([22m[2m3 tests[22m[2m)[22m[32m 3[2mms[22m[39m
[35mn8n:test: [0m [32m✓[39m src/modules/breaking-changes/rules/v3/__tests__/execute-workflow-source-modes.rule.test.ts [2m([22m[2m8 tests[22m[2m)[22m[32m 6[2mms[22m[39m
[35mn8n:test: [0m [32m✓[39m src/concurrency/__tests__/concurrency-capacity-reservation.test.ts [2m([22m[2m5 tests[22m[2m)[22m[32m 5[2mms[22m[39m
[35mn8n:test: [0m [32m✓[39m src/modules/agents/tools/knowledge/__tests__/search-knowledge.tool.test.ts [2m([22m[2m3 tests[22m[2m)[22m[32m 3[2mms[22m[39m
[35mn8n:test: [0m [32m✓[39m src/webhooks/__tests__/webhook-execution-context.test.ts [2m([22m[2m5 tests[22m[2m)[22m[32m 16[2mms[22m[39m
[35mn8n:test: [0m [32m✓[39m src/services/__tests__/url.service.test.ts [2m([22m[2m9 tests[22m[2m)[22m[32m 7[2mms[22m[39m
[35mn8n:test: [0m [32m✓[39m src/webhooks/__tests__/constants.test.ts [2m([22m[2m4 tests[22m[2m)[22m[32m 2[2mms[22m[39m
[35mn8n:test: [0m [32m✓[39m src/modules/instance-ai/__tests__/output-redaction-config.test.ts [2m([22m[2m8 tests[22m[2m)[22m[32m 5[2mms[22m[39m
[35mn8n:test: [0m [32m✓[39m src/workflows/workflow-history/__tests__/workflow-history-helper.test.ts [2m([22m[2m4 tests[22m[2m)[22m[32m 5[2mms[22m[39m
[35mn8n:test: [0m [32m✓[39m src/modules/agents/__tests__/agent-message-mapper.test.ts [2m([22m[2m2 tests[22m[2m)[22m[32m 2[2mms[22m[39m
[35mn8n:test: [0m [32m✓[39m src/modules/agents/__tests__/agent-interrupted-execution-sweeper.test.ts [2m([22m[2m2 tests[22m[2m)[22m[32m 3[2mms[22m[39m
[35mn8n:test: [0m [32m✓[39m src/modules/breaking-changes/rules/v3/__tests__/chat-trigger-embedded-json.rule.test.ts [2m([22m[2m7 tests[22m[2m)[22m[32m 5[2mms[22m[39m
[35mn8n:test: [0m [32m✓[39m src/modules/breaking-changes/rules/v3/__tests__/caller-policy-default-any.rule.test.ts [2m([22m[2m5 tests[22m[2m)[22m[32m 4[2mms[22m[39m
[35mn8n:test: [0m [32m✓[39m src/modules/insights/__tests__/insights.settings.test.ts [2m([22m[2m6 tests[22m[2m)[22m[32m 5[2mms[22m[39m
[35mn8n:test: [0m [32m✓[39m src/modules/n8n-packages/spec/serialized/__tests__/data-table.schema.test.ts [2m([22m[2m5 tests[22m[2m)[22m[32m 12[2mms[22m[39m
[35mn8n:test: [0m [32m✓[39m src/scheduling/__tests__/owner-key.test.ts [2m([22m[2m7 tests[22m[2m)[22m[32m 10[2mms[22m[39m
[35mn8n:test: [0m [32m✓[39m src/modules/breaking-changes/rules/v3/__tests__/agent-removed-modes.rule.test.ts [2m([22m[2m8 tests[22m[2m)[22m[32m 9[2mms[22m[39m
[35mn8n:test: [0m [32m✓[39m src/modules/n8n-packages/entities/folder/__tests__/folder-conflict-policy.test.ts [2m([22m[2m11 tests[22m[2m)[22m[32m 4[2mms[22m[39m
[35mn8n:test: [0m [32m✓[39m src/modules/n8n-packages/io/__tests__/unique-filename-allocator.test.ts [2m([22m[2m9 tests[22m[2m)[22m[32m 3[2mms[22m[39m
[35mn8n:test: [0m [32m✓[39m src/modules/instance-registry/__tests__/version-mismatch.check.test.ts [2m([22m[2m4 tests[22m[2m)[22m[32m 3[2mms[22m[39m
[35mn8n:test: [0m [32m✓[39m src/modules/n8n-packages/entities/workflow/__tests__/workflow-version-policy.test.ts [2m([22m[2m1 test[22m[2m)[22m[32m 5[2mms[22m[39m
[35mn8n:test: [0m [32m✓[39m src/services/__tests__/static-auth-service.test.ts [2m([22m[2m5 tests[22m[2m)[22m[32m 4[2mms[22m[39m
[35mn8n:test: [0m [32m✓[39m src/auth/__tests__/auth-service-browser-id-whitelist.test.ts [2m([22m[2m3 tests[22m[2m)[22m[32m 2[2mms[22m[39m
[35mn8n:test: [0m [32m✓[39m src/metrics/prometheus/__tests__/default-metrics.service.test.ts [2m([22m[2m4 tests[22m[2m)[22m[32m 3[2mms[22m[39m
[35mn8n:test: [0m [32m✓[39m src/modules/n8n-packages/io/__tests__/slug.utils.test.ts [2m([22m[2m5 tests[22m[2m)[22m[32m 3[2mms[22m[39m
[35mn8n:test: [0m [32m✓[39m src/controllers/__tests__/translation.controller.test.ts [2m([22m[2m2 tests[22m[2m)[22m[32m 4[2mms[22m[39m
[35mn8n:test: [0m [32m✓[39m src/workflows/publication/__tests__/workflow-publication-lifecycle-lock.test.ts [2m([22m[2m5 tests[22m[2m)[22m[32m 6[2mms[22m[39m
[35mn8n:test: [0m [32m✓[39m src/modules/n8n-packages/entities/credential/__tests__/credential-missing-mode.test.ts [2m([22m[2m5 tests[22m[2m)[22m[32m 2[2mms[22m[39m
[35mn8n:test: [0m [32m✓[39m src/modules/n8n-packages/entities/workflow/references/__tests__/caller-ids.reference.test.ts [2m([22m[2m3 tests[22m[2m)[22m[32m 5[2mms[22m[39m
[35mn8n:test: [0m [32m✓[39m src/public-api/v1/shared/services/__tests__/pagination.service.test.ts [2m([22m[2m7 tests[22m[2m)[22m[32m 4[2mms[22m[39m
[35mn8n:test: [0m [32m✓[39m src/modules/n8n-packages/spec/serialized/__tests__/folder.schema.test.ts [2m([22m[2m5 tests[22m[2m)[22m[32m 7[2mms[22m[39m
[35mn8n:test: [0m [32m✓[39m src/errors/response-errors/__tests__/webhook-not-found.error.test.ts [2m([22m[2m5 tests[22m[2m)[22m[32m 2[2mms[22m[39m
[35mn8n:test: [0m [32m✓[39m src/modules/log-streaming.ee/destinations/__tests__/message-event-bus-destination-sentry.ee.test.ts [2m([22m[2m3 tests[22m[2m)[22m[32m 2[2mms[22m[39m
[35mn8n:test: [0m [32m✓[39m src/modules/agents/builder/__tests__/search-mcp-servers.tool.test.ts [2m([22m[2m2 tests[22m[2m)[22m[32m 3[2mms[22m[39m
[35mn8n:test: [0m [32m✓[39m src/modules/breaking-changes/rules/v2/__tests__/settings-file-permissions.rule.test.ts [2m([22m[2m4 tests[22m[2m)[22m[32m 6[2mms[22m[39m
[35mn8n:test: [0m [32m✓[39m src/modules/community-packages/__tests__/community-packages.config.test.ts [2m([22m[2m5 tests[22m[2m)[22m[32m 4[2mms[22m[39m
[35mn8n:test: [0m [32m✓[39m src/modules/agents/__tests__/agent-sandbox.controller.test.ts [2m([22m[2m2 tests[22m[2m)[22m[32m 3[2mms[22m[39m
[35mn8n:test: [0m [32m✓[39m src/services/__tests__/runtime-credential-proxy.service.test.ts [2m([22m[2m3 tests[22m[2m)[22m[32m 3[2mms[22m[39m
[35mn8n:test: [0m [32m✓[39m src/utils/__tests__/validate-database-type.test.ts [2m([22m[2m4 tests[22m[2m)[22m[32m 3[2mms[22m[39m
[35mn8n:test: [0m [32m✓[39m src/metrics/__tests__/license-metrics.service.test.ts [2m([22m[2m2 tests[22m[2m)[22m[32m 4[2mms[22m[39m
[35mn8n:test: [0m [32m✓[39m src/utils/__tests__/validate-redirect-url.test.ts [2m([22m[2m15 tests[22m[2m)[22m[32m 4[2mms[22m[39m
[35mn8n:test: [0m [32m✓[39m src/modules/breaking-changes/rules/v2/__tests__/workflow-hooks-deprecated.rule.test.ts [2m([22m[2m4 tests[22m[2m)[22m[32m 3[2mms[22m[39m
[35mn8n:test: [0m [32m✓[39m src/modules/__tests__/main-only-modules.test.ts [2m([22m[2m6 tests[22m[2m)[22m[32m 2[2mms[22m[39m
[35mn8n:test: [0m [32m✓[39m src/modules/breaking-changes/rules/v2/__tests__/dotenv-upgrade.rule.test.ts [2m([22m[2m2 tests[22m[2m)[22m[32m 4[2mms[22m[39m
[35mn8n:test: [0m [32m✓[39m src/modules/agents/__tests__/agent-config-composition.test.ts [2m([22m[2m6 tests[22m[2m)[22m[32m 3[2mms[22m[39m
[35mn8n:test: [0m [32m✓[39m src/modules/breaking-changes/rules/v3/__tests__/task-runner-task-timeout.rule.test.ts [2m([22m[2m2 tests[22m[2m)[22m[32m 6[2mms[22m[39m
[35mn8n:test: [0m [32m✓[39m src/modules/external-secrets.ee/__tests__/external-secrets.service.ee.test.ts [2m([22m[2m2 tests[22m[2m)[22m[32m 3[2mms[22m[39m
[35mn8n:test: [0m [32m✓[39m src/modules/instance-ai/eval/__tests__/node-config.test.ts [2m([22m[2m3 tests[22m[2m)[22m[32m 6[2mms[22m[39m
[35mn8n:test: [0m [32m✓[39m src/modules/n8n-packages/engine/__tests__/import-blocked.error.test.ts [2m([22m[2m8 tests[22m[2m)[22m[32m 5[2mms[22m[39m
[35mn8n:test: [0m [32m✓[39m src/modules/external-secrets.ee/errors/__tests__/secrets-provider-errors.test.ts [2m([22m[2m4 tests[22m[2m)[22m[32m 8[2mms[22m[39m
[35mn8n:test: [0m [32m✓[39m src/modules/breaking-changes/rules/v2/__tests__/disabled-nodes.rule.test.ts [2m([22m[2m3 tests[22m[2m)[22m[32m 3[2mms[22m[39m
[35mn8n:test: [0m [32m✓[39m src/modules/n8n-packages/entities/workflow/references/__tests__/error-workflow.reference.test.ts [2m([22m[2m5 tests[22m[2m)[22m[32m 3[2mms[22m[39m
[35mn8n:test: [0m [32m✓[39m src/modules/agents/__tests__/model-catalog.test.ts [2m([22m[2m2 tests[22m[2m)[22m[32m 3[2mms[22m[39m
[35mn8n:test: [0m [32m✓[39m src/modules/instance-ai/__tests__/instance-ai.service.nodesContext.test.ts [2m([22m[2m8 tests[22m[2m)[22m[32m 3[2mms[22m[39m
[35mn8n:test: [0m [32m✓[39m src/webhooks/__tests__/webhook-on-received-response-extractor.test.ts [2m([22m[2m4 tests[22m[2m)[22m[32m 2[2mms[22m[39m
[35mn8n:test: [0m [32m✓[39m src/task-runners/errors/__tests__/task-runner-disconnected-error.test.ts [2m([22m[2m4 tests[22m[2m)[22m[32m 3[2mms[22m[39m
[35mn8n:test: [0m [32m✓[39m src/modules/agents/__tests__/agents-builder.service.test.ts [2m([22m[2m2 tests[22m[2m)[22m[32m 4[2mms[22m[39m
[35mn8n:test: [0m [32m✓[39m src/modules/agents/__tests__/agents-skills.controller.test.ts [2m([22m[2m10 tests[22m[2m)[22m[32m 3[2mms[22m[39m
[35mn8n:test: [0m [32m✓[39m src/modules/agents/utils/__tests__/extract-agent-credential-ids.test.ts [2m([22m[2m4 tests[22m[2m)[22m[32m 4[2mms[22m[39m
[35mn8n:test: [0m [32m✓[39m src/modules/agents/__tests__/agent-telemetry.test.ts [2m([22m[2m2 tests[22m[2m)[22m[32m 4[2mms[22m[39m
[35mn8n:test: [0m [32m✓[39m src/modules/n8n-packages/entities/workflow/__tests__/workflow-id-policy.test.ts [2m([22m[2m3 tests[22m[2m)[22m[32m 3[2mms[22m[39m
[35mn8n:test: [0m [32m✓[39m src/modules/breaking-changes/rules/v3/__tests__/docker-only-deployment.rule.test.ts [2m([22m[2m2 tests[22m[2m)[22m[32m 2[2mms[22m[39m
[35mn8n:test: [0m [32m✓[39m src/modules/sso-oidc/__tests__/oidc-test-result.test.ts [2m([22m[2m3 tests[22m[2m)[22m[32m 4[2mms[22m[39m
[35mn8n:test: [0m [32m✓[39m src/modules/mcp/__tests__/mcp.constants.test.ts [2m([22m[2m3 tests[22m[2m)[22m[32m 2[2mms[22m[39m
[35mn8n:test: [0m [32m✓[39m src/modules/instance-ai/__tests__/observability.test.ts [2m([22m[2m2 tests[22m[2m)[22m[32m 5[2mms[22m[39m
[35mn8n:test: [0m [32m✓[39m src/services/__tests__/execution-metadata.service.test.ts [2m([22m[2m1 test[22m[2m)[22m[32m 3[2mms[22m[39m
[35mn8n:test: [0m [32m✓[39m src/modules/breaking-changes/__tests__/group-nodes-by-type.test.ts [2m([22m[2m2 tests[22m[2m)[22m[32m 2[2mms[22m[39m
[35mn8n:test: [0m [32m✓[39m src/errors/response-errors/__tests__/license-eula-required.error.test.ts [2m([22m[2m2 tests[22m[2m)[22m[32m 2[2mms[22m[39m
[35mn8n:test: [0m [32m✓[39m src/modules/agents/__tests__/agents.module.test.ts [2m([22m[2m2 tests[22m[2m)[22m[32m 2[2mms[22m[39m
[35mn8n:test: [0m [32m✓[39m src/modules/instance-ai/__tests__/instance-ai.service.threadPushRef.test.ts [2m([22m[2m4 tests[22m[2m)[22m[32m 3[2mms[22m[39m
[35mn8n:test: [0m [32m✓[39m src/modules/instance-ai/__tests__/attachment-size-limits.test.ts [2m([22m[2m4 tests[22m[2m)[22m[32m 2[2mms[22m[39m
[35mn8n:test: [0m [32m✓[39m src/eventbus/event-message-classes/__tests__/event-names.test.ts [2m([22m[2m1 test[22m[2m)[22m[32m 2[2mms[22m[39m
[35mn8n:test: [0m [32m✓[39m src/modules/agents/execution-log/__tests__/agent-execution-log-store.test.ts [2m([22m[2m1 test[22m[2m)[22m[32m 3[2mms[22m[39m
[35mn8n:test: [0m [32m✓[39m src/modules/type-availability-policies/__tests__/type-availability-policies.module.test.ts [2m([22m[2m2 tests[22m[2m)[22m[32m 2[2mms[22m[39m
[35mn8n:test: [0m [32m✓[39m src/modules/agents/__tests__/agent-history.repository.test.ts [2m([22m[2m6 tests[22m[2m)[22m[32m 3[2mms[22m[39m
[35mn8n:test: [0m [32m✓[39m src/modules/instance-ai/__tests__/instance-ai-run-probe.test.ts [2m([22m[2m2 tests[22m[2m)[22m[32m 2[2mms[22m[39m
[35mn8n:test: [0m [32m✓[39m src/modules/oauth-server/__tests__/oauth-server.module.test.ts [2m([22m[2m1 test[22m[2m)[22m[32m 2[2mms[22m[39m
[35mn8n:test: [0m [32m✓[39m src/modules/provisioning.ee/__tests__/constants.test.ts [2m([22m[2m1 test[22m[2m)[22m[32m 1[2mms[22m[39m
[35mn8n:test: [0m
[35mn8n:test: [0m[2m Test Files [22m [1m[32m1028 passed[39m[22m[90m (1028)[39m
[35mn8n:test: [0m[2m      Tests [22m [1m[32m18545 passed[39m[22m[90m (18545)[39m
[35mn8n:test: [0m[2m   Start at [22m 14:05:51
[35mn8n:test: [0m[2m   Duration [22m 195.26s[2m (transform 447.83s, setup 677.12s, import 1196.92s, tests 103.25s, environment 58ms)[22m
[35mn8n:test: [0m
[31m[1m ERROR [0m [31m[1mn8n-editor-ui#test: command (/Users/romeobalta/work/n8n/worktrees/nudge-manual-builders-to-aia/packages/frontend/editor-ui) /Users/romeobalta/Library/pnpm/pnpm run test exited (1)[0m

[1m Tasks:    [32m[1m136 successful[0m, 137 total[0m
[1mCached:    [1m133 cached[0m, 137 total[0m
[1m  Time:    [1m12m2.879s[0m [0m
[1mFailed:    [31m[1mn8n-editor-ui#test[0m[0m

[33;40m WARNING [0m [33;49mno output files found for task n8n#test. Please check your `outputs` key in `turbo.json`[0m
[31;40m ERROR [0m [31;49mrun failed: command  exited (1)[0m
